$ (cwd=.) ./mvnw -B verify -Dit.test=NotificationIT -Dtest=NoUnitTests -Dsurefire.failIfNoSpecifiedTests=false
# start=2026-09-28T16:34:17.413Z end=2026-09-28T16:34:23.391Z exit=1 elapsed_s=5.978

[INFO] Scanning for projects...
[INFO] 
[INFO] -------< org.example.conference:conference-registration-backend >-------
[INFO] Building conference-registration-backend 1.0.0
[INFO]   from pom.xml
[INFO] --------------------------------[ jar ]---------------------------------
[INFO] 
[INFO] --- jacoco:0.8.15:prepare-agent (prepare-unit) @ conference-registration-backend ---
[INFO] argLine set to -javaagent:/home/tjan-kazar/.m2/repository/org/jacoco/org.jacoco.agent/0.8.15/org.jacoco.agent-0.8.15-runtime.jar=destfile=/home/tjan-kazar/storage/Work/lab/single_agent/02_Implementation/backend/target/jacoco.exec
[INFO] 
[INFO] --- resources:3.3.1:resources (default-resources) @ conference-registration-backend ---
[INFO] Copying 3 resources from src/main/resources to target/classes
[INFO] Copying 1 resource from src/main/resources to target/classes
[INFO] 
[INFO] --- compiler:3.14.1:compile (default-compile) @ conference-registration-backend ---
[INFO] Nothing to compile - all classes are up to date.
[INFO] 
[INFO] --- resources:3.3.1:testResources (default-testResources) @ conference-registration-backend ---
[INFO] Copying 3 resources from src/test/resources to target/test-classes
[INFO] 
[INFO] --- compiler:3.14.1:testCompile (default-testCompile) @ conference-registration-backend ---
[INFO] Recompiling the module because of changed source code.
[INFO] Compiling 8 source files with javac [debug parameters release 21] to target/test-classes
[INFO] -------------------------------------------------------------
[ERROR] COMPILATION ERROR : 
[INFO] -------------------------------------------------------------
[ERROR] /home/tjan-kazar/storage/Work/lab/single_agent/02_Implementation/backend/src/test/java/org/example/conference/notification/NotificationIT.java:[80,38] unreported exception jakarta.mail.MessagingException; must be caught or declared to be thrown
[ERROR] /home/tjan-kazar/storage/Work/lab/single_agent/02_Implementation/backend/src/test/java/org/example/conference/notification/NotificationIT.java:[89,57] unreported exception jakarta.mail.MessagingException; must be caught or declared to be thrown
[INFO] 2 errors 
[INFO] -------------------------------------------------------------
[INFO] ------------------------------------------------------------------------
[INFO] BUILD FAILURE
[INFO] ------------------------------------------------------------------------
[INFO] Total time:  4.281 s
[INFO] Finished at: 2026-09-28T18:34:23+02:00
[INFO] ------------------------------------------------------------------------
[ERROR] Failed to execute goal org.apache.maven.plugins:maven-compiler-plugin:3.14.1:testCompile (default-testCompile) on project conference-registration-backend: Compilation failure: Compilation failure: 
[ERROR] /home/tjan-kazar/storage/Work/lab/single_agent/02_Implementation/backend/src/test/java/org/example/conference/notification/NotificationIT.java:[80,38] unreported exception jakarta.mail.MessagingException; must be caught or declared to be thrown
[ERROR] /home/tjan-kazar/storage/Work/lab/single_agent/02_Implementation/backend/src/test/java/org/example/conference/notification/NotificationIT.java:[89,57] unreported exception jakarta.mail.MessagingException; must be caught or declared to be thrown
[ERROR] -> [Help 1]
[ERROR] 
[ERROR] To see the full stack trace of the errors, re-run Maven with the -e switch.
[ERROR] Re-run Maven using the -X switch to enable full debug logging.
[ERROR] 
[ERROR] For more information about the errors and possible solutions, please read the following articles:
[ERROR] [Help 1] http://cwiki.apache.org/confluence/display/MAVEN/MojoFailureException
