$ (cwd=backend) ./mvnw -B clean verify
# start=2026-09-28T16:49:48.975Z end=2026-09-28T16:50:52.012Z exit=0 elapsed_s=63.037

[INFO] Scanning for projects...
[INFO] 
[INFO] -------< org.example.conference:conference-registration-backend >-------
[INFO] Building conference-registration-backend 1.0.0
[INFO]   from pom.xml
[INFO] --------------------------------[ jar ]---------------------------------
[INFO] Downloading from central: https://repo.maven.apache.org/maven2/org/apache/maven/plugins/maven-clean-plugin/3.4.1/maven-clean-plugin-3.4.1.pom
[INFO] Downloaded from central: https://repo.maven.apache.org/maven2/org/apache/maven/plugins/maven-clean-plugin/3.4.1/maven-clean-plugin-3.4.1.pom (5.6 kB at 11 kB/s)
[INFO] Downloading from central: https://repo.maven.apache.org/maven2/org/apache/maven/plugins/maven-plugins/43/maven-plugins-43.pom
[INFO] Downloaded from central: https://repo.maven.apache.org/maven2/org/apache/maven/plugins/maven-plugins/43/maven-plugins-43.pom (7.5 kB at 152 kB/s)
[INFO] Downloading from central: https://repo.maven.apache.org/maven2/org/apache/maven/plugins/maven-clean-plugin/3.4.1/maven-clean-plugin-3.4.1.jar
[INFO] Downloaded from central: https://repo.maven.apache.org/maven2/org/apache/maven/plugins/maven-clean-plugin/3.4.1/maven-clean-plugin-3.4.1.jar (36 kB at 808 kB/s)
[INFO] 
[INFO] --- clean:3.4.1:clean (default-clean) @ conference-registration-backend ---
[INFO] Deleting /home/tjan-kazar/storage/Work/lab/single_agent/02_Implementation/backend/target
[INFO] 
[INFO] --- jacoco:0.8.15:prepare-agent (prepare-unit) @ conference-registration-backend ---
[INFO] argLine set to -javaagent:/home/tjan-kazar/.m2/repository/org/jacoco/org.jacoco.agent/0.8.15/org.jacoco.agent-0.8.15-runtime.jar=destfile=/home/tjan-kazar/storage/Work/lab/single_agent/02_Implementation/backend/target/jacoco.exec
[INFO] 
[INFO] --- resources:3.3.1:resources (default-resources) @ conference-registration-backend ---
[INFO] Copying 3 resources from src/main/resources to target/classes
[INFO] Copying 1 resource from src/main/resources to target/classes
[INFO] 
[INFO] --- compiler:3.14.1:compile (default-compile) @ conference-registration-backend ---
[INFO] Recompiling the module because of changed source code.
[INFO] Compiling 69 source files with javac [debug parameters release 21] to target/classes
[INFO] 
[INFO] --- resources:3.3.1:testResources (default-testResources) @ conference-registration-backend ---
[INFO] Copying 3 resources from src/test/resources to target/test-classes
[INFO] 
[INFO] --- compiler:3.14.1:testCompile (default-testCompile) @ conference-registration-backend ---
[INFO] Recompiling the module because of changed dependency.
[INFO] Compiling 16 source files with javac [debug parameters release 21] to target/test-classes
[INFO] 
[INFO] --- surefire:3.5.6:test (default-test) @ conference-registration-backend ---
[INFO] Using auto detected provider org.apache.maven.surefire.junitplatform.JUnitPlatformProvider
[INFO] 
[INFO] -------------------------------------------------------
[INFO]  T E S T S
[INFO] -------------------------------------------------------
[INFO] Running org.example.conference.shared.RateLimitFilterTest
[INFO] Tests run: 2, Failures: 0, Errors: 0, Skipped: 0, Time elapsed: 1.182 s -- in org.example.conference.shared.RateLimitFilterTest
[INFO] Running org.example.conference.shared.TextNormalizerTest
[INFO] Tests run: 2, Failures: 0, Errors: 0, Skipped: 0, Time elapsed: 0.017 s -- in org.example.conference.shared.TextNormalizerTest
[INFO] Running org.example.conference.catalog.CatalogLoaderTest
[INFO] Tests run: 13, Failures: 0, Errors: 0, Skipped: 0, Time elapsed: 0.485 s -- in org.example.conference.catalog.CatalogLoaderTest
[INFO] Running org.example.conference.notification.OutboxBackoffTest
Mockito is currently self-attaching to enable the inline-mock-maker. This will no longer work in future releases of the JDK. Please add Mockito as an agent to your build as described in Mockito's documentation: https://javadoc.io/doc/org.mockito/mockito-core/latest/org.mockito/org/mockito/Mockito.html#0.3
OpenJDK 64-Bit Server VM warning: Sharing is only supported for boot loader classes because bootstrap classpath has been appended
WARNING: A Java agent has been loaded dynamically (/home/tjan-kazar/.m2/repository/net/bytebuddy/byte-buddy-agent/1.17.8/byte-buddy-agent-1.17.8.jar)
WARNING: If a serviceability tool is in use, please run with -XX:+EnableDynamicAgentLoading to hide this warning
WARNING: If a serviceability tool is not in use, please run with -Djdk.instrument.traceUsage for more information
WARNING: Dynamic loading of agents will be disallowed by default in a future release
[INFO] Tests run: 1, Failures: 0, Errors: 0, Skipped: 0, Time elapsed: 2.590 s -- in org.example.conference.notification.OutboxBackoffTest
[INFO] Running org.example.conference.captcha.RecaptchaVerifierTest
18:50:05.181 [main] WARN org.example.conference.captcha.RecaptchaVerifier -- reCAPTCHA verification unavailable: InternalServerError
[INFO] Tests run: 4, Failures: 0, Errors: 0, Skipped: 0, Time elapsed: 0.819 s -- in org.example.conference.captcha.RecaptchaVerifierTest
[INFO] Running org.example.conference.captcha.CaptchaConfigurationTest
18:50:07.066 [main] WARN org.springframework.context.annotation.AnnotationConfigApplicationContext -- Exception encountered during context initialization - cancelling refresh attempt: org.springframework.beans.factory.BeanCreationException: Error creating bean with name 'captchaVerifier' defined in org.example.conference.captcha.CaptchaConfiguration: Failed to instantiate [org.example.conference.captcha.CaptchaVerifier]: Factory method 'captchaVerifier' threw exception with message: Profile 'prod' cannot be combined with local/test
18:50:07.179 [main] WARN org.springframework.context.annotation.AnnotationConfigApplicationContext -- Exception encountered during context initialization - cancelling refresh attempt: org.springframework.beans.factory.BeanCreationException: Error creating bean with name 'captchaVerifier' defined in org.example.conference.captcha.CaptchaConfiguration: Failed to instantiate [org.example.conference.captcha.CaptchaVerifier]: Factory method 'captchaVerifier' threw exception with message: Deterministic captcha mode requires a non-production (local/test) profile
18:50:07.244 [main] WARN org.springframework.context.annotation.AnnotationConfigApplicationContext -- Exception encountered during context initialization - cancelling refresh attempt: org.springframework.beans.factory.BeanCreationException: Error creating bean with name 'captchaVerifier' defined in org.example.conference.captcha.CaptchaConfiguration: Failed to instantiate [org.example.conference.captcha.CaptchaVerifier]: Factory method 'captchaVerifier' threw exception with message: Deterministic captcha mode requires a non-production (local/test) profile
18:50:07.325 [main] WARN org.springframework.context.annotation.AnnotationConfigApplicationContext -- Exception encountered during context initialization - cancelling refresh attempt: org.springframework.beans.factory.BeanCreationException: Error creating bean with name 'captchaVerifier' defined in org.example.conference.captcha.CaptchaConfiguration: Failed to instantiate [org.example.conference.captcha.CaptchaVerifier]: Factory method 'captchaVerifier' threw exception with message: reCAPTCHA site key and secret are required (APP_CAPTCHA_SITE_KEY/APP_CAPTCHA_SECRET)
18:50:07.387 [main] WARN org.springframework.context.annotation.AnnotationConfigApplicationContext -- Exception encountered during context initialization - cancelling refresh attempt: org.springframework.beans.factory.BeanCreationException: Error creating bean with name 'captchaVerifier' defined in org.example.conference.captcha.CaptchaConfiguration: Failed to instantiate [org.example.conference.captcha.CaptchaVerifier]: Factory method 'captchaVerifier' threw exception with message: reCAPTCHA site key and secret are required (APP_CAPTCHA_SITE_KEY/APP_CAPTCHA_SECRET)
18:50:07.547 [main] WARN org.springframework.context.annotation.AnnotationConfigApplicationContext -- Exception encountered during context initialization - cancelling refresh attempt: org.springframework.beans.factory.BeanCreationException: Error creating bean with name 'captchaVerifier' defined in org.example.conference.captcha.CaptchaConfiguration: Failed to instantiate [org.example.conference.captcha.CaptchaVerifier]: Factory method 'captchaVerifier' threw exception with message: app.captcha.test-token must be set in test mode
[INFO] Tests run: 6, Failures: 0, Errors: 0, Skipped: 0, Time elapsed: 2.148 s -- in org.example.conference.captcha.CaptchaConfigurationTest
[INFO] Running org.example.conference.architecture.ArchitectureTest
18:50:07.635 [main] INFO com.tngtech.archunit.core.PluginLoader -- Detected Java version 21.0.12.1
[INFO] Tests run: 5, Failures: 0, Errors: 0, Skipped: 0, Time elapsed: 5.307 s -- in org.example.conference.architecture.ArchitectureTest
[INFO] 
[INFO] Results:
[INFO] 
[INFO] Tests run: 33, Failures: 0, Errors: 0, Skipped: 0
[INFO] 
[INFO] 
[INFO] --- jacoco:0.8.15:report (report-unit) @ conference-registration-backend ---
[INFO] Loading execution data file /home/tjan-kazar/storage/Work/lab/single_agent/02_Implementation/backend/target/jacoco.exec
[INFO] Analyzed bundle 'conference-registration-backend' with 72 classes
[INFO] 
[INFO] --- jar:3.4.2:jar (default-jar) @ conference-registration-backend ---
[INFO] Building jar: /home/tjan-kazar/storage/Work/lab/single_agent/02_Implementation/backend/target/conference-registration-backend-1.0.0.jar
[INFO] 
[INFO] --- spring-boot:3.5.16:repackage (repackage) @ conference-registration-backend ---
[INFO] Replacing main artifact /home/tjan-kazar/storage/Work/lab/single_agent/02_Implementation/backend/target/conference-registration-backend-1.0.0.jar with repackaged archive, adding nested dependencies in BOOT-INF/.
[INFO] The original artifact has been renamed to /home/tjan-kazar/storage/Work/lab/single_agent/02_Implementation/backend/target/conference-registration-backend-1.0.0.jar.original
[INFO] 
[INFO] --- jacoco:0.8.15:prepare-agent-integration (prepare-it) @ conference-registration-backend ---
[INFO] argLine set to -javaagent:/home/tjan-kazar/.m2/repository/org/jacoco/org.jacoco.agent/0.8.15/org.jacoco.agent-0.8.15-runtime.jar=destfile=/home/tjan-kazar/storage/Work/lab/single_agent/02_Implementation/backend/target/jacoco-it.exec
[INFO] 
[INFO] --- failsafe:3.5.6:integration-test (default) @ conference-registration-backend ---
[INFO] Using auto detected provider org.apache.maven.surefire.junitplatform.JUnitPlatformProvider
[INFO] 
[INFO] -------------------------------------------------------
[INFO]  T E S T S
[INFO] -------------------------------------------------------
[INFO] Running org.example.conference.shared.SecurityIT
18:50:17.127 [main] INFO org.springframework.test.context.support.AnnotationConfigContextLoaderUtils -- Could not detect default configuration classes for test class [org.example.conference.shared.SecurityIT]: SecurityIT does not declare any static, non-private, non-final, nested classes annotated with @Configuration.
18:50:17.633 [main] INFO org.springframework.boot.test.context.SpringBootTestContextBootstrapper -- Found @SpringBootConfiguration org.example.conference.ConferenceApplication for test class org.example.conference.shared.SecurityIT
18:50:18.082 [main] INFO org.testcontainers.images.PullPolicy -- Image pull policy will be performed by: DefaultPullPolicy()
18:50:18.090 [main] INFO org.testcontainers.utility.ImageNameSubstitutor -- Image name substitution will be performed by: DefaultImageNameSubstitutor (composite of 'ConfigurationFileImageNameSubstitutor' and 'PrefixingImageNameSubstitutor')
18:50:18.129 [main] INFO org.testcontainers.DockerClientFactory -- Testcontainers version: 1.21.4
18:50:19.590 [main] INFO org.testcontainers.dockerclient.DockerClientProviderStrategy -- Found Docker environment with Docker accessed via Unix socket (/home/tjan-kazar/.docker/desktop/docker.sock)
18:50:19.592 [main] INFO org.testcontainers.DockerClientFactory -- Docker host IP address is localhost
18:50:19.620 [main] INFO org.testcontainers.DockerClientFactory -- Connected to docker: 
  Server Version: 29.3.1
  API Version: 1.54
  Operating System: Docker Desktop
  Total Memory: 31283 MB
  Labels: 
    com.docker.desktop.address=unix:///home/tjan-kazar/.docker/desktop/docker-cli.sock
18:50:19.959 [main] INFO tc.testcontainers/ryuk:0.12.0 -- Creating container for image: testcontainers/ryuk:0.12.0
18:50:20.222 [main] INFO tc.testcontainers/ryuk:0.12.0 -- Container testcontainers/ryuk:0.12.0 is starting: 6d9a4ccd0e6912aaa2fb85eab29acb16203bd147b2d200bfa1d2edb721499a0a
18:50:20.809 [main] INFO tc.testcontainers/ryuk:0.12.0 -- Container testcontainers/ryuk:0.12.0 started in PT0.850439016S
18:50:20.828 [main] INFO org.testcontainers.utility.RyukResourceReaper -- Ryuk started - will monitor and terminate Testcontainers containers on JVM exit
18:50:20.829 [main] INFO org.testcontainers.DockerClientFactory -- Checking the system...
18:50:20.830 [main] INFO org.testcontainers.DockerClientFactory -- ✔︎ Docker server version should be at least 1.6.0
18:50:20.941 [main] INFO tc.postgres:16@sha256:1a6ab3... -- Creating container for image: postgres:16@sha256:1a6ab3f5345eb6dbe04a1349529caabdb0ab09293a09590fad07b2246bfa4b54
18:50:21.064 [main] INFO tc.postgres:16@sha256:1a6ab3... -- Container postgres:16@sha256:1a6ab3f5345eb6dbe04a1349529caabdb0ab09293a09590fad07b2246bfa4b54 is starting: 327b3b818fe14736c094b651a2f4656ec312d567162ef01ccf4b0260b33295f2
18:50:22.982 [main] INFO tc.postgres:16@sha256:1a6ab3... -- Container postgres:16@sha256:1a6ab3f5345eb6dbe04a1349529caabdb0ab09293a09590fad07b2246bfa4b54 started in PT2.0401854S
18:50:22.982 [main] INFO tc.postgres:16@sha256:1a6ab3... -- Container is started (JDBC URL: jdbc:postgresql://localhost:34323/test?loggerLevel=OFF)

  .   ____          _            __ _ _
 /\\ / ___'_ __ _ _(_)_ __  __ _ \ \ \ \
( ( )\___ | '_ | '_| | '_ \/ _` | \ \ \ \
 \\/  ___)| |_)| | | | | || (_| |  ) ) ) )
  '  |____| .__|_| |_|_| |_\__, | / / / /
 =========|_|==============|___/=/_/_/_/

 :: Spring Boot ::               (v3.5.16)

2026-09-28T18:50:23.772+02:00  INFO 1372445 --- [conference-registration] [           main] o.example.conference.shared.SecurityIT   : Starting SecurityIT using Java 21.0.12.1 with PID 1372445 (started by tjan-kazar in /home/tjan-kazar/storage/Work/lab/single_agent/02_Implementation/backend)
2026-09-28T18:50:23.775+02:00  INFO 1372445 --- [conference-registration] [           main] o.example.conference.shared.SecurityIT   : The following 1 profile is active: "test"
2026-09-28T18:50:26.065+02:00  INFO 1372445 --- [conference-registration] [           main] .s.d.r.c.RepositoryConfigurationDelegate : Bootstrapping Spring Data JPA repositories in DEFAULT mode.
2026-09-28T18:50:26.194+02:00  INFO 1372445 --- [conference-registration] [           main] .s.d.r.c.RepositoryConfigurationDelegate : Finished Spring Data repository scanning in 106 ms. Found 2 JPA repository interfaces.
2026-09-28T18:50:27.427+02:00  INFO 1372445 --- [conference-registration] [           main] com.zaxxer.hikari.HikariDataSource       : HikariPool-1 - Starting...
2026-09-28T18:50:27.834+02:00  INFO 1372445 --- [conference-registration] [           main] com.zaxxer.hikari.pool.HikariPool        : HikariPool-1 - Added connection org.postgresql.jdbc.PgConnection@27edfdf9
2026-09-28T18:50:27.838+02:00  INFO 1372445 --- [conference-registration] [           main] com.zaxxer.hikari.HikariDataSource       : HikariPool-1 - Start completed.
2026-09-28T18:50:27.943+02:00  INFO 1372445 --- [conference-registration] [           main] org.flywaydb.core.FlywayExecutor         : Database: jdbc:postgresql://localhost:34323/test?loggerLevel=OFF (PostgreSQL 16.15)
2026-09-28T18:50:28.027+02:00  INFO 1372445 --- [conference-registration] [           main] o.f.c.i.s.JdbcTableSchemaHistory         : Schema history table "public"."flyway_schema_history" does not exist yet
2026-09-28T18:50:28.034+02:00  INFO 1372445 --- [conference-registration] [           main] o.f.core.internal.command.DbValidate     : Successfully validated 1 migration (execution time 00:00.034s)
2026-09-28T18:50:28.063+02:00  INFO 1372445 --- [conference-registration] [           main] o.f.c.i.s.JdbcTableSchemaHistory         : Creating Schema History table "public"."flyway_schema_history" ...
2026-09-28T18:50:28.134+02:00  INFO 1372445 --- [conference-registration] [           main] o.f.core.internal.command.DbMigrate      : Current version of schema "public": << Empty Schema >>
2026-09-28T18:50:28.165+02:00  INFO 1372445 --- [conference-registration] [           main] o.f.core.internal.command.DbMigrate      : Migrating schema "public" to version "1 - initial schema"
2026-09-28T18:50:28.243+02:00  INFO 1372445 --- [conference-registration] [           main] o.f.core.internal.command.DbMigrate      : Successfully applied 1 migration to schema "public", now at version v1 (execution time 00:00.043s)
2026-09-28T18:50:28.479+02:00  INFO 1372445 --- [conference-registration] [           main] o.hibernate.jpa.internal.util.LogHelper  : HHH000204: Processing PersistenceUnitInfo [name: default]
2026-09-28T18:50:28.581+02:00  INFO 1372445 --- [conference-registration] [           main] org.hibernate.Version                    : HHH000412: Hibernate ORM core version 6.6.53.Final
2026-09-28T18:50:28.651+02:00  INFO 1372445 --- [conference-registration] [           main] o.h.c.internal.RegionFactoryInitiator    : HHH000026: Second-level cache disabled
2026-09-28T18:50:29.373+02:00  INFO 1372445 --- [conference-registration] [           main] o.s.o.j.p.SpringPersistenceUnitInfo      : No LoadTimeWeaver setup: ignoring JPA class transformer
2026-09-28T18:50:29.550+02:00  INFO 1372445 --- [conference-registration] [           main] org.hibernate.orm.connections.pooling    : HHH10001005: Database info:
	Database JDBC URL [Connecting through datasource 'HikariDataSource (HikariPool-1)']
	Database driver: undefined/unknown
	Database version: 16.15
	Autocommit mode: undefined/unknown
	Isolation level: undefined/unknown
	Minimum pool size: undefined/unknown
	Maximum pool size: undefined/unknown
2026-09-28T18:50:31.591+02:00  INFO 1372445 --- [conference-registration] [           main] o.h.e.t.j.p.i.JtaPlatformInitiator       : HHH000489: No JTA platform available (set 'hibernate.transaction.jta.platform' to enable JTA platform integration)
2026-09-28T18:50:31.649+02:00  INFO 1372445 --- [conference-registration] [           main] j.LocalContainerEntityManagerFactoryBean : Initialized JPA EntityManagerFactory for persistence unit 'default'
2026-09-28T18:50:32.254+02:00  INFO 1372445 --- [conference-registration] [           main] o.s.d.j.r.query.QueryEnhancerFactory     : Hibernate is in classpath; If applicable, HQL parser will be used.
2026-09-28T18:50:33.765+02:00  INFO 1372445 --- [conference-registration] [           main] o.e.c.catalog.CatalogConfiguration       : Loaded catalog from src/test/resources/catalog-test.yaml: 9 options (8 active), 1 consents
2026-09-28T18:50:34.640+02:00  INFO 1372445 --- [conference-registration] [           main] r$InitializeUserDetailsManagerConfigurer : Global AuthenticationManager configured with UserDetailsService bean with name organizerUsers
2026-09-28T18:50:35.210+02:00  INFO 1372445 --- [conference-registration] [           main] o.s.b.a.e.web.EndpointLinksResolver      : Exposing 1 endpoint beneath base path '/actuator'
2026-09-28T18:50:35.921+02:00  INFO 1372445 --- [conference-registration] [           main] o.s.b.t.m.w.SpringBootMockServletContext : Initializing Spring TestDispatcherServlet ''
2026-09-28T18:50:35.922+02:00  INFO 1372445 --- [conference-registration] [           main] o.s.t.web.servlet.TestDispatcherServlet  : Initializing Servlet ''
2026-09-28T18:50:35.927+02:00  INFO 1372445 --- [conference-registration] [           main] o.s.t.web.servlet.TestDispatcherServlet  : Completed initialization in 4 ms
2026-09-28T18:50:36.052+02:00  INFO 1372445 --- [conference-registration] [           main] o.example.conference.shared.SecurityIT   : Started SecurityIT in 13.017 seconds (process running for 21.179)
2026-09-28T18:50:36.355+02:00  INFO 1372445 --- [conference-registration] [           main] o.e.c.r.backup.BackupReconciler          : Backup reconciliation: consistent (0 registrations)
Mockito is currently self-attaching to enable the inline-mock-maker. This will no longer work in future releases of the JDK. Please add Mockito as an agent to your build as described in Mockito's documentation: https://javadoc.io/doc/org.mockito/mockito-core/latest/org.mockito/org/mockito/Mockito.html#0.3
WARNING: A Java agent has been loaded dynamically (/home/tjan-kazar/.m2/repository/net/bytebuddy/byte-buddy-agent/1.17.8/byte-buddy-agent-1.17.8.jar)
WARNING: If a serviceability tool is in use, please run with -XX:+EnableDynamicAgentLoading to hide this warning
WARNING: If a serviceability tool is not in use, please run with -Djdk.instrument.traceUsage for more information
WARNING: Dynamic loading of agents will be disallowed by default in a future release
OpenJDK 64-Bit Server VM warning: Sharing is only supported for boot loader classes because bootstrap classpath has been appended
[INFO] Tests run: 6, Failures: 0, Errors: 0, Skipped: 0, Time elapsed: 20.71 s -- in org.example.conference.shared.SecurityIT
[INFO] Running org.example.conference.catalog.CatalogChangeIT
2026-09-28T18:50:37.564+02:00  INFO 1372445 --- [conference-registration] [           main] t.c.s.AnnotationConfigContextLoaderUtils : Could not detect default configuration classes for test class [org.example.conference.catalog.CatalogChangeIT]: CatalogChangeIT does not declare any static, non-private, non-final, nested classes annotated with @Configuration.
2026-09-28T18:50:37.580+02:00  INFO 1372445 --- [conference-registration] [           main] .b.t.c.SpringBootTestContextBootstrapper : Found @SpringBootConfiguration org.example.conference.ConferenceApplication for test class org.example.conference.catalog.CatalogChangeIT

  .   ____          _            __ _ _
 /\\ / ___'_ __ _ _(_)_ __  __ _ \ \ \ \
( ( )\___ | '_ | '_| | '_ \/ _` | \ \ \ \
 \\/  ___)| |_)| | | | | || (_| |  ) ) ) )
  '  |____| .__|_| |_|_| |_\__, | / / / /
 =========|_|==============|___/=/_/_/_/

 :: Spring Boot ::               (v3.5.16)

2026-09-28T18:50:37.638+02:00  INFO 1372445 --- [conference-registration] [           main] o.e.conference.catalog.CatalogChangeIT   : Starting CatalogChangeIT using Java 21.0.12.1 with PID 1372445 (started by tjan-kazar in /home/tjan-kazar/storage/Work/lab/single_agent/02_Implementation/backend)
2026-09-28T18:50:37.638+02:00  INFO 1372445 --- [conference-registration] [           main] o.e.conference.catalog.CatalogChangeIT   : The following 1 profile is active: "test"
2026-09-28T18:50:38.064+02:00  INFO 1372445 --- [conference-registration] [           main] .s.d.r.c.RepositoryConfigurationDelegate : Bootstrapping Spring Data JPA repositories in DEFAULT mode.
2026-09-28T18:50:38.081+02:00  INFO 1372445 --- [conference-registration] [           main] .s.d.r.c.RepositoryConfigurationDelegate : Finished Spring Data repository scanning in 14 ms. Found 2 JPA repository interfaces.
2026-09-28T18:50:38.226+02:00  INFO 1372445 --- [conference-registration] [           main] com.zaxxer.hikari.HikariDataSource       : HikariPool-2 - Starting...
2026-09-28T18:50:38.265+02:00  INFO 1372445 --- [conference-registration] [           main] com.zaxxer.hikari.pool.HikariPool        : HikariPool-2 - Added connection org.postgresql.jdbc.PgConnection@d962c75
2026-09-28T18:50:38.266+02:00  INFO 1372445 --- [conference-registration] [           main] com.zaxxer.hikari.HikariDataSource       : HikariPool-2 - Start completed.
2026-09-28T18:50:38.269+02:00  INFO 1372445 --- [conference-registration] [           main] org.flywaydb.core.FlywayExecutor         : Database: jdbc:postgresql://localhost:34323/test?loggerLevel=OFF (PostgreSQL 16.15)
2026-09-28T18:50:38.294+02:00  INFO 1372445 --- [conference-registration] [           main] o.f.core.internal.command.DbValidate     : Successfully validated 1 migration (execution time 00:00.010s)
2026-09-28T18:50:38.329+02:00  INFO 1372445 --- [conference-registration] [           main] o.f.core.internal.command.DbMigrate      : Current version of schema "public": 1
2026-09-28T18:50:38.331+02:00  INFO 1372445 --- [conference-registration] [           main] o.f.core.internal.command.DbMigrate      : Schema "public" is up to date. No migration necessary.
2026-09-28T18:50:38.369+02:00  INFO 1372445 --- [conference-registration] [           main] o.hibernate.jpa.internal.util.LogHelper  : HHH000204: Processing PersistenceUnitInfo [name: default]
2026-09-28T18:50:38.372+02:00  INFO 1372445 --- [conference-registration] [           main] o.h.c.internal.RegionFactoryInitiator    : HHH000026: Second-level cache disabled
2026-09-28T18:50:38.383+02:00  INFO 1372445 --- [conference-registration] [           main] o.s.o.j.p.SpringPersistenceUnitInfo      : No LoadTimeWeaver setup: ignoring JPA class transformer
2026-09-28T18:50:38.394+02:00  INFO 1372445 --- [conference-registration] [           main] org.hibernate.orm.connections.pooling    : HHH10001005: Database info:
	Database JDBC URL [Connecting through datasource 'HikariDataSource (HikariPool-2)']
	Database driver: undefined/unknown
	Database version: 16.15
	Autocommit mode: undefined/unknown
	Isolation level: undefined/unknown
	Minimum pool size: undefined/unknown
	Maximum pool size: undefined/unknown
2026-09-28T18:50:38.500+02:00  INFO 1372445 --- [conference-registration] [           main] o.h.e.t.j.p.i.JtaPlatformInitiator       : HHH000489: No JTA platform available (set 'hibernate.transaction.jta.platform' to enable JTA platform integration)
2026-09-28T18:50:38.519+02:00  INFO 1372445 --- [conference-registration] [           main] j.LocalContainerEntityManagerFactoryBean : Initialized JPA EntityManagerFactory for persistence unit 'default'
2026-09-28T18:50:38.631+02:00  INFO 1372445 --- [conference-registration] [           main] o.e.c.catalog.CatalogConfiguration       : Loaded catalog from /home/tjan-kazar/storage/Work/lab/single_agent/02_Implementation/backend/src/test/resources/catalog-changed.yaml: 7 options (6 active), 1 consents
2026-09-28T18:50:38.838+02:00  INFO 1372445 --- [conference-registration] [           main] r$InitializeUserDetailsManagerConfigurer : Global AuthenticationManager configured with UserDetailsService bean with name organizerUsers
2026-09-28T18:50:38.963+02:00  INFO 1372445 --- [conference-registration] [           main] o.s.b.a.e.web.EndpointLinksResolver      : Exposing 1 endpoint beneath base path '/actuator'
2026-09-28T18:50:39.109+02:00  INFO 1372445 --- [conference-registration] [           main] o.s.b.t.m.w.SpringBootMockServletContext : Initializing Spring TestDispatcherServlet ''
2026-09-28T18:50:39.109+02:00  INFO 1372445 --- [conference-registration] [           main] o.s.t.web.servlet.TestDispatcherServlet  : Initializing Servlet ''
2026-09-28T18:50:39.110+02:00  INFO 1372445 --- [conference-registration] [           main] o.s.t.web.servlet.TestDispatcherServlet  : Completed initialization in 1 ms
2026-09-28T18:50:39.141+02:00  INFO 1372445 --- [conference-registration] [           main] o.e.conference.catalog.CatalogChangeIT   : Started CatalogChangeIT in 1.556 seconds (process running for 24.268)
2026-09-28T18:50:39.150+02:00  INFO 1372445 --- [conference-registration] [           main] o.e.c.r.backup.BackupReconciler          : Backup reconciliation: consistent (0 registrations)
2026-09-28T18:50:39.590+02:00  INFO 1372445 --- [conference-registration] [           main] o.e.c.r.service.RegistrationService      : Registration 47be4dec-ac87-48a0-83b2-bc04afae4a81 accepted (EXTERNAL)
2026-09-28T18:50:39.649+02:00  INFO 1372445 --- [conference-registration] [           main] o.e.c.r.service.RegistrationService      : Registration b59f359c-ce62-4b81-8cc5-35f154400390 accepted (STUDENT)
[INFO] Tests run: 2, Failures: 0, Errors: 0, Skipped: 0, Time elapsed: 2.096 s -- in org.example.conference.catalog.CatalogChangeIT
[INFO] Running org.example.conference.FoundationIT
2026-09-28T18:50:39.665+02:00  INFO 1372445 --- [conference-registration] [           main] t.c.s.AnnotationConfigContextLoaderUtils : Could not detect default configuration classes for test class [org.example.conference.FoundationIT]: FoundationIT does not declare any static, non-private, non-final, nested classes annotated with @Configuration.
2026-09-28T18:50:39.679+02:00  INFO 1372445 --- [conference-registration] [           main] .b.t.c.SpringBootTestContextBootstrapper : Found @SpringBootConfiguration org.example.conference.ConferenceApplication for test class org.example.conference.FoundationIT
[INFO] Tests run: 3, Failures: 0, Errors: 0, Skipped: 0, Time elapsed: 0.126 s -- in org.example.conference.FoundationIT
[INFO] Running org.example.conference.notification.NotificationIT
2026-09-28T18:50:39.795+02:00  INFO 1372445 --- [conference-registration] [           main] t.c.s.AnnotationConfigContextLoaderUtils : Could not detect default configuration classes for test class [org.example.conference.notification.NotificationIT]: NotificationIT does not declare any static, non-private, non-final, nested classes annotated with @Configuration.
2026-09-28T18:50:39.814+02:00  INFO 1372445 --- [conference-registration] [           main] .b.t.c.SpringBootTestContextBootstrapper : Found @SpringBootConfiguration org.example.conference.ConferenceApplication for test class org.example.conference.notification.NotificationIT
2026-09-28T18:50:39.947+02:00  INFO 1372445 --- [conference-registration] [           main] o.e.c.r.service.RegistrationService      : Registration dc1cbe08-bf84-486a-97ff-79eed6bfcc73 accepted (EXTERNAL)
2026-09-28T18:50:40.081+02:00  WARN 1372445 --- [conference-registration] [           main] o.e.c.notification.OutboxDispatcher      : Email ab7ac6df-eb69-4a79-889b-c231a41eed3d attempt 1 failed (MailSendException); retry at 2026-09-28T16:50:41.080905101Z
2026-09-28T18:50:40.092+02:00  WARN 1372445 --- [conference-registration] [           main] o.e.c.notification.OutboxDispatcher      : Email 99496bf8-bc8f-494b-96ad-0086c6f38475 attempt 1 failed (MailSendException); retry at 2026-09-28T16:50:41.092577273Z
2026-09-28T18:50:40.095+02:00  WARN 1372445 --- [conference-registration] [           main] o.e.c.notification.OutboxDispatcher      : Email b1ab938f-628a-4d6b-b0ff-3aa037a381ce attempt 1 failed (MailSendException); retry at 2026-09-28T16:50:41.095711846Z
2026-09-28T18:50:40.117+02:00  WARN 1372445 --- [conference-registration] [           main] o.e.c.notification.OutboxDispatcher      : Email ab7ac6df-eb69-4a79-889b-c231a41eed3d attempt 2 failed (MailSendException); retry at 2026-09-28T16:50:42.117900437Z
2026-09-28T18:50:40.120+02:00  WARN 1372445 --- [conference-registration] [           main] o.e.c.notification.OutboxDispatcher      : Email 99496bf8-bc8f-494b-96ad-0086c6f38475 attempt 2 failed (MailSendException); retry at 2026-09-28T16:50:42.120710480Z
2026-09-28T18:50:40.123+02:00  WARN 1372445 --- [conference-registration] [           main] o.e.c.notification.OutboxDispatcher      : Email b1ab938f-628a-4d6b-b0ff-3aa037a381ce attempt 2 failed (MailSendException); retry at 2026-09-28T16:50:42.123886554Z
2026-09-28T18:50:40.139+02:00 ERROR 1372445 --- [conference-registration] [           main] o.e.c.notification.OutboxDispatcher      : Email ab7ac6df-eb69-4a79-889b-c231a41eed3d permanently FAILED after 3 attempts
2026-09-28T18:50:40.142+02:00 ERROR 1372445 --- [conference-registration] [           main] o.e.c.notification.OutboxDispatcher      : Email 99496bf8-bc8f-494b-96ad-0086c6f38475 permanently FAILED after 3 attempts
2026-09-28T18:50:40.145+02:00 ERROR 1372445 --- [conference-registration] [           main] o.e.c.notification.OutboxDispatcher      : Email b1ab938f-628a-4d6b-b0ff-3aa037a381ce permanently FAILED after 3 attempts
2026-09-28T18:50:40.256+02:00  INFO 1372445 --- [conference-registration] [           main] o.e.c.r.service.RegistrationService      : Registration 2d09b3bb-0565-4ce7-b8aa-0ea3a352c3f0 accepted (EXTERNAL)
2026-09-28T18:50:40.367+02:00  INFO 1372445 --- [conference-registration] [127.0.0.1:48640] c.icegreen.greenmail.user.UserManager    : Created user login spela.synthetic@example.org for address spela.synthetic@example.org with password spela.synthetic@example.org because it didn't exist before.
2026-09-28T18:50:40.381+02:00  INFO 1372445 --- [conference-registration] [           main] o.e.c.notification.OutboxDispatcher      : Email 8f21d364-b64b-49ac-8f01-3c2392381d82 (PARTICIPANT_CONFIRMATION) delivered to SMTP
2026-09-28T18:50:40.436+02:00  INFO 1372445 --- [conference-registration] [127.0.0.1:48648] c.icegreen.greenmail.user.UserManager    : Created user login organizer-a@conference.test for address organizer-a@conference.test with password organizer-a@conference.test because it didn't exist before.
2026-09-28T18:50:40.448+02:00  INFO 1372445 --- [conference-registration] [           main] o.e.c.notification.OutboxDispatcher      : Email 58ba7750-4280-4e80-a4f7-b590525d40b8 (ORGANIZER_NOTIFICATION) delivered to SMTP
2026-09-28T18:50:40.500+02:00  INFO 1372445 --- [conference-registration] [127.0.0.1:48664] c.icegreen.greenmail.user.UserManager    : Created user login organizer-b@conference.test for address organizer-b@conference.test with password organizer-b@conference.test because it didn't exist before.
2026-09-28T18:50:40.506+02:00  INFO 1372445 --- [conference-registration] [           main] o.e.c.notification.OutboxDispatcher      : Email 9fc8feb6-0211-4c84-911b-a76c2468a34a (ORGANIZER_NOTIFICATION) delivered to SMTP
2026-09-28T18:50:40.610+02:00  INFO 1372445 --- [conference-registration] [           main] o.e.c.r.service.RegistrationService      : Registration e4fb52ab-5741-4b93-a61f-153b3dd121d5 accepted (EXTERNAL)
2026-09-28T18:50:40.620+02:00  WARN 1372445 --- [conference-registration] [           main] o.e.c.notification.OutboxDispatcher      : Email 1d00defb-ec27-43f0-8e81-24f6654599ed attempt 1 failed (MailSendException); retry at 2026-09-28T16:50:41.620810446Z
2026-09-28T18:50:40.624+02:00  WARN 1372445 --- [conference-registration] [           main] o.e.c.notification.OutboxDispatcher      : Email 36028b76-4414-4670-9bf2-03ab169eebe2 attempt 1 failed (MailSendException); retry at 2026-09-28T16:50:41.624021123Z
2026-09-28T18:50:40.627+02:00  WARN 1372445 --- [conference-registration] [           main] o.e.c.notification.OutboxDispatcher      : Email 051b7089-57ef-4303-b6fb-b72a852ed601 attempt 1 failed (MailSendException); retry at 2026-09-28T16:50:41.627225344Z
2026-09-28T18:50:40.702+02:00  INFO 1372445 --- [conference-registration] [127.0.0.1:48692] c.icegreen.greenmail.user.UserManager    : Created user login spela.synthetic@example.org for address spela.synthetic@example.org with password spela.synthetic@example.org because it didn't exist before.
2026-09-28T18:50:40.704+02:00  INFO 1372445 --- [conference-registration] [           main] o.e.c.notification.OutboxDispatcher      : Email 1d00defb-ec27-43f0-8e81-24f6654599ed (PARTICIPANT_CONFIRMATION) delivered to SMTP
2026-09-28T18:50:40.764+02:00  INFO 1372445 --- [conference-registration] [127.0.0.1:48696] c.icegreen.greenmail.user.UserManager    : Created user login organizer-a@conference.test for address organizer-a@conference.test with password organizer-a@conference.test because it didn't exist before.
2026-09-28T18:50:40.771+02:00  INFO 1372445 --- [conference-registration] [           main] o.e.c.notification.OutboxDispatcher      : Email 36028b76-4414-4670-9bf2-03ab169eebe2 (ORGANIZER_NOTIFICATION) delivered to SMTP
2026-09-28T18:50:40.822+02:00  INFO 1372445 --- [conference-registration] [127.0.0.1:48706] c.icegreen.greenmail.user.UserManager    : Created user login organizer-b@conference.test for address organizer-b@conference.test with password organizer-b@conference.test because it didn't exist before.
2026-09-28T18:50:40.832+02:00  INFO 1372445 --- [conference-registration] [           main] o.e.c.notification.OutboxDispatcher      : Email 051b7089-57ef-4303-b6fb-b72a852ed601 (ORGANIZER_NOTIFICATION) delivered to SMTP
[INFO] Tests run: 3, Failures: 0, Errors: 0, Skipped: 0, Time elapsed: 1.059 s -- in org.example.conference.notification.NotificationIT
[INFO] Running org.example.conference.registration.RegistrationApiIT
2026-09-28T18:50:40.857+02:00  INFO 1372445 --- [conference-registration] [           main] t.c.s.AnnotationConfigContextLoaderUtils : Could not detect default configuration classes for test class [org.example.conference.registration.RegistrationApiIT]: RegistrationApiIT does not declare any static, non-private, non-final, nested classes annotated with @Configuration.
2026-09-28T18:50:40.872+02:00  INFO 1372445 --- [conference-registration] [           main] .b.t.c.SpringBootTestContextBootstrapper : Found @SpringBootConfiguration org.example.conference.ConferenceApplication for test class org.example.conference.registration.RegistrationApiIT
2026-09-28T18:50:41.126+02:00  INFO 1372445 --- [conference-registration] [           main] o.e.c.r.service.RegistrationService      : Registration 5166f859-10c0-4fdc-bb4e-639308afda45 accepted (EXTERNAL)
2026-09-28T18:50:41.213+02:00  INFO 1372445 --- [conference-registration] [           main] o.e.c.r.service.RegistrationService      : Registration ca5402c5-826d-4983-9b3f-c7d3558d0bd4 accepted (EXTERNAL)
2026-09-28T18:50:41.395+02:00  INFO 1372445 --- [conference-registration] [           main] o.e.c.r.service.RegistrationService      : Registration 90944d75-ede7-4fc2-bde9-4b1c1d98f5bf accepted (STUDENT)
2026-09-28T18:50:42.008+02:00  INFO 1372445 --- [conference-registration] [           main] o.e.c.r.service.RegistrationService      : Registration 4f0d2434-7f7c-4e01-a391-329c42c3fb3d accepted (EXTERNAL)
2026-09-28T18:50:42.309+02:00  INFO 1372445 --- [conference-registration] [ool-21-thread-5] o.e.c.r.service.RegistrationService      : Registration 65e5ed00-3695-4704-8d44-fedc9524a818 accepted (STUDENT)
2026-09-28T18:50:42.320+02:00  WARN 1372445 --- [conference-registration] [ool-21-thread-1] o.h.engine.jdbc.spi.SqlExceptionHelper   : SQL Error: 0, SQLState: 23505
2026-09-28T18:50:42.320+02:00  WARN 1372445 --- [conference-registration] [ool-21-thread-7] o.h.engine.jdbc.spi.SqlExceptionHelper   : SQL Error: 0, SQLState: 23505
2026-09-28T18:50:42.320+02:00  WARN 1372445 --- [conference-registration] [ool-21-thread-2] o.h.engine.jdbc.spi.SqlExceptionHelper   : SQL Error: 0, SQLState: 23505
2026-09-28T18:50:42.320+02:00 ERROR 1372445 --- [conference-registration] [ool-21-thread-7] o.h.engine.jdbc.spi.SqlExceptionHelper   : ERROR: duplicate key value violates unique constraint "uq_registration_client_request"
  Detail: Key (client_request_id)=(c0a707da-2393-49ed-be03-5455d23c7740) already exists.
2026-09-28T18:50:42.320+02:00  WARN 1372445 --- [conference-registration] [ool-21-thread-4] o.h.engine.jdbc.spi.SqlExceptionHelper   : SQL Error: 0, SQLState: 23505
2026-09-28T18:50:42.320+02:00 ERROR 1372445 --- [conference-registration] [ool-21-thread-1] o.h.engine.jdbc.spi.SqlExceptionHelper   : ERROR: duplicate key value violates unique constraint "uq_registration_client_request"
  Detail: Key (client_request_id)=(c0a707da-2393-49ed-be03-5455d23c7740) already exists.
2026-09-28T18:50:42.321+02:00 ERROR 1372445 --- [conference-registration] [ool-21-thread-4] o.h.engine.jdbc.spi.SqlExceptionHelper   : ERROR: duplicate key value violates unique constraint "uq_registration_client_request"
  Detail: Key (client_request_id)=(c0a707da-2393-49ed-be03-5455d23c7740) already exists.
2026-09-28T18:50:42.321+02:00  WARN 1372445 --- [conference-registration] [ool-21-thread-6] o.h.engine.jdbc.spi.SqlExceptionHelper   : SQL Error: 0, SQLState: 23505
2026-09-28T18:50:42.321+02:00 ERROR 1372445 --- [conference-registration] [ool-21-thread-6] o.h.engine.jdbc.spi.SqlExceptionHelper   : ERROR: duplicate key value violates unique constraint "uq_registration_client_request"
  Detail: Key (client_request_id)=(c0a707da-2393-49ed-be03-5455d23c7740) already exists.
2026-09-28T18:50:42.320+02:00  WARN 1372445 --- [conference-registration] [ool-21-thread-3] o.h.engine.jdbc.spi.SqlExceptionHelper   : SQL Error: 0, SQLState: 23505
2026-09-28T18:50:42.321+02:00 ERROR 1372445 --- [conference-registration] [ool-21-thread-3] o.h.engine.jdbc.spi.SqlExceptionHelper   : ERROR: duplicate key value violates unique constraint "uq_registration_client_request"
  Detail: Key (client_request_id)=(c0a707da-2393-49ed-be03-5455d23c7740) already exists.
2026-09-28T18:50:42.320+02:00 ERROR 1372445 --- [conference-registration] [ool-21-thread-2] o.h.engine.jdbc.spi.SqlExceptionHelper   : ERROR: duplicate key value violates unique constraint "uq_registration_client_request"
  Detail: Key (client_request_id)=(c0a707da-2393-49ed-be03-5455d23c7740) already exists.
2026-09-28T18:50:42.320+02:00  WARN 1372445 --- [conference-registration] [ool-21-thread-8] o.h.engine.jdbc.spi.SqlExceptionHelper   : SQL Error: 0, SQLState: 23505
2026-09-28T18:50:42.321+02:00 ERROR 1372445 --- [conference-registration] [ool-21-thread-8] o.h.engine.jdbc.spi.SqlExceptionHelper   : ERROR: duplicate key value violates unique constraint "uq_registration_client_request"
  Detail: Key (client_request_id)=(c0a707da-2393-49ed-be03-5455d23c7740) already exists.
[INFO] Tests run: 32, Failures: 0, Errors: 0, Skipped: 0, Time elapsed: 1.520 s -- in org.example.conference.registration.RegistrationApiIT
[INFO] Running org.example.conference.registration.StorageFailureIT
2026-09-28T18:50:42.383+02:00  INFO 1372445 --- [conference-registration] [           main] t.c.s.AnnotationConfigContextLoaderUtils : Could not detect default configuration classes for test class [org.example.conference.registration.StorageFailureIT]: StorageFailureIT does not declare any static, non-private, non-final, nested classes annotated with @Configuration.
2026-09-28T18:50:42.397+02:00  INFO 1372445 --- [conference-registration] [           main] .b.t.c.SpringBootTestContextBootstrapper : Found @SpringBootConfiguration org.example.conference.ConferenceApplication for test class org.example.conference.registration.StorageFailureIT

  .   ____          _            __ _ _
 /\\ / ___'_ __ _ _(_)_ __  __ _ \ \ \ \
( ( )\___ | '_ | '_| | '_ \/ _` | \ \ \ \
 \\/  ___)| |_)| | | | | || (_| |  ) ) ) )
  '  |____| .__|_| |_|_| |_\__, | / / / /
 =========|_|==============|___/=/_/_/_/

 :: Spring Boot ::               (v3.5.16)

2026-09-28T18:50:42.444+02:00  INFO 1372445 --- [conference-registration] [           main] o.e.c.registration.StorageFailureIT      : Starting StorageFailureIT using Java 21.0.12.1 with PID 1372445 (started by tjan-kazar in /home/tjan-kazar/storage/Work/lab/single_agent/02_Implementation/backend)
2026-09-28T18:50:42.444+02:00  INFO 1372445 --- [conference-registration] [           main] o.e.c.registration.StorageFailureIT      : The following 1 profile is active: "test"
2026-09-28T18:50:42.743+02:00  INFO 1372445 --- [conference-registration] [           main] .s.d.r.c.RepositoryConfigurationDelegate : Bootstrapping Spring Data JPA repositories in DEFAULT mode.
2026-09-28T18:50:42.759+02:00  INFO 1372445 --- [conference-registration] [           main] .s.d.r.c.RepositoryConfigurationDelegate : Finished Spring Data repository scanning in 13 ms. Found 2 JPA repository interfaces.
2026-09-28T18:50:42.904+02:00  INFO 1372445 --- [conference-registration] [           main] com.zaxxer.hikari.HikariDataSource       : HikariPool-3 - Starting...
2026-09-28T18:50:42.921+02:00  INFO 1372445 --- [conference-registration] [           main] com.zaxxer.hikari.pool.HikariPool        : HikariPool-3 - Added connection org.postgresql.jdbc.PgConnection@218b9629
2026-09-28T18:50:42.922+02:00  INFO 1372445 --- [conference-registration] [           main] com.zaxxer.hikari.HikariDataSource       : HikariPool-3 - Start completed.
2026-09-28T18:50:42.927+02:00  INFO 1372445 --- [conference-registration] [           main] org.flywaydb.core.FlywayExecutor         : Database: jdbc:postgresql://localhost:34323/test?loggerLevel=OFF (PostgreSQL 16.15)
2026-09-28T18:50:42.953+02:00  INFO 1372445 --- [conference-registration] [           main] o.f.core.internal.command.DbValidate     : Successfully validated 1 migration (execution time 00:00.007s)
2026-09-28T18:50:42.983+02:00  INFO 1372445 --- [conference-registration] [           main] o.f.core.internal.command.DbMigrate      : Current version of schema "public": 1
2026-09-28T18:50:42.984+02:00  INFO 1372445 --- [conference-registration] [           main] o.f.core.internal.command.DbMigrate      : Schema "public" is up to date. No migration necessary.
2026-09-28T18:50:43.012+02:00  INFO 1372445 --- [conference-registration] [           main] o.hibernate.jpa.internal.util.LogHelper  : HHH000204: Processing PersistenceUnitInfo [name: default]
2026-09-28T18:50:43.014+02:00  INFO 1372445 --- [conference-registration] [           main] o.h.c.internal.RegionFactoryInitiator    : HHH000026: Second-level cache disabled
2026-09-28T18:50:43.021+02:00  INFO 1372445 --- [conference-registration] [           main] o.s.o.j.p.SpringPersistenceUnitInfo      : No LoadTimeWeaver setup: ignoring JPA class transformer
2026-09-28T18:50:43.030+02:00  INFO 1372445 --- [conference-registration] [           main] org.hibernate.orm.connections.pooling    : HHH10001005: Database info:
	Database JDBC URL [Connecting through datasource 'HikariDataSource (HikariPool-3)']
	Database driver: undefined/unknown
	Database version: 16.15
	Autocommit mode: undefined/unknown
	Isolation level: undefined/unknown
	Minimum pool size: undefined/unknown
	Maximum pool size: undefined/unknown
2026-09-28T18:50:43.114+02:00  INFO 1372445 --- [conference-registration] [           main] o.h.e.t.j.p.i.JtaPlatformInitiator       : HHH000489: No JTA platform available (set 'hibernate.transaction.jta.platform' to enable JTA platform integration)
2026-09-28T18:50:43.130+02:00  INFO 1372445 --- [conference-registration] [           main] j.LocalContainerEntityManagerFactoryBean : Initialized JPA EntityManagerFactory for persistence unit 'default'
2026-09-28T18:50:43.248+02:00  INFO 1372445 --- [conference-registration] [           main] o.e.c.catalog.CatalogConfiguration       : Loaded catalog from src/test/resources/catalog-test.yaml: 9 options (8 active), 1 consents
2026-09-28T18:50:45.183+02:00  INFO 1372445 --- [conference-registration] [           main] r$InitializeUserDetailsManagerConfigurer : Global AuthenticationManager configured with UserDetailsService bean with name organizerUsers
2026-09-28T18:50:45.555+02:00  INFO 1372445 --- [conference-registration] [           main] o.s.b.a.e.web.EndpointLinksResolver      : Exposing 1 endpoint beneath base path '/actuator'
2026-09-28T18:50:46.000+02:00  INFO 1372445 --- [conference-registration] [           main] o.s.b.t.m.w.SpringBootMockServletContext : Initializing Spring TestDispatcherServlet ''
2026-09-28T18:50:46.001+02:00  INFO 1372445 --- [conference-registration] [           main] o.s.t.web.servlet.TestDispatcherServlet  : Initializing Servlet ''
2026-09-28T18:50:46.004+02:00  INFO 1372445 --- [conference-registration] [           main] o.s.t.web.servlet.TestDispatcherServlet  : Completed initialization in 3 ms
2026-09-28T18:50:46.062+02:00  INFO 1372445 --- [conference-registration] [           main] o.e.c.registration.StorageFailureIT      : Started StorageFailureIT in 3.66 seconds (process running for 31.189)
2026-09-28T18:50:46.189+02:00  INFO 1372445 --- [conference-registration] [           main] o.e.c.r.backup.BackupReconciler          : Backup reconciliation: consistent (1 registrations)
2026-09-28T18:50:46.384+02:00 ERROR 1372445 --- [conference-registration] [           main] o.e.c.r.service.RegistrationService      : Backup publish failed for new registration 3406c5f6-3ff7-4a67-bab4-a62850f45699: java.io.IOException
2026-09-28T18:50:46.528+02:00  INFO 1372445 --- [conference-registration] [           main] o.e.c.r.service.RegistrationService      : Registration 81c9d5a9-f325-4155-9245-d5eaa1450b1e accepted (EXTERNAL)
2026-09-28T18:50:46.638+02:00  INFO 1372445 --- [conference-registration] [           main] o.e.c.r.service.RegistrationService      : Registration b121e63a-9258-4db1-8d38-eafc95a2d4fc accepted (EXTERNAL)
2026-09-28T18:50:46.713+02:00  INFO 1372445 --- [conference-registration] [           main] o.e.c.r.service.RegistrationService      : Registration ec00be13-196f-4f7c-b530-d4a3db29b765 accepted (EXTERNAL)
2026-09-28T18:50:46.787+02:00  INFO 1372445 --- [conference-registration] [           main] o.e.c.r.service.RegistrationService      : Registration 56af3eea-c538-4b41-8baf-ffc5b1e71fbf accepted (EXTERNAL)
2026-09-28T18:50:46.827+02:00  WARN 1372445 --- [conference-registration] [           main] o.e.c.r.backup.BackupReconciler          : Quarantining unaccepted backup file e676d139-8b43-4103-85fb-8c140cb057f4.json
2026-09-28T18:50:46.865+02:00  WARN 1372445 --- [conference-registration] [           main] o.e.c.r.backup.BackupReconciler          : Re-published backup file for registration 56af3eea-c538-4b41-8baf-ffc5b1e71fbf from database
2026-09-28T18:50:46.883+02:00  WARN 1372445 --- [conference-registration] [           main] o.e.c.r.backup.BackupReconciler          : Re-published backup file for registration ec00be13-196f-4f7c-b530-d4a3db29b765 from database
2026-09-28T18:50:46.884+02:00  WARN 1372445 --- [conference-registration] [           main] o.e.c.r.backup.BackupReconciler          : Backup reconciliation performed changes: Report[tempFilesDeleted=1, orphansQuarantined=1, filesRestored=1, mismatchesRepaired=1]
2026-09-28T18:50:46.946+02:00  INFO 1372445 --- [conference-registration] [           main] o.e.c.r.backup.BackupReconciler          : Backup reconciliation: consistent (3 registrations)
2026-09-28T18:50:47.005+02:00 ERROR 1372445 --- [conference-registration] [           main] o.e.c.r.service.RegistrationService      : Database commit failed for registration 0c6d964e-4f7e-411a-86d0-f0305ccfb6e3: org.springframework.dao.DataAccessResourceFailureException
2026-09-28T18:50:47.038+02:00 ERROR 1372445 --- [conference-registration] [           main] o.e.c.r.backup.BackupReconciler          : Database holds no registrations but 1 backup files exist; not quarantining (possible database restore scenario, operator action required)
2026-09-28T18:50:47.038+02:00  INFO 1372445 --- [conference-registration] [           main] o.e.c.r.backup.BackupReconciler          : Backup reconciliation: consistent (0 registrations)
2026-09-28T18:50:47.111+02:00  INFO 1372445 --- [conference-registration] [           main] o.e.c.r.service.RegistrationService      : Registration a66e7ce5-57cc-4d8f-8321-9753316102fb accepted (EXTERNAL)
2026-09-28T18:50:47.122+02:00  INFO 1372445 --- [conference-registration] [           main] o.e.c.r.backup.BackupReconciler          : Backup reconciliation: consistent (1 registrations)
[INFO] Tests run: 5, Failures: 0, Errors: 0, Skipped: 0, Time elapsed: 4.750 s -- in org.example.conference.registration.StorageFailureIT
[INFO] Running org.example.conference.export.ExportIT
2026-09-28T18:50:47.156+02:00  INFO 1372445 --- [conference-registration] [           main] t.c.s.AnnotationConfigContextLoaderUtils : Could not detect default configuration classes for test class [org.example.conference.export.ExportIT]: ExportIT does not declare any static, non-private, non-final, nested classes annotated with @Configuration.
2026-09-28T18:50:47.199+02:00  INFO 1372445 --- [conference-registration] [           main] .b.t.c.SpringBootTestContextBootstrapper : Found @SpringBootConfiguration org.example.conference.ConferenceApplication for test class org.example.conference.export.ExportIT
2026-09-28T18:50:47.283+02:00  INFO 1372445 --- [conference-registration] [           main] o.e.c.r.service.RegistrationService      : Registration d4f1bdad-51af-4593-a174-236dbec4cc61 accepted (EXTERNAL)
2026-09-28T18:50:47.351+02:00  INFO 1372445 --- [conference-registration] [           main] o.e.c.r.service.RegistrationService      : Registration 530dcdad-9263-4b24-b665-b576fecf0bdb accepted (STUDENT)
2026-09-28T18:50:51.016+02:00  INFO 1372445 --- [conference-registration] [           main] o.e.c.r.service.RegistrationService      : Registration 50d84533-76b5-4e64-a568-eb203b9169e3 accepted (EXTERNAL)
2026-09-28T18:50:51.061+02:00  INFO 1372445 --- [conference-registration] [           main] o.e.c.r.service.RegistrationService      : Registration e86eaf2c-b356-435e-bfab-b4168e8ec739 accepted (STUDENT)
[INFO] Tests run: 2, Failures: 0, Errors: 0, Skipped: 0, Time elapsed: 4.070 s -- in org.example.conference.export.ExportIT
[INFO] 
[INFO] Results:
[INFO] 
[INFO] Tests run: 53, Failures: 0, Errors: 0, Skipped: 0
[INFO] 
[INFO] 
[INFO] --- jacoco:0.8.15:report-integration (report-it) @ conference-registration-backend ---
[INFO] Loading execution data file /home/tjan-kazar/storage/Work/lab/single_agent/02_Implementation/backend/target/jacoco-it.exec
[INFO] Analyzed bundle 'conference-registration-backend' with 72 classes
[INFO] 
[INFO] --- failsafe:3.5.6:verify (default) @ conference-registration-backend ---
[INFO] ------------------------------------------------------------------------
[INFO] BUILD SUCCESS
[INFO] ------------------------------------------------------------------------
[INFO] Total time:  01:01 min
[INFO] Finished at: 2026-09-28T18:50:51+02:00
[INFO] ------------------------------------------------------------------------
