$ (cwd=.) docker compose build
# start=2026-09-28T17:04:41.166Z end=2026-09-28T17:05:18.413Z exit=0 elapsed_s=37.247

 Image conference-backend:local Building 
 Image conference-frontend:local Building 
#1 [internal] load local bake definitions
#1 reading from stdin 1.14kB done
#1 DONE 0.0s

#2 [backend internal] load build definition from Dockerfile
#2 transferring dockerfile: 1.30kB done
#2 DONE 0.0s

#3 [frontend internal] load build definition from Dockerfile
#3 transferring dockerfile: 605B done
#3 DONE 0.0s

#4 [frontend internal] load metadata for docker.io/library/node@sha256:43ac6c60b8f89723f746e8a92ce91abd5017e627ce1ddfe4238355d3a30b772c
#4 ...

#5 [auth] library/eclipse-temurin:pull token for registry-1.docker.io
#5 DONE 0.0s

#6 [auth] library/node:pull token for registry-1.docker.io
#6 DONE 0.0s

#7 [auth] nginxinc/nginx-unprivileged:pull token for registry-1.docker.io
#7 DONE 0.0s

#8 [frontend internal] load metadata for docker.io/nginxinc/nginx-unprivileged@sha256:ed04ec1ff34502c339ee5c3ae3f855442398edc1d05591e2b98981dcbbd20b1e
#8 ...

#4 [frontend internal] load metadata for docker.io/library/node@sha256:43ac6c60b8f89723f746e8a92ce91abd5017e627ce1ddfe4238355d3a30b772c
#4 DONE 0.9s

#9 [backend internal] load metadata for docker.io/library/eclipse-temurin@sha256:7edbe8532195c8222735caca437e56780e1fc7db08a4b4b4af77fe188cccc15f
#9 DONE 0.9s

#10 [backend internal] load metadata for docker.io/library/eclipse-temurin@sha256:d0aa6704a67ac080591815bb7734dbe56171dd7a8e9b767e9989b95dd37b3085
#10 DONE 0.9s

#8 [frontend internal] load metadata for docker.io/nginxinc/nginx-unprivileged@sha256:ed04ec1ff34502c339ee5c3ae3f855442398edc1d05591e2b98981dcbbd20b1e
#8 DONE 0.9s

#11 [backend internal] load .dockerignore
#11 transferring context: 53B done
#11 DONE 0.0s

#12 [frontend internal] load .dockerignore
#12 transferring context: 105B done
#12 DONE 0.0s

#13 [backend internal] load build context
#13 DONE 0.0s

#14 [frontend internal] load build context
#14 DONE 0.0s

#15 [backend build 1/7] FROM docker.io/library/eclipse-temurin@sha256:d0aa6704a67ac080591815bb7734dbe56171dd7a8e9b767e9989b95dd37b3085
#15 resolve docker.io/library/eclipse-temurin@sha256:d0aa6704a67ac080591815bb7734dbe56171dd7a8e9b767e9989b95dd37b3085 0.1s done
#15 DONE 0.1s

#16 [frontend stage-1 1/3] FROM docker.io/nginxinc/nginx-unprivileged@sha256:ed04ec1ff34502c339ee5c3ae3f855442398edc1d05591e2b98981dcbbd20b1e
#16 resolve docker.io/nginxinc/nginx-unprivileged@sha256:ed04ec1ff34502c339ee5c3ae3f855442398edc1d05591e2b98981dcbbd20b1e
#16 resolve docker.io/nginxinc/nginx-unprivileged@sha256:ed04ec1ff34502c339ee5c3ae3f855442398edc1d05591e2b98981dcbbd20b1e 0.1s done
#16 DONE 0.1s

#17 [backend stage-1 1/3] FROM docker.io/library/eclipse-temurin@sha256:7edbe8532195c8222735caca437e56780e1fc7db08a4b4b4af77fe188cccc15f
#17 resolve docker.io/library/eclipse-temurin@sha256:7edbe8532195c8222735caca437e56780e1fc7db08a4b4b4af77fe188cccc15f 0.1s done
#17 DONE 0.1s

#18 [frontend build 1/6] FROM docker.io/library/node@sha256:43ac6c60b8f89723f746e8a92ce91abd5017e627ce1ddfe4238355d3a30b772c
#18 resolve docker.io/library/node@sha256:43ac6c60b8f89723f746e8a92ce91abd5017e627ce1ddfe4238355d3a30b772c 0.1s done
#18 DONE 0.1s

#14 [frontend internal] load build context
#14 transferring context: 164.87kB 0.0s done
#14 DONE 0.0s

#13 [backend internal] load build context
#13 transferring context: 20.64kB 0.0s done
#13 DONE 0.0s

#19 [frontend build 2/6] WORKDIR /src
#19 CACHED

#20 [backend build 2/7] WORKDIR /src
#20 CACHED

#21 [backend build 3/7] COPY .mvn .mvn
#21 CACHED

#22 [frontend build 3/6] COPY package.json package-lock.json ./
#22 DONE 0.1s

#23 [frontend build 4/6] RUN npm ci --no-audit --no-fund
#23 ...

#24 [backend build 4/7] COPY mvnw pom.xml spotbugs-exclude.xml pmd-ruleset.xml ./
#24 DONE 0.1s

#25 [backend build 5/7] RUN --mount=type=cache,target=/root/.m2 ./mvnw -B -q dependency:go-offline -DexcludeReactor=true || true
#25 ...

#23 [frontend build 4/6] RUN npm ci --no-audit --no-fund
#23 3.836 npm warn deprecated whatwg-encoding@3.1.1: Use @exodus/bytes instead for a more spec-conformant and faster implementation
#23 8.471 npm warn deprecated @testing-library/jest-dom@6.10.0: Incorrect minor release with breaking changes (Node >=22 and required @testing-library/dom peer). Use 6.9.1 for the 6.x line, or upgrade to 7.0.0.
#23 ...

#25 [backend build 5/7] RUN --mount=type=cache,target=/root/.m2 ./mvnw -B -q dependency:go-offline -DexcludeReactor=true || true
#25 DONE 13.2s

#26 [backend build 6/7] COPY src src
#26 DONE 0.2s

#23 [frontend build 4/6] RUN npm ci --no-audit --no-fund
#23 ...

#27 [backend build 7/7] RUN --mount=type=cache,target=/root/.m2 ./mvnw -B -q package -DskipTests -DskipITs     && cp target/conference-registration-backend-*.jar /app.jar
#27 ...

#23 [frontend build 4/6] RUN npm ci --no-audit --no-fund
#23 13.93 
#23 13.93 added 271 packages in 14s
#23 13.93 npm notice
#23 13.93 npm notice New major version of npm available! 10.9.9 -> 12.1.0
#23 13.93 npm notice Changelog: https://github.com/npm/cli/releases/tag/v12.1.0
#23 13.93 npm notice To update run: npm install -g npm@12.1.0
#23 13.93 npm notice
#23 DONE 14.2s

#28 [frontend build 5/6] COPY . .
#28 DONE 0.2s

#27 [backend build 7/7] RUN --mount=type=cache,target=/root/.m2 ./mvnw -B -q package -DskipTests -DskipITs     && cp target/conference-registration-backend-*.jar /app.jar
#27 ...

#29 [frontend build 6/6] RUN npm run build
#29 0.543 
#29 0.543 > conference-registration-frontend@1.0.0 build
#29 0.543 > tsc -b && vite build
#29 0.543 
#29 6.703 vite v6.4.3 building for production...
#29 6.837 transforming...
#29 9.225 ✓ 34 modules transformed.
#29 9.575 rendering chunks...
#29 9.599 computing gzip size...
#29 9.625 dist/index.html                   0.41 kB │ gzip:  0.27 kB
#29 9.625 dist/assets/index-CXejJf7D.css    1.18 kB │ gzip:  0.57 kB
#29 9.625 dist/assets/index-u8UF_aZv.js   233.45 kB │ gzip: 73.15 kB
#29 9.627 ✓ built in 2.87s
#29 DONE 9.8s

#27 [backend build 7/7] RUN --mount=type=cache,target=/root/.m2 ./mvnw -B -q package -DskipTests -DskipITs     && cp target/conference-registration-backend-*.jar /app.jar
#27 ...

#30 [frontend stage-1 2/3] COPY nginx.conf /etc/nginx/conf.d/default.conf
#30 CACHED

#31 [frontend stage-1 3/3] COPY --from=build /src/dist /usr/share/nginx/html
#31 CACHED

#32 [frontend] exporting to image
#32 exporting layers 0.0s done
#32 exporting manifest sha256:256cb7e9bcdc80f3637920c0273095fc79800f5c99aa64fc3394364fd52e2f7c 0.0s done
#32 exporting config sha256:cf15425a76da7a4fd210242d5fb9df780bbdef66f456c4fc186d93e858c9faca done
#32 exporting attestation manifest sha256:d4ab3178009d3bff77ae6b6c05e2f5a47aa5c96f500cb4ffa8536e2f15ef64c7 0.1s done
#32 exporting manifest list sha256:da64c6059710923d88b11a000c6c24fb3d62e75def2ccd4fbf4911e005defa7b
#32 exporting manifest list sha256:da64c6059710923d88b11a000c6c24fb3d62e75def2ccd4fbf4911e005defa7b 0.0s done
#32 naming to docker.io/library/conference-frontend:local done
#32 unpacking to docker.io/library/conference-frontend:local 0.1s done
#32 DONE 0.5s

#27 [backend build 7/7] RUN --mount=type=cache,target=/root/.m2 ./mvnw -B -q package -DskipTests -DskipITs     && cp target/conference-registration-backend-*.jar /app.jar
#27 ...

#33 [frontend] resolving provenance for metadata file
#33 DONE 0.1s

#27 [backend build 7/7] RUN --mount=type=cache,target=/root/.m2 ./mvnw -B -q package -DskipTests -DskipITs     && cp target/conference-registration-backend-*.jar /app.jar
#27 DONE 16.0s

#34 [backend stage-1 2/3] RUN groupadd --system --gid 10001 app && useradd --system --uid 10001 --gid app app     && mkdir -p /data/backups /config && chown -R app:app /data
#34 CACHED

#35 [backend stage-1 3/3] COPY --from=build /app.jar /app/app.jar
#35 DONE 0.3s

#36 [backend] exporting to image
#36 exporting layers
#36 exporting layers 4.5s done
#36 exporting manifest sha256:47f76913d35f537e92e4172b6effb9db40e473136adea96d91445a81d1ced15c 0.0s done
#36 exporting config sha256:809e5d6ed7dc0e35b8e6a64921a3bbd9e2fd4f2e400c04acd6e57e5531ab685e 0.0s done
#36 exporting attestation manifest sha256:c2f0f58c2bc1ba5cc831d0717492db568372ab0327bbb1d8fba5e34e33a15d7d 0.1s done
#36 exporting manifest list sha256:747104948b1f03bbbef852f092c244a6dde25c709d53b7bcba925d0e424f91eb
#36 exporting manifest list sha256:747104948b1f03bbbef852f092c244a6dde25c709d53b7bcba925d0e424f91eb 0.0s done
#36 naming to docker.io/library/conference-backend:local done
#36 unpacking to docker.io/library/conference-backend:local
#36 unpacking to docker.io/library/conference-backend:local 0.5s done
#36 DONE 5.2s

#37 [backend] resolving provenance for metadata file
#37 DONE 0.0s
 Image conference-backend:local Built 
 Image conference-frontend:local Built 
