$ (cwd=frontend) npm run cpd
# start=2026-09-28T17:04:14.831Z end=2026-09-28T17:04:15.056Z exit=0 elapsed_s=0.225


> conference-registration-frontend@1.0.0 cpd
> jscpd src e2e

Using config from .jscpd.json
[90mNo duplicates found.[39m
[90m┌────────────┬────────────────┬─────────────┬──────────────┬──────────────┬──────────────────┬───────────────────┐[39m
[90m│[39m[31m Format     [39m[90m│[39m[31m Files analyzed [39m[90m│[39m[31m Total lines [39m[90m│[39m[31m Total tokens [39m[90m│[39m[31m Clones found [39m[90m│[39m[31m Duplicated lines [39m[90m│[39m[31m Duplicated tokens [39m[90m│[39m
[90m├────────────┼────────────────┼─────────────┼──────────────┼──────────────┼──────────────────┼───────────────────┤[39m
[90m│[39m css        [90m│[39m 1              [90m│[39m 93          [90m│[39m 436          [90m│[39m 0            [90m│[39m 0 (0.00%)        [90m│[39m 0 (0.00%)         [90m│[39m
[90m├────────────┼────────────────┼─────────────┼──────────────┼──────────────┼──────────────────┼───────────────────┤[39m
[90m│[39m tsx        [90m│[39m 6              [90m│[39m 610         [90m│[39m 4585         [90m│[39m 0            [90m│[39m 0 (0.00%)        [90m│[39m 0 (0.00%)         [90m│[39m
[90m├────────────┼────────────────┼─────────────┼──────────────┼──────────────┼──────────────────┼───────────────────┤[39m
[90m│[39m typescript [90m│[39m 8              [90m│[39m 537         [90m│[39m 3802         [90m│[39m 0            [90m│[39m 0 (0.00%)        [90m│[39m 0 (0.00%)         [90m│[39m
[90m├────────────┼────────────────┼─────────────┼──────────────┼──────────────┼──────────────────┼───────────────────┤[39m
[90m│[39m [1mTotal:[22m     [90m│[39m 15             [90m│[39m 1240        [90m│[39m 8823         [90m│[39m 0            [90m│[39m 0 (0.00%)        [90m│[39m 0 (0.00%)         [90m│[39m
[90m└────────────┴────────────────┴─────────────┴──────────────┴──────────────┴──────────────────┴───────────────────┘[39m
[90mFound 0 clones.[39m
[32mJSON report saved to report/jscpd/jscpd-report.json[39m
[90mtime: 6.323ms[39m
