$ (cwd=.) ./mvnw -B verify -Dit.test=NotificationIT -Dtest=NoUnitTests -Dsurefire.failIfNoSpecifiedTests=false
# start=2026-09-28T16:35:16.017Z end=2026-09-28T16:35:46.357Z exit=0 elapsed_s=30.34

[INFO] Scanning for projects...
[INFO] 
[INFO] -------< org.example.conference:conference-registration-backend >-------
[INFO] Building conference-registration-backend 1.0.0
[INFO]   from pom.xml
[INFO] --------------------------------[ jar ]---------------------------------
[INFO] 
[INFO] --- jacoco:0.8.15:prepare-agent (prepare-unit) @ conference-registration-backend ---
[INFO] argLine set to -javaagent:/home/tjan-kazar/.m2/repository/org/jacoco/org.jacoco.agent/0.8.15/org.jacoco.agent-0.8.15-runtime.jar=destfile=/home/tjan-kazar/storage/Work/lab/single_agent/02_Implementation/backend/target/jacoco.exec
[INFO] 
[INFO] --- resources:3.3.1:resources (default-resources) @ conference-registration-backend ---
[INFO] Copying 3 resources from src/main/resources to target/classes
[INFO] Copying 1 resource from src/main/resources to target/classes
[INFO] 
[INFO] --- compiler:3.14.1:compile (default-compile) @ conference-registration-backend ---
[INFO] Nothing to compile - all classes are up to date.
[INFO] 
[INFO] --- resources:3.3.1:testResources (default-testResources) @ conference-registration-backend ---
[INFO] Copying 3 resources from src/test/resources to target/test-classes
[INFO] 
[INFO] --- compiler:3.14.1:testCompile (default-testCompile) @ conference-registration-backend ---
[INFO] Recompiling the module because of changed source code.
[INFO] Compiling 8 source files with javac [debug parameters release 21] to target/test-classes
[INFO] 
[INFO] --- surefire:3.5.6:test (default-test) @ conference-registration-backend ---
[INFO] 
[INFO] --- jacoco:0.8.15:report (report-unit) @ conference-registration-backend ---
[INFO] Loading execution data file /home/tjan-kazar/storage/Work/lab/single_agent/02_Implementation/backend/target/jacoco.exec
[INFO] Analyzed bundle 'conference-registration-backend' with 72 classes
[INFO] 
[INFO] --- jar:3.4.2:jar (default-jar) @ conference-registration-backend ---
[INFO] 
[INFO] --- spring-boot:3.5.16:repackage (repackage) @ conference-registration-backend ---
[INFO] Replacing main artifact /home/tjan-kazar/storage/Work/lab/single_agent/02_Implementation/backend/target/conference-registration-backend-1.0.0.jar with repackaged archive, adding nested dependencies in BOOT-INF/.
[INFO] The original artifact has been renamed to /home/tjan-kazar/storage/Work/lab/single_agent/02_Implementation/backend/target/conference-registration-backend-1.0.0.jar.original
[INFO] 
[INFO] --- jacoco:0.8.15:prepare-agent-integration (prepare-it) @ conference-registration-backend ---
[INFO] argLine set to -javaagent:/home/tjan-kazar/.m2/repository/org/jacoco/org.jacoco.agent/0.8.15/org.jacoco.agent-0.8.15-runtime.jar=destfile=/home/tjan-kazar/storage/Work/lab/single_agent/02_Implementation/backend/target/jacoco-it.exec
[INFO] 
[INFO] --- failsafe:3.5.6:integration-test (default) @ conference-registration-backend ---
[INFO] Using auto detected provider org.apache.maven.surefire.junitplatform.JUnitPlatformProvider
[INFO] 
[INFO] -------------------------------------------------------
[INFO]  T E S T S
[INFO] -------------------------------------------------------
[INFO] Running org.example.conference.notification.NotificationIT
18:35:25.635 [main] INFO org.springframework.test.context.support.AnnotationConfigContextLoaderUtils -- Could not detect default configuration classes for test class [org.example.conference.notification.NotificationIT]: NotificationIT does not declare any static, non-private, non-final, nested classes annotated with @Configuration.
18:35:26.084 [main] INFO org.springframework.boot.test.context.SpringBootTestContextBootstrapper -- Found @SpringBootConfiguration org.example.conference.ConferenceApplication for test class org.example.conference.notification.NotificationIT
18:35:26.527 [main] INFO org.testcontainers.images.PullPolicy -- Image pull policy will be performed by: DefaultPullPolicy()
18:35:26.535 [main] INFO org.testcontainers.utility.ImageNameSubstitutor -- Image name substitution will be performed by: DefaultImageNameSubstitutor (composite of 'ConfigurationFileImageNameSubstitutor' and 'PrefixingImageNameSubstitutor')
18:35:26.572 [main] INFO org.testcontainers.DockerClientFactory -- Testcontainers version: 1.21.4
18:35:28.109 [main] INFO org.testcontainers.dockerclient.DockerClientProviderStrategy -- Found Docker environment with Docker accessed via Unix socket (/home/tjan-kazar/.docker/desktop/docker.sock)
18:35:28.111 [main] INFO org.testcontainers.DockerClientFactory -- Docker host IP address is localhost
18:35:28.141 [main] INFO org.testcontainers.DockerClientFactory -- Connected to docker: 
  Server Version: 29.3.1
  API Version: 1.54
  Operating System: Docker Desktop
  Total Memory: 31283 MB
  Labels: 
    com.docker.desktop.address=unix:///home/tjan-kazar/.docker/desktop/docker-cli.sock
18:35:28.471 [main] INFO tc.testcontainers/ryuk:0.12.0 -- Creating container for image: testcontainers/ryuk:0.12.0
18:35:28.776 [main] INFO tc.testcontainers/ryuk:0.12.0 -- Container testcontainers/ryuk:0.12.0 is starting: ddf39b8d610e35ab33bd5b274bdb1d07a2d8844e311922357b1307e6d2b6eb8d
18:35:29.346 [main] INFO tc.testcontainers/ryuk:0.12.0 -- Container testcontainers/ryuk:0.12.0 started in PT0.874742107S
18:35:29.361 [main] INFO org.testcontainers.utility.RyukResourceReaper -- Ryuk started - will monitor and terminate Testcontainers containers on JVM exit
18:35:29.361 [main] INFO org.testcontainers.DockerClientFactory -- Checking the system...
18:35:29.363 [main] INFO org.testcontainers.DockerClientFactory -- ✔︎ Docker server version should be at least 1.6.0
18:35:29.428 [main] INFO tc.postgres:16@sha256:1a6ab3... -- Creating container for image: postgres:16@sha256:1a6ab3f5345eb6dbe04a1349529caabdb0ab09293a09590fad07b2246bfa4b54
18:35:29.554 [main] INFO tc.postgres:16@sha256:1a6ab3... -- Container postgres:16@sha256:1a6ab3f5345eb6dbe04a1349529caabdb0ab09293a09590fad07b2246bfa4b54 is starting: 854cf6af743436d04dea897b8bf1e156e47b7435a4b812cae3af81f0ee00c500
18:35:31.305 [main] INFO tc.postgres:16@sha256:1a6ab3... -- Container postgres:16@sha256:1a6ab3f5345eb6dbe04a1349529caabdb0ab09293a09590fad07b2246bfa4b54 started in PT1.876186177S
18:35:31.306 [main] INFO tc.postgres:16@sha256:1a6ab3... -- Container is started (JDBC URL: jdbc:postgresql://localhost:40195/test?loggerLevel=OFF)

  .   ____          _            __ _ _
 /\\ / ___'_ __ _ _(_)_ __  __ _ \ \ \ \
( ( )\___ | '_ | '_| | '_ \/ _` | \ \ \ \
 \\/  ___)| |_)| | | | | || (_| |  ) ) ) )
  '  |____| .__|_| |_|_| |_\__, | / / / /
 =========|_|==============|___/=/_/_/_/

 :: Spring Boot ::               (v3.5.16)

2026-09-28T18:35:32.159+02:00  INFO 1360327 --- [conference-registration] [           main] o.e.c.notification.NotificationIT        : Starting NotificationIT using Java 21.0.12.1 with PID 1360327 (started by tjan-kazar in /home/tjan-kazar/storage/Work/lab/single_agent/02_Implementation/backend)
2026-09-28T18:35:32.160+02:00  INFO 1360327 --- [conference-registration] [           main] o.e.c.notification.NotificationIT        : The following 1 profile is active: "test"
2026-09-28T18:35:34.059+02:00  INFO 1360327 --- [conference-registration] [           main] .s.d.r.c.RepositoryConfigurationDelegate : Bootstrapping Spring Data JPA repositories in DEFAULT mode.
2026-09-28T18:35:34.168+02:00  INFO 1360327 --- [conference-registration] [           main] .s.d.r.c.RepositoryConfigurationDelegate : Finished Spring Data repository scanning in 93 ms. Found 2 JPA repository interfaces.
2026-09-28T18:35:35.182+02:00  INFO 1360327 --- [conference-registration] [           main] com.zaxxer.hikari.HikariDataSource       : HikariPool-1 - Starting...
2026-09-28T18:35:35.576+02:00  INFO 1360327 --- [conference-registration] [           main] com.zaxxer.hikari.pool.HikariPool        : HikariPool-1 - Added connection org.postgresql.jdbc.PgConnection@59d44c64
2026-09-28T18:35:35.579+02:00  INFO 1360327 --- [conference-registration] [           main] com.zaxxer.hikari.HikariDataSource       : HikariPool-1 - Start completed.
2026-09-28T18:35:35.650+02:00  INFO 1360327 --- [conference-registration] [           main] org.flywaydb.core.FlywayExecutor         : Database: jdbc:postgresql://localhost:40195/test?loggerLevel=OFF (PostgreSQL 16.15)
2026-09-28T18:35:35.729+02:00  INFO 1360327 --- [conference-registration] [           main] o.f.c.i.s.JdbcTableSchemaHistory         : Schema history table "public"."flyway_schema_history" does not exist yet
2026-09-28T18:35:35.737+02:00  INFO 1360327 --- [conference-registration] [           main] o.f.core.internal.command.DbValidate     : Successfully validated 1 migration (execution time 00:00.039s)
2026-09-28T18:35:35.770+02:00  INFO 1360327 --- [conference-registration] [           main] o.f.c.i.s.JdbcTableSchemaHistory         : Creating Schema History table "public"."flyway_schema_history" ...
2026-09-28T18:35:35.857+02:00  INFO 1360327 --- [conference-registration] [           main] o.f.core.internal.command.DbMigrate      : Current version of schema "public": << Empty Schema >>
2026-09-28T18:35:35.888+02:00  INFO 1360327 --- [conference-registration] [           main] o.f.core.internal.command.DbMigrate      : Migrating schema "public" to version "1 - initial schema"
2026-09-28T18:35:35.966+02:00  INFO 1360327 --- [conference-registration] [           main] o.f.core.internal.command.DbMigrate      : Successfully applied 1 migration to schema "public", now at version v1 (execution time 00:00.044s)
2026-09-28T18:35:36.126+02:00  INFO 1360327 --- [conference-registration] [           main] o.hibernate.jpa.internal.util.LogHelper  : HHH000204: Processing PersistenceUnitInfo [name: default]
2026-09-28T18:35:36.247+02:00  INFO 1360327 --- [conference-registration] [           main] org.hibernate.Version                    : HHH000412: Hibernate ORM core version 6.6.53.Final
2026-09-28T18:35:36.325+02:00  INFO 1360327 --- [conference-registration] [           main] o.h.c.internal.RegionFactoryInitiator    : HHH000026: Second-level cache disabled
2026-09-28T18:35:36.915+02:00  INFO 1360327 --- [conference-registration] [           main] o.s.o.j.p.SpringPersistenceUnitInfo      : No LoadTimeWeaver setup: ignoring JPA class transformer
2026-09-28T18:35:37.078+02:00  INFO 1360327 --- [conference-registration] [           main] org.hibernate.orm.connections.pooling    : HHH10001005: Database info:
	Database JDBC URL [Connecting through datasource 'HikariDataSource (HikariPool-1)']
	Database driver: undefined/unknown
	Database version: 16.15
	Autocommit mode: undefined/unknown
	Isolation level: undefined/unknown
	Minimum pool size: undefined/unknown
	Maximum pool size: undefined/unknown
2026-09-28T18:35:39.103+02:00  INFO 1360327 --- [conference-registration] [           main] o.h.e.t.j.p.i.JtaPlatformInitiator       : HHH000489: No JTA platform available (set 'hibernate.transaction.jta.platform' to enable JTA platform integration)
2026-09-28T18:35:39.159+02:00  INFO 1360327 --- [conference-registration] [           main] j.LocalContainerEntityManagerFactoryBean : Initialized JPA EntityManagerFactory for persistence unit 'default'
2026-09-28T18:35:39.589+02:00  INFO 1360327 --- [conference-registration] [           main] o.s.d.j.r.query.QueryEnhancerFactory     : Hibernate is in classpath; If applicable, HQL parser will be used.
2026-09-28T18:35:41.160+02:00  INFO 1360327 --- [conference-registration] [           main] o.e.c.catalog.CatalogConfiguration       : Loaded catalog from src/test/resources/catalog-test.yaml: 9 options (8 active), 1 consents
2026-09-28T18:35:41.910+02:00  INFO 1360327 --- [conference-registration] [           main] r$InitializeUserDetailsManagerConfigurer : Global AuthenticationManager configured with UserDetailsService bean with name organizerUsers
2026-09-28T18:35:42.466+02:00  INFO 1360327 --- [conference-registration] [           main] o.s.b.a.e.web.EndpointLinksResolver      : Exposing 1 endpoint beneath base path '/actuator'
2026-09-28T18:35:43.098+02:00  INFO 1360327 --- [conference-registration] [           main] o.s.b.t.m.w.SpringBootMockServletContext : Initializing Spring TestDispatcherServlet ''
2026-09-28T18:35:43.099+02:00  INFO 1360327 --- [conference-registration] [           main] o.s.t.web.servlet.TestDispatcherServlet  : Initializing Servlet ''
2026-09-28T18:35:43.101+02:00  INFO 1360327 --- [conference-registration] [           main] o.s.t.web.servlet.TestDispatcherServlet  : Completed initialization in 2 ms
2026-09-28T18:35:43.213+02:00  INFO 1360327 --- [conference-registration] [           main] o.e.c.notification.NotificationIT        : Started NotificationIT in 11.851 seconds (process running for 19.578)
2026-09-28T18:35:43.497+02:00  INFO 1360327 --- [conference-registration] [           main] o.e.c.r.backup.BackupReconciler          : Backup reconciliation: consistent (0 registrations)
Mockito is currently self-attaching to enable the inline-mock-maker. This will no longer work in future releases of the JDK. Please add Mockito as an agent to your build as described in Mockito's documentation: https://javadoc.io/doc/org.mockito/mockito-core/latest/org.mockito/org/mockito/Mockito.html#0.3
OpenJDK 64-Bit Server VM warning: Sharing is only supported for boot loader classes because bootstrap classpath has been appended
WARNING: A Java agent has been loaded dynamically (/home/tjan-kazar/.m2/repository/net/bytebuddy/byte-buddy-agent/1.17.8/byte-buddy-agent-1.17.8.jar)
WARNING: If a serviceability tool is in use, please run with -XX:+EnableDynamicAgentLoading to hide this warning
WARNING: If a serviceability tool is not in use, please run with -Djdk.instrument.traceUsage for more information
WARNING: Dynamic loading of agents will be disallowed by default in a future release
2026-09-28T18:35:44.473+02:00  INFO 1360327 --- [conference-registration] [           main] o.e.c.r.service.RegistrationService      : Registration f55c45ec-36f2-4336-8ac8-bb0b0f346000 accepted (EXTERNAL)
2026-09-28T18:35:44.638+02:00  WARN 1360327 --- [conference-registration] [           main] o.e.c.notification.OutboxDispatcher      : Email dc0eb5ad-ce60-4e7b-98f6-20d56ea9d130 attempt 1 failed (MailSendException); retry at 2026-09-28T16:35:45.638396806Z
2026-09-28T18:35:44.650+02:00  WARN 1360327 --- [conference-registration] [           main] o.e.c.notification.OutboxDispatcher      : Email 9d425c74-087a-4abc-8db7-56c27d4568cc attempt 1 failed (MailSendException); retry at 2026-09-28T16:35:45.650162383Z
2026-09-28T18:35:44.653+02:00  WARN 1360327 --- [conference-registration] [           main] o.e.c.notification.OutboxDispatcher      : Email 9657d11a-76d5-4af2-9611-a78a7a7cb5b8 attempt 1 failed (MailSendException); retry at 2026-09-28T16:35:45.653240592Z
2026-09-28T18:35:44.681+02:00  WARN 1360327 --- [conference-registration] [           main] o.e.c.notification.OutboxDispatcher      : Email dc0eb5ad-ce60-4e7b-98f6-20d56ea9d130 attempt 2 failed (MailSendException); retry at 2026-09-28T16:35:46.681466466Z
2026-09-28T18:35:44.686+02:00  WARN 1360327 --- [conference-registration] [           main] o.e.c.notification.OutboxDispatcher      : Email 9d425c74-087a-4abc-8db7-56c27d4568cc attempt 2 failed (MailSendException); retry at 2026-09-28T16:35:46.686717152Z
2026-09-28T18:35:44.689+02:00  WARN 1360327 --- [conference-registration] [           main] o.e.c.notification.OutboxDispatcher      : Email 9657d11a-76d5-4af2-9611-a78a7a7cb5b8 attempt 2 failed (MailSendException); retry at 2026-09-28T16:35:46.689397693Z
2026-09-28T18:35:44.711+02:00 ERROR 1360327 --- [conference-registration] [           main] o.e.c.notification.OutboxDispatcher      : Email dc0eb5ad-ce60-4e7b-98f6-20d56ea9d130 permanently FAILED after 3 attempts
2026-09-28T18:35:44.716+02:00 ERROR 1360327 --- [conference-registration] [           main] o.e.c.notification.OutboxDispatcher      : Email 9d425c74-087a-4abc-8db7-56c27d4568cc permanently FAILED after 3 attempts
2026-09-28T18:35:44.719+02:00 ERROR 1360327 --- [conference-registration] [           main] o.e.c.notification.OutboxDispatcher      : Email 9657d11a-76d5-4af2-9611-a78a7a7cb5b8 permanently FAILED after 3 attempts
2026-09-28T18:35:44.946+02:00  INFO 1360327 --- [conference-registration] [           main] o.e.c.r.service.RegistrationService      : Registration b303488d-b88d-4a95-ad17-9fcfc1959c32 accepted (EXTERNAL)
2026-09-28T18:35:45.050+02:00  INFO 1360327 --- [conference-registration] [127.0.0.1:43926] c.icegreen.greenmail.user.UserManager    : Created user login spela.synthetic@example.org for address spela.synthetic@example.org with password spela.synthetic@example.org because it didn't exist before.
2026-09-28T18:35:45.060+02:00  INFO 1360327 --- [conference-registration] [           main] o.e.c.notification.OutboxDispatcher      : Email 7349cc3d-8d91-4ce5-8757-105061f2c2fb (PARTICIPANT_CONFIRMATION) delivered to SMTP
2026-09-28T18:35:45.114+02:00  INFO 1360327 --- [conference-registration] [127.0.0.1:43932] c.icegreen.greenmail.user.UserManager    : Created user login organizer-a@conference.test for address organizer-a@conference.test with password organizer-a@conference.test because it didn't exist before.
2026-09-28T18:35:45.123+02:00  INFO 1360327 --- [conference-registration] [           main] o.e.c.notification.OutboxDispatcher      : Email dfea04dd-380f-4ec0-9158-5e888867e6a5 (ORGANIZER_NOTIFICATION) delivered to SMTP
2026-09-28T18:35:45.177+02:00  INFO 1360327 --- [conference-registration] [127.0.0.1:43942] c.icegreen.greenmail.user.UserManager    : Created user login organizer-b@conference.test for address organizer-b@conference.test with password organizer-b@conference.test because it didn't exist before.
2026-09-28T18:35:45.186+02:00  INFO 1360327 --- [conference-registration] [           main] o.e.c.notification.OutboxDispatcher      : Email 8ec15c63-5296-4a5b-a8d4-f426ed4b7e9f (ORGANIZER_NOTIFICATION) delivered to SMTP
2026-09-28T18:35:45.310+02:00  INFO 1360327 --- [conference-registration] [           main] o.e.c.r.service.RegistrationService      : Registration 48ec88f0-e74d-40ac-881d-58b2f17b3063 accepted (EXTERNAL)
2026-09-28T18:35:45.322+02:00  WARN 1360327 --- [conference-registration] [           main] o.e.c.notification.OutboxDispatcher      : Email e4996ba1-c7e6-42ef-b900-dbdd5c6c87f1 attempt 1 failed (MailSendException); retry at 2026-09-28T16:35:46.322251662Z
2026-09-28T18:35:45.324+02:00  WARN 1360327 --- [conference-registration] [           main] o.e.c.notification.OutboxDispatcher      : Email 79892a70-b67a-475f-9a26-6e459bdeb3d0 attempt 1 failed (MailSendException); retry at 2026-09-28T16:35:46.324671431Z
2026-09-28T18:35:45.327+02:00  WARN 1360327 --- [conference-registration] [           main] o.e.c.notification.OutboxDispatcher      : Email c2244d80-149b-435e-823f-46a8c7ee8a09 attempt 1 failed (MailSendException); retry at 2026-09-28T16:35:46.327269534Z
2026-09-28T18:35:45.401+02:00  INFO 1360327 --- [conference-registration] [127.0.0.1:43966] c.icegreen.greenmail.user.UserManager    : Created user login spela.synthetic@example.org for address spela.synthetic@example.org with password spela.synthetic@example.org because it didn't exist before.
2026-09-28T18:35:45.403+02:00  INFO 1360327 --- [conference-registration] [           main] o.e.c.notification.OutboxDispatcher      : Email e4996ba1-c7e6-42ef-b900-dbdd5c6c87f1 (PARTICIPANT_CONFIRMATION) delivered to SMTP
2026-09-28T18:35:45.457+02:00  INFO 1360327 --- [conference-registration] [127.0.0.1:43968] c.icegreen.greenmail.user.UserManager    : Created user login organizer-a@conference.test for address organizer-a@conference.test with password organizer-a@conference.test because it didn't exist before.
2026-09-28T18:35:45.463+02:00  INFO 1360327 --- [conference-registration] [           main] o.e.c.notification.OutboxDispatcher      : Email 79892a70-b67a-475f-9a26-6e459bdeb3d0 (ORGANIZER_NOTIFICATION) delivered to SMTP
2026-09-28T18:35:45.516+02:00  INFO 1360327 --- [conference-registration] [127.0.0.1:43978] c.icegreen.greenmail.user.UserManager    : Created user login organizer-b@conference.test for address organizer-b@conference.test with password organizer-b@conference.test because it didn't exist before.
2026-09-28T18:35:45.521+02:00  INFO 1360327 --- [conference-registration] [           main] o.e.c.notification.OutboxDispatcher      : Email c2244d80-149b-435e-823f-46a8c7ee8a09 (ORGANIZER_NOTIFICATION) delivered to SMTP
[INFO] Tests run: 3, Failures: 0, Errors: 0, Skipped: 0, Time elapsed: 20.18 s -- in org.example.conference.notification.NotificationIT
[INFO] 
[INFO] Results:
[INFO] 
[INFO] Tests run: 3, Failures: 0, Errors: 0, Skipped: 0
[INFO] 
[INFO] 
[INFO] --- jacoco:0.8.15:report-integration (report-it) @ conference-registration-backend ---
[INFO] Loading execution data file /home/tjan-kazar/storage/Work/lab/single_agent/02_Implementation/backend/target/jacoco-it.exec
[INFO] Analyzed bundle 'conference-registration-backend' with 72 classes
[INFO] 
[INFO] --- failsafe:3.5.6:verify (default) @ conference-registration-backend ---
[INFO] ------------------------------------------------------------------------
[INFO] BUILD SUCCESS
[INFO] ------------------------------------------------------------------------
[INFO] Total time:  28.587 s
[INFO] Finished at: 2026-09-28T18:35:46+02:00
[INFO] ------------------------------------------------------------------------
