$ (cwd=backend) ./mvnw -B clean verify
# start=2026-09-28T16:57:04.389Z end=2026-09-28T16:58:08.414Z exit=0 elapsed_s=64.025

[INFO] Scanning for projects...
[INFO] 
[INFO] -------< org.example.conference:conference-registration-backend >-------
[INFO] Building conference-registration-backend 1.0.0
[INFO]   from pom.xml
[INFO] --------------------------------[ jar ]---------------------------------
[INFO] 
[INFO] --- clean:3.4.1:clean (default-clean) @ conference-registration-backend ---
[INFO] Deleting /home/tjan-kazar/storage/Work/lab/single_agent/02_Implementation/backend/target
[INFO] 
[INFO] --- jacoco:0.8.15:prepare-agent (prepare-unit) @ conference-registration-backend ---
[INFO] argLine set to -javaagent:/home/tjan-kazar/.m2/repository/org/jacoco/org.jacoco.agent/0.8.15/org.jacoco.agent-0.8.15-runtime.jar=destfile=/home/tjan-kazar/storage/Work/lab/single_agent/02_Implementation/backend/target/jacoco.exec
[INFO] 
[INFO] --- resources:3.3.1:resources (default-resources) @ conference-registration-backend ---
[INFO] Copying 3 resources from src/main/resources to target/classes
[INFO] Copying 1 resource from src/main/resources to target/classes
[INFO] 
[INFO] --- compiler:3.14.1:compile (default-compile) @ conference-registration-backend ---
[INFO] Recompiling the module because of changed source code.
[INFO] Compiling 69 source files with javac [debug parameters release 21] to target/classes
[INFO] 
[INFO] --- resources:3.3.1:testResources (default-testResources) @ conference-registration-backend ---
[INFO] Copying 3 resources from src/test/resources to target/test-classes
[INFO] 
[INFO] --- compiler:3.14.1:testCompile (default-testCompile) @ conference-registration-backend ---
[INFO] Recompiling the module because of changed dependency.
[INFO] Compiling 16 source files with javac [debug parameters release 21] to target/test-classes
[INFO] 
[INFO] --- surefire:3.5.6:test (default-test) @ conference-registration-backend ---
[INFO] Using auto detected provider org.apache.maven.surefire.junitplatform.JUnitPlatformProvider
[INFO] 
[INFO] -------------------------------------------------------
[INFO]  T E S T S
[INFO] -------------------------------------------------------
[INFO] Running org.example.conference.shared.RateLimitFilterTest
[INFO] Tests run: 2, Failures: 0, Errors: 0, Skipped: 0, Time elapsed: 1.095 s -- in org.example.conference.shared.RateLimitFilterTest
[INFO] Running org.example.conference.shared.TextNormalizerTest
[INFO] Tests run: 2, Failures: 0, Errors: 0, Skipped: 0, Time elapsed: 0.018 s -- in org.example.conference.shared.TextNormalizerTest
[INFO] Running org.example.conference.catalog.CatalogLoaderTest
[INFO] Tests run: 13, Failures: 0, Errors: 0, Skipped: 0, Time elapsed: 0.366 s -- in org.example.conference.catalog.CatalogLoaderTest
[INFO] Running org.example.conference.notification.OutboxBackoffTest
Mockito is currently self-attaching to enable the inline-mock-maker. This will no longer work in future releases of the JDK. Please add Mockito as an agent to your build as described in Mockito's documentation: https://javadoc.io/doc/org.mockito/mockito-core/latest/org.mockito/org/mockito/Mockito.html#0.3
OpenJDK 64-Bit Server VM warning: Sharing is only supported for boot loader classes because bootstrap classpath has been appended
WARNING: A Java agent has been loaded dynamically (/home/tjan-kazar/.m2/repository/net/bytebuddy/byte-buddy-agent/1.17.8/byte-buddy-agent-1.17.8.jar)
WARNING: If a serviceability tool is in use, please run with -XX:+EnableDynamicAgentLoading to hide this warning
WARNING: If a serviceability tool is not in use, please run with -Djdk.instrument.traceUsage for more information
WARNING: Dynamic loading of agents will be disallowed by default in a future release
[INFO] Tests run: 1, Failures: 0, Errors: 0, Skipped: 0, Time elapsed: 2.528 s -- in org.example.conference.notification.OutboxBackoffTest
[INFO] Running org.example.conference.captcha.RecaptchaVerifierTest
18:57:20.132 [main] WARN org.example.conference.captcha.RecaptchaVerifier -- reCAPTCHA verification unavailable: InternalServerError
[INFO] Tests run: 4, Failures: 0, Errors: 0, Skipped: 0, Time elapsed: 1.329 s -- in org.example.conference.captcha.RecaptchaVerifierTest
[INFO] Running org.example.conference.captcha.CaptchaConfigurationTest
18:57:22.735 [main] WARN org.springframework.context.annotation.AnnotationConfigApplicationContext -- Exception encountered during context initialization - cancelling refresh attempt: org.springframework.beans.factory.BeanCreationException: Error creating bean with name 'captchaVerifier' defined in org.example.conference.captcha.CaptchaConfiguration: Failed to instantiate [org.example.conference.captcha.CaptchaVerifier]: Factory method 'captchaVerifier' threw exception with message: Profile 'prod' cannot be combined with local/test
18:57:22.885 [main] WARN org.springframework.context.annotation.AnnotationConfigApplicationContext -- Exception encountered during context initialization - cancelling refresh attempt: org.springframework.beans.factory.BeanCreationException: Error creating bean with name 'captchaVerifier' defined in org.example.conference.captcha.CaptchaConfiguration: Failed to instantiate [org.example.conference.captcha.CaptchaVerifier]: Factory method 'captchaVerifier' threw exception with message: Deterministic captcha mode requires a non-production (local/test) profile
18:57:22.947 [main] WARN org.springframework.context.annotation.AnnotationConfigApplicationContext -- Exception encountered during context initialization - cancelling refresh attempt: org.springframework.beans.factory.BeanCreationException: Error creating bean with name 'captchaVerifier' defined in org.example.conference.captcha.CaptchaConfiguration: Failed to instantiate [org.example.conference.captcha.CaptchaVerifier]: Factory method 'captchaVerifier' threw exception with message: Deterministic captcha mode requires a non-production (local/test) profile
18:57:23.008 [main] WARN org.springframework.context.annotation.AnnotationConfigApplicationContext -- Exception encountered during context initialization - cancelling refresh attempt: org.springframework.beans.factory.BeanCreationException: Error creating bean with name 'captchaVerifier' defined in org.example.conference.captcha.CaptchaConfiguration: Failed to instantiate [org.example.conference.captcha.CaptchaVerifier]: Factory method 'captchaVerifier' threw exception with message: reCAPTCHA site key and secret are required (APP_CAPTCHA_SITE_KEY/APP_CAPTCHA_SECRET)
18:57:23.052 [main] WARN org.springframework.context.annotation.AnnotationConfigApplicationContext -- Exception encountered during context initialization - cancelling refresh attempt: org.springframework.beans.factory.BeanCreationException: Error creating bean with name 'captchaVerifier' defined in org.example.conference.captcha.CaptchaConfiguration: Failed to instantiate [org.example.conference.captcha.CaptchaVerifier]: Factory method 'captchaVerifier' threw exception with message: reCAPTCHA site key and secret are required (APP_CAPTCHA_SITE_KEY/APP_CAPTCHA_SECRET)
18:57:23.234 [main] WARN org.springframework.context.annotation.AnnotationConfigApplicationContext -- Exception encountered during context initialization - cancelling refresh attempt: org.springframework.beans.factory.BeanCreationException: Error creating bean with name 'captchaVerifier' defined in org.example.conference.captcha.CaptchaConfiguration: Failed to instantiate [org.example.conference.captcha.CaptchaVerifier]: Factory method 'captchaVerifier' threw exception with message: app.captcha.test-token must be set in test mode
[INFO] Tests run: 6, Failures: 0, Errors: 0, Skipped: 0, Time elapsed: 2.784 s -- in org.example.conference.captcha.CaptchaConfigurationTest
[INFO] Running org.example.conference.architecture.ArchitectureTest
18:57:23.353 [main] INFO com.tngtech.archunit.core.PluginLoader -- Detected Java version 21.0.12.1
[INFO] Tests run: 5, Failures: 0, Errors: 0, Skipped: 0, Time elapsed: 6.113 s -- in org.example.conference.architecture.ArchitectureTest
[INFO] 
[INFO] Results:
[INFO] 
[INFO] Tests run: 33, Failures: 0, Errors: 0, Skipped: 0
[INFO] 
[INFO] 
[INFO] --- jacoco:0.8.15:report (report-unit) @ conference-registration-backend ---
[INFO] Loading execution data file /home/tjan-kazar/storage/Work/lab/single_agent/02_Implementation/backend/target/jacoco.exec
[INFO] Analyzed bundle 'conference-registration-backend' with 72 classes
[INFO] 
[INFO] --- jar:3.4.2:jar (default-jar) @ conference-registration-backend ---
[INFO] Building jar: /home/tjan-kazar/storage/Work/lab/single_agent/02_Implementation/backend/target/conference-registration-backend-1.0.0.jar
[INFO] 
[INFO] --- spring-boot:3.5.16:repackage (repackage) @ conference-registration-backend ---
[INFO] Replacing main artifact /home/tjan-kazar/storage/Work/lab/single_agent/02_Implementation/backend/target/conference-registration-backend-1.0.0.jar with repackaged archive, adding nested dependencies in BOOT-INF/.
[INFO] The original artifact has been renamed to /home/tjan-kazar/storage/Work/lab/single_agent/02_Implementation/backend/target/conference-registration-backend-1.0.0.jar.original
[INFO] 
[INFO] --- jacoco:0.8.15:prepare-agent-integration (prepare-it) @ conference-registration-backend ---
[INFO] argLine set to -javaagent:/home/tjan-kazar/.m2/repository/org/jacoco/org.jacoco.agent/0.8.15/org.jacoco.agent-0.8.15-runtime.jar=destfile=/home/tjan-kazar/storage/Work/lab/single_agent/02_Implementation/backend/target/jacoco-it.exec
[INFO] 
[INFO] --- failsafe:3.5.6:integration-test (default) @ conference-registration-backend ---
[INFO] Using auto detected provider org.apache.maven.surefire.junitplatform.JUnitPlatformProvider
[INFO] 
[INFO] -------------------------------------------------------
[INFO]  T E S T S
[INFO] -------------------------------------------------------
[INFO] Running org.example.conference.shared.SecurityIT
18:57:33.533 [main] INFO org.springframework.test.context.support.AnnotationConfigContextLoaderUtils -- Could not detect default configuration classes for test class [org.example.conference.shared.SecurityIT]: SecurityIT does not declare any static, non-private, non-final, nested classes annotated with @Configuration.
18:57:33.953 [main] INFO org.springframework.boot.test.context.SpringBootTestContextBootstrapper -- Found @SpringBootConfiguration org.example.conference.ConferenceApplication for test class org.example.conference.shared.SecurityIT
18:57:34.372 [main] INFO org.testcontainers.images.PullPolicy -- Image pull policy will be performed by: DefaultPullPolicy()
18:57:34.384 [main] INFO org.testcontainers.utility.ImageNameSubstitutor -- Image name substitution will be performed by: DefaultImageNameSubstitutor (composite of 'ConfigurationFileImageNameSubstitutor' and 'PrefixingImageNameSubstitutor')
18:57:34.455 [main] INFO org.testcontainers.DockerClientFactory -- Testcontainers version: 1.21.4
18:57:36.031 [main] INFO org.testcontainers.dockerclient.DockerClientProviderStrategy -- Found Docker environment with Docker accessed via Unix socket (/home/tjan-kazar/.docker/desktop/docker.sock)
18:57:36.033 [main] INFO org.testcontainers.DockerClientFactory -- Docker host IP address is localhost
18:57:36.065 [main] INFO org.testcontainers.DockerClientFactory -- Connected to docker: 
  Server Version: 29.3.1
  API Version: 1.54
  Operating System: Docker Desktop
  Total Memory: 31283 MB
  Labels: 
    com.docker.desktop.address=unix:///home/tjan-kazar/.docker/desktop/docker-cli.sock
18:57:36.360 [main] INFO tc.testcontainers/ryuk:0.12.0 -- Creating container for image: testcontainers/ryuk:0.12.0
18:57:36.668 [main] INFO tc.testcontainers/ryuk:0.12.0 -- Container testcontainers/ryuk:0.12.0 is starting: 63dc04136e17d6b4498d33dbef4bf2fe1bbf8fc56c13b762a9f259d803444733
18:57:37.390 [main] INFO tc.testcontainers/ryuk:0.12.0 -- Container testcontainers/ryuk:0.12.0 started in PT1.029007061S
18:57:37.399 [main] INFO org.testcontainers.utility.RyukResourceReaper -- Ryuk started - will monitor and terminate Testcontainers containers on JVM exit
18:57:37.400 [main] INFO org.testcontainers.DockerClientFactory -- Checking the system...
18:57:37.401 [main] INFO org.testcontainers.DockerClientFactory -- ✔︎ Docker server version should be at least 1.6.0
18:57:37.499 [main] INFO tc.postgres:16@sha256:1a6ab3... -- Creating container for image: postgres:16@sha256:1a6ab3f5345eb6dbe04a1349529caabdb0ab09293a09590fad07b2246bfa4b54
18:57:37.649 [main] INFO tc.postgres:16@sha256:1a6ab3... -- Container postgres:16@sha256:1a6ab3f5345eb6dbe04a1349529caabdb0ab09293a09590fad07b2246bfa4b54 is starting: a45dde3247bccad2d5471ae30db5349a42d8592e23e5e5d55b043ddc3ff98a04
18:57:39.512 [main] INFO tc.postgres:16@sha256:1a6ab3... -- Container postgres:16@sha256:1a6ab3f5345eb6dbe04a1349529caabdb0ab09293a09590fad07b2246bfa4b54 started in PT2.01280047S
18:57:39.513 [main] INFO tc.postgres:16@sha256:1a6ab3... -- Container is started (JDBC URL: jdbc:postgresql://localhost:34039/test?loggerLevel=OFF)

  .   ____          _            __ _ _
 /\\ / ___'_ __ _ _(_)_ __  __ _ \ \ \ \
( ( )\___ | '_ | '_| | '_ \/ _` | \ \ \ \
 \\/  ___)| |_)| | | | | || (_| |  ) ) ) )
  '  |____| .__|_| |_|_| |_\__, | / / / /
 =========|_|==============|___/=/_/_/_/

 :: Spring Boot ::               (v3.5.16)

2026-09-28T18:57:40.309+02:00  INFO 1382057 --- [conference-registration] [           main] o.example.conference.shared.SecurityIT   : Starting SecurityIT using Java 21.0.12.1 with PID 1382057 (started by tjan-kazar in /home/tjan-kazar/storage/Work/lab/single_agent/02_Implementation/backend)
2026-09-28T18:57:40.313+02:00  INFO 1382057 --- [conference-registration] [           main] o.example.conference.shared.SecurityIT   : The following 1 profile is active: "test"
2026-09-28T18:57:42.589+02:00  INFO 1382057 --- [conference-registration] [           main] .s.d.r.c.RepositoryConfigurationDelegate : Bootstrapping Spring Data JPA repositories in DEFAULT mode.
2026-09-28T18:57:42.707+02:00  INFO 1382057 --- [conference-registration] [           main] .s.d.r.c.RepositoryConfigurationDelegate : Finished Spring Data repository scanning in 100 ms. Found 2 JPA repository interfaces.
2026-09-28T18:57:43.911+02:00  INFO 1382057 --- [conference-registration] [           main] com.zaxxer.hikari.HikariDataSource       : HikariPool-1 - Starting...
2026-09-28T18:57:44.326+02:00  INFO 1382057 --- [conference-registration] [           main] com.zaxxer.hikari.pool.HikariPool        : HikariPool-1 - Added connection org.postgresql.jdbc.PgConnection@509520a5
2026-09-28T18:57:44.334+02:00  INFO 1382057 --- [conference-registration] [           main] com.zaxxer.hikari.HikariDataSource       : HikariPool-1 - Start completed.
2026-09-28T18:57:44.461+02:00  INFO 1382057 --- [conference-registration] [           main] org.flywaydb.core.FlywayExecutor         : Database: jdbc:postgresql://localhost:34039/test?loggerLevel=OFF (PostgreSQL 16.15)
2026-09-28T18:57:44.592+02:00  INFO 1382057 --- [conference-registration] [           main] o.f.c.i.s.JdbcTableSchemaHistory         : Schema history table "public"."flyway_schema_history" does not exist yet
2026-09-28T18:57:44.602+02:00  INFO 1382057 --- [conference-registration] [           main] o.f.core.internal.command.DbValidate     : Successfully validated 1 migration (execution time 00:00.049s)
2026-09-28T18:57:44.646+02:00  INFO 1382057 --- [conference-registration] [           main] o.f.c.i.s.JdbcTableSchemaHistory         : Creating Schema History table "public"."flyway_schema_history" ...
2026-09-28T18:57:44.819+02:00  INFO 1382057 --- [conference-registration] [           main] o.f.core.internal.command.DbMigrate      : Current version of schema "public": << Empty Schema >>
2026-09-28T18:57:44.853+02:00  INFO 1382057 --- [conference-registration] [           main] o.f.core.internal.command.DbMigrate      : Migrating schema "public" to version "1 - initial schema"
2026-09-28T18:57:44.940+02:00  INFO 1382057 --- [conference-registration] [           main] o.f.core.internal.command.DbMigrate      : Successfully applied 1 migration to schema "public", now at version v1 (execution time 00:00.048s)
2026-09-28T18:57:45.109+02:00  INFO 1382057 --- [conference-registration] [           main] o.hibernate.jpa.internal.util.LogHelper  : HHH000204: Processing PersistenceUnitInfo [name: default]
2026-09-28T18:57:45.228+02:00  INFO 1382057 --- [conference-registration] [           main] org.hibernate.Version                    : HHH000412: Hibernate ORM core version 6.6.53.Final
2026-09-28T18:57:45.303+02:00  INFO 1382057 --- [conference-registration] [           main] o.h.c.internal.RegionFactoryInitiator    : HHH000026: Second-level cache disabled
2026-09-28T18:57:45.869+02:00  INFO 1382057 --- [conference-registration] [           main] o.s.o.j.p.SpringPersistenceUnitInfo      : No LoadTimeWeaver setup: ignoring JPA class transformer
2026-09-28T18:57:46.026+02:00  INFO 1382057 --- [conference-registration] [           main] org.hibernate.orm.connections.pooling    : HHH10001005: Database info:
	Database JDBC URL [Connecting through datasource 'HikariDataSource (HikariPool-1)']
	Database driver: undefined/unknown
	Database version: 16.15
	Autocommit mode: undefined/unknown
	Isolation level: undefined/unknown
	Minimum pool size: undefined/unknown
	Maximum pool size: undefined/unknown
2026-09-28T18:57:48.107+02:00  INFO 1382057 --- [conference-registration] [           main] o.h.e.t.j.p.i.JtaPlatformInitiator       : HHH000489: No JTA platform available (set 'hibernate.transaction.jta.platform' to enable JTA platform integration)
2026-09-28T18:57:48.171+02:00  INFO 1382057 --- [conference-registration] [           main] j.LocalContainerEntityManagerFactoryBean : Initialized JPA EntityManagerFactory for persistence unit 'default'
2026-09-28T18:57:48.626+02:00  INFO 1382057 --- [conference-registration] [           main] o.s.d.j.r.query.QueryEnhancerFactory     : Hibernate is in classpath; If applicable, HQL parser will be used.
2026-09-28T18:57:50.065+02:00  INFO 1382057 --- [conference-registration] [           main] o.e.c.catalog.CatalogConfiguration       : Loaded catalog from src/test/resources/catalog-test.yaml: 9 options (8 active), 1 consents
2026-09-28T18:57:50.804+02:00  INFO 1382057 --- [conference-registration] [           main] r$InitializeUserDetailsManagerConfigurer : Global AuthenticationManager configured with UserDetailsService bean with name organizerUsers
2026-09-28T18:57:51.371+02:00  INFO 1382057 --- [conference-registration] [           main] o.s.b.a.e.web.EndpointLinksResolver      : Exposing 1 endpoint beneath base path '/actuator'
2026-09-28T18:57:52.051+02:00  INFO 1382057 --- [conference-registration] [           main] o.s.b.t.m.w.SpringBootMockServletContext : Initializing Spring TestDispatcherServlet ''
2026-09-28T18:57:52.052+02:00  INFO 1382057 --- [conference-registration] [           main] o.s.t.web.servlet.TestDispatcherServlet  : Initializing Servlet ''
2026-09-28T18:57:52.054+02:00  INFO 1382057 --- [conference-registration] [           main] o.s.t.web.servlet.TestDispatcherServlet  : Completed initialization in 2 ms
2026-09-28T18:57:52.183+02:00  INFO 1382057 --- [conference-registration] [           main] o.example.conference.shared.SecurityIT   : Started SecurityIT in 12.62 seconds (process running for 20.898)
2026-09-28T18:57:52.481+02:00  INFO 1382057 --- [conference-registration] [           main] o.e.c.r.backup.BackupReconciler          : Backup reconciliation: consistent (0 registrations)
Mockito is currently self-attaching to enable the inline-mock-maker. This will no longer work in future releases of the JDK. Please add Mockito as an agent to your build as described in Mockito's documentation: https://javadoc.io/doc/org.mockito/mockito-core/latest/org.mockito/org/mockito/Mockito.html#0.3
WARNING: A Java agent has been loaded dynamically (/home/tjan-kazar/.m2/repository/net/bytebuddy/byte-buddy-agent/1.17.8/byte-buddy-agent-1.17.8.jar)
WARNING: If a serviceability tool is in use, please run with -XX:+EnableDynamicAgentLoading to hide this warning
WARNING: If a serviceability tool is not in use, please run with -Djdk.instrument.traceUsage for more information
WARNING: Dynamic loading of agents will be disallowed by default in a future release
OpenJDK 64-Bit Server VM warning: Sharing is only supported for boot loader classes because bootstrap classpath has been appended
[INFO] Tests run: 6, Failures: 0, Errors: 0, Skipped: 0, Time elapsed: 20.41 s -- in org.example.conference.shared.SecurityIT
[INFO] Running org.example.conference.catalog.CatalogChangeIT
2026-09-28T18:57:53.671+02:00  INFO 1382057 --- [conference-registration] [           main] t.c.s.AnnotationConfigContextLoaderUtils : Could not detect default configuration classes for test class [org.example.conference.catalog.CatalogChangeIT]: CatalogChangeIT does not declare any static, non-private, non-final, nested classes annotated with @Configuration.
2026-09-28T18:57:53.692+02:00  INFO 1382057 --- [conference-registration] [           main] .b.t.c.SpringBootTestContextBootstrapper : Found @SpringBootConfiguration org.example.conference.ConferenceApplication for test class org.example.conference.catalog.CatalogChangeIT

  .   ____          _            __ _ _
 /\\ / ___'_ __ _ _(_)_ __  __ _ \ \ \ \
( ( )\___ | '_ | '_| | '_ \/ _` | \ \ \ \
 \\/  ___)| |_)| | | | | || (_| |  ) ) ) )
  '  |____| .__|_| |_|_| |_\__, | / / / /
 =========|_|==============|___/=/_/_/_/

 :: Spring Boot ::               (v3.5.16)

2026-09-28T18:57:53.753+02:00  INFO 1382057 --- [conference-registration] [           main] o.e.conference.catalog.CatalogChangeIT   : Starting CatalogChangeIT using Java 21.0.12.1 with PID 1382057 (started by tjan-kazar in /home/tjan-kazar/storage/Work/lab/single_agent/02_Implementation/backend)
2026-09-28T18:57:53.753+02:00  INFO 1382057 --- [conference-registration] [           main] o.e.conference.catalog.CatalogChangeIT   : The following 1 profile is active: "test"
2026-09-28T18:57:54.160+02:00  INFO 1382057 --- [conference-registration] [           main] .s.d.r.c.RepositoryConfigurationDelegate : Bootstrapping Spring Data JPA repositories in DEFAULT mode.
2026-09-28T18:57:54.180+02:00  INFO 1382057 --- [conference-registration] [           main] .s.d.r.c.RepositoryConfigurationDelegate : Finished Spring Data repository scanning in 17 ms. Found 2 JPA repository interfaces.
2026-09-28T18:57:54.355+02:00  INFO 1382057 --- [conference-registration] [           main] com.zaxxer.hikari.HikariDataSource       : HikariPool-2 - Starting...
2026-09-28T18:57:54.413+02:00  INFO 1382057 --- [conference-registration] [           main] com.zaxxer.hikari.pool.HikariPool        : HikariPool-2 - Added connection org.postgresql.jdbc.PgConnection@5e97f707
2026-09-28T18:57:54.413+02:00  INFO 1382057 --- [conference-registration] [           main] com.zaxxer.hikari.HikariDataSource       : HikariPool-2 - Start completed.
2026-09-28T18:57:54.415+02:00  INFO 1382057 --- [conference-registration] [           main] org.flywaydb.core.FlywayExecutor         : Database: jdbc:postgresql://localhost:34039/test?loggerLevel=OFF (PostgreSQL 16.15)
2026-09-28T18:57:54.461+02:00  INFO 1382057 --- [conference-registration] [           main] o.f.core.internal.command.DbValidate     : Successfully validated 1 migration (execution time 00:00.014s)
2026-09-28T18:57:54.511+02:00  INFO 1382057 --- [conference-registration] [           main] o.f.core.internal.command.DbMigrate      : Current version of schema "public": 1
2026-09-28T18:57:54.513+02:00  INFO 1382057 --- [conference-registration] [           main] o.f.core.internal.command.DbMigrate      : Schema "public" is up to date. No migration necessary.
2026-09-28T18:57:54.571+02:00  INFO 1382057 --- [conference-registration] [           main] o.hibernate.jpa.internal.util.LogHelper  : HHH000204: Processing PersistenceUnitInfo [name: default]
2026-09-28T18:57:54.577+02:00  INFO 1382057 --- [conference-registration] [           main] o.h.c.internal.RegionFactoryInitiator    : HHH000026: Second-level cache disabled
2026-09-28T18:57:54.597+02:00  INFO 1382057 --- [conference-registration] [           main] o.s.o.j.p.SpringPersistenceUnitInfo      : No LoadTimeWeaver setup: ignoring JPA class transformer
2026-09-28T18:57:54.621+02:00  INFO 1382057 --- [conference-registration] [           main] org.hibernate.orm.connections.pooling    : HHH10001005: Database info:
	Database JDBC URL [Connecting through datasource 'HikariDataSource (HikariPool-2)']
	Database driver: undefined/unknown
	Database version: 16.15
	Autocommit mode: undefined/unknown
	Isolation level: undefined/unknown
	Minimum pool size: undefined/unknown
	Maximum pool size: undefined/unknown
2026-09-28T18:57:54.748+02:00  INFO 1382057 --- [conference-registration] [           main] o.h.e.t.j.p.i.JtaPlatformInitiator       : HHH000489: No JTA platform available (set 'hibernate.transaction.jta.platform' to enable JTA platform integration)
2026-09-28T18:57:54.776+02:00  INFO 1382057 --- [conference-registration] [           main] j.LocalContainerEntityManagerFactoryBean : Initialized JPA EntityManagerFactory for persistence unit 'default'
2026-09-28T18:57:54.937+02:00  INFO 1382057 --- [conference-registration] [           main] o.e.c.catalog.CatalogConfiguration       : Loaded catalog from /home/tjan-kazar/storage/Work/lab/single_agent/02_Implementation/backend/src/test/resources/catalog-changed.yaml: 7 options (6 active), 1 consents
2026-09-28T18:57:55.147+02:00  INFO 1382057 --- [conference-registration] [           main] r$InitializeUserDetailsManagerConfigurer : Global AuthenticationManager configured with UserDetailsService bean with name organizerUsers
2026-09-28T18:57:55.263+02:00  INFO 1382057 --- [conference-registration] [           main] o.s.b.a.e.web.EndpointLinksResolver      : Exposing 1 endpoint beneath base path '/actuator'
2026-09-28T18:57:55.447+02:00  INFO 1382057 --- [conference-registration] [           main] o.s.b.t.m.w.SpringBootMockServletContext : Initializing Spring TestDispatcherServlet ''
2026-09-28T18:57:55.448+02:00  INFO 1382057 --- [conference-registration] [           main] o.s.t.web.servlet.TestDispatcherServlet  : Initializing Servlet ''
2026-09-28T18:57:55.449+02:00  INFO 1382057 --- [conference-registration] [           main] o.s.t.web.servlet.TestDispatcherServlet  : Completed initialization in 1 ms
2026-09-28T18:57:55.478+02:00  INFO 1382057 --- [conference-registration] [           main] o.e.conference.catalog.CatalogChangeIT   : Started CatalogChangeIT in 1.779 seconds (process running for 24.193)
2026-09-28T18:57:55.487+02:00  INFO 1382057 --- [conference-registration] [           main] o.e.c.r.backup.BackupReconciler          : Backup reconciliation: consistent (0 registrations)
2026-09-28T18:57:55.938+02:00  INFO 1382057 --- [conference-registration] [           main] o.e.c.r.service.RegistrationService      : Registration 0a8b96f5-bfbe-46c6-8d1d-5a1ce1fc465c accepted (EXTERNAL)
2026-09-28T18:57:56.004+02:00  INFO 1382057 --- [conference-registration] [           main] o.e.c.r.service.RegistrationService      : Registration f3bbedc2-7ca3-41c2-8d80-15dba3e3f19c accepted (STUDENT)
[INFO] Tests run: 2, Failures: 0, Errors: 0, Skipped: 0, Time elapsed: 2.346 s -- in org.example.conference.catalog.CatalogChangeIT
[INFO] Running org.example.conference.FoundationIT
2026-09-28T18:57:56.018+02:00  INFO 1382057 --- [conference-registration] [           main] t.c.s.AnnotationConfigContextLoaderUtils : Could not detect default configuration classes for test class [org.example.conference.FoundationIT]: FoundationIT does not declare any static, non-private, non-final, nested classes annotated with @Configuration.
2026-09-28T18:57:56.031+02:00  INFO 1382057 --- [conference-registration] [           main] .b.t.c.SpringBootTestContextBootstrapper : Found @SpringBootConfiguration org.example.conference.ConferenceApplication for test class org.example.conference.FoundationIT
[INFO] Tests run: 3, Failures: 0, Errors: 0, Skipped: 0, Time elapsed: 0.105 s -- in org.example.conference.FoundationIT
[INFO] Running org.example.conference.notification.NotificationIT
2026-09-28T18:57:56.128+02:00  INFO 1382057 --- [conference-registration] [           main] t.c.s.AnnotationConfigContextLoaderUtils : Could not detect default configuration classes for test class [org.example.conference.notification.NotificationIT]: NotificationIT does not declare any static, non-private, non-final, nested classes annotated with @Configuration.
2026-09-28T18:57:56.144+02:00  INFO 1382057 --- [conference-registration] [           main] .b.t.c.SpringBootTestContextBootstrapper : Found @SpringBootConfiguration org.example.conference.ConferenceApplication for test class org.example.conference.notification.NotificationIT
2026-09-28T18:57:56.307+02:00  INFO 1382057 --- [conference-registration] [           main] o.e.c.r.service.RegistrationService      : Registration 6f8a9b58-3788-4658-b465-a4466d83e6ba accepted (EXTERNAL)
2026-09-28T18:57:56.485+02:00  WARN 1382057 --- [conference-registration] [           main] o.e.c.notification.OutboxDispatcher      : Email e318dc3b-1db0-43e9-a1f5-22887d53394a attempt 1 failed (MailSendException); retry at 2026-09-28T16:57:57.485538629Z
2026-09-28T18:57:56.499+02:00  WARN 1382057 --- [conference-registration] [           main] o.e.c.notification.OutboxDispatcher      : Email d2dfd092-aeb4-42a4-b386-a0a2059d2b57 attempt 1 failed (MailSendException); retry at 2026-09-28T16:57:57.499147866Z
2026-09-28T18:57:56.501+02:00  WARN 1382057 --- [conference-registration] [           main] o.e.c.notification.OutboxDispatcher      : Email bfd3df0c-76b3-4d2a-94a0-3c2a103220f1 attempt 1 failed (MailSendException); retry at 2026-09-28T16:57:57.501788106Z
2026-09-28T18:57:56.525+02:00  WARN 1382057 --- [conference-registration] [           main] o.e.c.notification.OutboxDispatcher      : Email e318dc3b-1db0-43e9-a1f5-22887d53394a attempt 2 failed (MailSendException); retry at 2026-09-28T16:57:58.525289599Z
2026-09-28T18:57:56.528+02:00  WARN 1382057 --- [conference-registration] [           main] o.e.c.notification.OutboxDispatcher      : Email d2dfd092-aeb4-42a4-b386-a0a2059d2b57 attempt 2 failed (MailSendException); retry at 2026-09-28T16:57:58.528228558Z
2026-09-28T18:57:56.530+02:00  WARN 1382057 --- [conference-registration] [           main] o.e.c.notification.OutboxDispatcher      : Email bfd3df0c-76b3-4d2a-94a0-3c2a103220f1 attempt 2 failed (MailSendException); retry at 2026-09-28T16:57:58.530592214Z
2026-09-28T18:57:56.550+02:00 ERROR 1382057 --- [conference-registration] [           main] o.e.c.notification.OutboxDispatcher      : Email e318dc3b-1db0-43e9-a1f5-22887d53394a permanently FAILED after 3 attempts
2026-09-28T18:57:56.553+02:00 ERROR 1382057 --- [conference-registration] [           main] o.e.c.notification.OutboxDispatcher      : Email d2dfd092-aeb4-42a4-b386-a0a2059d2b57 permanently FAILED after 3 attempts
2026-09-28T18:57:56.558+02:00 ERROR 1382057 --- [conference-registration] [           main] o.e.c.notification.OutboxDispatcher      : Email bfd3df0c-76b3-4d2a-94a0-3c2a103220f1 permanently FAILED after 3 attempts
2026-09-28T18:57:56.666+02:00  INFO 1382057 --- [conference-registration] [           main] o.e.c.r.service.RegistrationService      : Registration ec97bc9c-5eef-4b57-8e2f-b2dfa340c61c accepted (EXTERNAL)
2026-09-28T18:57:56.782+02:00  INFO 1382057 --- [conference-registration] [127.0.0.1:38916] c.icegreen.greenmail.user.UserManager    : Created user login spela.synthetic@example.org for address spela.synthetic@example.org with password spela.synthetic@example.org because it didn't exist before.
2026-09-28T18:57:56.794+02:00  INFO 1382057 --- [conference-registration] [           main] o.e.c.notification.OutboxDispatcher      : Email f22c9e56-0529-4cb5-9503-8461e8c6f339 (PARTICIPANT_CONFIRMATION) delivered to SMTP
2026-09-28T18:57:56.850+02:00  INFO 1382057 --- [conference-registration] [127.0.0.1:38930] c.icegreen.greenmail.user.UserManager    : Created user login organizer-a@conference.test for address organizer-a@conference.test with password organizer-a@conference.test because it didn't exist before.
2026-09-28T18:57:56.863+02:00  INFO 1382057 --- [conference-registration] [           main] o.e.c.notification.OutboxDispatcher      : Email d30bc305-f07b-4f92-b632-092429b74632 (ORGANIZER_NOTIFICATION) delivered to SMTP
2026-09-28T18:57:56.915+02:00  INFO 1382057 --- [conference-registration] [127.0.0.1:38944] c.icegreen.greenmail.user.UserManager    : Created user login organizer-b@conference.test for address organizer-b@conference.test with password organizer-b@conference.test because it didn't exist before.
2026-09-28T18:57:56.921+02:00  INFO 1382057 --- [conference-registration] [           main] o.e.c.notification.OutboxDispatcher      : Email 0b5f7f44-9b30-4145-8e6a-67ef2596202b (ORGANIZER_NOTIFICATION) delivered to SMTP
2026-09-28T18:57:57.034+02:00  INFO 1382057 --- [conference-registration] [           main] o.e.c.r.service.RegistrationService      : Registration c07301df-8348-4e75-ac77-5f5a16097407 accepted (EXTERNAL)
2026-09-28T18:57:57.044+02:00  WARN 1382057 --- [conference-registration] [           main] o.e.c.notification.OutboxDispatcher      : Email 86a59e46-b472-40ce-bcc5-03c922a49966 attempt 1 failed (MailSendException); retry at 2026-09-28T16:57:58.044499240Z
2026-09-28T18:57:57.047+02:00  WARN 1382057 --- [conference-registration] [           main] o.e.c.notification.OutboxDispatcher      : Email cc6dc07a-2450-48ee-960f-1e8085f95916 attempt 1 failed (MailSendException); retry at 2026-09-28T16:57:58.047095469Z
2026-09-28T18:57:57.049+02:00  WARN 1382057 --- [conference-registration] [           main] o.e.c.notification.OutboxDispatcher      : Email c8e3d6aa-ad6d-441b-8237-ef03b5be99ed attempt 1 failed (MailSendException); retry at 2026-09-28T16:57:58.049345188Z
2026-09-28T18:57:57.117+02:00  INFO 1382057 --- [conference-registration] [127.0.0.1:38988] c.icegreen.greenmail.user.UserManager    : Created user login spela.synthetic@example.org for address spela.synthetic@example.org with password spela.synthetic@example.org because it didn't exist before.
2026-09-28T18:57:57.119+02:00  INFO 1382057 --- [conference-registration] [           main] o.e.c.notification.OutboxDispatcher      : Email 86a59e46-b472-40ce-bcc5-03c922a49966 (PARTICIPANT_CONFIRMATION) delivered to SMTP
2026-09-28T18:57:57.171+02:00  INFO 1382057 --- [conference-registration] [127.0.0.1:38994] c.icegreen.greenmail.user.UserManager    : Created user login organizer-a@conference.test for address organizer-a@conference.test with password organizer-a@conference.test because it didn't exist before.
2026-09-28T18:57:57.179+02:00  INFO 1382057 --- [conference-registration] [           main] o.e.c.notification.OutboxDispatcher      : Email cc6dc07a-2450-48ee-960f-1e8085f95916 (ORGANIZER_NOTIFICATION) delivered to SMTP
2026-09-28T18:57:57.233+02:00  INFO 1382057 --- [conference-registration] [127.0.0.1:38998] c.icegreen.greenmail.user.UserManager    : Created user login organizer-b@conference.test for address organizer-b@conference.test with password organizer-b@conference.test because it didn't exist before.
2026-09-28T18:57:57.241+02:00  INFO 1382057 --- [conference-registration] [           main] o.e.c.notification.OutboxDispatcher      : Email c8e3d6aa-ad6d-441b-8237-ef03b5be99ed (ORGANIZER_NOTIFICATION) delivered to SMTP
[INFO] Tests run: 3, Failures: 0, Errors: 0, Skipped: 0, Time elapsed: 1.139 s -- in org.example.conference.notification.NotificationIT
[INFO] Running org.example.conference.registration.RegistrationApiIT
2026-09-28T18:57:57.271+02:00  INFO 1382057 --- [conference-registration] [           main] t.c.s.AnnotationConfigContextLoaderUtils : Could not detect default configuration classes for test class [org.example.conference.registration.RegistrationApiIT]: RegistrationApiIT does not declare any static, non-private, non-final, nested classes annotated with @Configuration.
2026-09-28T18:57:57.289+02:00  INFO 1382057 --- [conference-registration] [           main] .b.t.c.SpringBootTestContextBootstrapper : Found @SpringBootConfiguration org.example.conference.ConferenceApplication for test class org.example.conference.registration.RegistrationApiIT
2026-09-28T18:57:57.567+02:00  INFO 1382057 --- [conference-registration] [           main] o.e.c.r.service.RegistrationService      : Registration 18320d7a-aaeb-47bf-8c4a-6dc8da69c870 accepted (EXTERNAL)
2026-09-28T18:57:57.632+02:00  INFO 1382057 --- [conference-registration] [           main] o.e.c.r.service.RegistrationService      : Registration cc1c4c52-7350-4169-aeba-5f5df283cdd4 accepted (EXTERNAL)
2026-09-28T18:57:57.810+02:00  INFO 1382057 --- [conference-registration] [           main] o.e.c.r.service.RegistrationService      : Registration ce2b36a3-a6c9-4f5d-8d7c-85db2f050c6b accepted (STUDENT)
2026-09-28T18:57:58.352+02:00  INFO 1382057 --- [conference-registration] [           main] o.e.c.r.service.RegistrationService      : Registration 0a7e4a9d-8368-40db-9674-7ca923db6f45 accepted (EXTERNAL)
2026-09-28T18:57:58.620+02:00  INFO 1382057 --- [conference-registration] [ool-21-thread-1] o.e.c.r.service.RegistrationService      : Registration 515a2e91-b9e8-4aae-93de-a4d62a308855 accepted (STUDENT)
2026-09-28T18:57:58.628+02:00  WARN 1382057 --- [conference-registration] [ool-21-thread-7] o.h.engine.jdbc.spi.SqlExceptionHelper   : SQL Error: 0, SQLState: 23505
2026-09-28T18:57:58.628+02:00  WARN 1382057 --- [conference-registration] [ool-21-thread-2] o.h.engine.jdbc.spi.SqlExceptionHelper   : SQL Error: 0, SQLState: 23505
2026-09-28T18:57:58.628+02:00  WARN 1382057 --- [conference-registration] [ool-21-thread-4] o.h.engine.jdbc.spi.SqlExceptionHelper   : SQL Error: 0, SQLState: 23505
2026-09-28T18:57:58.628+02:00 ERROR 1382057 --- [conference-registration] [ool-21-thread-2] o.h.engine.jdbc.spi.SqlExceptionHelper   : ERROR: duplicate key value violates unique constraint "uq_registration_client_request"
  Detail: Key (client_request_id)=(9bd17958-313c-47b6-bea1-f1c1d55f5b5f) already exists.
2026-09-28T18:57:58.628+02:00  WARN 1382057 --- [conference-registration] [ool-21-thread-6] o.h.engine.jdbc.spi.SqlExceptionHelper   : SQL Error: 0, SQLState: 23505
2026-09-28T18:57:58.628+02:00 ERROR 1382057 --- [conference-registration] [ool-21-thread-4] o.h.engine.jdbc.spi.SqlExceptionHelper   : ERROR: duplicate key value violates unique constraint "uq_registration_client_request"
  Detail: Key (client_request_id)=(9bd17958-313c-47b6-bea1-f1c1d55f5b5f) already exists.
2026-09-28T18:57:58.628+02:00  WARN 1382057 --- [conference-registration] [ool-21-thread-3] o.h.engine.jdbc.spi.SqlExceptionHelper   : SQL Error: 0, SQLState: 23505
2026-09-28T18:57:58.628+02:00 ERROR 1382057 --- [conference-registration] [ool-21-thread-6] o.h.engine.jdbc.spi.SqlExceptionHelper   : ERROR: duplicate key value violates unique constraint "uq_registration_client_request"
  Detail: Key (client_request_id)=(9bd17958-313c-47b6-bea1-f1c1d55f5b5f) already exists.
2026-09-28T18:57:58.628+02:00  WARN 1382057 --- [conference-registration] [ool-21-thread-5] o.h.engine.jdbc.spi.SqlExceptionHelper   : SQL Error: 0, SQLState: 23505
2026-09-28T18:57:58.628+02:00 ERROR 1382057 --- [conference-registration] [ool-21-thread-3] o.h.engine.jdbc.spi.SqlExceptionHelper   : ERROR: duplicate key value violates unique constraint "uq_registration_client_request"
  Detail: Key (client_request_id)=(9bd17958-313c-47b6-bea1-f1c1d55f5b5f) already exists.
2026-09-28T18:57:58.628+02:00  WARN 1382057 --- [conference-registration] [ool-21-thread-8] o.h.engine.jdbc.spi.SqlExceptionHelper   : SQL Error: 0, SQLState: 23505
2026-09-28T18:57:58.628+02:00 ERROR 1382057 --- [conference-registration] [ool-21-thread-7] o.h.engine.jdbc.spi.SqlExceptionHelper   : ERROR: duplicate key value violates unique constraint "uq_registration_client_request"
  Detail: Key (client_request_id)=(9bd17958-313c-47b6-bea1-f1c1d55f5b5f) already exists.
2026-09-28T18:57:58.628+02:00 ERROR 1382057 --- [conference-registration] [ool-21-thread-5] o.h.engine.jdbc.spi.SqlExceptionHelper   : ERROR: duplicate key value violates unique constraint "uq_registration_client_request"
  Detail: Key (client_request_id)=(9bd17958-313c-47b6-bea1-f1c1d55f5b5f) already exists.
2026-09-28T18:57:58.628+02:00 ERROR 1382057 --- [conference-registration] [ool-21-thread-8] o.h.engine.jdbc.spi.SqlExceptionHelper   : ERROR: duplicate key value violates unique constraint "uq_registration_client_request"
  Detail: Key (client_request_id)=(9bd17958-313c-47b6-bea1-f1c1d55f5b5f) already exists.
[INFO] Tests run: 32, Failures: 0, Errors: 0, Skipped: 0, Time elapsed: 1.390 s -- in org.example.conference.registration.RegistrationApiIT
[INFO] Running org.example.conference.registration.StorageFailureIT
2026-09-28T18:57:58.668+02:00  INFO 1382057 --- [conference-registration] [           main] t.c.s.AnnotationConfigContextLoaderUtils : Could not detect default configuration classes for test class [org.example.conference.registration.StorageFailureIT]: StorageFailureIT does not declare any static, non-private, non-final, nested classes annotated with @Configuration.
2026-09-28T18:57:58.685+02:00  INFO 1382057 --- [conference-registration] [           main] .b.t.c.SpringBootTestContextBootstrapper : Found @SpringBootConfiguration org.example.conference.ConferenceApplication for test class org.example.conference.registration.StorageFailureIT

  .   ____          _            __ _ _
 /\\ / ___'_ __ _ _(_)_ __  __ _ \ \ \ \
( ( )\___ | '_ | '_| | '_ \/ _` | \ \ \ \
 \\/  ___)| |_)| | | | | || (_| |  ) ) ) )
  '  |____| .__|_| |_|_| |_\__, | / / / /
 =========|_|==============|___/=/_/_/_/

 :: Spring Boot ::               (v3.5.16)

2026-09-28T18:57:58.734+02:00  INFO 1382057 --- [conference-registration] [           main] o.e.c.registration.StorageFailureIT      : Starting StorageFailureIT using Java 21.0.12.1 with PID 1382057 (started by tjan-kazar in /home/tjan-kazar/storage/Work/lab/single_agent/02_Implementation/backend)
2026-09-28T18:57:58.735+02:00  INFO 1382057 --- [conference-registration] [           main] o.e.c.registration.StorageFailureIT      : The following 1 profile is active: "test"
2026-09-28T18:57:59.072+02:00  INFO 1382057 --- [conference-registration] [           main] .s.d.r.c.RepositoryConfigurationDelegate : Bootstrapping Spring Data JPA repositories in DEFAULT mode.
2026-09-28T18:57:59.084+02:00  INFO 1382057 --- [conference-registration] [           main] .s.d.r.c.RepositoryConfigurationDelegate : Finished Spring Data repository scanning in 11 ms. Found 2 JPA repository interfaces.
2026-09-28T18:57:59.208+02:00  INFO 1382057 --- [conference-registration] [           main] com.zaxxer.hikari.HikariDataSource       : HikariPool-3 - Starting...
2026-09-28T18:57:59.231+02:00  INFO 1382057 --- [conference-registration] [           main] com.zaxxer.hikari.pool.HikariPool        : HikariPool-3 - Added connection org.postgresql.jdbc.PgConnection@475454b6
2026-09-28T18:57:59.232+02:00  INFO 1382057 --- [conference-registration] [           main] com.zaxxer.hikari.HikariDataSource       : HikariPool-3 - Start completed.
2026-09-28T18:57:59.235+02:00  INFO 1382057 --- [conference-registration] [           main] org.flywaydb.core.FlywayExecutor         : Database: jdbc:postgresql://localhost:34039/test?loggerLevel=OFF (PostgreSQL 16.15)
2026-09-28T18:57:59.260+02:00  INFO 1382057 --- [conference-registration] [           main] o.f.core.internal.command.DbValidate     : Successfully validated 1 migration (execution time 00:00.010s)
2026-09-28T18:57:59.288+02:00  INFO 1382057 --- [conference-registration] [           main] o.f.core.internal.command.DbMigrate      : Current version of schema "public": 1
2026-09-28T18:57:59.290+02:00  INFO 1382057 --- [conference-registration] [           main] o.f.core.internal.command.DbMigrate      : Schema "public" is up to date. No migration necessary.
2026-09-28T18:57:59.321+02:00  INFO 1382057 --- [conference-registration] [           main] o.hibernate.jpa.internal.util.LogHelper  : HHH000204: Processing PersistenceUnitInfo [name: default]
2026-09-28T18:57:59.324+02:00  INFO 1382057 --- [conference-registration] [           main] o.h.c.internal.RegionFactoryInitiator    : HHH000026: Second-level cache disabled
2026-09-28T18:57:59.335+02:00  INFO 1382057 --- [conference-registration] [           main] o.s.o.j.p.SpringPersistenceUnitInfo      : No LoadTimeWeaver setup: ignoring JPA class transformer
2026-09-28T18:57:59.346+02:00  INFO 1382057 --- [conference-registration] [           main] org.hibernate.orm.connections.pooling    : HHH10001005: Database info:
	Database JDBC URL [Connecting through datasource 'HikariDataSource (HikariPool-3)']
	Database driver: undefined/unknown
	Database version: 16.15
	Autocommit mode: undefined/unknown
	Isolation level: undefined/unknown
	Minimum pool size: undefined/unknown
	Maximum pool size: undefined/unknown
2026-09-28T18:57:59.446+02:00  INFO 1382057 --- [conference-registration] [           main] o.h.e.t.j.p.i.JtaPlatformInitiator       : HHH000489: No JTA platform available (set 'hibernate.transaction.jta.platform' to enable JTA platform integration)
2026-09-28T18:57:59.466+02:00  INFO 1382057 --- [conference-registration] [           main] j.LocalContainerEntityManagerFactoryBean : Initialized JPA EntityManagerFactory for persistence unit 'default'
2026-09-28T18:57:59.568+02:00  INFO 1382057 --- [conference-registration] [           main] o.e.c.catalog.CatalogConfiguration       : Loaded catalog from src/test/resources/catalog-test.yaml: 9 options (8 active), 1 consents
2026-09-28T18:58:01.519+02:00  INFO 1382057 --- [conference-registration] [           main] r$InitializeUserDetailsManagerConfigurer : Global AuthenticationManager configured with UserDetailsService bean with name organizerUsers
2026-09-28T18:58:01.901+02:00  INFO 1382057 --- [conference-registration] [           main] o.s.b.a.e.web.EndpointLinksResolver      : Exposing 1 endpoint beneath base path '/actuator'
2026-09-28T18:58:02.334+02:00  INFO 1382057 --- [conference-registration] [           main] o.s.b.t.m.w.SpringBootMockServletContext : Initializing Spring TestDispatcherServlet ''
2026-09-28T18:58:02.335+02:00  INFO 1382057 --- [conference-registration] [           main] o.s.t.web.servlet.TestDispatcherServlet  : Initializing Servlet ''
2026-09-28T18:58:02.340+02:00  INFO 1382057 --- [conference-registration] [           main] o.s.t.web.servlet.TestDispatcherServlet  : Completed initialization in 5 ms
2026-09-28T18:58:02.416+02:00  INFO 1382057 --- [conference-registration] [           main] o.e.c.registration.StorageFailureIT      : Started StorageFailureIT in 3.727 seconds (process running for 31.131)
2026-09-28T18:58:02.560+02:00  INFO 1382057 --- [conference-registration] [           main] o.e.c.r.backup.BackupReconciler          : Backup reconciliation: consistent (1 registrations)
2026-09-28T18:58:02.714+02:00 ERROR 1382057 --- [conference-registration] [           main] o.e.c.r.service.RegistrationService      : Backup publish failed for new registration 395b053d-ff31-4469-9571-337926314e85: java.io.IOException
2026-09-28T18:58:02.849+02:00  INFO 1382057 --- [conference-registration] [           main] o.e.c.r.service.RegistrationService      : Registration d8167313-4ccf-4ea7-a6c2-1c64b01c7fea accepted (EXTERNAL)
2026-09-28T18:58:02.967+02:00  INFO 1382057 --- [conference-registration] [           main] o.e.c.r.service.RegistrationService      : Registration 7297c376-4d1f-435b-9e88-e9f78c5330d4 accepted (EXTERNAL)
2026-09-28T18:58:03.026+02:00  INFO 1382057 --- [conference-registration] [           main] o.e.c.r.service.RegistrationService      : Registration 0bf88565-dbe2-4ea0-ab3f-52cf162c1608 accepted (EXTERNAL)
2026-09-28T18:58:03.079+02:00  INFO 1382057 --- [conference-registration] [           main] o.e.c.r.service.RegistrationService      : Registration b1bf0254-549c-4432-9b3e-54c078ba7ba9 accepted (EXTERNAL)
2026-09-28T18:58:03.091+02:00  WARN 1382057 --- [conference-registration] [           main] o.e.c.r.backup.BackupReconciler          : Quarantining unaccepted backup file fd75f1bc-861c-441b-acb4-f7a30c9772cc.json
2026-09-28T18:58:03.116+02:00  WARN 1382057 --- [conference-registration] [           main] o.e.c.r.backup.BackupReconciler          : Re-published backup file for registration b1bf0254-549c-4432-9b3e-54c078ba7ba9 from database
2026-09-28T18:58:03.128+02:00  WARN 1382057 --- [conference-registration] [           main] o.e.c.r.backup.BackupReconciler          : Re-published backup file for registration 0bf88565-dbe2-4ea0-ab3f-52cf162c1608 from database
2026-09-28T18:58:03.131+02:00  WARN 1382057 --- [conference-registration] [           main] o.e.c.r.backup.BackupReconciler          : Backup reconciliation performed changes: Report[tempFilesDeleted=1, orphansQuarantined=1, filesRestored=1, mismatchesRepaired=1]
2026-09-28T18:58:03.158+02:00  INFO 1382057 --- [conference-registration] [           main] o.e.c.r.backup.BackupReconciler          : Backup reconciliation: consistent (3 registrations)
2026-09-28T18:58:03.213+02:00 ERROR 1382057 --- [conference-registration] [           main] o.e.c.r.service.RegistrationService      : Database commit failed for registration eb88f333-636a-4e24-a4c2-7a8e399c9404: org.springframework.dao.DataAccessResourceFailureException
2026-09-28T18:58:03.253+02:00 ERROR 1382057 --- [conference-registration] [           main] o.e.c.r.backup.BackupReconciler          : Database holds no registrations but 1 backup files exist; not quarantining (possible database restore scenario, operator action required)
2026-09-28T18:58:03.253+02:00  INFO 1382057 --- [conference-registration] [           main] o.e.c.r.backup.BackupReconciler          : Backup reconciliation: consistent (0 registrations)
2026-09-28T18:58:03.338+02:00  INFO 1382057 --- [conference-registration] [           main] o.e.c.r.service.RegistrationService      : Registration a51d6ec9-e5fb-40d5-a211-880474e4e229 accepted (EXTERNAL)
2026-09-28T18:58:03.349+02:00  INFO 1382057 --- [conference-registration] [           main] o.e.c.r.backup.BackupReconciler          : Backup reconciliation: consistent (1 registrations)
[INFO] Tests run: 5, Failures: 0, Errors: 0, Skipped: 0, Time elapsed: 4.692 s -- in org.example.conference.registration.StorageFailureIT
[INFO] Running org.example.conference.export.ExportIT
2026-09-28T18:58:03.376+02:00  INFO 1382057 --- [conference-registration] [           main] t.c.s.AnnotationConfigContextLoaderUtils : Could not detect default configuration classes for test class [org.example.conference.export.ExportIT]: ExportIT does not declare any static, non-private, non-final, nested classes annotated with @Configuration.
2026-09-28T18:58:03.429+02:00  INFO 1382057 --- [conference-registration] [           main] .b.t.c.SpringBootTestContextBootstrapper : Found @SpringBootConfiguration org.example.conference.ConferenceApplication for test class org.example.conference.export.ExportIT
2026-09-28T18:58:03.507+02:00  INFO 1382057 --- [conference-registration] [           main] o.e.c.r.service.RegistrationService      : Registration ef489945-9c9c-413c-b2e6-fe49c3d0c678 accepted (EXTERNAL)
2026-09-28T18:58:03.561+02:00  INFO 1382057 --- [conference-registration] [           main] o.e.c.r.service.RegistrationService      : Registration 24f076c1-9eba-4472-a175-4f868e2df5ad accepted (STUDENT)
2026-09-28T18:58:07.319+02:00  INFO 1382057 --- [conference-registration] [           main] o.e.c.r.service.RegistrationService      : Registration aa4f9e26-928d-4a35-abfe-401487cc99c7 accepted (EXTERNAL)
2026-09-28T18:58:07.466+02:00  INFO 1382057 --- [conference-registration] [           main] o.e.c.r.service.RegistrationService      : Registration 77d679db-c974-4448-b43f-04467d0a1447 accepted (STUDENT)
[INFO] Tests run: 2, Failures: 0, Errors: 0, Skipped: 0, Time elapsed: 4.268 s -- in org.example.conference.export.ExportIT
[INFO] 
[INFO] Results:
[INFO] 
[INFO] Tests run: 53, Failures: 0, Errors: 0, Skipped: 0
[INFO] 
[INFO] 
[INFO] --- jacoco:0.8.15:report-integration (report-it) @ conference-registration-backend ---
[INFO] Loading execution data file /home/tjan-kazar/storage/Work/lab/single_agent/02_Implementation/backend/target/jacoco-it.exec
[INFO] Analyzed bundle 'conference-registration-backend' with 72 classes
[INFO] 
[INFO] --- failsafe:3.5.6:verify (default) @ conference-registration-backend ---
[INFO] ------------------------------------------------------------------------
[INFO] BUILD SUCCESS
[INFO] ------------------------------------------------------------------------
[INFO] Total time:  01:02 min
[INFO] Finished at: 2026-09-28T18:58:08+02:00
[INFO] ------------------------------------------------------------------------
