$ (cwd=.) ./mvnw -B spotless:check compile spotbugs:check pmd:check pmd:cpd-check -DskipTests
# start=2026-09-28T16:43:53.928Z end=2026-09-28T16:44:19.685Z exit=1 elapsed_s=25.757

[INFO] Scanning for projects...
[INFO] Downloading from central: https://repo.maven.apache.org/maven2/com/github/spotbugs/spotbugs-maven-plugin/4.10.4.1/spotbugs-maven-plugin-4.10.4.1.pom
[INFO] Downloaded from central: https://repo.maven.apache.org/maven2/com/github/spotbugs/spotbugs-maven-plugin/4.10.4.1/spotbugs-maven-plugin-4.10.4.1.pom (57 kB at 120 kB/s)
[INFO] Downloading from central: https://repo.maven.apache.org/maven2/com/github/hazendaz/base-parent/61/base-parent-61.pom
[INFO] Downloaded from central: https://repo.maven.apache.org/maven2/com/github/hazendaz/base-parent/61/base-parent-61.pom (101 kB at 2.3 MB/s)
[INFO] Downloading from central: https://repo.maven.apache.org/maven2/org/apache/groovy/groovy-bom/5.1.1/groovy-bom-5.1.1.pom
[INFO] Downloaded from central: https://repo.maven.apache.org/maven2/org/apache/groovy/groovy-bom/5.1.1/groovy-bom-5.1.1.pom (27 kB at 757 kB/s)
[INFO] Downloading from central: https://repo.maven.apache.org/maven2/org/slf4j/slf4j-bom/2.0.19/slf4j-bom-2.0.19.pom
[INFO] Downloaded from central: https://repo.maven.apache.org/maven2/org/slf4j/slf4j-bom/2.0.19/slf4j-bom-2.0.19.pom (7.9 kB at 292 kB/s)
[INFO] Downloading from central: https://repo.maven.apache.org/maven2/org/junit/junit-bom/6.1.3/junit-bom-6.1.3.pom
[INFO] Downloaded from central: https://repo.maven.apache.org/maven2/org/junit/junit-bom/6.1.3/junit-bom-6.1.3.pom (5.4 kB at 208 kB/s)
[INFO] Downloading from central: https://repo.maven.apache.org/maven2/com/github/spotbugs/spotbugs-maven-plugin/4.10.4.1/spotbugs-maven-plugin-4.10.4.1.jar
[INFO] Downloaded from central: https://repo.maven.apache.org/maven2/com/github/spotbugs/spotbugs-maven-plugin/4.10.4.1/spotbugs-maven-plugin-4.10.4.1.jar (241 kB at 4.5 MB/s)
[INFO] Downloading from central: https://repo.maven.apache.org/maven2/org/apache/maven/plugins/maven-pmd-plugin/3.28.0/maven-pmd-plugin-3.28.0.pom
[INFO] Downloaded from central: https://repo.maven.apache.org/maven2/org/apache/maven/plugins/maven-pmd-plugin/3.28.0/maven-pmd-plugin-3.28.0.pom (14 kB at 336 kB/s)
[INFO] Downloading from central: https://repo.maven.apache.org/maven2/org/apache/maven/plugins/maven-pmd-plugin/3.28.0/maven-pmd-plugin-3.28.0.jar
[INFO] Downloaded from central: https://repo.maven.apache.org/maven2/org/apache/maven/plugins/maven-pmd-plugin/3.28.0/maven-pmd-plugin-3.28.0.jar (159 kB at 4.8 MB/s)
[INFO] 
[INFO] -------< org.example.conference:conference-registration-backend >-------
[INFO] Building conference-registration-backend 1.0.0
[INFO]   from pom.xml
[INFO] --------------------------------[ jar ]---------------------------------
[INFO] 
[INFO] --- spotless:3.10.3:check (default-cli) @ conference-registration-backend ---
[INFO] Spotless.Java is keeping 83 files clean - 0 needs changes to be clean, 0 were already clean, 83 were skipped because caching determined they were already clean
[INFO] 
[INFO] --- jacoco:0.8.15:prepare-agent (prepare-unit) @ conference-registration-backend ---
[INFO] argLine set to -javaagent:/home/tjan-kazar/.m2/repository/org/jacoco/org.jacoco.agent/0.8.15/org.jacoco.agent-0.8.15-runtime.jar=destfile=/home/tjan-kazar/storage/Work/lab/single_agent/02_Implementation/backend/target/jacoco.exec
[INFO] 
[INFO] --- resources:3.3.1:resources (default-resources) @ conference-registration-backend ---
[INFO] Copying 3 resources from src/main/resources to target/classes
[INFO] Copying 1 resource from src/main/resources to target/classes
[INFO] 
[INFO] --- compiler:3.14.1:compile (default-compile) @ conference-registration-backend ---
[INFO] Recompiling the module because of changed source code.
[INFO] Compiling 67 source files with javac [debug parameters release 21] to target/classes
[INFO] 
[INFO] >>> spotbugs:4.10.4.1:check (default-cli) > :spotbugs @ conference-registration-backend >>>
[INFO] 
[INFO] --- spotbugs:4.10.4.1:spotbugs (spotbugs) @ conference-registration-backend ---
[INFO] Downloading from central: https://repo.maven.apache.org/maven2/com/github/spotbugs/spotbugs/4.10.4/spotbugs-4.10.4.pom
[INFO] Downloaded from central: https://repo.maven.apache.org/maven2/com/github/spotbugs/spotbugs/4.10.4/spotbugs-4.10.4.pom (5.5 kB at 152 kB/s)
[INFO] Downloading from central: https://repo.maven.apache.org/maven2/org/ow2/asm/asm-analysis/9.10.1/asm-analysis-9.10.1.pom
[INFO] Downloaded from central: https://repo.maven.apache.org/maven2/org/ow2/asm/asm-analysis/9.10.1/asm-analysis-9.10.1.pom (2.6 kB at 85 kB/s)
[INFO] Downloading from central: https://repo.maven.apache.org/maven2/org/ow2/asm/asm-util/9.10.1/asm-util-9.10.1.pom
[INFO] Downloaded from central: https://repo.maven.apache.org/maven2/org/ow2/asm/asm-util/9.10.1/asm-util-9.10.1.pom (3.0 kB at 118 kB/s)
[INFO] Downloading from central: https://repo.maven.apache.org/maven2/org/apache/bcel/bcel/6.12.0/bcel-6.12.0.pom
[INFO] Downloaded from central: https://repo.maven.apache.org/maven2/org/apache/bcel/bcel/6.12.0/bcel-6.12.0.pom (23 kB at 676 kB/s)
[INFO] Downloading from central: https://repo.maven.apache.org/maven2/org/apache/commons/commons-parent/95/commons-parent-95.pom
[INFO] Downloaded from central: https://repo.maven.apache.org/maven2/org/apache/commons/commons-parent/95/commons-parent-95.pom (80 kB at 2.0 MB/s)
[INFO] Downloading from central: https://repo.maven.apache.org/maven2/org/apache/apache/36/apache-36.pom
[INFO] Downloaded from central: https://repo.maven.apache.org/maven2/org/apache/apache/36/apache-36.pom (25 kB at 531 kB/s)
[INFO] Downloading from central: https://repo.maven.apache.org/maven2/com/github/stephenc/jcip/jcip-annotations/1.0-1/jcip-annotations-1.0-1.pom
[INFO] Downloaded from central: https://repo.maven.apache.org/maven2/com/github/stephenc/jcip/jcip-annotations/1.0-1/jcip-annotations-1.0-1.pom (5.4 kB at 187 kB/s)
[INFO] Downloading from central: https://repo.maven.apache.org/maven2/org/dom4j/dom4j/2.2.0/dom4j-2.2.0.pom
[INFO] Downloaded from central: https://repo.maven.apache.org/maven2/org/dom4j/dom4j/2.2.0/dom4j-2.2.0.pom (2.6 kB at 95 kB/s)
[INFO] Downloading from central: https://repo.maven.apache.org/maven2/org/slf4j/slf4j-api/2.0.19/slf4j-api-2.0.19.pom
[INFO] Downloaded from central: https://repo.maven.apache.org/maven2/org/slf4j/slf4j-api/2.0.19/slf4j-api-2.0.19.pom (2.8 kB at 109 kB/s)
[INFO] Downloading from central: https://repo.maven.apache.org/maven2/org/slf4j/slf4j-parent/2.0.19/slf4j-parent-2.0.19.pom
[INFO] Downloaded from central: https://repo.maven.apache.org/maven2/org/slf4j/slf4j-parent/2.0.19/slf4j-parent-2.0.19.pom (14 kB at 484 kB/s)
[INFO] Downloading from central: https://repo.maven.apache.org/maven2/com/github/spotbugs/spotbugs-annotations/4.10.4/spotbugs-annotations-4.10.4.pom
[INFO] Downloaded from central: https://repo.maven.apache.org/maven2/com/github/spotbugs/spotbugs-annotations/4.10.4/spotbugs-annotations-4.10.4.pom (2.8 kB at 86 kB/s)
[INFO] Downloading from central: https://repo.maven.apache.org/maven2/com/google/code/gson/gson/2.14.0/gson-2.14.0.pom
[INFO] Downloaded from central: https://repo.maven.apache.org/maven2/com/google/code/gson/gson/2.14.0/gson-2.14.0.pom (23 kB at 712 kB/s)
[INFO] Downloading from central: https://repo.maven.apache.org/maven2/com/google/code/gson/gson-parent/2.14.0/gson-parent-2.14.0.pom
[INFO] Downloaded from central: https://repo.maven.apache.org/maven2/com/google/code/gson/gson-parent/2.14.0/gson-parent-2.14.0.pom (27 kB at 1.1 MB/s)
[INFO] Downloading from central: https://repo.maven.apache.org/maven2/com/google/errorprone/error_prone_annotations/2.48.0/error_prone_annotations-2.48.0.pom
[INFO] Downloaded from central: https://repo.maven.apache.org/maven2/com/google/errorprone/error_prone_annotations/2.48.0/error_prone_annotations-2.48.0.pom (4.3 kB at 185 kB/s)
[INFO] Downloading from central: https://repo.maven.apache.org/maven2/com/google/errorprone/error_prone_parent/2.48.0/error_prone_parent-2.48.0.pom
[INFO] Downloaded from central: https://repo.maven.apache.org/maven2/com/google/errorprone/error_prone_parent/2.48.0/error_prone_parent-2.48.0.pom (16 kB at 611 kB/s)
[INFO] Downloading from central: https://repo.maven.apache.org/maven2/jaxen/jaxen/2.0.6/jaxen-2.0.6.pom
[INFO] Downloaded from central: https://repo.maven.apache.org/maven2/jaxen/jaxen/2.0.6/jaxen-2.0.6.pom (6.7 kB at 223 kB/s)
[INFO] Downloading from central: https://repo.maven.apache.org/maven2/jaxen/jaxen-parent/2.0.6/jaxen-parent-2.0.6.pom
[INFO] Downloaded from central: https://repo.maven.apache.org/maven2/jaxen/jaxen-parent/2.0.6/jaxen-parent-2.0.6.pom (16 kB at 619 kB/s)
[INFO] Downloading from central: https://repo.maven.apache.org/maven2/net/sf/saxon/Saxon-HE/12.10/Saxon-HE-12.10.pom
[INFO] Downloaded from central: https://repo.maven.apache.org/maven2/net/sf/saxon/Saxon-HE/12.10/Saxon-HE-12.10.pom (3.2 kB at 77 kB/s)
[INFO] Downloading from central: https://repo.maven.apache.org/maven2/org/xmlresolver/xmlresolver/5.3.3/xmlresolver-5.3.3.pom
[INFO] Downloaded from central: https://repo.maven.apache.org/maven2/org/xmlresolver/xmlresolver/5.3.3/xmlresolver-5.3.3.pom (1.5 kB at 52 kB/s)
[INFO] Downloading from central: https://repo.maven.apache.org/maven2/org/apache/logging/log4j/log4j-core/2.26.1/log4j-core-2.26.1.pom
[INFO] Downloaded from central: https://repo.maven.apache.org/maven2/org/apache/logging/log4j/log4j-core/2.26.1/log4j-core-2.26.1.pom (9.5 kB at 351 kB/s)
[INFO] Downloading from central: https://repo.maven.apache.org/maven2/org/apache/logging/log4j/log4j/2.26.1/log4j-2.26.1.pom
[INFO] Downloaded from central: https://repo.maven.apache.org/maven2/org/apache/logging/log4j/log4j/2.26.1/log4j-2.26.1.pom (41 kB at 1.1 MB/s)
[INFO] Downloading from central: https://repo.maven.apache.org/maven2/org/apache/logging/log4j/log4j-bom/2.26.1/log4j-bom-2.26.1.pom
[INFO] Downloaded from central: https://repo.maven.apache.org/maven2/org/apache/logging/log4j/log4j-bom/2.26.1/log4j-bom-2.26.1.pom (12 kB at 454 kB/s)
[INFO] Downloading from central: https://repo.maven.apache.org/maven2/org/apache/groovy/groovy-bom/4.0.27/groovy-bom-4.0.27.pom
[INFO] Downloaded from central: https://repo.maven.apache.org/maven2/org/apache/groovy/groovy-bom/4.0.27/groovy-bom-4.0.27.pom (27 kB at 909 kB/s)
[INFO] Downloading from central: https://repo.maven.apache.org/maven2/com/fasterxml/jackson/jackson-bom/2.19.2/jackson-bom-2.19.2.pom
[INFO] Downloaded from central: https://repo.maven.apache.org/maven2/com/fasterxml/jackson/jackson-bom/2.19.2/jackson-bom-2.19.2.pom (20 kB at 595 kB/s)
[INFO] Downloading from central: https://repo.maven.apache.org/maven2/org/apache/logging/log4j/log4j-api/2.26.1/log4j-api-2.26.1.pom
[INFO] Downloaded from central: https://repo.maven.apache.org/maven2/org/apache/logging/log4j/log4j-api/2.26.1/log4j-api-2.26.1.pom (4.5 kB at 174 kB/s)
[INFO] Downloading from central: https://repo.maven.apache.org/maven2/org/apache/logging/log4j/log4j-to-slf4j/2.26.1/log4j-to-slf4j-2.26.1.pom
[INFO] Downloaded from central: https://repo.maven.apache.org/maven2/org/apache/logging/log4j/log4j-to-slf4j/2.26.1/log4j-to-slf4j-2.26.1.pom (5.5 kB at 211 kB/s)
[INFO] Downloading from central: https://repo.maven.apache.org/maven2/org/slf4j/slf4j-simple/2.0.19/slf4j-simple-2.0.19.pom
[INFO] Downloaded from central: https://repo.maven.apache.org/maven2/org/slf4j/slf4j-simple/2.0.19/slf4j-simple-2.0.19.pom (1.3 kB at 41 kB/s)
[INFO] Downloading from central: https://repo.maven.apache.org/maven2/org/apache/groovy/groovy/5.1.1/groovy-5.1.1.pom
[INFO] Downloaded from central: https://repo.maven.apache.org/maven2/org/apache/groovy/groovy/5.1.1/groovy-5.1.1.pom (24 kB at 861 kB/s)
[INFO] Downloading from central: https://repo.maven.apache.org/maven2/org/apache/groovy/groovy-docgenerator/5.1.1/groovy-docgenerator-5.1.1.pom
[INFO] Downloaded from central: https://repo.maven.apache.org/maven2/org/apache/groovy/groovy-docgenerator/5.1.1/groovy-docgenerator-5.1.1.pom (23 kB at 791 kB/s)
[INFO] Downloading from central: https://repo.maven.apache.org/maven2/org/apache/groovy/groovy-templates/5.1.1/groovy-templates-5.1.1.pom
[INFO] Downloaded from central: https://repo.maven.apache.org/maven2/org/apache/groovy/groovy-templates/5.1.1/groovy-templates-5.1.1.pom (23 kB at 875 kB/s)
[INFO] Downloading from central: https://repo.maven.apache.org/maven2/org/apache/groovy/groovy-xml/5.1.1/groovy-xml-5.1.1.pom
[INFO] Downloaded from central: https://repo.maven.apache.org/maven2/org/apache/groovy/groovy-xml/5.1.1/groovy-xml-5.1.1.pom (23 kB at 940 kB/s)
[INFO] Downloading from central: https://repo.maven.apache.org/maven2/org/apache/groovy/groovy-groovydoc/5.1.1/groovy-groovydoc-5.1.1.pom
[INFO] Downloaded from central: https://repo.maven.apache.org/maven2/org/apache/groovy/groovy-groovydoc/5.1.1/groovy-groovydoc-5.1.1.pom (23 kB at 747 kB/s)
[INFO] Downloading from central: https://repo.maven.apache.org/maven2/com/github/javaparser/javaparser-core/3.28.2/javaparser-core-3.28.2.pom
[INFO] Downloaded from central: https://repo.maven.apache.org/maven2/com/github/javaparser/javaparser-core/3.28.2/javaparser-core-3.28.2.pom (5.0 kB at 113 kB/s)
[INFO] Downloading from central: https://repo.maven.apache.org/maven2/com/github/javaparser/javaparser-parent/3.28.2/javaparser-parent-3.28.2.pom
[INFO] Downloaded from central: https://repo.maven.apache.org/maven2/com/github/javaparser/javaparser-parent/3.28.2/javaparser-parent-3.28.2.pom (26 kB at 695 kB/s)
[INFO] Downloading from central: https://repo.maven.apache.org/maven2/org/apache/groovy/groovy-json/5.1.1/groovy-json-5.1.1.pom
[INFO] Downloaded from central: https://repo.maven.apache.org/maven2/org/apache/groovy/groovy-json/5.1.1/groovy-json-5.1.1.pom (23 kB at 903 kB/s)
[INFO] Downloading from central: https://repo.maven.apache.org/maven2/org/apache/maven/reporting/maven-reporting-impl/4.0.0/maven-reporting-impl-4.0.0.pom
[INFO] Downloaded from central: https://repo.maven.apache.org/maven2/org/apache/maven/reporting/maven-reporting-impl/4.0.0/maven-reporting-impl-4.0.0.pom (8.8 kB at 325 kB/s)
[INFO] Downloading from central: https://repo.maven.apache.org/maven2/org/junit/junit-bom/5.11.2/junit-bom-5.11.2.pom
[INFO] Downloaded from central: https://repo.maven.apache.org/maven2/org/junit/junit-bom/5.11.2/junit-bom-5.11.2.pom (5.6 kB at 188 kB/s)
[INFO] Downloading from central: https://repo.maven.apache.org/maven2/org/apache/maven/doxia/doxia-site-model/2.1.0/doxia-site-model-2.1.0.pom
[INFO] Downloaded from central: https://repo.maven.apache.org/maven2/org/apache/maven/doxia/doxia-site-model/2.1.0/doxia-site-model-2.1.0.pom (5.7 kB at 149 kB/s)
[INFO] Downloading from central: https://repo.maven.apache.org/maven2/org/apache/maven/doxia/doxia-sitetools/2.1.0/doxia-sitetools-2.1.0.pom
[INFO] Downloaded from central: https://repo.maven.apache.org/maven2/org/apache/maven/doxia/doxia-sitetools/2.1.0/doxia-sitetools-2.1.0.pom (12 kB at 417 kB/s)
[INFO] Downloading from central: https://repo.maven.apache.org/maven2/org/eclipse/sisu/org.eclipse.sisu.plexus/1.1.0/org.eclipse.sisu.plexus-1.1.0.pom
[INFO] Downloaded from central: https://repo.maven.apache.org/maven2/org/eclipse/sisu/org.eclipse.sisu.plexus/1.1.0/org.eclipse.sisu.plexus-1.1.0.pom (18 kB at 533 kB/s)
[INFO] Downloading from central: https://repo.maven.apache.org/maven2/org/eclipse/sisu/sisu-inject/1.1.0/sisu-inject-1.1.0.pom
[INFO] Downloaded from central: https://repo.maven.apache.org/maven2/org/eclipse/sisu/sisu-inject/1.1.0/sisu-inject-1.1.0.pom (28 kB at 688 kB/s)
[INFO] Downloading from central: https://repo.maven.apache.org/maven2/org/eclipse/sisu/org.eclipse.sisu.inject/1.1.0/org.eclipse.sisu.inject-1.1.0.pom
[INFO] Downloaded from central: https://repo.maven.apache.org/maven2/org/eclipse/sisu/org.eclipse.sisu.inject/1.1.0/org.eclipse.sisu.inject-1.1.0.pom (18 kB at 641 kB/s)
[INFO] Downloading from central: https://repo.maven.apache.org/maven2/org/codehaus/plexus/plexus-component-annotations/2.2.0/plexus-component-annotations-2.2.0.pom
[INFO] Downloaded from central: https://repo.maven.apache.org/maven2/org/codehaus/plexus/plexus-component-annotations/2.2.0/plexus-component-annotations-2.2.0.pom (736 B at 26 kB/s)
[INFO] Downloading from central: https://repo.maven.apache.org/maven2/org/codehaus/plexus/plexus-containers/2.2.0/plexus-containers-2.2.0.pom
[INFO] Downloaded from central: https://repo.maven.apache.org/maven2/org/codehaus/plexus/plexus-containers/2.2.0/plexus-containers-2.2.0.pom (2.3 kB at 77 kB/s)
[INFO] Downloading from central: https://repo.maven.apache.org/maven2/org/codehaus/plexus/plexus-classworlds/2.12.0/plexus-classworlds-2.12.0.pom
[INFO] Downloaded from central: https://repo.maven.apache.org/maven2/org/codehaus/plexus/plexus-classworlds/2.12.0/plexus-classworlds-2.12.0.pom (7.4 kB at 255 kB/s)
[INFO] Downloading from central: https://repo.maven.apache.org/maven2/org/apache/maven/doxia/doxia-core/2.1.0/doxia-core-2.1.0.pom
[INFO] Downloaded from central: https://repo.maven.apache.org/maven2/org/apache/maven/doxia/doxia-core/2.1.0/doxia-core-2.1.0.pom (2.9 kB at 121 kB/s)
[INFO] Downloading from central: https://repo.maven.apache.org/maven2/org/apache/maven/doxia/doxia-integration-tools/2.1.0/doxia-integration-tools-2.1.0.pom
[INFO] Downloaded from central: https://repo.maven.apache.org/maven2/org/apache/maven/doxia/doxia-integration-tools/2.1.0/doxia-integration-tools-2.1.0.pom (7.5 kB at 221 kB/s)
[INFO] Downloading from central: https://repo.maven.apache.org/maven2/org/codehaus/plexus/plexus-i18n/1.1.0/plexus-i18n-1.1.0.pom
[INFO] Downloaded from central: https://repo.maven.apache.org/maven2/org/codehaus/plexus/plexus-i18n/1.1.0/plexus-i18n-1.1.0.pom (2.8 kB at 73 kB/s)
[INFO] Downloading from central: https://repo.maven.apache.org/maven2/org/codehaus/plexus/plexus-interpolation/1.30.0/plexus-interpolation-1.30.0.pom
[INFO] Downloaded from central: https://repo.maven.apache.org/maven2/org/codehaus/plexus/plexus-interpolation/1.30.0/plexus-interpolation-1.30.0.pom (4.5 kB at 162 kB/s)
[INFO] Downloading from central: https://repo.maven.apache.org/maven2/org/apache/maven/doxia/doxia-site-renderer/2.1.0/doxia-site-renderer-2.1.0.pom
[INFO] Downloaded from central: https://repo.maven.apache.org/maven2/org/apache/maven/doxia/doxia-site-renderer/2.1.0/doxia-site-renderer-2.1.0.pom (8.1 kB at 302 kB/s)
[INFO] Downloading from central: https://repo.maven.apache.org/maven2/org/apache/maven/doxia/doxia-skin-model/2.1.0/doxia-skin-model-2.1.0.pom
[INFO] Downloaded from central: https://repo.maven.apache.org/maven2/org/apache/maven/doxia/doxia-skin-model/2.1.0/doxia-skin-model-2.1.0.pom (2.9 kB at 117 kB/s)
[INFO] Downloading from central: https://repo.maven.apache.org/maven2/org/apache/maven/doxia/doxia-module-xhtml5/2.1.0/doxia-module-xhtml5-2.1.0.pom
[INFO] Downloaded from central: https://repo.maven.apache.org/maven2/org/apache/maven/doxia/doxia-module-xhtml5/2.1.0/doxia-module-xhtml5-2.1.0.pom (2.2 kB at 76 kB/s)
[INFO] Downloading from central: https://repo.maven.apache.org/maven2/org/apache/maven/doxia/doxia-modules/2.1.0/doxia-modules-2.1.0.pom
[INFO] Downloaded from central: https://repo.maven.apache.org/maven2/org/apache/maven/doxia/doxia-modules/2.1.0/doxia-modules-2.1.0.pom (2.4 kB at 92 kB/s)
[INFO] Downloading from central: https://repo.maven.apache.org/maven2/org/codehaus/plexus/plexus-velocity/2.4.0/plexus-velocity-2.4.0.pom
[INFO] Downloaded from central: https://repo.maven.apache.org/maven2/org/codehaus/plexus/plexus-velocity/2.4.0/plexus-velocity-2.4.0.pom (4.7 kB at 224 kB/s)
[INFO] Downloading from central: https://repo.maven.apache.org/maven2/org/apache/velocity/tools/velocity-tools-generic/3.1/velocity-tools-generic-3.1.pom
[INFO] Downloaded from central: https://repo.maven.apache.org/maven2/org/apache/velocity/tools/velocity-tools-generic/3.1/velocity-tools-generic-3.1.pom (2.6 kB at 95 kB/s)
[INFO] Downloading from central: https://repo.maven.apache.org/maven2/org/apache/velocity/tools/velocity-tools-parent/3.1/velocity-tools-parent-3.1.pom
[INFO] Downloaded from central: https://repo.maven.apache.org/maven2/org/apache/velocity/tools/velocity-tools-parent/3.1/velocity-tools-parent-3.1.pom (8.0 kB at 334 kB/s)
[INFO] Downloading from central: https://repo.maven.apache.org/maven2/org/apache/velocity/velocity-master/4/velocity-master-4.pom
[INFO] Downloaded from central: https://repo.maven.apache.org/maven2/org/apache/velocity/velocity-master/4/velocity-master-4.pom (7.8 kB at 338 kB/s)
[INFO] Downloading from central: https://repo.maven.apache.org/maven2/commons-beanutils/commons-beanutils/1.11.0/commons-beanutils-1.11.0.pom
[INFO] Downloaded from central: https://repo.maven.apache.org/maven2/commons-beanutils/commons-beanutils/1.11.0/commons-beanutils-1.11.0.pom (19 kB at 695 kB/s)
[INFO] Downloading from central: https://repo.maven.apache.org/maven2/org/apache/commons/commons-parent/84/commons-parent-84.pom
[INFO] Downloaded from central: https://repo.maven.apache.org/maven2/org/apache/commons/commons-parent/84/commons-parent-84.pom (78 kB at 2.4 MB/s)
[INFO] Downloading from central: https://repo.maven.apache.org/maven2/commons-logging/commons-logging/1.4.0/commons-logging-1.4.0.pom
[INFO] Downloaded from central: https://repo.maven.apache.org/maven2/commons-logging/commons-logging/1.4.0/commons-logging-1.4.0.pom (33 kB at 1.1 MB/s)
[INFO] Downloading from central: https://repo.maven.apache.org/maven2/org/apache/commons/commons-parent/102/commons-parent-102.pom
[INFO] Downloaded from central: https://repo.maven.apache.org/maven2/org/apache/commons/commons-parent/102/commons-parent-102.pom (80 kB at 2.7 MB/s)
[INFO] Downloading from central: https://repo.maven.apache.org/maven2/org/apache/apache/38/apache-38.pom
[INFO] Downloaded from central: https://repo.maven.apache.org/maven2/org/apache/apache/38/apache-38.pom (26 kB at 692 kB/s)
[INFO] Downloading from central: https://repo.maven.apache.org/maven2/org/apache/commons/commons-digester3/3.2/commons-digester3-3.2.pom
[INFO] Downloaded from central: https://repo.maven.apache.org/maven2/org/apache/commons/commons-digester3/3.2/commons-digester3-3.2.pom (18 kB at 607 kB/s)
[INFO] Downloading from central: https://repo.maven.apache.org/maven2/org/apache/commons/commons-parent/22/commons-parent-22.pom
[INFO] Downloaded from central: https://repo.maven.apache.org/maven2/org/apache/commons/commons-parent/22/commons-parent-22.pom (42 kB at 1.4 MB/s)
[INFO] Downloading from central: https://repo.maven.apache.org/maven2/org/apache/apache/9/apache-9.pom
[INFO] Downloaded from central: https://repo.maven.apache.org/maven2/org/apache/apache/9/apache-9.pom (15 kB at 489 kB/s)
[INFO] Downloading from central: https://repo.maven.apache.org/maven2/com/github/cliftonlabs/json-simple/3.0.2/json-simple-3.0.2.pom
[INFO] Downloaded from central: https://repo.maven.apache.org/maven2/com/github/cliftonlabs/json-simple/3.0.2/json-simple-3.0.2.pom (7.5 kB at 182 kB/s)
[INFO] Downloading from central: https://repo.maven.apache.org/maven2/org/apache/maven/doxia/doxia-module-apt/2.0.0/doxia-module-apt-2.0.0.pom
[INFO] Downloaded from central: https://repo.maven.apache.org/maven2/org/apache/maven/doxia/doxia-module-apt/2.0.0/doxia-module-apt-2.0.0.pom (2.9 kB at 102 kB/s)
[INFO] Downloading from central: https://repo.maven.apache.org/maven2/org/apache/maven/doxia/doxia-modules/2.0.0/doxia-modules-2.0.0.pom
[INFO] Downloaded from central: https://repo.maven.apache.org/maven2/org/apache/maven/doxia/doxia-modules/2.0.0/doxia-modules-2.0.0.pom (2.5 kB at 100 kB/s)
[INFO] Downloading from central: https://repo.maven.apache.org/maven2/org/apache/maven/doxia/doxia/2.0.0/doxia-2.0.0.pom
[INFO] Downloaded from central: https://repo.maven.apache.org/maven2/org/apache/maven/doxia/doxia/2.0.0/doxia-2.0.0.pom (17 kB at 615 kB/s)
[INFO] Downloading from central: https://repo.maven.apache.org/maven2/org/junit/junit-bom/5.11.1/junit-bom-5.11.1.pom
[INFO] Downloaded from central: https://repo.maven.apache.org/maven2/org/junit/junit-bom/5.11.1/junit-bom-5.11.1.pom (5.6 kB at 195 kB/s)
[INFO] Downloading from central: https://repo.maven.apache.org/maven2/org/apache/maven/doxia/doxia-module-xdoc/2.0.0/doxia-module-xdoc-2.0.0.pom
[INFO] Downloaded from central: https://repo.maven.apache.org/maven2/org/apache/maven/doxia/doxia-module-xdoc/2.0.0/doxia-module-xdoc-2.0.0.pom (5.4 kB at 168 kB/s)
[INFO] Downloading from central: https://repo.maven.apache.org/maven2/org/checkerframework/checker-qual/4.2.2/checker-qual-4.2.2.pom
[INFO] Downloaded from central: https://repo.maven.apache.org/maven2/org/checkerframework/checker-qual/4.2.2/checker-qual-4.2.2.pom (2.1 kB at 58 kB/s)
[INFO] Downloading from central: https://repo.maven.apache.org/maven2/com/github/spotbugs/spotbugs/4.10.4/spotbugs-4.10.4.jar
[INFO] Downloaded from central: https://repo.maven.apache.org/maven2/com/github/spotbugs/spotbugs/4.10.4/spotbugs-4.10.4.jar (4.0 MB at 25 MB/s)
[INFO] Downloading from central: https://repo.maven.apache.org/maven2/org/ow2/asm/asm-analysis/9.10.1/asm-analysis-9.10.1.jar
[INFO] Downloading from central: https://repo.maven.apache.org/maven2/org/ow2/asm/asm-util/9.10.1/asm-util-9.10.1.jar
[INFO] Downloading from central: https://repo.maven.apache.org/maven2/org/apache/bcel/bcel/6.12.0/bcel-6.12.0.jar
[INFO] Downloading from central: https://repo.maven.apache.org/maven2/com/github/stephenc/jcip/jcip-annotations/1.0-1/jcip-annotations-1.0-1.jar
[INFO] Downloading from central: https://repo.maven.apache.org/maven2/org/dom4j/dom4j/2.2.0/dom4j-2.2.0.jar
[INFO] Downloaded from central: https://repo.maven.apache.org/maven2/org/ow2/asm/asm-util/9.10.1/asm-util-9.10.1.jar (96 kB at 2.1 MB/s)
[INFO] Downloading from central: https://repo.maven.apache.org/maven2/com/github/spotbugs/spotbugs-annotations/4.10.4/spotbugs-annotations-4.10.4.jar
[INFO] Downloaded from central: https://repo.maven.apache.org/maven2/com/github/stephenc/jcip/jcip-annotations/1.0-1/jcip-annotations-1.0-1.jar (4.7 kB at 69 kB/s)
[INFO] Downloading from central: https://repo.maven.apache.org/maven2/com/google/code/gson/gson/2.14.0/gson-2.14.0.jar
[INFO] Downloaded from central: https://repo.maven.apache.org/maven2/com/github/spotbugs/spotbugs-annotations/4.10.4/spotbugs-annotations-4.10.4.jar (15 kB at 203 kB/s)
[INFO] Downloading from central: https://repo.maven.apache.org/maven2/com/google/errorprone/error_prone_annotations/2.48.0/error_prone_annotations-2.48.0.jar
[INFO] Downloaded from central: https://repo.maven.apache.org/maven2/org/ow2/asm/asm-analysis/9.10.1/asm-analysis-9.10.1.jar (35 kB at 462 kB/s)
[INFO] Downloading from central: https://repo.maven.apache.org/maven2/jaxen/jaxen/2.0.6/jaxen-2.0.6.jar
[INFO] Downloaded from central: https://repo.maven.apache.org/maven2/org/dom4j/dom4j/2.2.0/dom4j-2.2.0.jar (332 kB at 4.1 MB/s)
[INFO] Downloading from central: https://repo.maven.apache.org/maven2/net/sf/saxon/Saxon-HE/12.10/Saxon-HE-12.10.jar
[INFO] Downloaded from central: https://repo.maven.apache.org/maven2/com/google/errorprone/error_prone_annotations/2.48.0/error_prone_annotations-2.48.0.jar (20 kB at 188 kB/s)
[INFO] Downloading from central: https://repo.maven.apache.org/maven2/org/xmlresolver/xmlresolver/5.3.3/xmlresolver-5.3.3.jar
[INFO] Downloaded from central: https://repo.maven.apache.org/maven2/jaxen/jaxen/2.0.6/jaxen-2.0.6.jar (225 kB at 2.0 MB/s)
[INFO] Downloading from central: https://repo.maven.apache.org/maven2/org/xmlresolver/xmlresolver/5.3.3/xmlresolver-5.3.3-data.jar
[INFO] Downloaded from central: https://repo.maven.apache.org/maven2/org/apache/bcel/bcel/6.12.0/bcel-6.12.0.jar (741 kB at 6.3 MB/s)
[INFO] Downloading from central: https://repo.maven.apache.org/maven2/org/apache/logging/log4j/log4j-core/2.26.1/log4j-core-2.26.1.jar
[INFO] Downloaded from central: https://repo.maven.apache.org/maven2/com/google/code/gson/gson/2.14.0/gson-2.14.0.jar (314 kB at 2.5 MB/s)
[INFO] Downloading from central: https://repo.maven.apache.org/maven2/org/apache/logging/log4j/log4j-to-slf4j/2.26.1/log4j-to-slf4j-2.26.1.jar
[INFO] Downloaded from central: https://repo.maven.apache.org/maven2/org/xmlresolver/xmlresolver/5.3.3/xmlresolver-5.3.3.jar (168 kB at 1.2 MB/s)
[INFO] Downloading from central: https://repo.maven.apache.org/maven2/org/apache/logging/log4j/log4j-api/2.26.1/log4j-api-2.26.1.jar
[INFO] Downloaded from central: https://repo.maven.apache.org/maven2/org/apache/logging/log4j/log4j-to-slf4j/2.26.1/log4j-to-slf4j-2.26.1.jar (24 kB at 162 kB/s)
[INFO] Downloading from central: https://repo.maven.apache.org/maven2/org/slf4j/slf4j-api/2.0.19/slf4j-api-2.0.19.jar
[INFO] Downloaded from central: https://repo.maven.apache.org/maven2/org/xmlresolver/xmlresolver/5.3.3/xmlresolver-5.3.3-data.jar (1.0 MB at 6.7 MB/s)
[INFO] Downloading from central: https://repo.maven.apache.org/maven2/org/slf4j/slf4j-simple/2.0.19/slf4j-simple-2.0.19.jar
[INFO] Downloaded from central: https://repo.maven.apache.org/maven2/org/slf4j/slf4j-api/2.0.19/slf4j-api-2.0.19.jar (70 kB at 390 kB/s)
[INFO] Downloading from central: https://repo.maven.apache.org/maven2/org/apache/groovy/groovy/5.1.1/groovy-5.1.1.jar
[INFO] Downloaded from central: https://repo.maven.apache.org/maven2/org/slf4j/slf4j-simple/2.0.19/slf4j-simple-2.0.19.jar (16 kB at 87 kB/s)
[INFO] Downloading from central: https://repo.maven.apache.org/maven2/org/apache/groovy/groovy-docgenerator/5.1.1/groovy-docgenerator-5.1.1.jar
[INFO] Downloaded from central: https://repo.maven.apache.org/maven2/org/apache/logging/log4j/log4j-api/2.26.1/log4j-api-2.26.1.jar (351 kB at 1.8 MB/s)
[INFO] Downloading from central: https://repo.maven.apache.org/maven2/org/apache/groovy/groovy-groovydoc/5.1.1/groovy-groovydoc-5.1.1.jar
[INFO] Downloaded from central: https://repo.maven.apache.org/maven2/org/apache/logging/log4j/log4j-core/2.26.1/log4j-core-2.26.1.jar (2.0 MB at 10 MB/s)
[INFO] Downloading from central: https://repo.maven.apache.org/maven2/org/apache/groovy/groovy-json/5.1.1/groovy-json-5.1.1.jar
[INFO] Downloaded from central: https://repo.maven.apache.org/maven2/org/apache/groovy/groovy-docgenerator/5.1.1/groovy-docgenerator-5.1.1.jar (122 kB at 553 kB/s)
[INFO] Downloading from central: https://repo.maven.apache.org/maven2/org/apache/groovy/groovy-templates/5.1.1/groovy-templates-5.1.1.jar
[INFO] Downloaded from central: https://repo.maven.apache.org/maven2/org/apache/groovy/groovy-groovydoc/5.1.1/groovy-groovydoc-5.1.1.jar (154 kB at 690 kB/s)
[INFO] Downloading from central: https://repo.maven.apache.org/maven2/org/apache/groovy/groovy-xml/5.1.1/groovy-xml-5.1.1.jar
[INFO] Downloaded from central: https://repo.maven.apache.org/maven2/net/sf/saxon/Saxon-HE/12.10/Saxon-HE-12.10.jar (5.8 MB at 25 MB/s)
[INFO] Downloading from central: https://repo.maven.apache.org/maven2/com/github/javaparser/javaparser-core/3.28.2/javaparser-core-3.28.2.jar
[INFO] Downloaded from central: https://repo.maven.apache.org/maven2/org/apache/groovy/groovy-json/5.1.1/groovy-json-5.1.1.jar (139 kB at 571 kB/s)
[INFO] Downloading from central: https://repo.maven.apache.org/maven2/org/apache/maven/reporting/maven-reporting-impl/4.0.0/maven-reporting-impl-4.0.0.jar
[INFO] Downloaded from central: https://repo.maven.apache.org/maven2/org/apache/groovy/groovy-templates/5.1.1/groovy-templates-5.1.1.jar (98 kB at 383 kB/s)
[INFO] Downloading from central: https://repo.maven.apache.org/maven2/org/apache/maven/doxia/doxia-site-model/2.1.0/doxia-site-model-2.1.0.jar
[INFO] Downloaded from central: https://repo.maven.apache.org/maven2/org/apache/groovy/groovy-xml/5.1.1/groovy-xml-5.1.1.jar (224 kB at 844 kB/s)
[INFO] Downloading from central: https://repo.maven.apache.org/maven2/org/apache/maven/doxia/doxia-integration-tools/2.1.0/doxia-integration-tools-2.1.0.jar
[INFO] Downloaded from central: https://repo.maven.apache.org/maven2/org/apache/maven/doxia/doxia-site-model/2.1.0/doxia-site-model-2.1.0.jar (92 kB at 319 kB/s)
[INFO] Downloading from central: https://repo.maven.apache.org/maven2/org/codehaus/plexus/plexus-i18n/1.1.0/plexus-i18n-1.1.0.jar
[INFO] Downloaded from central: https://repo.maven.apache.org/maven2/org/apache/maven/doxia/doxia-integration-tools/2.1.0/doxia-integration-tools-2.1.0.jar (51 kB at 173 kB/s)
[INFO] Downloading from central: https://repo.maven.apache.org/maven2/org/codehaus/plexus/plexus-interpolation/1.30.0/plexus-interpolation-1.30.0.jar
[INFO] Downloaded from central: https://repo.maven.apache.org/maven2/org/apache/maven/reporting/maven-reporting-impl/4.0.0/maven-reporting-impl-4.0.0.jar (21 kB at 71 kB/s)
[INFO] Downloading from central: https://repo.maven.apache.org/maven2/org/apache/maven/doxia/doxia-site-renderer/2.1.0/doxia-site-renderer-2.1.0.jar
[INFO] Downloaded from central: https://repo.maven.apache.org/maven2/com/github/javaparser/javaparser-core/3.28.2/javaparser-core-3.28.2.jar (1.5 MB at 4.9 MB/s)
[INFO] Downloading from central: https://repo.maven.apache.org/maven2/org/apache/maven/doxia/doxia-skin-model/2.1.0/doxia-skin-model-2.1.0.jar
[INFO] Downloaded from central: https://repo.maven.apache.org/maven2/org/codehaus/plexus/plexus-i18n/1.1.0/plexus-i18n-1.1.0.jar (10 kB at 32 kB/s)
[INFO] Downloading from central: https://repo.maven.apache.org/maven2/org/apache/maven/doxia/doxia-module-xhtml5/2.1.0/doxia-module-xhtml5-2.1.0.jar
[INFO] Downloaded from central: https://repo.maven.apache.org/maven2/org/codehaus/plexus/plexus-interpolation/1.30.0/plexus-interpolation-1.30.0.jar (88 kB at 270 kB/s)
[INFO] Downloading from central: https://repo.maven.apache.org/maven2/org/codehaus/plexus/plexus-velocity/2.4.0/plexus-velocity-2.4.0.jar
[INFO] Downloaded from central: https://repo.maven.apache.org/maven2/org/apache/groovy/groovy/5.1.1/groovy-5.1.1.jar (8.2 MB at 24 MB/s)
[INFO] Downloading from central: https://repo.maven.apache.org/maven2/org/apache/velocity/tools/velocity-tools-generic/3.1/velocity-tools-generic-3.1.jar
[INFO] Downloaded from central: https://repo.maven.apache.org/maven2/org/apache/maven/doxia/doxia-skin-model/2.1.0/doxia-skin-model-2.1.0.jar (19 kB at 56 kB/s)
[INFO] Downloading from central: https://repo.maven.apache.org/maven2/commons-beanutils/commons-beanutils/1.11.0/commons-beanutils-1.11.0.jar
[INFO] Downloaded from central: https://repo.maven.apache.org/maven2/org/apache/maven/doxia/doxia-site-renderer/2.1.0/doxia-site-renderer-2.1.0.jar (1.4 MB at 4.0 MB/s)
[INFO] Downloading from central: https://repo.maven.apache.org/maven2/commons-logging/commons-logging/1.4.0/commons-logging-1.4.0.jar
[INFO] Downloaded from central: https://repo.maven.apache.org/maven2/org/apache/maven/doxia/doxia-module-xhtml5/2.1.0/doxia-module-xhtml5-2.1.0.jar (17 kB at 47 kB/s)
[INFO] Downloading from central: https://repo.maven.apache.org/maven2/commons-collections/commons-collections/3.2.2/commons-collections-3.2.2.jar
[INFO] Downloaded from central: https://repo.maven.apache.org/maven2/org/codehaus/plexus/plexus-velocity/2.4.0/plexus-velocity-2.4.0.jar (6.4 kB at 18 kB/s)
[INFO] Downloading from central: https://repo.maven.apache.org/maven2/org/apache/commons/commons-digester3/3.2/commons-digester3-3.2.jar
[INFO] Downloaded from central: https://repo.maven.apache.org/maven2/org/apache/velocity/tools/velocity-tools-generic/3.1/velocity-tools-generic-3.1.jar (217 kB at 599 kB/s)
[INFO] Downloading from central: https://repo.maven.apache.org/maven2/com/github/cliftonlabs/json-simple/3.0.2/json-simple-3.0.2.jar
[INFO] Downloaded from central: https://repo.maven.apache.org/maven2/commons-beanutils/commons-beanutils/1.11.0/commons-beanutils-1.11.0.jar (247 kB at 669 kB/s)
[INFO] Downloading from central: https://repo.maven.apache.org/maven2/org/apache/maven/doxia/doxia-module-apt/2.0.0/doxia-module-apt-2.0.0.jar
[INFO] Downloaded from central: https://repo.maven.apache.org/maven2/com/github/cliftonlabs/json-simple/3.0.2/json-simple-3.0.2.jar (35 kB at 91 kB/s)
[INFO] Downloading from central: https://repo.maven.apache.org/maven2/org/apache/maven/doxia/doxia-module-xdoc/2.0.0/doxia-module-xdoc-2.0.0.jar
[INFO] Downloaded from central: https://repo.maven.apache.org/maven2/commons-logging/commons-logging/1.4.0/commons-logging-1.4.0.jar (76 kB at 191 kB/s)
[INFO] Downloaded from central: https://repo.maven.apache.org/maven2/org/apache/maven/doxia/doxia-module-apt/2.0.0/doxia-module-apt-2.0.0.jar (54 kB at 136 kB/s)
[INFO] Downloading from central: https://repo.maven.apache.org/maven2/org/eclipse/sisu/org.eclipse.sisu.plexus/1.1.0/org.eclipse.sisu.plexus-1.1.0.jar
[INFO] Downloading from central: https://repo.maven.apache.org/maven2/org/eclipse/sisu/org.eclipse.sisu.inject/1.1.0/org.eclipse.sisu.inject-1.1.0.jar
[INFO] Downloaded from central: https://repo.maven.apache.org/maven2/commons-collections/commons-collections/3.2.2/commons-collections-3.2.2.jar (588 kB at 1.5 MB/s)
[INFO] Downloading from central: https://repo.maven.apache.org/maven2/org/codehaus/plexus/plexus-component-annotations/2.2.0/plexus-component-annotations-2.2.0.jar
[INFO] Downloaded from central: https://repo.maven.apache.org/maven2/org/apache/commons/commons-digester3/3.2/commons-digester3-3.2.jar (242 kB at 597 kB/s)
[INFO] Downloading from central: https://repo.maven.apache.org/maven2/org/codehaus/plexus/plexus-classworlds/2.12.0/plexus-classworlds-2.12.0.jar
[INFO] Downloaded from central: https://repo.maven.apache.org/maven2/org/apache/maven/doxia/doxia-module-xdoc/2.0.0/doxia-module-xdoc-2.0.0.jar (35 kB at 85 kB/s)
[INFO] Downloading from central: https://repo.maven.apache.org/maven2/org/apache/maven/doxia/doxia-core/2.1.0/doxia-core-2.1.0.jar
[INFO] Downloaded from central: https://repo.maven.apache.org/maven2/org/codehaus/plexus/plexus-component-annotations/2.2.0/plexus-component-annotations-2.2.0.jar (4.2 kB at 9.7 kB/s)
[INFO] Downloading from central: https://repo.maven.apache.org/maven2/org/checkerframework/checker-qual/4.2.2/checker-qual-4.2.2.jar
[INFO] Downloaded from central: https://repo.maven.apache.org/maven2/org/eclipse/sisu/org.eclipse.sisu.inject/1.1.0/org.eclipse.sisu.inject-1.1.0.jar (307 kB at 710 kB/s)
[INFO] Downloaded from central: https://repo.maven.apache.org/maven2/org/codehaus/plexus/plexus-classworlds/2.12.0/plexus-classworlds-2.12.0.jar (54 kB at 125 kB/s)
[INFO] Downloaded from central: https://repo.maven.apache.org/maven2/org/apache/maven/doxia/doxia-core/2.1.0/doxia-core-2.1.0.jar (183 kB at 414 kB/s)
[INFO] Downloaded from central: https://repo.maven.apache.org/maven2/org/eclipse/sisu/org.eclipse.sisu.plexus/1.1.0/org.eclipse.sisu.plexus-1.1.0.jar (215 kB at 482 kB/s)
[INFO] Downloaded from central: https://repo.maven.apache.org/maven2/org/checkerframework/checker-qual/4.2.2/checker-qual-4.2.2.jar (243 kB at 529 kB/s)
[INFO] Done SpotBugs Analysis....
[INFO] Skipping com.github.spotbugs:spotbugs-maven-plugin:4.10.4.1:spotbugs report goal
[INFO] 
[INFO] <<< spotbugs:4.10.4.1:check (default-cli) < :spotbugs @ conference-registration-backend <<<
[INFO] 
[INFO] 
[INFO] --- spotbugs:4.10.4.1:check (default-cli) @ conference-registration-backend ---
[INFO] BugInstance size is 18
[INFO] Error size is 0
[INFO] Total bugs: 18
[ERROR] Medium: org.example.conference.notification.NotificationProperties.organizerRecipients() may expose internal representation by returning NotificationProperties.organizerRecipients [org.example.conference.notification.NotificationProperties] At NotificationProperties.java:[line 12] EI_EXPOSE_REP
[ERROR] Medium: org.example.conference.registration.api.ExternalRegistrationRequest.consents() may expose internal representation by returning ExternalRegistrationRequest.consents [org.example.conference.registration.api.ExternalRegistrationRequest] At ExternalRegistrationRequest.java:[line 18] EI_EXPOSE_REP
[ERROR] Medium: org.example.conference.registration.api.FormConfigResponse.consents() may expose internal representation by returning FormConfigResponse.consents [org.example.conference.registration.api.FormConfigResponse] At FormConfigResponse.java:[line 7] EI_EXPOSE_REP
[ERROR] Medium: org.example.conference.registration.api.FormConfigResponse.optionGroups() may expose internal representation by returning FormConfigResponse.optionGroups [org.example.conference.registration.api.FormConfigResponse] At FormConfigResponse.java:[line 7] EI_EXPOSE_REP
[ERROR] Medium: org.example.conference.registration.api.SelectionsRequest.events() may expose internal representation by returning SelectionsRequest.events [org.example.conference.registration.api.SelectionsRequest] At SelectionsRequest.java:[line 8] EI_EXPOSE_REP
[ERROR] Medium: org.example.conference.registration.api.SelectionsRequest.meals() may expose internal representation by returning SelectionsRequest.meals [org.example.conference.registration.api.SelectionsRequest] At SelectionsRequest.java:[line 8] EI_EXPOSE_REP
[ERROR] Medium: org.example.conference.registration.api.SelectionsRequest.otherActivities() may expose internal representation by returning SelectionsRequest.otherActivities [org.example.conference.registration.api.SelectionsRequest] At SelectionsRequest.java:[line 8] EI_EXPOSE_REP
[ERROR] Medium: org.example.conference.registration.api.SelectionsRequest.workshops() may expose internal representation by returning SelectionsRequest.workshops [org.example.conference.registration.api.SelectionsRequest] At SelectionsRequest.java:[line 8] EI_EXPOSE_REP
[ERROR] Medium: org.example.conference.registration.api.StudentRegistrationRequest.consents() may expose internal representation by returning StudentRegistrationRequest.consents [org.example.conference.registration.api.StudentRegistrationRequest] At StudentRegistrationRequest.java:[line 19] EI_EXPOSE_REP
[ERROR] Medium: Possible null pointer dereference in org.example.conference.registration.backup.BackupReconciler.idOf(Path) due to return value of called method [org.example.conference.registration.backup.BackupReconciler, org.example.conference.registration.backup.BackupReconciler] Dereferenced at BackupReconciler.java:[line 157]Known null at BackupReconciler.java:[line 157] NP_NULL_ON_SOME_PATH_FROM_RETURN_VALUE
[ERROR] Medium: Possible null pointer dereference in org.example.conference.registration.backup.BackupReconciler.quarantineOrphans(Set, Instant) due to return value of called method [org.example.conference.registration.backup.BackupReconciler, org.example.conference.registration.backup.BackupReconciler] Dereferenced at BackupReconciler.java:[line 129]Known null at BackupReconciler.java:[line 129] NP_NULL_ON_SOME_PATH_FROM_RETURN_VALUE
[ERROR] Medium: Exception thrown in class org.example.conference.registration.backup.BackupStore at new org.example.conference.registration.backup.BackupStore(BackupProperties, Clock) will leave the constructor. The object under construction remains partially initialized and may be vulnerable to Finalizer attacks. [org.example.conference.registration.backup.BackupStore, org.example.conference.registration.backup.BackupStore] At BackupStore.java:[line 47]At BackupStore.java:[line 47] CT_CONSTRUCTOR_THROW
[ERROR] Medium: org.example.conference.registration.service.RegistrationCommand.consents() may expose internal representation by returning RegistrationCommand.consents [org.example.conference.registration.service.RegistrationCommand] At RegistrationCommand.java:[line 9] EI_EXPOSE_REP
[ERROR] Medium: org.example.conference.registration.service.RegistrationCommand.fields() may expose internal representation by returning RegistrationCommand.fields [org.example.conference.registration.service.RegistrationCommand] At RegistrationCommand.java:[line 9] EI_EXPOSE_REP
[ERROR] Medium: org.example.conference.registration.service.RegistrationQuery$RegistrationView.consentIds() may expose internal representation by returning RegistrationQuery$RegistrationView.consentIds [org.example.conference.registration.service.RegistrationQuery$RegistrationView] At RegistrationQuery.java:[line 25] EI_EXPOSE_REP
[ERROR] Medium: org.example.conference.registration.service.RegistrationQuery$RegistrationView.selectionsByGroup() may expose internal representation by returning RegistrationQuery$RegistrationView.selectionsByGroup [org.example.conference.registration.service.RegistrationQuery$RegistrationView] At RegistrationQuery.java:[line 25] EI_EXPOSE_REP
[ERROR] Medium: org.example.conference.registration.service.ValidatedRegistration.grantedConsents() may expose internal representation by returning ValidatedRegistration.grantedConsents [org.example.conference.registration.service.ValidatedRegistration] At ValidatedRegistration.java:[line 10] EI_EXPOSE_REP
[ERROR] Medium: org.example.conference.registration.service.ValidatedRegistration.selections() may expose internal representation by returning ValidatedRegistration.selections [org.example.conference.registration.service.ValidatedRegistration] At ValidatedRegistration.java:[line 10] EI_EXPOSE_REP
[INFO] 


To see bug detail using the Spotbugs GUI, use the following command "mvn spotbugs:gui"



[INFO] ------------------------------------------------------------------------
[INFO] BUILD FAILURE
[INFO] ------------------------------------------------------------------------
[INFO] Total time:  23.919 s
[INFO] Finished at: 2026-09-28T18:44:19+02:00
[INFO] ------------------------------------------------------------------------
[ERROR] Failed to execute goal com.github.spotbugs:spotbugs-maven-plugin:4.10.4.1:check (default-cli) on project conference-registration-backend: failed with 18 bugs and 0 errors -> [Help 1]
[ERROR] 
[ERROR] To see the full stack trace of the errors, re-run Maven with the -e switch.
[ERROR] Re-run Maven using the -X switch to enable full debug logging.
[ERROR] 
[ERROR] For more information about the errors and possible solutions, please read the following articles:
[ERROR] [Help 1] http://cwiki.apache.org/confluence/display/MAVEN/MojoExecutionException
