$ (cwd=.) ./mvnw -B verify -Dit.test=ExportIT -Dtest=NoUnitTests -Dsurefire.failIfNoSpecifiedTests=false
# start=2026-09-28T16:39:48.807Z end=2026-09-28T16:40:22.780Z exit=0 elapsed_s=33.973

[INFO] Scanning for projects...
[INFO] 
[INFO] -------< org.example.conference:conference-registration-backend >-------
[INFO] Building conference-registration-backend 1.0.0
[INFO]   from pom.xml
[INFO] --------------------------------[ jar ]---------------------------------
[INFO] 
[INFO] --- jacoco:0.8.15:prepare-agent (prepare-unit) @ conference-registration-backend ---
[INFO] argLine set to -javaagent:/home/tjan-kazar/.m2/repository/org/jacoco/org.jacoco.agent/0.8.15/org.jacoco.agent-0.8.15-runtime.jar=destfile=/home/tjan-kazar/storage/Work/lab/single_agent/02_Implementation/backend/target/jacoco.exec
[INFO] 
[INFO] --- resources:3.3.1:resources (default-resources) @ conference-registration-backend ---
[INFO] Copying 3 resources from src/main/resources to target/classes
[INFO] Copying 1 resource from src/main/resources to target/classes
[INFO] 
[INFO] --- compiler:3.14.1:compile (default-compile) @ conference-registration-backend ---
[INFO] Nothing to compile - all classes are up to date.
[INFO] 
[INFO] --- resources:3.3.1:testResources (default-testResources) @ conference-registration-backend ---
[INFO] Copying 3 resources from src/test/resources to target/test-classes
[INFO] 
[INFO] --- compiler:3.14.1:testCompile (default-testCompile) @ conference-registration-backend ---
[INFO] Recompiling the module because of changed source code.
[INFO] Compiling 9 source files with javac [debug parameters release 21] to target/test-classes
[INFO] 
[INFO] --- surefire:3.5.6:test (default-test) @ conference-registration-backend ---
[INFO] 
[INFO] --- jacoco:0.8.15:report (report-unit) @ conference-registration-backend ---
[INFO] Loading execution data file /home/tjan-kazar/storage/Work/lab/single_agent/02_Implementation/backend/target/jacoco.exec
[INFO] Analyzed bundle 'conference-registration-backend' with 72 classes
[INFO] 
[INFO] --- jar:3.4.2:jar (default-jar) @ conference-registration-backend ---
[INFO] 
[INFO] --- spring-boot:3.5.16:repackage (repackage) @ conference-registration-backend ---
[INFO] Replacing main artifact /home/tjan-kazar/storage/Work/lab/single_agent/02_Implementation/backend/target/conference-registration-backend-1.0.0.jar with repackaged archive, adding nested dependencies in BOOT-INF/.
[INFO] The original artifact has been renamed to /home/tjan-kazar/storage/Work/lab/single_agent/02_Implementation/backend/target/conference-registration-backend-1.0.0.jar.original
[INFO] 
[INFO] --- jacoco:0.8.15:prepare-agent-integration (prepare-it) @ conference-registration-backend ---
[INFO] argLine set to -javaagent:/home/tjan-kazar/.m2/repository/org/jacoco/org.jacoco.agent/0.8.15/org.jacoco.agent-0.8.15-runtime.jar=destfile=/home/tjan-kazar/storage/Work/lab/single_agent/02_Implementation/backend/target/jacoco-it.exec
[INFO] 
[INFO] --- failsafe:3.5.6:integration-test (default) @ conference-registration-backend ---
[INFO] Using auto detected provider org.apache.maven.surefire.junitplatform.JUnitPlatformProvider
[INFO] 
[INFO] -------------------------------------------------------
[INFO]  T E S T S
[INFO] -------------------------------------------------------
[INFO] Running org.example.conference.export.ExportIT
18:39:59.404 [main] INFO org.springframework.test.context.support.AnnotationConfigContextLoaderUtils -- Could not detect default configuration classes for test class [org.example.conference.export.ExportIT]: ExportIT does not declare any static, non-private, non-final, nested classes annotated with @Configuration.
18:39:59.963 [main] INFO org.springframework.boot.test.context.SpringBootTestContextBootstrapper -- Found @SpringBootConfiguration org.example.conference.ConferenceApplication for test class org.example.conference.export.ExportIT
18:40:00.350 [main] INFO org.testcontainers.images.PullPolicy -- Image pull policy will be performed by: DefaultPullPolicy()
18:40:00.358 [main] INFO org.testcontainers.utility.ImageNameSubstitutor -- Image name substitution will be performed by: DefaultImageNameSubstitutor (composite of 'ConfigurationFileImageNameSubstitutor' and 'PrefixingImageNameSubstitutor')
18:40:00.394 [main] INFO org.testcontainers.DockerClientFactory -- Testcontainers version: 1.21.4
18:40:02.019 [main] INFO org.testcontainers.dockerclient.DockerClientProviderStrategy -- Found Docker environment with Docker accessed via Unix socket (/home/tjan-kazar/.docker/desktop/docker.sock)
18:40:02.021 [main] INFO org.testcontainers.DockerClientFactory -- Docker host IP address is localhost
18:40:02.060 [main] INFO org.testcontainers.DockerClientFactory -- Connected to docker: 
  Server Version: 29.3.1
  API Version: 1.54
  Operating System: Docker Desktop
  Total Memory: 31283 MB
  Labels: 
    com.docker.desktop.address=unix:///home/tjan-kazar/.docker/desktop/docker-cli.sock
18:40:02.376 [main] INFO tc.testcontainers/ryuk:0.12.0 -- Creating container for image: testcontainers/ryuk:0.12.0
18:40:02.657 [main] INFO tc.testcontainers/ryuk:0.12.0 -- Container testcontainers/ryuk:0.12.0 is starting: 44b46c8c751852321d9a397be5930161f35c2ac97cec16111407b18c8a115a84
18:40:03.193 [main] INFO tc.testcontainers/ryuk:0.12.0 -- Container testcontainers/ryuk:0.12.0 started in PT0.817155946S
18:40:03.199 [main] INFO org.testcontainers.utility.RyukResourceReaper -- Ryuk started - will monitor and terminate Testcontainers containers on JVM exit
18:40:03.200 [main] INFO org.testcontainers.DockerClientFactory -- Checking the system...
18:40:03.201 [main] INFO org.testcontainers.DockerClientFactory -- ✔︎ Docker server version should be at least 1.6.0
18:40:03.254 [main] INFO tc.postgres:16@sha256:1a6ab3... -- Creating container for image: postgres:16@sha256:1a6ab3f5345eb6dbe04a1349529caabdb0ab09293a09590fad07b2246bfa4b54
18:40:03.375 [main] INFO tc.postgres:16@sha256:1a6ab3... -- Container postgres:16@sha256:1a6ab3f5345eb6dbe04a1349529caabdb0ab09293a09590fad07b2246bfa4b54 is starting: ff46680943b2002f0322d045238029ec47b7862dbb1bbd6b771d21aec431b1b6
18:40:05.069 [main] INFO tc.postgres:16@sha256:1a6ab3... -- Container postgres:16@sha256:1a6ab3f5345eb6dbe04a1349529caabdb0ab09293a09590fad07b2246bfa4b54 started in PT1.814459442S
18:40:05.069 [main] INFO tc.postgres:16@sha256:1a6ab3... -- Container is started (JDBC URL: jdbc:postgresql://localhost:35053/test?loggerLevel=OFF)

  .   ____          _            __ _ _
 /\\ / ___'_ __ _ _(_)_ __  __ _ \ \ \ \
( ( )\___ | '_ | '_| | '_ \/ _` | \ \ \ \
 \\/  ___)| |_)| | | | | || (_| |  ) ) ) )
  '  |____| .__|_| |_|_| |_\__, | / / / /
 =========|_|==============|___/=/_/_/_/

 :: Spring Boot ::               (v3.5.16)

2026-09-28T18:40:05.658+02:00  INFO 1365060 --- [conference-registration] [           main] org.example.conference.export.ExportIT   : Starting ExportIT using Java 21.0.12.1 with PID 1365060 (started by tjan-kazar in /home/tjan-kazar/storage/Work/lab/single_agent/02_Implementation/backend)
2026-09-28T18:40:05.660+02:00  INFO 1365060 --- [conference-registration] [           main] org.example.conference.export.ExportIT   : The following 1 profile is active: "test"
2026-09-28T18:40:07.592+02:00  INFO 1365060 --- [conference-registration] [           main] .s.d.r.c.RepositoryConfigurationDelegate : Bootstrapping Spring Data JPA repositories in DEFAULT mode.
2026-09-28T18:40:07.722+02:00  INFO 1365060 --- [conference-registration] [           main] .s.d.r.c.RepositoryConfigurationDelegate : Finished Spring Data repository scanning in 104 ms. Found 2 JPA repository interfaces.
2026-09-28T18:40:08.699+02:00  INFO 1365060 --- [conference-registration] [           main] com.zaxxer.hikari.HikariDataSource       : HikariPool-1 - Starting...
2026-09-28T18:40:09.033+02:00  INFO 1365060 --- [conference-registration] [           main] com.zaxxer.hikari.pool.HikariPool        : HikariPool-1 - Added connection org.postgresql.jdbc.PgConnection@29f4d42
2026-09-28T18:40:09.039+02:00  INFO 1365060 --- [conference-registration] [           main] com.zaxxer.hikari.HikariDataSource       : HikariPool-1 - Start completed.
2026-09-28T18:40:09.128+02:00  INFO 1365060 --- [conference-registration] [           main] org.flywaydb.core.FlywayExecutor         : Database: jdbc:postgresql://localhost:35053/test?loggerLevel=OFF (PostgreSQL 16.15)
2026-09-28T18:40:09.225+02:00  INFO 1365060 --- [conference-registration] [           main] o.f.c.i.s.JdbcTableSchemaHistory         : Schema history table "public"."flyway_schema_history" does not exist yet
2026-09-28T18:40:09.235+02:00  INFO 1365060 --- [conference-registration] [           main] o.f.core.internal.command.DbValidate     : Successfully validated 1 migration (execution time 00:00.044s)
2026-09-28T18:40:09.267+02:00  INFO 1365060 --- [conference-registration] [           main] o.f.c.i.s.JdbcTableSchemaHistory         : Creating Schema History table "public"."flyway_schema_history" ...
2026-09-28T18:40:09.380+02:00  INFO 1365060 --- [conference-registration] [           main] o.f.core.internal.command.DbMigrate      : Current version of schema "public": << Empty Schema >>
2026-09-28T18:40:09.419+02:00  INFO 1365060 --- [conference-registration] [           main] o.f.core.internal.command.DbMigrate      : Migrating schema "public" to version "1 - initial schema"
2026-09-28T18:40:09.534+02:00  INFO 1365060 --- [conference-registration] [           main] o.f.core.internal.command.DbMigrate      : Successfully applied 1 migration to schema "public", now at version v1 (execution time 00:00.060s)
2026-09-28T18:40:09.804+02:00  INFO 1365060 --- [conference-registration] [           main] o.hibernate.jpa.internal.util.LogHelper  : HHH000204: Processing PersistenceUnitInfo [name: default]
2026-09-28T18:40:09.979+02:00  INFO 1365060 --- [conference-registration] [           main] org.hibernate.Version                    : HHH000412: Hibernate ORM core version 6.6.53.Final
2026-09-28T18:40:10.055+02:00  INFO 1365060 --- [conference-registration] [           main] o.h.c.internal.RegionFactoryInitiator    : HHH000026: Second-level cache disabled
2026-09-28T18:40:10.645+02:00  INFO 1365060 --- [conference-registration] [           main] o.s.o.j.p.SpringPersistenceUnitInfo      : No LoadTimeWeaver setup: ignoring JPA class transformer
2026-09-28T18:40:10.869+02:00  INFO 1365060 --- [conference-registration] [           main] org.hibernate.orm.connections.pooling    : HHH10001005: Database info:
	Database JDBC URL [Connecting through datasource 'HikariDataSource (HikariPool-1)']
	Database driver: undefined/unknown
	Database version: 16.15
	Autocommit mode: undefined/unknown
	Isolation level: undefined/unknown
	Minimum pool size: undefined/unknown
	Maximum pool size: undefined/unknown
2026-09-28T18:40:13.062+02:00  INFO 1365060 --- [conference-registration] [           main] o.h.e.t.j.p.i.JtaPlatformInitiator       : HHH000489: No JTA platform available (set 'hibernate.transaction.jta.platform' to enable JTA platform integration)
2026-09-28T18:40:13.140+02:00  INFO 1365060 --- [conference-registration] [           main] j.LocalContainerEntityManagerFactoryBean : Initialized JPA EntityManagerFactory for persistence unit 'default'
2026-09-28T18:40:13.599+02:00  INFO 1365060 --- [conference-registration] [           main] o.s.d.j.r.query.QueryEnhancerFactory     : Hibernate is in classpath; If applicable, HQL parser will be used.
2026-09-28T18:40:15.100+02:00  INFO 1365060 --- [conference-registration] [           main] o.e.c.catalog.CatalogConfiguration       : Loaded catalog from src/test/resources/catalog-test.yaml: 9 options (8 active), 1 consents
2026-09-28T18:40:16.004+02:00  INFO 1365060 --- [conference-registration] [           main] r$InitializeUserDetailsManagerConfigurer : Global AuthenticationManager configured with UserDetailsService bean with name organizerUsers
2026-09-28T18:40:16.672+02:00  INFO 1365060 --- [conference-registration] [           main] o.s.b.a.e.web.EndpointLinksResolver      : Exposing 1 endpoint beneath base path '/actuator'
2026-09-28T18:40:17.305+02:00  INFO 1365060 --- [conference-registration] [           main] o.s.b.t.m.w.SpringBootMockServletContext : Initializing Spring TestDispatcherServlet ''
2026-09-28T18:40:17.306+02:00  INFO 1365060 --- [conference-registration] [           main] o.s.t.web.servlet.TestDispatcherServlet  : Initializing Servlet ''
2026-09-28T18:40:17.307+02:00  INFO 1365060 --- [conference-registration] [           main] o.s.t.web.servlet.TestDispatcherServlet  : Completed initialization in 1 ms
2026-09-28T18:40:17.431+02:00  INFO 1365060 --- [conference-registration] [           main] org.example.conference.export.ExportIT   : Started ExportIT in 12.321 seconds (process running for 20.566)
2026-09-28T18:40:17.759+02:00  INFO 1365060 --- [conference-registration] [           main] o.e.c.r.backup.BackupReconciler          : Backup reconciliation: consistent (0 registrations)
Mockito is currently self-attaching to enable the inline-mock-maker. This will no longer work in future releases of the JDK. Please add Mockito as an agent to your build as described in Mockito's documentation: https://javadoc.io/doc/org.mockito/mockito-core/latest/org.mockito/org/mockito/Mockito.html#0.3
OpenJDK 64-Bit Server VM warning: Sharing is only supported for boot loader classes because bootstrap classpath has been appended
WARNING: A Java agent has been loaded dynamically (/home/tjan-kazar/.m2/repository/net/bytebuddy/byte-buddy-agent/1.17.8/byte-buddy-agent-1.17.8.jar)
WARNING: If a serviceability tool is in use, please run with -XX:+EnableDynamicAgentLoading to hide this warning
WARNING: If a serviceability tool is not in use, please run with -Djdk.instrument.traceUsage for more information
WARNING: Dynamic loading of agents will be disallowed by default in a future release
2026-09-28T18:40:18.976+02:00  INFO 1365060 --- [conference-registration] [           main] o.e.c.r.service.RegistrationService      : Registration 22036cb2-3cd5-4f1f-9da7-92694fd70496 accepted (EXTERNAL)
2026-09-28T18:40:19.093+02:00  INFO 1365060 --- [conference-registration] [           main] o.e.c.r.service.RegistrationService      : Registration 9c5a985e-7fd7-4555-a16c-27745de40103 accepted (STUDENT)
2026-09-28T18:40:21.413+02:00  INFO 1365060 --- [conference-registration] [           main] o.e.c.r.service.RegistrationService      : Registration f57104dd-3422-465c-9cc8-5233204ce5f7 accepted (EXTERNAL)
2026-09-28T18:40:21.488+02:00  INFO 1365060 --- [conference-registration] [           main] o.e.c.r.service.RegistrationService      : Registration f27b5c78-ba4b-4735-b597-5371c3d4ff7b accepted (STUDENT)
[INFO] Tests run: 2, Failures: 0, Errors: 0, Skipped: 0, Time elapsed: 22.60 s -- in org.example.conference.export.ExportIT
[INFO] 
[INFO] Results:
[INFO] 
[INFO] Tests run: 2, Failures: 0, Errors: 0, Skipped: 0
[INFO] 
[INFO] 
[INFO] --- jacoco:0.8.15:report-integration (report-it) @ conference-registration-backend ---
[INFO] Loading execution data file /home/tjan-kazar/storage/Work/lab/single_agent/02_Implementation/backend/target/jacoco-it.exec
[INFO] Analyzed bundle 'conference-registration-backend' with 72 classes
[INFO] 
[INFO] --- failsafe:3.5.6:verify (default) @ conference-registration-backend ---
[INFO] ------------------------------------------------------------------------
[INFO] BUILD SUCCESS
[INFO] ------------------------------------------------------------------------
[INFO] Total time:  32.321 s
[INFO] Finished at: 2026-09-28T18:40:22+02:00
[INFO] ------------------------------------------------------------------------
