$ (cwd=.) ./mvnw -B clean verify
# start=2026-09-28T17:20:32.639Z end=2026-09-28T17:21:33.541Z exit=0 elapsed_s=60.902

[INFO] Scanning for projects...
[INFO] 
[INFO] -------< org.example.conference:conference-registration-backend >-------
[INFO] Building conference-registration-backend 1.0.0
[INFO]   from pom.xml
[INFO] --------------------------------[ jar ]---------------------------------
[INFO] Downloading from central: https://repo.maven.apache.org/maven2/org/apache/maven/plugins/maven-clean-plugin/3.5.0/maven-clean-plugin-3.5.0.pom
[INFO] Downloaded from central: https://repo.maven.apache.org/maven2/org/apache/maven/plugins/maven-clean-plugin/3.5.0/maven-clean-plugin-3.5.0.pom (5.7 kB at 13 kB/s)
[INFO] Downloading from central: https://repo.maven.apache.org/maven2/org/apache/maven/plugins/maven-plugins/44/maven-plugins-44.pom
[INFO] Downloaded from central: https://repo.maven.apache.org/maven2/org/apache/maven/plugins/maven-plugins/44/maven-plugins-44.pom (8.4 kB at 116 kB/s)
[INFO] Downloading from central: https://repo.maven.apache.org/maven2/org/apache/maven/plugins/maven-clean-plugin/3.5.0/maven-clean-plugin-3.5.0.jar
[INFO] Downloaded from central: https://repo.maven.apache.org/maven2/org/apache/maven/plugins/maven-clean-plugin/3.5.0/maven-clean-plugin-3.5.0.jar (37 kB at 556 kB/s)
[INFO] Downloading from central: https://repo.maven.apache.org/maven2/org/apache/maven/plugins/maven-jar-plugin/3.5.1/maven-jar-plugin-3.5.1.pom
[INFO] Downloaded from central: https://repo.maven.apache.org/maven2/org/apache/maven/plugins/maven-jar-plugin/3.5.1/maven-jar-plugin-3.5.1.pom (7.6 kB at 108 kB/s)
[INFO] Downloading from central: https://repo.maven.apache.org/maven2/org/apache/maven/plugins/maven-plugins/49/maven-plugins-49.pom
[INFO] Downloaded from central: https://repo.maven.apache.org/maven2/org/apache/maven/plugins/maven-plugins/49/maven-plugins-49.pom (7.2 kB at 160 kB/s)
[INFO] Downloading from central: https://repo.maven.apache.org/maven2/org/apache/maven/maven-parent/49/maven-parent-49.pom
[INFO] Downloaded from central: https://repo.maven.apache.org/maven2/org/apache/maven/maven-parent/49/maven-parent-49.pom (51 kB at 1.1 MB/s)
[INFO] Downloading from central: https://repo.maven.apache.org/maven2/org/apache/maven/plugins/maven-jar-plugin/3.5.1/maven-jar-plugin-3.5.1.jar
[INFO] Downloaded from central: https://repo.maven.apache.org/maven2/org/apache/maven/plugins/maven-jar-plugin/3.5.1/maven-jar-plugin-3.5.1.jar (35 kB at 715 kB/s)
[INFO] 
[INFO] --- clean:3.5.0:clean (default-clean) @ conference-registration-backend ---
[INFO] Deleting /home/tjan-kazar/storage/Work/lab/single_agent/02_Implementation/backend/target
[INFO] 
[INFO] --- jacoco:0.8.15:prepare-agent (prepare-unit) @ conference-registration-backend ---
[INFO] argLine set to -javaagent:/home/tjan-kazar/.m2/repository/org/jacoco/org.jacoco.agent/0.8.15/org.jacoco.agent-0.8.15-runtime.jar=destfile=/home/tjan-kazar/storage/Work/lab/single_agent/02_Implementation/backend/target/jacoco.exec
[INFO] 
[INFO] --- resources:3.5.0:resources (default-resources) @ conference-registration-backend ---
[INFO] Copying 3 resources from src/main/resources to target/classes
[INFO] Copying 1 resource from src/main/resources to target/classes
[INFO] 
[INFO] --- compiler:3.15.0:compile (default-compile) @ conference-registration-backend ---
[INFO] Recompiling the module because of changed source code.
[INFO] Compiling 69 source files with javac [debug parameters release 21] to target/classes
[INFO] /home/tjan-kazar/storage/Work/lab/single_agent/02_Implementation/backend/src/main/java/org/example/conference/shared/web/RequestSizeLimitFilter.java: /home/tjan-kazar/storage/Work/lab/single_agent/02_Implementation/backend/src/main/java/org/example/conference/shared/web/RequestSizeLimitFilter.java uses or overrides a deprecated API.
[INFO] /home/tjan-kazar/storage/Work/lab/single_agent/02_Implementation/backend/src/main/java/org/example/conference/shared/web/RequestSizeLimitFilter.java: Recompile with -Xlint:deprecation for details.
[INFO] 
[INFO] --- resources:3.5.0:testResources (default-testResources) @ conference-registration-backend ---
[INFO] Copying 3 resources from src/test/resources to target/test-classes
[INFO] 
[INFO] --- compiler:3.15.0:testCompile (default-testCompile) @ conference-registration-backend ---
[INFO] Recompiling the module because of changed dependency.
[INFO] Compiling 16 source files with javac [debug parameters release 21] to target/test-classes
[INFO] /home/tjan-kazar/storage/Work/lab/single_agent/02_Implementation/backend/src/test/java/org/example/conference/notification/NotificationIT.java: Some input files use or override a deprecated API.
[INFO] /home/tjan-kazar/storage/Work/lab/single_agent/02_Implementation/backend/src/test/java/org/example/conference/notification/NotificationIT.java: Recompile with -Xlint:deprecation for details.
[INFO] 
[INFO] --- surefire:3.5.6:test (default-test) @ conference-registration-backend ---
[INFO] Using auto detected provider org.apache.maven.surefire.junitplatform.JUnitPlatformProvider
[INFO] Downloading from central: https://repo.maven.apache.org/maven2/org/junit/platform/junit-platform-launcher/6.0.3/junit-platform-launcher-6.0.3.pom
[INFO] Downloaded from central: https://repo.maven.apache.org/maven2/org/junit/platform/junit-platform-launcher/6.0.3/junit-platform-launcher-6.0.3.pom (3.2 kB at 97 kB/s)
[INFO] Downloading from central: https://repo.maven.apache.org/maven2/org/jspecify/jspecify/1.0.0/jspecify-1.0.0.pom
[INFO] Downloaded from central: https://repo.maven.apache.org/maven2/org/jspecify/jspecify/1.0.0/jspecify-1.0.0.pom (1.5 kB at 49 kB/s)
[INFO] Downloading from central: https://repo.maven.apache.org/maven2/org/junit/platform/junit-platform-launcher/6.0.3/junit-platform-launcher-6.0.3.jar
[INFO] Downloaded from central: https://repo.maven.apache.org/maven2/org/junit/platform/junit-platform-launcher/6.0.3/junit-platform-launcher-6.0.3.jar (246 kB at 6.3 MB/s)
[INFO] Downloading from central: https://repo.maven.apache.org/maven2/org/jspecify/jspecify/1.0.0/jspecify-1.0.0.jar
[INFO] Downloaded from central: https://repo.maven.apache.org/maven2/org/jspecify/jspecify/1.0.0/jspecify-1.0.0.jar (3.8 kB at 132 kB/s)
[INFO] 
[INFO] -------------------------------------------------------
[INFO]  T E S T S
[INFO] -------------------------------------------------------
[INFO] Running org.example.conference.shared.RateLimitFilterTest
[INFO] Tests run: 2, Failures: 0, Errors: 0, Skipped: 0, Time elapsed: 1.141 s -- in org.example.conference.shared.RateLimitFilterTest
[INFO] Running org.example.conference.shared.TextNormalizerTest
[INFO] Tests run: 2, Failures: 0, Errors: 0, Skipped: 0, Time elapsed: 0.020 s -- in org.example.conference.shared.TextNormalizerTest
[INFO] Running org.example.conference.catalog.CatalogLoaderTest
[INFO] Tests run: 13, Failures: 0, Errors: 0, Skipped: 0, Time elapsed: 0.315 s -- in org.example.conference.catalog.CatalogLoaderTest
[INFO] Running org.example.conference.notification.OutboxBackoffTest
Mockito is currently self-attaching to enable the inline-mock-maker. This will no longer work in future releases of the JDK. Please add Mockito as an agent to your build as described in Mockito's documentation: https://javadoc.io/doc/org.mockito/mockito-core/latest/org.mockito/org/mockito/Mockito.html#0.3
OpenJDK 64-Bit Server VM warning: Sharing is only supported for boot loader classes because bootstrap classpath has been appended
WARNING: A Java agent has been loaded dynamically (/home/tjan-kazar/.m2/repository/net/bytebuddy/byte-buddy-agent/1.18.11/byte-buddy-agent-1.18.11.jar)
WARNING: If a serviceability tool is in use, please run with -XX:+EnableDynamicAgentLoading to hide this warning
WARNING: If a serviceability tool is not in use, please run with -Djdk.instrument.traceUsage for more information
WARNING: Dynamic loading of agents will be disallowed by default in a future release
[INFO] Tests run: 1, Failures: 0, Errors: 0, Skipped: 0, Time elapsed: 2.223 s -- in org.example.conference.notification.OutboxBackoffTest
[INFO] Running org.example.conference.captcha.RecaptchaVerifierTest
19:20:47.484 [main] WARN org.example.conference.captcha.RecaptchaVerifier -- reCAPTCHA verification unavailable: InternalServerError
[INFO] Tests run: 4, Failures: 0, Errors: 0, Skipped: 0, Time elapsed: 1.067 s -- in org.example.conference.captcha.RecaptchaVerifierTest
[INFO] Running org.example.conference.captcha.CaptchaConfigurationTest
19:20:49.799 [main] WARN org.springframework.context.annotation.AnnotationConfigApplicationContext -- Exception encountered during context initialization - cancelling refresh attempt: org.springframework.beans.factory.BeanCreationException: Error creating bean with name 'captchaVerifier' defined in org.example.conference.captcha.CaptchaConfiguration: Failed to instantiate [org.example.conference.captcha.CaptchaVerifier]: Factory method 'captchaVerifier' threw exception with message: Profile 'prod' cannot be combined with local/test
19:20:49.925 [main] WARN org.springframework.context.annotation.AnnotationConfigApplicationContext -- Exception encountered during context initialization - cancelling refresh attempt: org.springframework.beans.factory.BeanCreationException: Error creating bean with name 'captchaVerifier' defined in org.example.conference.captcha.CaptchaConfiguration: Failed to instantiate [org.example.conference.captcha.CaptchaVerifier]: Factory method 'captchaVerifier' threw exception with message: Deterministic captcha mode requires a non-production (local/test) profile
19:20:49.965 [main] WARN org.springframework.context.annotation.AnnotationConfigApplicationContext -- Exception encountered during context initialization - cancelling refresh attempt: org.springframework.beans.factory.BeanCreationException: Error creating bean with name 'captchaVerifier' defined in org.example.conference.captcha.CaptchaConfiguration: Failed to instantiate [org.example.conference.captcha.CaptchaVerifier]: Factory method 'captchaVerifier' threw exception with message: Deterministic captcha mode requires a non-production (local/test) profile
19:20:50.010 [main] WARN org.springframework.context.annotation.AnnotationConfigApplicationContext -- Exception encountered during context initialization - cancelling refresh attempt: org.springframework.beans.factory.BeanCreationException: Error creating bean with name 'captchaVerifier' defined in org.example.conference.captcha.CaptchaConfiguration: Failed to instantiate [org.example.conference.captcha.CaptchaVerifier]: Factory method 'captchaVerifier' threw exception with message: reCAPTCHA site key and secret are required (APP_CAPTCHA_SITE_KEY/APP_CAPTCHA_SECRET)
19:20:50.041 [main] WARN org.springframework.context.annotation.AnnotationConfigApplicationContext -- Exception encountered during context initialization - cancelling refresh attempt: org.springframework.beans.factory.BeanCreationException: Error creating bean with name 'captchaVerifier' defined in org.example.conference.captcha.CaptchaConfiguration: Failed to instantiate [org.example.conference.captcha.CaptchaVerifier]: Factory method 'captchaVerifier' threw exception with message: reCAPTCHA site key and secret are required (APP_CAPTCHA_SITE_KEY/APP_CAPTCHA_SECRET)
19:20:50.146 [main] WARN org.springframework.context.annotation.AnnotationConfigApplicationContext -- Exception encountered during context initialization - cancelling refresh attempt: org.springframework.beans.factory.BeanCreationException: Error creating bean with name 'captchaVerifier' defined in org.example.conference.captcha.CaptchaConfiguration: Failed to instantiate [org.example.conference.captcha.CaptchaVerifier]: Factory method 'captchaVerifier' threw exception with message: app.captcha.test-token must be set in test mode
[INFO] Tests run: 6, Failures: 0, Errors: 0, Skipped: 0, Time elapsed: 2.288 s -- in org.example.conference.captcha.CaptchaConfigurationTest
[INFO] Running org.example.conference.architecture.ArchitectureTest
19:20:50.223 [main] INFO com.tngtech.archunit.core.PluginLoader -- Detected Java version 21.0.12.1
[INFO] Tests run: 5, Failures: 0, Errors: 0, Skipped: 0, Time elapsed: 4.818 s -- in org.example.conference.architecture.ArchitectureTest
[INFO] 
[INFO] Results:
[INFO] 
[INFO] Tests run: 33, Failures: 0, Errors: 0, Skipped: 0
[INFO] 
[INFO] 
[INFO] --- jacoco:0.8.15:report (report-unit) @ conference-registration-backend ---
[INFO] Loading execution data file /home/tjan-kazar/storage/Work/lab/single_agent/02_Implementation/backend/target/jacoco.exec
[INFO] Analyzed bundle 'conference-registration-backend' with 72 classes
[INFO] 
[INFO] --- jar:3.5.1:jar (default-jar) @ conference-registration-backend ---
[INFO] Downloading from central: https://repo.maven.apache.org/maven2/org/apache/maven/maven-archiver/3.6.6/maven-archiver-3.6.6.pom
[INFO] Downloaded from central: https://repo.maven.apache.org/maven2/org/apache/maven/maven-archiver/3.6.6/maven-archiver-3.6.6.pom (5.2 kB at 157 kB/s)
[INFO] Downloading from central: https://repo.maven.apache.org/maven2/org/apache/maven/shared/maven-shared-components/45/maven-shared-components-45.pom
[INFO] Downloaded from central: https://repo.maven.apache.org/maven2/org/apache/maven/shared/maven-shared-components/45/maven-shared-components-45.pom (3.8 kB at 88 kB/s)
[INFO] Downloading from central: https://repo.maven.apache.org/maven2/org/codehaus/plexus/plexus-archiver/4.10.4/plexus-archiver-4.10.4.pom
[INFO] Downloaded from central: https://repo.maven.apache.org/maven2/org/codehaus/plexus/plexus-archiver/4.10.4/plexus-archiver-4.10.4.pom (5.6 kB at 152 kB/s)
[INFO] Downloading from central: https://repo.maven.apache.org/maven2/org/codehaus/plexus/plexus-archiver/4.12.0/plexus-archiver-4.12.0.pom
[INFO] Downloaded from central: https://repo.maven.apache.org/maven2/org/codehaus/plexus/plexus-archiver/4.12.0/plexus-archiver-4.12.0.pom (5.6 kB at 161 kB/s)
[INFO] Downloading from central: https://repo.maven.apache.org/maven2/org/tukaani/xz/1.12/xz-1.12.pom
[INFO] Downloaded from central: https://repo.maven.apache.org/maven2/org/tukaani/xz/1.12/xz-1.12.pom (1.9 kB at 54 kB/s)
[INFO] Downloading from central: https://repo.maven.apache.org/maven2/com/github/luben/zstd-jni/1.5.7-9/zstd-jni-1.5.7-9.pom
[INFO] Downloaded from central: https://repo.maven.apache.org/maven2/com/github/luben/zstd-jni/1.5.7-9/zstd-jni-1.5.7-9.pom (2.0 kB at 72 kB/s)
[INFO] Downloading from central: https://repo.maven.apache.org/maven2/org/apache/maven/maven-archiver/3.6.6/maven-archiver-3.6.6.jar
[INFO] Downloaded from central: https://repo.maven.apache.org/maven2/org/apache/maven/maven-archiver/3.6.6/maven-archiver-3.6.6.jar (28 kB at 945 kB/s)
[INFO] Downloading from central: https://repo.maven.apache.org/maven2/org/codehaus/plexus/plexus-archiver/4.12.0/plexus-archiver-4.12.0.jar
[INFO] Downloading from central: https://repo.maven.apache.org/maven2/org/tukaani/xz/1.12/xz-1.12.jar
[INFO] Downloading from central: https://repo.maven.apache.org/maven2/com/github/luben/zstd-jni/1.5.7-9/zstd-jni-1.5.7-9.jar
[INFO] Downloaded from central: https://repo.maven.apache.org/maven2/org/tukaani/xz/1.12/xz-1.12.jar (169 kB at 4.8 MB/s)
[INFO] Downloaded from central: https://repo.maven.apache.org/maven2/org/codehaus/plexus/plexus-archiver/4.12.0/plexus-archiver-4.12.0.jar (227 kB at 1.8 MB/s)
[INFO] Downloaded from central: https://repo.maven.apache.org/maven2/com/github/luben/zstd-jni/1.5.7-9/zstd-jni-1.5.7-9.jar (7.6 MB at 21 MB/s)
[INFO] Building jar: /home/tjan-kazar/storage/Work/lab/single_agent/02_Implementation/backend/target/conference-registration-backend-1.0.0.jar
[INFO] 
[INFO] --- spring-boot:4.1.1:repackage (repackage) @ conference-registration-backend ---
[INFO] Downloading from central: https://repo.maven.apache.org/maven2/org/springframework/boot/spring-boot-buildpack-platform/4.1.1/spring-boot-buildpack-platform-4.1.1.pom
[INFO] Downloaded from central: https://repo.maven.apache.org/maven2/org/springframework/boot/spring-boot-buildpack-platform/4.1.1/spring-boot-buildpack-platform-4.1.1.pom (3.0 kB at 56 kB/s)
[INFO] Downloading from central: https://repo.maven.apache.org/maven2/org/apache/httpcomponents/client5/httpclient5/5.6.4/httpclient5-5.6.4.pom
[INFO] Downloaded from central: https://repo.maven.apache.org/maven2/org/apache/httpcomponents/client5/httpclient5/5.6.4/httpclient5-5.6.4.pom (6.7 kB at 146 kB/s)
[INFO] Downloading from central: https://repo.maven.apache.org/maven2/org/apache/httpcomponents/client5/httpclient5-parent/5.6.4/httpclient5-parent-5.6.4.pom
[INFO] Downloaded from central: https://repo.maven.apache.org/maven2/org/apache/httpcomponents/client5/httpclient5-parent/5.6.4/httpclient5-parent-5.6.4.pom (20 kB at 451 kB/s)
[INFO] Downloading from central: https://repo.maven.apache.org/maven2/commons-logging/commons-logging/1.3.5/commons-logging-1.3.5.pom
[INFO] Downloaded from central: https://repo.maven.apache.org/maven2/commons-logging/commons-logging/1.3.5/commons-logging-1.3.5.pom (32 kB at 848 kB/s)
[INFO] Downloading from central: https://repo.maven.apache.org/maven2/org/springframework/boot/spring-boot-loader-tools/4.1.1/spring-boot-loader-tools-4.1.1.pom
[INFO] Downloaded from central: https://repo.maven.apache.org/maven2/org/springframework/boot/spring-boot-loader-tools/4.1.1/spring-boot-loader-tools-4.1.1.pom (2.2 kB at 66 kB/s)
[INFO] Downloading from central: https://repo.maven.apache.org/maven2/io/micrometer/micrometer-observation/1.16.7/micrometer-observation-1.16.7.pom
[INFO] Downloaded from central: https://repo.maven.apache.org/maven2/io/micrometer/micrometer-observation/1.16.7/micrometer-observation-1.16.7.pom (4.0 kB at 88 kB/s)
[INFO] Downloading from central: https://repo.maven.apache.org/maven2/io/micrometer/micrometer-commons/1.16.7/micrometer-commons-1.16.7.pom
[INFO] Downloaded from central: https://repo.maven.apache.org/maven2/io/micrometer/micrometer-commons/1.16.7/micrometer-commons-1.16.7.pom (3.8 kB at 112 kB/s)
[INFO] Downloading from central: https://repo.maven.apache.org/maven2/org/springframework/boot/spring-boot-buildpack-platform/4.1.1/spring-boot-buildpack-platform-4.1.1.jar
[INFO] Downloaded from central: https://repo.maven.apache.org/maven2/org/springframework/boot/spring-boot-buildpack-platform/4.1.1/spring-boot-buildpack-platform-4.1.1.jar (333 kB at 6.7 MB/s)
[INFO] Downloading from central: https://repo.maven.apache.org/maven2/org/apache/httpcomponents/client5/httpclient5/5.6.4/httpclient5-5.6.4.jar
[INFO] Downloading from central: https://repo.maven.apache.org/maven2/org/springframework/boot/spring-boot-loader-tools/4.1.1/spring-boot-loader-tools-4.1.1.jar
[INFO] Downloading from central: https://repo.maven.apache.org/maven2/commons-logging/commons-logging/1.3.5/commons-logging-1.3.5.jar
[INFO] Downloading from central: https://repo.maven.apache.org/maven2/io/micrometer/micrometer-observation/1.16.7/micrometer-observation-1.16.7.jar
[INFO] Downloading from central: https://repo.maven.apache.org/maven2/io/micrometer/micrometer-commons/1.16.7/micrometer-commons-1.16.7.jar
[INFO] Downloaded from central: https://repo.maven.apache.org/maven2/org/springframework/boot/spring-boot-loader-tools/4.1.1/spring-boot-loader-tools-4.1.1.jar (342 kB at 8.1 MB/s)
[INFO] Downloaded from central: https://repo.maven.apache.org/maven2/commons-logging/commons-logging/1.3.5/commons-logging-1.3.5.jar (74 kB at 1.8 MB/s)
[INFO] Downloaded from central: https://repo.maven.apache.org/maven2/io/micrometer/micrometer-commons/1.16.7/micrometer-commons-1.16.7.jar (52 kB at 647 kB/s)
[INFO] Downloaded from central: https://repo.maven.apache.org/maven2/org/apache/httpcomponents/client5/httpclient5/5.6.4/httpclient5-5.6.4.jar (1.1 MB at 13 MB/s)
[INFO] Downloaded from central: https://repo.maven.apache.org/maven2/io/micrometer/micrometer-observation/1.16.7/micrometer-observation-1.16.7.jar (84 kB at 831 kB/s)
[INFO] Replacing main artifact /home/tjan-kazar/storage/Work/lab/single_agent/02_Implementation/backend/target/conference-registration-backend-1.0.0.jar with repackaged archive, adding nested dependencies in BOOT-INF/.
[INFO] The original artifact has been renamed to /home/tjan-kazar/storage/Work/lab/single_agent/02_Implementation/backend/target/conference-registration-backend-1.0.0.jar.original
[INFO] 
[INFO] --- jacoco:0.8.15:prepare-agent-integration (prepare-it) @ conference-registration-backend ---
[INFO] argLine set to -javaagent:/home/tjan-kazar/.m2/repository/org/jacoco/org.jacoco.agent/0.8.15/org.jacoco.agent-0.8.15-runtime.jar=destfile=/home/tjan-kazar/storage/Work/lab/single_agent/02_Implementation/backend/target/jacoco-it.exec
[INFO] 
[INFO] --- failsafe:3.5.6:integration-test (default) @ conference-registration-backend ---
[INFO] Using auto detected provider org.apache.maven.surefire.junitplatform.JUnitPlatformProvider
[INFO] 
[INFO] -------------------------------------------------------
[INFO]  T E S T S
[INFO] -------------------------------------------------------
[INFO] Running org.example.conference.shared.SecurityIT
19:20:59.776 [main] INFO org.springframework.test.context.support.AnnotationConfigContextLoaderUtils -- Could not detect default configuration classes for test class [org.example.conference.shared.SecurityIT]: SecurityIT does not declare any static, non-private, non-final, nested classes annotated with @Configuration.
19:21:00.068 [main] INFO org.springframework.boot.test.context.SpringBootTestContextBootstrapper -- Found @SpringBootConfiguration org.example.conference.ConferenceApplication for test class org.example.conference.shared.SecurityIT
19:21:00.265 [main] INFO org.springframework.test.context.support.AnnotationConfigContextLoaderUtils -- Could not detect default configuration classes for test class [org.example.conference.shared.SecurityIT]: SecurityIT does not declare any static, non-private, non-final, nested classes annotated with @Configuration.
19:21:00.266 [main] INFO org.springframework.test.context.support.AnnotationConfigContextLoaderUtils -- Could not detect default configuration classes for test class [org.example.conference.support.IntegrationTestBase]: IntegrationTestBase does not declare any static, non-private, non-final, nested classes annotated with @Configuration.
19:21:00.284 [main] INFO org.springframework.boot.test.context.SpringBootTestContextBootstrapper -- Found @SpringBootConfiguration org.example.conference.ConferenceApplication for test class org.example.conference.shared.SecurityIT
19:21:00.433 [main] INFO org.testcontainers.images.PullPolicy -- Image pull policy will be performed by: DefaultPullPolicy()
19:21:00.439 [main] INFO org.testcontainers.utility.ImageNameSubstitutor -- Image name substitution will be performed by: DefaultImageNameSubstitutor (composite of 'ConfigurationFileImageNameSubstitutor' and 'PrefixingImageNameSubstitutor')
19:21:00.476 [main] INFO org.testcontainers.DockerClientFactory -- Testcontainers version: 2.0.5
19:21:02.086 [main] INFO org.testcontainers.dockerclient.DockerClientProviderStrategy -- Found Docker environment with Docker accessed via Unix socket (/home/tjan-kazar/.docker/desktop/docker.sock)
19:21:02.088 [main] INFO org.testcontainers.DockerClientFactory -- Docker host IP address is localhost
19:21:02.115 [main] INFO org.testcontainers.DockerClientFactory -- Connected to docker: 
  Server Version: 29.3.1
  API Version: 1.54
  Operating System: Docker Desktop
  Total Memory: 31283 MB
  Labels: 
    com.docker.desktop.address=unix:///home/tjan-kazar/.docker/desktop/docker-cli.sock
19:21:02.399 [main] INFO tc.testcontainers/ryuk:0.14.0 -- Pulling docker image: testcontainers/ryuk:0.14.0. Please be patient; this may take some time but only needs to be done once.
19:21:03.808 [docker-java-stream-935835700] INFO tc.testcontainers/ryuk:0.14.0 -- Starting to pull image
19:21:03.848 [docker-java-stream-935835700] INFO tc.testcontainers/ryuk:0.14.0 -- Pulling image layers:  0 pending,  0 downloaded,  0 extracted, (0 bytes/0 bytes)
19:21:04.599 [docker-java-stream-935835700] INFO tc.testcontainers/ryuk:0.14.0 -- Pulling image layers:  1 pending,  1 downloaded,  0 extracted, (211 KB/? MB)
19:21:04.601 [docker-java-stream-935835700] INFO tc.testcontainers/ryuk:0.14.0 -- Pulling image layers:  1 pending,  1 downloaded,  1 extracted, (211 KB/? MB)
19:21:04.696 [docker-java-stream-935835700] INFO tc.testcontainers/ryuk:0.14.0 -- Pulling image layers:  0 pending,  2 downloaded,  1 extracted, (211 KB/211 KB)
19:21:04.698 [docker-java-stream-935835700] INFO tc.testcontainers/ryuk:0.14.0 -- Pulling image layers:  0 pending,  2 downloaded,  2 extracted, (211 KB/211 KB)
19:21:04.712 [main] INFO tc.testcontainers/ryuk:0.14.0 -- Image testcontainers/ryuk:0.14.0 pull took PT2.312590813S
19:21:04.918 [main] INFO tc.testcontainers/ryuk:0.14.0 -- Creating container for image: testcontainers/ryuk:0.14.0
19:21:05.121 [main] INFO tc.testcontainers/ryuk:0.14.0 -- Container testcontainers/ryuk:0.14.0 is starting: 406c939d82ea95e99a9a587c343b48b9b560daf7538dc78f7665057021274c76
19:21:05.645 [main] INFO tc.testcontainers/ryuk:0.14.0 -- Container testcontainers/ryuk:0.14.0 started in PT0.727342333S
19:21:05.651 [main] INFO org.testcontainers.utility.RyukResourceReaper -- Ryuk started - will monitor and terminate Testcontainers containers on JVM exit
19:21:05.652 [main] INFO org.testcontainers.DockerClientFactory -- Checking the system...
19:21:05.653 [main] INFO org.testcontainers.DockerClientFactory -- ✔︎ Docker server version should be at least 1.6.0
19:21:05.727 [main] INFO tc.postgres:16@sha256:1a6ab3... -- Creating container for image: postgres:16@sha256:1a6ab3f5345eb6dbe04a1349529caabdb0ab09293a09590fad07b2246bfa4b54
19:21:05.868 [main] INFO tc.postgres:16@sha256:1a6ab3... -- Container postgres:16@sha256:1a6ab3f5345eb6dbe04a1349529caabdb0ab09293a09590fad07b2246bfa4b54 is starting: f19579dadba9b2bf7ac37938f48fa3eb2f144ac330361e19bcb50f32e852a453
19:21:07.613 [main] INFO tc.postgres:16@sha256:1a6ab3... -- Container postgres:16@sha256:1a6ab3f5345eb6dbe04a1349529caabdb0ab09293a09590fad07b2246bfa4b54 started in PT1.886271064S
19:21:07.614 [main] INFO tc.postgres:16@sha256:1a6ab3... -- Container is started (JDBC URL: jdbc:postgresql://localhost:32789/test?loggerLevel=OFF)

  .   ____          _            __ _ _
 /\\ / ___'_ __ _ _(_)_ __  __ _ \ \ \ \
( ( )\___ | '_ | '_| | '_ \/ _` | \ \ \ \
 \\/  ___)| |_)| | | | | || (_| |  ) ) ) )
  '  |____| .__|_| |_|_| |_\__, | / / / /
 =========|_|==============|___/=/_/_/_/

 :: Spring Boot ::                (v4.1.1)

2026-09-28T19:21:08.280+02:00  INFO 1401774 --- [conference-registration] [           main] o.example.conference.shared.SecurityIT   : Starting SecurityIT using Java 21.0.12.1 with PID 1401774 (started by tjan-kazar in /home/tjan-kazar/storage/Work/lab/single_agent/02_Implementation/backend)
2026-09-28T19:21:08.282+02:00  INFO 1401774 --- [conference-registration] [           main] o.example.conference.shared.SecurityIT   : The following 1 profile is active: "test"
2026-09-28T19:21:09.754+02:00  INFO 1401774 --- [conference-registration] [           main] .s.d.r.c.RepositoryConfigurationDelegate : Bootstrapping Spring Data JPA repositories in DEFAULT mode.
2026-09-28T19:21:09.879+02:00  INFO 1401774 --- [conference-registration] [           main] .s.d.r.c.RepositoryConfigurationDelegate : Finished Spring Data repository scanning in 106 ms. Found 2 JPA repository interfaces.
2026-09-28T19:21:11.079+02:00  INFO 1401774 --- [conference-registration] [           main] com.zaxxer.hikari.HikariDataSource       : HikariPool-1 - Starting...
2026-09-28T19:21:11.373+02:00  INFO 1401774 --- [conference-registration] [           main] com.zaxxer.hikari.pool.HikariPool        : HikariPool-1 - Added connection org.postgresql.jdbc.PgConnection@4006d0cb
2026-09-28T19:21:11.377+02:00  INFO 1401774 --- [conference-registration] [           main] com.zaxxer.hikari.HikariDataSource       : HikariPool-1 - Start completed.
2026-09-28T19:21:11.438+02:00  INFO 1401774 --- [conference-registration] [           main] org.flywaydb.core.FlywayExecutor         : Database: jdbc:postgresql://localhost:32789/test?loggerLevel=OFF (PostgreSQL 16.15)
2026-09-28T19:21:11.531+02:00  INFO 1401774 --- [conference-registration] [           main] o.f.c.i.s.JdbcTableSchemaHistory         : Schema history table "public"."flyway_schema_history" does not exist yet
2026-09-28T19:21:11.538+02:00  INFO 1401774 --- [conference-registration] [           main] o.f.core.internal.command.DbValidate     : Successfully validated 1 migration (execution time 00:00.028s)
2026-09-28T19:21:11.560+02:00  INFO 1401774 --- [conference-registration] [           main] o.f.c.i.s.JdbcTableSchemaHistory         : Creating Schema History table "public"."flyway_schema_history" ...
2026-09-28T19:21:11.633+02:00  INFO 1401774 --- [conference-registration] [           main] o.f.core.internal.command.DbMigrate      : Current version of schema "public": << Empty Schema >>
2026-09-28T19:21:11.664+02:00  INFO 1401774 --- [conference-registration] [           main] o.f.core.internal.command.DbMigrate      : Migrating schema "public" to version "1 - initial schema"
2026-09-28T19:21:11.761+02:00  INFO 1401774 --- [conference-registration] [           main] o.f.core.internal.command.DbMigrate      : Successfully applied 1 migration to schema "public", now at version v1 (execution time 00:00.040s)
2026-09-28T19:21:12.033+02:00  INFO 1401774 --- [conference-registration] [           main] org.hibernate.orm.jpa                    : HHH008540: Processing PersistenceUnitInfo [name: default]
2026-09-28T19:21:12.160+02:00  INFO 1401774 --- [conference-registration] [           main] org.hibernate.orm.core                   : HHH000001: Hibernate ORM core version 7.4.5.Final
2026-09-28T19:21:12.959+02:00  INFO 1401774 --- [conference-registration] [           main] o.s.o.j.p.SpringPersistenceUnitInfo      : No LoadTimeWeaver setup: ignoring JPA class transformer
2026-09-28T19:21:13.149+02:00  INFO 1401774 --- [conference-registration] [           main] org.hibernate.orm.connections.pooling    : HHH10001005: Database info:
	Database JDBC URL [jdbc:postgresql://localhost:32789/test?loggerLevel=OFF]
	Database driver: PostgreSQL JDBC Driver
	Database dialect: PostgreSQLDialect
	Database version: 16.15
	Default catalog/schema: test/public
	Autocommit mode: undefined/unknown
	Isolation level: READ_COMMITTED [default READ_COMMITTED]
	JDBC fetch size: none
	Pool: DataSourceConnectionProvider
	Minimum pool size: undefined/unknown
	Maximum pool size: undefined/unknown
2026-09-28T19:21:15.151+02:00  INFO 1401774 --- [conference-registration] [           main] org.hibernate.orm.core                   : HHH000489: No JTA platform available (set 'hibernate.transaction.jta.platform' to enable JTA platform integration)
2026-09-28T19:21:15.226+02:00  INFO 1401774 --- [conference-registration] [           main] j.LocalContainerEntityManagerFactoryBean : Initialized JPA EntityManagerFactory for persistence unit 'default'
2026-09-28T19:21:15.389+02:00  INFO 1401774 --- [conference-registration] [           main] o.s.d.j.r.query.QueryEnhancerFactories   : Hibernate is in classpath; If applicable, HQL parser will be used.
2026-09-28T19:21:17.289+02:00  INFO 1401774 --- [conference-registration] [           main] o.e.c.catalog.CatalogConfiguration       : Loaded catalog from src/test/resources/catalog-test.yaml: 9 options (8 active), 1 consents
2026-09-28T19:21:17.946+02:00  INFO 1401774 --- [conference-registration] [           main] r$InitializeUserDetailsManagerConfigurer : Global AuthenticationManager configured with UserDetailsService bean with name organizerUsers
2026-09-28T19:21:18.889+02:00  INFO 1401774 --- [conference-registration] [           main] o.s.b.t.m.w.SpringBootMockServletContext : Initializing Spring TestDispatcherServlet ''
2026-09-28T19:21:18.889+02:00  INFO 1401774 --- [conference-registration] [           main] o.s.t.web.servlet.TestDispatcherServlet  : Initializing Servlet ''
2026-09-28T19:21:18.912+02:00  INFO 1401774 --- [conference-registration] [           main] o.s.b.a.e.web.EndpointLinksResolver      : Exposing 1 endpoint beneath base path '/actuator'
2026-09-28T19:21:18.934+02:00  INFO 1401774 --- [conference-registration] [           main] o.s.t.web.servlet.TestDispatcherServlet  : Completed initialization in 45 ms
2026-09-28T19:21:19.148+02:00  INFO 1401774 --- [conference-registration] [           main] o.example.conference.shared.SecurityIT   : Started SecurityIT in 11.48 seconds (process running for 21.535)
2026-09-28T19:21:19.422+02:00  INFO 1401774 --- [conference-registration] [           main] o.e.c.r.backup.BackupReconciler          : Backup reconciliation: consistent (0 registrations)
Mockito is currently self-attaching to enable the inline-mock-maker. This will no longer work in future releases of the JDK. Please add Mockito as an agent to your build as described in Mockito's documentation: https://javadoc.io/doc/org.mockito/mockito-core/latest/org.mockito/org/mockito/Mockito.html#0.3
OpenJDK 64-Bit Server VM warning: Sharing is only supported for boot loader classes because bootstrap classpath has been appended
WARNING: A Java agent has been loaded dynamically (/home/tjan-kazar/.m2/repository/net/bytebuddy/byte-buddy-agent/1.18.11/byte-buddy-agent-1.18.11.jar)
WARNING: If a serviceability tool is in use, please run with -XX:+EnableDynamicAgentLoading to hide this warning
WARNING: If a serviceability tool is not in use, please run with -Djdk.instrument.traceUsage for more information
WARNING: Dynamic loading of agents will be disallowed by default in a future release
[INFO] Tests run: 6, Failures: 0, Errors: 0, Skipped: 0, Time elapsed: 21.00 s -- in org.example.conference.shared.SecurityIT
[INFO] Running org.example.conference.catalog.CatalogChangeIT
2026-09-28T19:21:20.474+02:00  INFO 1401774 --- [conference-registration] [           main] t.c.s.AnnotationConfigContextLoaderUtils : Could not detect default configuration classes for test class [org.example.conference.catalog.CatalogChangeIT]: CatalogChangeIT does not declare any static, non-private, non-final, nested classes annotated with @Configuration.
2026-09-28T19:21:20.489+02:00  INFO 1401774 --- [conference-registration] [           main] .b.t.c.SpringBootTestContextBootstrapper : Found @SpringBootConfiguration org.example.conference.ConferenceApplication for test class org.example.conference.catalog.CatalogChangeIT
2026-09-28T19:21:20.491+02:00  INFO 1401774 --- [conference-registration] [           main] t.c.s.AnnotationConfigContextLoaderUtils : Could not detect default configuration classes for test class [org.example.conference.catalog.CatalogChangeIT]: CatalogChangeIT does not declare any static, non-private, non-final, nested classes annotated with @Configuration.
2026-09-28T19:21:20.491+02:00  INFO 1401774 --- [conference-registration] [           main] t.c.s.AnnotationConfigContextLoaderUtils : Could not detect default configuration classes for test class [org.example.conference.support.IntegrationTestBase]: IntegrationTestBase does not declare any static, non-private, non-final, nested classes annotated with @Configuration.
2026-09-28T19:21:20.499+02:00  INFO 1401774 --- [conference-registration] [           main] .b.t.c.SpringBootTestContextBootstrapper : Found @SpringBootConfiguration org.example.conference.ConferenceApplication for test class org.example.conference.catalog.CatalogChangeIT

  .   ____          _            __ _ _
 /\\ / ___'_ __ _ _(_)_ __  __ _ \ \ \ \
( ( )\___ | '_ | '_| | '_ \/ _` | \ \ \ \
 \\/  ___)| |_)| | | | | || (_| |  ) ) ) )
  '  |____| .__|_| |_|_| |_\__, | / / / /
 =========|_|==============|___/=/_/_/_/

 :: Spring Boot ::                (v4.1.1)

2026-09-28T19:21:20.556+02:00  INFO 1401774 --- [conference-registration] [           main] o.e.conference.catalog.CatalogChangeIT   : Starting CatalogChangeIT using Java 21.0.12.1 with PID 1401774 (started by tjan-kazar in /home/tjan-kazar/storage/Work/lab/single_agent/02_Implementation/backend)
2026-09-28T19:21:20.556+02:00  INFO 1401774 --- [conference-registration] [           main] o.e.conference.catalog.CatalogChangeIT   : The following 1 profile is active: "test"
2026-09-28T19:21:20.879+02:00  INFO 1401774 --- [conference-registration] [           main] .s.d.r.c.RepositoryConfigurationDelegate : Bootstrapping Spring Data JPA repositories in DEFAULT mode.
2026-09-28T19:21:20.893+02:00  INFO 1401774 --- [conference-registration] [           main] .s.d.r.c.RepositoryConfigurationDelegate : Finished Spring Data repository scanning in 12 ms. Found 2 JPA repository interfaces.
2026-09-28T19:21:21.080+02:00  INFO 1401774 --- [conference-registration] [           main] com.zaxxer.hikari.HikariDataSource       : HikariPool-2 - Starting...
2026-09-28T19:21:21.097+02:00  INFO 1401774 --- [conference-registration] [           main] com.zaxxer.hikari.pool.HikariPool        : HikariPool-2 - Added connection org.postgresql.jdbc.PgConnection@573152b0
2026-09-28T19:21:21.097+02:00  INFO 1401774 --- [conference-registration] [           main] com.zaxxer.hikari.HikariDataSource       : HikariPool-2 - Start completed.
2026-09-28T19:21:21.099+02:00  INFO 1401774 --- [conference-registration] [           main] org.flywaydb.core.FlywayExecutor         : Database: jdbc:postgresql://localhost:32789/test?loggerLevel=OFF (PostgreSQL 16.15)
2026-09-28T19:21:21.121+02:00  INFO 1401774 --- [conference-registration] [           main] o.f.core.internal.command.DbValidate     : Successfully validated 1 migration (execution time 00:00.009s)
2026-09-28T19:21:21.146+02:00  INFO 1401774 --- [conference-registration] [           main] o.f.core.internal.command.DbMigrate      : Current version of schema "public": 1
2026-09-28T19:21:21.147+02:00  INFO 1401774 --- [conference-registration] [           main] o.f.core.internal.command.DbMigrate      : Schema "public" is up to date. No migration necessary.
2026-09-28T19:21:21.176+02:00  INFO 1401774 --- [conference-registration] [           main] org.hibernate.orm.jpa                    : HHH008540: Processing PersistenceUnitInfo [name: default]
2026-09-28T19:21:21.206+02:00  INFO 1401774 --- [conference-registration] [           main] o.s.o.j.p.SpringPersistenceUnitInfo      : No LoadTimeWeaver setup: ignoring JPA class transformer
2026-09-28T19:21:21.218+02:00  INFO 1401774 --- [conference-registration] [           main] org.hibernate.orm.connections.pooling    : HHH10001005: Database info:
	Database JDBC URL [jdbc:postgresql://localhost:32789/test?loggerLevel=OFF]
	Database driver: PostgreSQL JDBC Driver
	Database dialect: PostgreSQLDialect
	Database version: 16.15
	Default catalog/schema: test/public
	Autocommit mode: undefined/unknown
	Isolation level: READ_COMMITTED [default READ_COMMITTED]
	JDBC fetch size: none
	Pool: DataSourceConnectionProvider
	Minimum pool size: undefined/unknown
	Maximum pool size: undefined/unknown
2026-09-28T19:21:21.328+02:00  INFO 1401774 --- [conference-registration] [           main] org.hibernate.orm.core                   : HHH000489: No JTA platform available (set 'hibernate.transaction.jta.platform' to enable JTA platform integration)
2026-09-28T19:21:21.353+02:00  INFO 1401774 --- [conference-registration] [           main] j.LocalContainerEntityManagerFactoryBean : Initialized JPA EntityManagerFactory for persistence unit 'default'
2026-09-28T19:21:21.480+02:00  INFO 1401774 --- [conference-registration] [           main] o.e.c.catalog.CatalogConfiguration       : Loaded catalog from /home/tjan-kazar/storage/Work/lab/single_agent/02_Implementation/backend/src/test/resources/catalog-changed.yaml: 7 options (6 active), 1 consents
2026-09-28T19:21:21.657+02:00  INFO 1401774 --- [conference-registration] [           main] r$InitializeUserDetailsManagerConfigurer : Global AuthenticationManager configured with UserDetailsService bean with name organizerUsers
2026-09-28T19:21:21.975+02:00  INFO 1401774 --- [conference-registration] [           main] o.s.b.t.m.w.SpringBootMockServletContext : Initializing Spring TestDispatcherServlet ''
2026-09-28T19:21:21.976+02:00  INFO 1401774 --- [conference-registration] [           main] o.s.t.web.servlet.TestDispatcherServlet  : Initializing Servlet ''
2026-09-28T19:21:21.985+02:00  INFO 1401774 --- [conference-registration] [           main] o.s.b.a.e.web.EndpointLinksResolver      : Exposing 1 endpoint beneath base path '/actuator'
2026-09-28T19:21:21.996+02:00  INFO 1401774 --- [conference-registration] [           main] o.s.t.web.servlet.TestDispatcherServlet  : Completed initialization in 20 ms
2026-09-28T19:21:22.057+02:00  INFO 1401774 --- [conference-registration] [           main] o.e.conference.catalog.CatalogChangeIT   : Started CatalogChangeIT in 1.55 seconds (process running for 24.443)
2026-09-28T19:21:22.064+02:00  INFO 1401774 --- [conference-registration] [           main] o.e.c.r.backup.BackupReconciler          : Backup reconciliation: consistent (0 registrations)
2026-09-28T19:21:22.479+02:00  INFO 1401774 --- [conference-registration] [           main] o.e.c.r.service.RegistrationService      : Registration a9986e38-085a-41db-b00f-4c7dac9269a8 accepted (EXTERNAL)
2026-09-28T19:21:22.534+02:00  INFO 1401774 --- [conference-registration] [           main] o.e.c.r.service.RegistrationService      : Registration 0db22b35-0ad2-423c-8e63-d8457f305b9d accepted (STUDENT)
[INFO] Tests run: 2, Failures: 0, Errors: 0, Skipped: 0, Time elapsed: 2.068 s -- in org.example.conference.catalog.CatalogChangeIT
[INFO] Running org.example.conference.FoundationIT
2026-09-28T19:21:22.545+02:00  INFO 1401774 --- [conference-registration] [           main] t.c.s.AnnotationConfigContextLoaderUtils : Could not detect default configuration classes for test class [org.example.conference.FoundationIT]: FoundationIT does not declare any static, non-private, non-final, nested classes annotated with @Configuration.
2026-09-28T19:21:22.556+02:00  INFO 1401774 --- [conference-registration] [           main] .b.t.c.SpringBootTestContextBootstrapper : Found @SpringBootConfiguration org.example.conference.ConferenceApplication for test class org.example.conference.FoundationIT
2026-09-28T19:21:22.557+02:00  INFO 1401774 --- [conference-registration] [           main] t.c.s.AnnotationConfigContextLoaderUtils : Could not detect default configuration classes for test class [org.example.conference.FoundationIT]: FoundationIT does not declare any static, non-private, non-final, nested classes annotated with @Configuration.
2026-09-28T19:21:22.558+02:00  INFO 1401774 --- [conference-registration] [           main] t.c.s.AnnotationConfigContextLoaderUtils : Could not detect default configuration classes for test class [org.example.conference.support.IntegrationTestBase]: IntegrationTestBase does not declare any static, non-private, non-final, nested classes annotated with @Configuration.
2026-09-28T19:21:22.564+02:00  INFO 1401774 --- [conference-registration] [           main] .b.t.c.SpringBootTestContextBootstrapper : Found @SpringBootConfiguration org.example.conference.ConferenceApplication for test class org.example.conference.FoundationIT
[INFO] Tests run: 3, Failures: 0, Errors: 0, Skipped: 0, Time elapsed: 0.101 s -- in org.example.conference.FoundationIT
[INFO] Running org.example.conference.notification.NotificationIT
2026-09-28T19:21:22.649+02:00  INFO 1401774 --- [conference-registration] [           main] t.c.s.AnnotationConfigContextLoaderUtils : Could not detect default configuration classes for test class [org.example.conference.notification.NotificationIT]: NotificationIT does not declare any static, non-private, non-final, nested classes annotated with @Configuration.
2026-09-28T19:21:22.663+02:00  INFO 1401774 --- [conference-registration] [           main] .b.t.c.SpringBootTestContextBootstrapper : Found @SpringBootConfiguration org.example.conference.ConferenceApplication for test class org.example.conference.notification.NotificationIT
2026-09-28T19:21:22.665+02:00  INFO 1401774 --- [conference-registration] [           main] t.c.s.AnnotationConfigContextLoaderUtils : Could not detect default configuration classes for test class [org.example.conference.notification.NotificationIT]: NotificationIT does not declare any static, non-private, non-final, nested classes annotated with @Configuration.
2026-09-28T19:21:22.665+02:00  INFO 1401774 --- [conference-registration] [           main] t.c.s.AnnotationConfigContextLoaderUtils : Could not detect default configuration classes for test class [org.example.conference.support.IntegrationTestBase]: IntegrationTestBase does not declare any static, non-private, non-final, nested classes annotated with @Configuration.
2026-09-28T19:21:22.673+02:00  INFO 1401774 --- [conference-registration] [           main] .b.t.c.SpringBootTestContextBootstrapper : Found @SpringBootConfiguration org.example.conference.ConferenceApplication for test class org.example.conference.notification.NotificationIT
2026-09-28T19:21:22.793+02:00  INFO 1401774 --- [conference-registration] [           main] o.e.c.r.service.RegistrationService      : Registration c2fa4c7e-df65-468b-9a09-56152c8abec1 accepted (EXTERNAL)
2026-09-28T19:21:22.927+02:00  WARN 1401774 --- [conference-registration] [           main] o.e.c.notification.OutboxDispatcher      : Email abe79830-5f90-43df-91cf-baf36ebc84df attempt 1 failed (MailSendException); retry at 2026-09-28T17:21:23.927093433Z
2026-09-28T19:21:22.940+02:00  WARN 1401774 --- [conference-registration] [           main] o.e.c.notification.OutboxDispatcher      : Email c9457025-54fd-4fd5-9c88-c4e6ae78e771 attempt 1 failed (MailSendException); retry at 2026-09-28T17:21:23.940795604Z
2026-09-28T19:21:22.943+02:00  WARN 1401774 --- [conference-registration] [           main] o.e.c.notification.OutboxDispatcher      : Email 4983f8b1-be7b-43f6-bb36-b11c5e35c488 attempt 1 failed (MailSendException); retry at 2026-09-28T17:21:23.943665215Z
2026-09-28T19:21:22.972+02:00  WARN 1401774 --- [conference-registration] [           main] o.e.c.notification.OutboxDispatcher      : Email abe79830-5f90-43df-91cf-baf36ebc84df attempt 2 failed (MailSendException); retry at 2026-09-28T17:21:24.972407155Z
2026-09-28T19:21:22.974+02:00  WARN 1401774 --- [conference-registration] [           main] o.e.c.notification.OutboxDispatcher      : Email c9457025-54fd-4fd5-9c88-c4e6ae78e771 attempt 2 failed (MailSendException); retry at 2026-09-28T17:21:24.974888689Z
2026-09-28T19:21:22.977+02:00  WARN 1401774 --- [conference-registration] [           main] o.e.c.notification.OutboxDispatcher      : Email 4983f8b1-be7b-43f6-bb36-b11c5e35c488 attempt 2 failed (MailSendException); retry at 2026-09-28T17:21:24.977452503Z
2026-09-28T19:21:22.991+02:00 ERROR 1401774 --- [conference-registration] [           main] o.e.c.notification.OutboxDispatcher      : Email abe79830-5f90-43df-91cf-baf36ebc84df permanently FAILED after 3 attempts
2026-09-28T19:21:22.993+02:00 ERROR 1401774 --- [conference-registration] [           main] o.e.c.notification.OutboxDispatcher      : Email c9457025-54fd-4fd5-9c88-c4e6ae78e771 permanently FAILED after 3 attempts
2026-09-28T19:21:22.996+02:00 ERROR 1401774 --- [conference-registration] [           main] o.e.c.notification.OutboxDispatcher      : Email 4983f8b1-be7b-43f6-bb36-b11c5e35c488 permanently FAILED after 3 attempts
2026-09-28T19:21:23.075+02:00  INFO 1401774 --- [conference-registration] [           main] o.e.c.r.service.RegistrationService      : Registration 6c9000ca-2280-4c16-970d-f70c76dd62ed accepted (EXTERNAL)
2026-09-28T19:21:23.172+02:00  INFO 1401774 --- [conference-registration] [127.0.0.1:42198] c.icegreen.greenmail.user.UserManager    : Created user login spela.synthetic@example.org for address spela.synthetic@example.org with password spela.synthetic@example.org because it didn't exist before.
2026-09-28T19:21:23.186+02:00  INFO 1401774 --- [conference-registration] [           main] o.e.c.notification.OutboxDispatcher      : Email f3b0dad6-11f1-43d3-94d6-424d27ac2051 (PARTICIPANT_CONFIRMATION) delivered to SMTP
2026-09-28T19:21:23.243+02:00  INFO 1401774 --- [conference-registration] [127.0.0.1:42208] c.icegreen.greenmail.user.UserManager    : Created user login organizer-a@conference.test for address organizer-a@conference.test with password organizer-a@conference.test because it didn't exist before.
2026-09-28T19:21:23.254+02:00  INFO 1401774 --- [conference-registration] [           main] o.e.c.notification.OutboxDispatcher      : Email 118b9554-b940-4e99-a5d4-a6c23349d098 (ORGANIZER_NOTIFICATION) delivered to SMTP
2026-09-28T19:21:23.309+02:00  INFO 1401774 --- [conference-registration] [127.0.0.1:42216] c.icegreen.greenmail.user.UserManager    : Created user login organizer-b@conference.test for address organizer-b@conference.test with password organizer-b@conference.test because it didn't exist before.
2026-09-28T19:21:23.317+02:00  INFO 1401774 --- [conference-registration] [           main] o.e.c.notification.OutboxDispatcher      : Email 8e606190-bf52-41aa-b544-a925d772241d (ORGANIZER_NOTIFICATION) delivered to SMTP
2026-09-28T19:21:23.423+02:00  INFO 1401774 --- [conference-registration] [           main] o.e.c.r.service.RegistrationService      : Registration 00fcde00-766e-4d9f-b9ea-355a9ebaf921 accepted (EXTERNAL)
2026-09-28T19:21:23.431+02:00  WARN 1401774 --- [conference-registration] [           main] o.e.c.notification.OutboxDispatcher      : Email d43f89b6-bdd7-4d8a-ba3c-2c3d3069486c attempt 1 failed (MailSendException); retry at 2026-09-28T17:21:24.431364581Z
2026-09-28T19:21:23.434+02:00  WARN 1401774 --- [conference-registration] [           main] o.e.c.notification.OutboxDispatcher      : Email 9c4edc04-2998-45b8-994c-e51d5885ac74 attempt 1 failed (MailSendException); retry at 2026-09-28T17:21:24.434625889Z
2026-09-28T19:21:23.437+02:00  WARN 1401774 --- [conference-registration] [           main] o.e.c.notification.OutboxDispatcher      : Email edc26c35-d04f-4522-8b64-119780a56a1e attempt 1 failed (MailSendException); retry at 2026-09-28T17:21:24.437079964Z
2026-09-28T19:21:23.505+02:00  INFO 1401774 --- [conference-registration] [127.0.0.1:51120] c.icegreen.greenmail.user.UserManager    : Created user login spela.synthetic@example.org for address spela.synthetic@example.org with password spela.synthetic@example.org because it didn't exist before.
2026-09-28T19:21:23.507+02:00  INFO 1401774 --- [conference-registration] [           main] o.e.c.notification.OutboxDispatcher      : Email d43f89b6-bdd7-4d8a-ba3c-2c3d3069486c (PARTICIPANT_CONFIRMATION) delivered to SMTP
2026-09-28T19:21:23.555+02:00  INFO 1401774 --- [conference-registration] [127.0.0.1:51126] c.icegreen.greenmail.user.UserManager    : Created user login organizer-a@conference.test for address organizer-a@conference.test with password organizer-a@conference.test because it didn't exist before.
2026-09-28T19:21:23.560+02:00  INFO 1401774 --- [conference-registration] [           main] o.e.c.notification.OutboxDispatcher      : Email 9c4edc04-2998-45b8-994c-e51d5885ac74 (ORGANIZER_NOTIFICATION) delivered to SMTP
2026-09-28T19:21:23.611+02:00  INFO 1401774 --- [conference-registration] [127.0.0.1:51138] c.icegreen.greenmail.user.UserManager    : Created user login organizer-b@conference.test for address organizer-b@conference.test with password organizer-b@conference.test because it didn't exist before.
2026-09-28T19:21:23.617+02:00  INFO 1401774 --- [conference-registration] [           main] o.e.c.notification.OutboxDispatcher      : Email edc26c35-d04f-4522-8b64-119780a56a1e (ORGANIZER_NOTIFICATION) delivered to SMTP
[INFO] Tests run: 3, Failures: 0, Errors: 0, Skipped: 0, Time elapsed: 0.984 s -- in org.example.conference.notification.NotificationIT
[INFO] Running org.example.conference.registration.RegistrationApiIT
2026-09-28T19:21:23.635+02:00  INFO 1401774 --- [conference-registration] [           main] t.c.s.AnnotationConfigContextLoaderUtils : Could not detect default configuration classes for test class [org.example.conference.registration.RegistrationApiIT]: RegistrationApiIT does not declare any static, non-private, non-final, nested classes annotated with @Configuration.
2026-09-28T19:21:23.644+02:00  INFO 1401774 --- [conference-registration] [           main] .b.t.c.SpringBootTestContextBootstrapper : Found @SpringBootConfiguration org.example.conference.ConferenceApplication for test class org.example.conference.registration.RegistrationApiIT
2026-09-28T19:21:23.645+02:00  INFO 1401774 --- [conference-registration] [           main] t.c.s.AnnotationConfigContextLoaderUtils : Could not detect default configuration classes for test class [org.example.conference.registration.RegistrationApiIT]: RegistrationApiIT does not declare any static, non-private, non-final, nested classes annotated with @Configuration.
2026-09-28T19:21:23.646+02:00  INFO 1401774 --- [conference-registration] [           main] t.c.s.AnnotationConfigContextLoaderUtils : Could not detect default configuration classes for test class [org.example.conference.support.IntegrationTestBase]: IntegrationTestBase does not declare any static, non-private, non-final, nested classes annotated with @Configuration.
2026-09-28T19:21:23.651+02:00  INFO 1401774 --- [conference-registration] [           main] .b.t.c.SpringBootTestContextBootstrapper : Found @SpringBootConfiguration org.example.conference.ConferenceApplication for test class org.example.conference.registration.RegistrationApiIT
2026-09-28T19:21:23.900+02:00  INFO 1401774 --- [conference-registration] [           main] o.e.c.r.service.RegistrationService      : Registration 571b688a-dccd-4812-b0bc-8a979ffcbdf9 accepted (EXTERNAL)
2026-09-28T19:21:23.970+02:00  INFO 1401774 --- [conference-registration] [           main] o.e.c.r.service.RegistrationService      : Registration 802e7dfc-3f78-4d44-9d9f-25093074717c accepted (EXTERNAL)
2026-09-28T19:21:24.137+02:00  INFO 1401774 --- [conference-registration] [           main] o.e.c.r.service.RegistrationService      : Registration 4b9151ad-8612-49e9-8cb9-6a6b8622cbb1 accepted (STUDENT)
2026-09-28T19:21:24.592+02:00  INFO 1401774 --- [conference-registration] [           main] o.e.c.r.service.RegistrationService      : Registration 83e5b1dd-ab21-4d5e-8e2e-f6f0e9011633 accepted (EXTERNAL)
2026-09-28T19:21:24.794+02:00  INFO 1401774 --- [conference-registration] [ool-21-thread-1] o.e.c.r.service.RegistrationService      : Registration c1cd5af7-a049-406a-8e10-2fb7f9425639 accepted (STUDENT)
2026-09-28T19:21:24.805+02:00  WARN 1401774 --- [conference-registration] [ool-21-thread-2] org.hibernate.orm.jdbc.error             : HHH000247: ErrorCode: 0, SQLState: 23505
2026-09-28T19:21:24.805+02:00  WARN 1401774 --- [conference-registration] [ool-21-thread-5] org.hibernate.orm.jdbc.error             : HHH000247: ErrorCode: 0, SQLState: 23505
2026-09-28T19:21:24.805+02:00  WARN 1401774 --- [conference-registration] [ool-21-thread-3] org.hibernate.orm.jdbc.error             : HHH000247: ErrorCode: 0, SQLState: 23505
2026-09-28T19:21:24.805+02:00  WARN 1401774 --- [conference-registration] [ool-21-thread-8] org.hibernate.orm.jdbc.error             : HHH000247: ErrorCode: 0, SQLState: 23505
2026-09-28T19:21:24.805+02:00  WARN 1401774 --- [conference-registration] [ool-21-thread-4] org.hibernate.orm.jdbc.error             : HHH000247: ErrorCode: 0, SQLState: 23505
2026-09-28T19:21:24.805+02:00  WARN 1401774 --- [conference-registration] [ool-21-thread-2] org.hibernate.orm.jdbc.error             : ERROR: duplicate key value violates unique constraint "uq_registration_client_request"
  Detail: Key (client_request_id)=(1971f4fa-8293-4a3c-ab81-f75c7c56dd3c) already exists.
2026-09-28T19:21:24.805+02:00  WARN 1401774 --- [conference-registration] [ool-21-thread-5] org.hibernate.orm.jdbc.error             : ERROR: duplicate key value violates unique constraint "uq_registration_client_request"
  Detail: Key (client_request_id)=(1971f4fa-8293-4a3c-ab81-f75c7c56dd3c) already exists.
2026-09-28T19:21:24.805+02:00  WARN 1401774 --- [conference-registration] [ool-21-thread-3] org.hibernate.orm.jdbc.error             : ERROR: duplicate key value violates unique constraint "uq_registration_client_request"
  Detail: Key (client_request_id)=(1971f4fa-8293-4a3c-ab81-f75c7c56dd3c) already exists.
2026-09-28T19:21:24.805+02:00  WARN 1401774 --- [conference-registration] [ool-21-thread-6] org.hibernate.orm.jdbc.error             : HHH000247: ErrorCode: 0, SQLState: 23505
2026-09-28T19:21:24.805+02:00  WARN 1401774 --- [conference-registration] [ool-21-thread-8] org.hibernate.orm.jdbc.error             : ERROR: duplicate key value violates unique constraint "uq_registration_client_request"
  Detail: Key (client_request_id)=(1971f4fa-8293-4a3c-ab81-f75c7c56dd3c) already exists.
2026-09-28T19:21:24.805+02:00  WARN 1401774 --- [conference-registration] [ool-21-thread-4] org.hibernate.orm.jdbc.error             : ERROR: duplicate key value violates unique constraint "uq_registration_client_request"
  Detail: Key (client_request_id)=(1971f4fa-8293-4a3c-ab81-f75c7c56dd3c) already exists.
2026-09-28T19:21:24.805+02:00  WARN 1401774 --- [conference-registration] [ool-21-thread-7] org.hibernate.orm.jdbc.error             : HHH000247: ErrorCode: 0, SQLState: 23505
2026-09-28T19:21:24.806+02:00  WARN 1401774 --- [conference-registration] [ool-21-thread-6] org.hibernate.orm.jdbc.error             : ERROR: duplicate key value violates unique constraint "uq_registration_client_request"
  Detail: Key (client_request_id)=(1971f4fa-8293-4a3c-ab81-f75c7c56dd3c) already exists.
2026-09-28T19:21:24.806+02:00  WARN 1401774 --- [conference-registration] [ool-21-thread-7] org.hibernate.orm.jdbc.error             : ERROR: duplicate key value violates unique constraint "uq_registration_client_request"
  Detail: Key (client_request_id)=(1971f4fa-8293-4a3c-ab81-f75c7c56dd3c) already exists.
[INFO] Tests run: 32, Failures: 0, Errors: 0, Skipped: 0, Time elapsed: 1.208 s -- in org.example.conference.registration.RegistrationApiIT
[INFO] Running org.example.conference.registration.StorageFailureIT
2026-09-28T19:21:24.851+02:00  INFO 1401774 --- [conference-registration] [           main] t.c.s.AnnotationConfigContextLoaderUtils : Could not detect default configuration classes for test class [org.example.conference.registration.StorageFailureIT]: StorageFailureIT does not declare any static, non-private, non-final, nested classes annotated with @Configuration.
2026-09-28T19:21:24.861+02:00  INFO 1401774 --- [conference-registration] [           main] .b.t.c.SpringBootTestContextBootstrapper : Found @SpringBootConfiguration org.example.conference.ConferenceApplication for test class org.example.conference.registration.StorageFailureIT
2026-09-28T19:21:24.862+02:00  INFO 1401774 --- [conference-registration] [           main] t.c.s.AnnotationConfigContextLoaderUtils : Could not detect default configuration classes for test class [org.example.conference.registration.StorageFailureIT]: StorageFailureIT does not declare any static, non-private, non-final, nested classes annotated with @Configuration.
2026-09-28T19:21:24.863+02:00  INFO 1401774 --- [conference-registration] [           main] t.c.s.AnnotationConfigContextLoaderUtils : Could not detect default configuration classes for test class [org.example.conference.support.IntegrationTestBase]: IntegrationTestBase does not declare any static, non-private, non-final, nested classes annotated with @Configuration.
2026-09-28T19:21:24.871+02:00  INFO 1401774 --- [conference-registration] [           main] .b.t.c.SpringBootTestContextBootstrapper : Found @SpringBootConfiguration org.example.conference.ConferenceApplication for test class org.example.conference.registration.StorageFailureIT

  .   ____          _            __ _ _
 /\\ / ___'_ __ _ _(_)_ __  __ _ \ \ \ \
( ( )\___ | '_ | '_| | '_ \/ _` | \ \ \ \
 \\/  ___)| |_)| | | | | || (_| |  ) ) ) )
  '  |____| .__|_| |_|_| |_\__, | / / / /
 =========|_|==============|___/=/_/_/_/

 :: Spring Boot ::                (v4.1.1)

2026-09-28T19:21:24.919+02:00  INFO 1401774 --- [conference-registration] [           main] o.e.c.registration.StorageFailureIT      : Starting StorageFailureIT using Java 21.0.12.1 with PID 1401774 (started by tjan-kazar in /home/tjan-kazar/storage/Work/lab/single_agent/02_Implementation/backend)
2026-09-28T19:21:24.919+02:00  INFO 1401774 --- [conference-registration] [           main] o.e.c.registration.StorageFailureIT      : The following 1 profile is active: "test"
2026-09-28T19:21:25.114+02:00  INFO 1401774 --- [conference-registration] [           main] .s.d.r.c.RepositoryConfigurationDelegate : Bootstrapping Spring Data JPA repositories in DEFAULT mode.
2026-09-28T19:21:25.126+02:00  INFO 1401774 --- [conference-registration] [           main] .s.d.r.c.RepositoryConfigurationDelegate : Finished Spring Data repository scanning in 10 ms. Found 2 JPA repository interfaces.
2026-09-28T19:21:25.307+02:00  INFO 1401774 --- [conference-registration] [           main] com.zaxxer.hikari.HikariDataSource       : HikariPool-3 - Starting...
2026-09-28T19:21:25.322+02:00  INFO 1401774 --- [conference-registration] [           main] com.zaxxer.hikari.pool.HikariPool        : HikariPool-3 - Added connection org.postgresql.jdbc.PgConnection@2e763a61
2026-09-28T19:21:25.322+02:00  INFO 1401774 --- [conference-registration] [           main] com.zaxxer.hikari.HikariDataSource       : HikariPool-3 - Start completed.
2026-09-28T19:21:25.324+02:00  INFO 1401774 --- [conference-registration] [           main] org.flywaydb.core.FlywayExecutor         : Database: jdbc:postgresql://localhost:32789/test?loggerLevel=OFF (PostgreSQL 16.15)
2026-09-28T19:21:25.346+02:00  INFO 1401774 --- [conference-registration] [           main] o.f.core.internal.command.DbValidate     : Successfully validated 1 migration (execution time 00:00.007s)
2026-09-28T19:21:25.376+02:00  INFO 1401774 --- [conference-registration] [           main] o.f.core.internal.command.DbMigrate      : Current version of schema "public": 1
2026-09-28T19:21:25.377+02:00  INFO 1401774 --- [conference-registration] [           main] o.f.core.internal.command.DbMigrate      : Schema "public" is up to date. No migration necessary.
2026-09-28T19:21:25.400+02:00  INFO 1401774 --- [conference-registration] [           main] org.hibernate.orm.jpa                    : HHH008540: Processing PersistenceUnitInfo [name: default]
2026-09-28T19:21:25.425+02:00  INFO 1401774 --- [conference-registration] [           main] o.s.o.j.p.SpringPersistenceUnitInfo      : No LoadTimeWeaver setup: ignoring JPA class transformer
2026-09-28T19:21:25.435+02:00  INFO 1401774 --- [conference-registration] [           main] org.hibernate.orm.connections.pooling    : HHH10001005: Database info:
	Database JDBC URL [jdbc:postgresql://localhost:32789/test?loggerLevel=OFF]
	Database driver: PostgreSQL JDBC Driver
	Database dialect: PostgreSQLDialect
	Database version: 16.15
	Default catalog/schema: test/public
	Autocommit mode: undefined/unknown
	Isolation level: READ_COMMITTED [default READ_COMMITTED]
	JDBC fetch size: none
	Pool: DataSourceConnectionProvider
	Minimum pool size: undefined/unknown
	Maximum pool size: undefined/unknown
2026-09-28T19:21:25.521+02:00  INFO 1401774 --- [conference-registration] [           main] org.hibernate.orm.core                   : HHH000489: No JTA platform available (set 'hibernate.transaction.jta.platform' to enable JTA platform integration)
2026-09-28T19:21:25.537+02:00  INFO 1401774 --- [conference-registration] [           main] j.LocalContainerEntityManagerFactoryBean : Initialized JPA EntityManagerFactory for persistence unit 'default'
2026-09-28T19:21:25.647+02:00  INFO 1401774 --- [conference-registration] [           main] o.e.c.catalog.CatalogConfiguration       : Loaded catalog from src/test/resources/catalog-test.yaml: 9 options (8 active), 1 consents
2026-09-28T19:21:27.152+02:00  INFO 1401774 --- [conference-registration] [           main] r$InitializeUserDetailsManagerConfigurer : Global AuthenticationManager configured with UserDetailsService bean with name organizerUsers
2026-09-28T19:21:27.825+02:00  INFO 1401774 --- [conference-registration] [           main] o.s.b.t.m.w.SpringBootMockServletContext : Initializing Spring TestDispatcherServlet ''
2026-09-28T19:21:27.826+02:00  INFO 1401774 --- [conference-registration] [           main] o.s.t.web.servlet.TestDispatcherServlet  : Initializing Servlet ''
2026-09-28T19:21:27.849+02:00  INFO 1401774 --- [conference-registration] [           main] o.s.b.a.e.web.EndpointLinksResolver      : Exposing 1 endpoint beneath base path '/actuator'
2026-09-28T19:21:27.870+02:00  INFO 1401774 --- [conference-registration] [           main] o.s.t.web.servlet.TestDispatcherServlet  : Completed initialization in 44 ms
2026-09-28T19:21:27.985+02:00  INFO 1401774 --- [conference-registration] [           main] o.e.c.registration.StorageFailureIT      : Started StorageFailureIT in 3.108 seconds (process running for 30.371)
2026-09-28T19:21:28.107+02:00  INFO 1401774 --- [conference-registration] [           main] o.e.c.r.backup.BackupReconciler          : Backup reconciliation: consistent (1 registrations)
2026-09-28T19:21:28.261+02:00 ERROR 1401774 --- [conference-registration] [           main] o.e.c.r.service.RegistrationService      : Backup publish failed for new registration adb28ea4-5d2b-4381-9dbf-d31f091f1849: java.io.IOException
2026-09-28T19:21:28.369+02:00  INFO 1401774 --- [conference-registration] [           main] o.e.c.r.service.RegistrationService      : Registration b626ab29-54ed-4f4d-a474-3ab61a433e9a accepted (EXTERNAL)
2026-09-28T19:21:28.494+02:00  INFO 1401774 --- [conference-registration] [           main] o.e.c.r.service.RegistrationService      : Registration 808056a4-f188-47a4-8ad8-5cd6f90b26ac accepted (EXTERNAL)
2026-09-28T19:21:28.555+02:00  INFO 1401774 --- [conference-registration] [           main] o.e.c.r.service.RegistrationService      : Registration e4ec690f-7c08-4037-a058-fc5cda8ddbd4 accepted (EXTERNAL)
2026-09-28T19:21:28.609+02:00  INFO 1401774 --- [conference-registration] [           main] o.e.c.r.service.RegistrationService      : Registration 970fa15d-b3d6-4c49-a795-1a36d26b8d43 accepted (EXTERNAL)
2026-09-28T19:21:28.621+02:00  WARN 1401774 --- [conference-registration] [           main] o.e.c.r.backup.BackupReconciler          : Quarantining unaccepted backup file 9ac9a344-5e29-42c9-a129-6b5d61142941.json
2026-09-28T19:21:28.645+02:00  WARN 1401774 --- [conference-registration] [           main] o.e.c.r.backup.BackupReconciler          : Re-published backup file for registration e4ec690f-7c08-4037-a058-fc5cda8ddbd4 from database
2026-09-28T19:21:28.668+02:00  WARN 1401774 --- [conference-registration] [           main] o.e.c.r.backup.BackupReconciler          : Re-published backup file for registration 970fa15d-b3d6-4c49-a795-1a36d26b8d43 from database
2026-09-28T19:21:28.668+02:00  WARN 1401774 --- [conference-registration] [           main] o.e.c.r.backup.BackupReconciler          : Backup reconciliation performed changes: Report[tempFilesDeleted=1, orphansQuarantined=1, filesRestored=1, mismatchesRepaired=1]
2026-09-28T19:21:28.692+02:00  INFO 1401774 --- [conference-registration] [           main] o.e.c.r.backup.BackupReconciler          : Backup reconciliation: consistent (3 registrations)
2026-09-28T19:21:28.742+02:00 ERROR 1401774 --- [conference-registration] [           main] o.e.c.r.service.RegistrationService      : Database commit failed for registration 2c90fe95-43a6-4c30-bf1a-9f7b71429da9: org.springframework.dao.DataAccessResourceFailureException
2026-09-28T19:21:28.775+02:00 ERROR 1401774 --- [conference-registration] [           main] o.e.c.r.backup.BackupReconciler          : Database holds no registrations but 1 backup files exist; not quarantining (possible database restore scenario, operator action required)
2026-09-28T19:21:28.775+02:00  INFO 1401774 --- [conference-registration] [           main] o.e.c.r.backup.BackupReconciler          : Backup reconciliation: consistent (0 registrations)
2026-09-28T19:21:28.841+02:00  INFO 1401774 --- [conference-registration] [           main] o.e.c.r.service.RegistrationService      : Registration 242ee00c-4d75-4225-8b0f-2b79c7a2f564 accepted (EXTERNAL)
2026-09-28T19:21:28.852+02:00  INFO 1401774 --- [conference-registration] [           main] o.e.c.r.backup.BackupReconciler          : Backup reconciliation: consistent (1 registrations)
[INFO] Tests run: 5, Failures: 0, Errors: 0, Skipped: 0, Time elapsed: 4.012 s -- in org.example.conference.registration.StorageFailureIT
[INFO] Running org.example.conference.export.ExportIT
2026-09-28T19:21:28.888+02:00  INFO 1401774 --- [conference-registration] [           main] t.c.s.AnnotationConfigContextLoaderUtils : Could not detect default configuration classes for test class [org.example.conference.export.ExportIT]: ExportIT does not declare any static, non-private, non-final, nested classes annotated with @Configuration.
2026-09-28T19:21:28.938+02:00  INFO 1401774 --- [conference-registration] [           main] .b.t.c.SpringBootTestContextBootstrapper : Found @SpringBootConfiguration org.example.conference.ConferenceApplication for test class org.example.conference.export.ExportIT
2026-09-28T19:21:28.941+02:00  INFO 1401774 --- [conference-registration] [           main] t.c.s.AnnotationConfigContextLoaderUtils : Could not detect default configuration classes for test class [org.example.conference.export.ExportIT]: ExportIT does not declare any static, non-private, non-final, nested classes annotated with @Configuration.
2026-09-28T19:21:28.941+02:00  INFO 1401774 --- [conference-registration] [           main] t.c.s.AnnotationConfigContextLoaderUtils : Could not detect default configuration classes for test class [org.example.conference.support.IntegrationTestBase]: IntegrationTestBase does not declare any static, non-private, non-final, nested classes annotated with @Configuration.
2026-09-28T19:21:28.958+02:00  INFO 1401774 --- [conference-registration] [           main] .b.t.c.SpringBootTestContextBootstrapper : Found @SpringBootConfiguration org.example.conference.ConferenceApplication for test class org.example.conference.export.ExportIT
2026-09-28T19:21:29.022+02:00  INFO 1401774 --- [conference-registration] [           main] o.e.c.r.service.RegistrationService      : Registration 4315c3f7-2f9a-4dd0-b3d0-d1fbcc847945 accepted (EXTERNAL)
2026-09-28T19:21:29.065+02:00  INFO 1401774 --- [conference-registration] [           main] o.e.c.r.service.RegistrationService      : Registration a9580e8f-ee41-478b-be83-d784ff350e20 accepted (STUDENT)
2026-09-28T19:21:32.649+02:00  INFO 1401774 --- [conference-registration] [           main] o.e.c.r.service.RegistrationService      : Registration db48cf77-4adc-46cf-99a5-63aabb5e4bd7 accepted (EXTERNAL)
2026-09-28T19:21:32.695+02:00  INFO 1401774 --- [conference-registration] [           main] o.e.c.r.service.RegistrationService      : Registration f6afb695-745a-435e-bead-8e42866ed2f8 accepted (STUDENT)
[INFO] Tests run: 2, Failures: 0, Errors: 0, Skipped: 0, Time elapsed: 3.969 s -- in org.example.conference.export.ExportIT
[INFO] 
[INFO] Results:
[INFO] 
[INFO] Tests run: 53, Failures: 0, Errors: 0, Skipped: 0
[INFO] 
[INFO] 
[INFO] --- jacoco:0.8.15:report-integration (report-it) @ conference-registration-backend ---
[INFO] Loading execution data file /home/tjan-kazar/storage/Work/lab/single_agent/02_Implementation/backend/target/jacoco-it.exec
[INFO] Analyzed bundle 'conference-registration-backend' with 72 classes
[INFO] 
[INFO] --- failsafe:3.5.6:verify (default) @ conference-registration-backend ---
[INFO] ------------------------------------------------------------------------
[INFO] BUILD SUCCESS
[INFO] ------------------------------------------------------------------------
[INFO] Total time:  59.241 s
[INFO] Finished at: 2026-09-28T19:21:33+02:00
[INFO] ------------------------------------------------------------------------
