$ (cwd=.) ./mvnw -B spotless:check compile spotbugs:check pmd:check pmd:cpd-check -DskipTests
# start=2026-09-28T16:48:33.757Z end=2026-09-28T16:49:00.879Z exit=0 elapsed_s=27.122

[INFO] Scanning for projects...
[INFO] 
[INFO] -------< org.example.conference:conference-registration-backend >-------
[INFO] Building conference-registration-backend 1.0.0
[INFO]   from pom.xml
[INFO] --------------------------------[ jar ]---------------------------------
[INFO] 
[INFO] --- spotless:3.10.3:check (default-cli) @ conference-registration-backend ---
[INFO] Spotless.Java is keeping 85 files clean - 0 needs changes to be clean, 0 were already clean, 85 were skipped because caching determined they were already clean
[INFO] 
[INFO] --- jacoco:0.8.15:prepare-agent (prepare-unit) @ conference-registration-backend ---
[INFO] argLine set to -javaagent:/home/tjan-kazar/.m2/repository/org/jacoco/org.jacoco.agent/0.8.15/org.jacoco.agent-0.8.15-runtime.jar=destfile=/home/tjan-kazar/storage/Work/lab/single_agent/02_Implementation/backend/target/jacoco.exec
[INFO] 
[INFO] --- resources:3.3.1:resources (default-resources) @ conference-registration-backend ---
[INFO] Copying 3 resources from src/main/resources to target/classes
[INFO] Copying 1 resource from src/main/resources to target/classes
[INFO] 
[INFO] --- compiler:3.14.1:compile (default-compile) @ conference-registration-backend ---
[INFO] Recompiling the module because of changed source code.
[INFO] Compiling 69 source files with javac [debug parameters release 21] to target/classes
[INFO] 
[INFO] >>> spotbugs:4.10.4.1:check (default-cli) > :spotbugs @ conference-registration-backend >>>
[INFO] 
[INFO] --- spotbugs:4.10.4.1:spotbugs (spotbugs) @ conference-registration-backend ---
[INFO] Done SpotBugs Analysis....
[INFO] Skipping com.github.spotbugs:spotbugs-maven-plugin:4.10.4.1:spotbugs report goal
[INFO] 
[INFO] <<< spotbugs:4.10.4.1:check (default-cli) < :spotbugs @ conference-registration-backend <<<
[INFO] 
[INFO] 
[INFO] --- spotbugs:4.10.4.1:check (default-cli) @ conference-registration-backend ---
[INFO] BugInstance size is 0
[INFO] Error size is 0
[INFO] No errors/warnings found
[INFO] 
[INFO] >>> pmd:3.28.0:check (default-cli) > :pmd @ conference-registration-backend >>>
[INFO] 
[INFO] --- pmd:3.28.0:pmd (pmd) @ conference-registration-backend ---
[WARNING] Unable to locate Source XRef to link to -- DISABLED
[WARNING] Unable to locate Source XRef to link to -- DISABLED
[INFO] PMD version: 7.28.0
[WARNING] Adding current platform /usr/lib/jvm/java-21-openjdk-amd64/lib/jrt-fs.jar to auxClasspath, which could be the wrong java version. Please add the correct jrt-fs.jar explicitly to the auxClasspath. See https://docs.pmd-code.org/latest/pmd_languages_java.html#providing-the-auxiliary-classpath Set env var PMD_JAVA_DISABLE_AUX_CLASSPATH_WARNINGS=true to disable this warning.
[WARNING] Unable to find a URL to the parent project. The parent menu will NOT be added.
[INFO] Rendering content with org.apache.maven.skins:maven-fluido-skin:jar:2.0.0-M9 skin
[INFO] 
[INFO] <<< pmd:3.28.0:check (default-cli) < :pmd @ conference-registration-backend <<<
[INFO] 
[INFO] 
[INFO] --- pmd:3.28.0:check (default-cli) @ conference-registration-backend ---
[INFO] 
[INFO] >>> pmd:3.28.0:cpd-check (default-cli) > :cpd @ conference-registration-backend >>>
[INFO] 
[INFO] --- pmd:3.28.0:cpd (cpd) @ conference-registration-backend ---
[WARNING] Unable to locate Source XRef to link to -- DISABLED
[WARNING] Unable to locate Source XRef to link to -- DISABLED
[WARNING] Unable to find a URL to the parent project. The parent menu will NOT be added.
[INFO] Rendering content with org.apache.maven.skins:maven-fluido-skin:jar:2.0.0-M9 skin
[INFO] 
[INFO] <<< pmd:3.28.0:cpd-check (default-cli) < :cpd @ conference-registration-backend <<<
[INFO] 
[INFO] 
[INFO] --- pmd:3.28.0:cpd-check (default-cli) @ conference-registration-backend ---
[INFO] ------------------------------------------------------------------------
[INFO] BUILD SUCCESS
[INFO] ------------------------------------------------------------------------
[INFO] Total time:  25.276 s
[INFO] Finished at: 2026-09-28T18:49:00+02:00
[INFO] ------------------------------------------------------------------------
