[INFO] Scanning for projects...
[INFO] 
[INFO] -----------------< si.konferenca:registration-backend >-----------------
[INFO] Building registration-backend 1.0.0
[INFO]   from pom.xml
[INFO] --------------------------------[ jar ]---------------------------------
[INFO] 
[INFO] --- jacoco:0.8.12:prepare-agent (prepare-agent) @ registration-backend ---
[INFO] argLine set to "-javaagent:C:\\Users\\sense\\.m2\\repository\\org\\jacoco\\org.jacoco.agent\\0.8.12\\org.jacoco.agent-0.8.12-runtime.jar=destfile=E:\\13 - Lab Projects\\01_Runs\\05_Optimized_Input_Template\\agentic_lab\\02_output\\backend\\target\\jacoco.exec"
[INFO] 
[INFO] --- resources:3.5.0:resources (default-resources) @ registration-backend ---
[INFO] Copying 1 resource from src\main\resources to target\classes
[INFO] Copying 0 resource from src\main\resources to target\classes
[INFO] 
[INFO] --- compiler:3.15.0:compile (default-compile) @ registration-backend ---
[INFO] Nothing to compile - all classes are up to date.
[INFO] 
[INFO] --- resources:3.5.0:testResources (default-testResources) @ registration-backend ---
[INFO] skip non existing resourceDirectory E:\13 - Lab Projects\01_Runs\05_Optimized_Input_Template\agentic_lab\02_output\backend\src\test\resources
[INFO] 
[INFO] --- compiler:3.15.0:testCompile (default-testCompile) @ registration-backend ---
[INFO] Nothing to compile - all classes are up to date.
[INFO] 
[INFO] --- surefire:3.5.6:test (default-test) @ registration-backend ---
[INFO] Tests are skipped.
[INFO] 
[INFO] --- jacoco:0.8.12:report (report) @ registration-backend ---
[INFO] Skipping JaCoCo execution due to missing execution data file.
[INFO] 
[INFO] --- jar:3.5.1:jar (default-jar) @ registration-backend ---
[INFO] 
[INFO] --- spring-boot:4.1.1:repackage (repackage) @ registration-backend ---
[INFO] Replacing main artifact E:\13 - Lab Projects\01_Runs\05_Optimized_Input_Template\agentic_lab\02_output\backend\target\registration-backend-1.0.0.jar with repackaged archive, adding nested dependencies in BOOT-INF/.
[INFO] The original artifact has been renamed to E:\13 - Lab Projects\01_Runs\05_Optimized_Input_Template\agentic_lab\02_output\backend\target\registration-backend-1.0.0.jar.original
[INFO] 
[INFO] --- spotless:2.44.3:check (default) @ registration-backend ---
[INFO] Downloading from central: https://repo.maven.apache.org/maven2/com/google/googlejavaformat/google-java-format/1.25.2/google-java-format-1.25.2.pom
[INFO] Downloaded from central: https://repo.maven.apache.org/maven2/com/google/googlejavaformat/google-java-format/1.25.2/google-java-format-1.25.2.pom (11 kB at 28 kB/s)
[INFO] Downloading from central: https://repo.maven.apache.org/maven2/com/google/googlejavaformat/google-java-format-parent/1.25.2/google-java-format-parent-1.25.2.pom
[INFO] Downloaded from central: https://repo.maven.apache.org/maven2/com/google/googlejavaformat/google-java-format-parent/1.25.2/google-java-format-parent-1.25.2.pom (13 kB at 304 kB/s)
[INFO] Downloading from central: https://repo.maven.apache.org/maven2/com/google/googlejavaformat/google-java-format/1.25.2/google-java-format-1.25.2.jar
[INFO] Downloaded from central: https://repo.maven.apache.org/maven2/com/google/googlejavaformat/google-java-format/1.25.2/google-java-format-1.25.2.jar (278 kB at 2.7 MB/s)
[INFO] Index file does not exist. Fallback to an empty index
[INFO] Spotless.Java is keeping 1 files clean - 0 needs changes to be clean, 1 were already clean, 0 were skipped because caching determined they were already clean
[INFO] 
[INFO] >>> pmd:3.26.0:check (default) > :pmd @ registration-backend >>>
[INFO] 
[INFO] --- pmd:3.26.0:pmd (pmd) @ registration-backend ---
[INFO] PMD version: 7.7.0
[WARNING] Unable to find a URL to the parent project. The parent menu will NOT be added.
[INFO] Rendering content with org.apache.maven.skins:maven-fluido-skin:jar:2.0.0-M9 skin
[INFO] 
[INFO] <<< pmd:3.26.0:check (default) < :pmd @ registration-backend <<<
[INFO] 
[INFO] 
[INFO] --- pmd:3.26.0:check (default) @ registration-backend ---
[INFO] 
[INFO] >>> pmd:3.26.0:cpd-check (default) > :cpd @ registration-backend >>>
[INFO] 
[INFO] --- pmd:3.26.0:cpd (cpd) @ registration-backend ---
[WARNING] Unable to find a URL to the parent project. The parent menu will NOT be added.
[INFO] Rendering content with org.apache.maven.skins:maven-fluido-skin:jar:2.0.0-M9 skin
[INFO] 
[INFO] <<< pmd:3.26.0:cpd-check (default) < :cpd @ registration-backend <<<
[INFO] 
[INFO] 
[INFO] --- pmd:3.26.0:cpd-check (default) @ registration-backend ---
[INFO] 
[INFO] >>> spotbugs:4.10.4.1:check (default) > :spotbugs @ registration-backend >>>
[INFO] 
[INFO] --- spotbugs:4.10.4.1:spotbugs (spotbugs) @ registration-backend ---
[INFO] Done SpotBugs Analysis....
[INFO] Skipping com.github.spotbugs:spotbugs-maven-plugin:4.10.4.1:spotbugs report goal
[INFO] 
[INFO] <<< spotbugs:4.10.4.1:check (default) < :spotbugs @ registration-backend <<<
[INFO] 
[INFO] 
[INFO] --- spotbugs:4.10.4.1:check (default) @ registration-backend ---
[INFO] BugInstance size is 0
[INFO] Error size is 0
[INFO] No errors/warnings found
[INFO] ------------------------------------------------------------------------
[INFO] BUILD SUCCESS
[INFO] ------------------------------------------------------------------------
[INFO] Total time:  13.485 s
[INFO] Finished at: 2026-09-30T16:15:23+02:00
[INFO] ------------------------------------------------------------------------
