
> registration-frontend@0.1.0 check
> prettier --check . && eslint . && tsc --noEmit

Checking formatting...
All matched files use Prettier code style!

> registration-frontend@0.1.0 build
> tsc --noEmit && vite build

[36mvite v6.4.3 [32mbuilding for production...[36m[39m
transforming...
[32m✓[39m 28 modules transformed.
rendering chunks...
computing gzip size...
[2mdist/[22m[32mindex.html                [39m[1m[2m  0.33 kB[22m[1m[22m[2m │ gzip:  0.24 kB[22m
[2mdist/[22m[36massets/index-nh0cSD_W.js  [39m[1m[2m224.05 kB[22m[1m[22m[2m │ gzip: 69.58 kB[22m
[32m✓ built in 879ms[39m

> registration-frontend@0.1.0 test
> vitest run


[1m[46m RUN [49m[22m [36mv3.2.7 [39m[90mC:/Users/tanej/Documents/LAB/agentic_lab/02_output/frontend[39m

No test files found, exiting with code 0

[2minclude: [22m[33msrc/**/*.test.{ts,tsx}[39m
[2mexclude:  [22m[33m**/node_modules/**[2m, [22m**/dist/**[2m, [22m**/cypress/**[2m, [22m**/.{idea,git,cache,output,temp}/**[2m, [22m**/{karma,rollup,webpack,vite,vitest,jest,ava,babel,nyc,cypress,tsup,build,eslint,prettier}.config.*[39m

