org.springframework.boot:spring-boot-starter-parent:4.1.1 200
org.springframework.boot:spring-boot-starter-webmvc:4.1.1 200
org.springframework.boot:spring-boot-starter-data-jpa:4.1.1 200
org.springframework.boot:spring-boot-starter-validation:4.1.1 200
org.springframework.boot:spring-boot-starter-mail:4.1.1 200
org.springframework.boot:spring-boot-starter-actuator:4.1.1 200
org.springframework.boot:spring-boot-starter-security:4.1.1 200
org.springframework.boot:spring-boot-starter-flyway:4.1.1 200
org.springframework.boot:spring-boot-starter-test:4.1.1 200
org.springframework.boot:spring-boot-starter-webmvc-test:4.1.1 200
org.springframework.boot:spring-boot-maven-plugin:4.1.1 200
org.flywaydb:flyway-core:12.4.0 200
org.flywaydb:flyway-database-postgresql:12.4.0 200
org.postgresql:postgresql:42.7.13 200
org.apache.poi:poi-ooxml:5.5.1 200
org.apache.tomcat.embed:tomcat-embed-core:11.0.26 200
org.apache.logging.log4j:log4j-api:2.26.1 200
org.apache.commons:commons-lang3:3.20.0 200
org.testcontainers:testcontainers-junit-jupiter:2.0.5 200
org.testcontainers:testcontainers-postgresql:2.0.5 200
com.tngtech.archunit:archunit-junit5:1.3.2 200
org.apache.maven.wrapper:maven-wrapper:3.3.2 200
org.apache.maven.plugins:maven-wrapper-plugin:3.3.2 200
org.apache.maven:apache-maven:3.9.9 200
com.diffplug.spotless:spotless-maven-plugin:2.44.3 200
com.github.spotbugs:spotbugs-maven-plugin:4.10.4.1 200
org.apache.maven.plugins:maven-pmd-plugin:3.26.0 200
org.jacoco:jacoco-maven-plugin:0.8.12 200
org.pitest:pitest-maven:1.30.0 200
org.pitest:pitest-junit5-plugin:1.2.3 200
org.owasp:dependency-check-maven:12.1.0 200
