react@19.3.0 -> 19.3.0 (MIT)
react-dom@19.3.0 -> 19.3.0 (MIT)
@types/react@19.3.0 -> 19.3.0 (MIT)
@types/react-dom@19.3.0 -> 19.3.0 (MIT)
@vitejs/plugin-react@4.7.0 -> 4.7.0 (MIT)
@testing-library/react@16.3.3 -> 16.3.3 (MIT)
@testing-library/jest-dom@6.9.1 -> 6.9.1 (MIT)
jsdom@26.1.0 -> 26.1.0 (MIT)
globals@15.15.0 -> 15.15.0 (MIT)
vite@6.4.3 -> 6.4.3 (MIT)
typescript@5.9.3 -> 5.9.3 (Apache-2.0)
eslint@9.39.5 -> 9.39.5 (MIT)
@eslint/js@9.39.5 -> 9.39.5 (MIT)
typescript-eslint@8.70.1 -> 8.70.1 (MIT)
eslint-plugin-react-hooks@5.2.0 -> 5.2.0 (MIT)
eslint-plugin-react-refresh@0.4.26 -> 0.4.26 (MIT)
prettier@3.9.9 -> 3.9.9 (MIT)
vitest@3.2.7 -> 3.2.7 (MIT)
@vitest/coverage-v8@3.2.7 -> 3.2.7 (MIT)
@playwright/test@1.63.0 -> 1.63.0 (Apache-2.0)
@stryker-mutator/core@10.0.0 -> 10.0.0 (Apache-2.0)
@stryker-mutator/vitest-runner@10.0.0 -> 10.0.0 (Apache-2.0)
jscpd@4.3.0 -> 4.3.0 (MIT)
npm@11.6.2 -> 11.6.2 (Artistic-2.0)
