org.springframework.boot:spring-boot-starter-parent	4.1.1	yes
org.springframework.boot:spring-boot-starter-webmvc	4.1.1	yes
org.springframework.boot:spring-boot-starter-data-jpa	4.1.1	yes
org.springframework.boot:spring-boot-starter-validation	4.1.1	yes
org.springframework.boot:spring-boot-starter-mail	4.1.1	yes
org.springframework.boot:spring-boot-starter-actuator	4.1.1	yes
org.springframework.boot:spring-boot-starter-security	4.1.1	yes
org.springframework.boot:spring-boot-starter-flyway	4.1.1	yes
org.flywaydb:flyway-core	12.4.0	yes
org.flywaydb:flyway-database-postgresql	12.4.0	yes
org.postgresql:postgresql	42.7.13	yes
org.apache.poi:poi-ooxml	5.5.1	yes
org.apache.tomcat.embed:tomcat-embed-core	11.0.26	yes
org.apache.logging.log4j:log4j-api	2.26.1	yes
org.apache.commons:commons-lang3	3.20.0	yes
org.springframework.boot:spring-boot-starter-test	4.1.1	yes
org.springframework.boot:spring-boot-starter-webmvc-test	4.1.1	yes
org.testcontainers:testcontainers-junit-jupiter	2.0.5	yes
org.testcontainers:testcontainers-postgresql	2.0.5	yes
com.tngtech.archunit:archunit-junit5	1.3.2	yes
react	19.3.0	yes
react-dom	19.3.0	yes
@types/react	19.3.0	yes
@types/react-dom	19.3.0	yes
@vitejs/plugin-react	4.7.0	yes
@testing-library/react	16.3.3	yes
@testing-library/jest-dom	6.9.1	yes
jsdom	26.1.0	yes
globals	15.15.0	yes
postgres	16.15-alpine	yes
eclipse-temurin	21.0.10_7-jre-alpine	yes
node	24.13.0-alpine	yes
nginx	1.30.5-alpine	yes
axllent/mailpit	v1.31.1	yes
org.springframework.boot:spring-boot-maven-plugin	4.1.1	yes
com.diffplug.spotless:spotless-maven-plugin	2.44.3	yes
com.github.spotbugs:spotbugs-maven-plugin	4.10.4.1	yes
org.apache.maven.plugins:maven-pmd-plugin	3.26.0	yes
org.jacoco:jacoco-maven-plugin	0.8.12	yes
org.pitest:pitest-maven	1.30.0	yes
org.owasp:dependency-check-maven	12.1.0	yes
vite	6.4.3	yes
typescript	5.9.3	yes
eslint	9.39.5	yes
@eslint/js	9.39.5	yes
typescript-eslint	8.70.1	yes
eslint-plugin-react-hooks	5.2.0	yes
eslint-plugin-react-refresh	0.4.26	yes
prettier	3.9.9	yes
vitest	3.2.7	yes
@vitest/coverage-v8	3.2.7	yes
@playwright/test	1.63.0	yes
@types/node	24.19.1	yes
ajv	8.20.0	yes
@stryker-mutator/core	10.0.0	yes
@stryker-mutator/vitest-runner	10.0.0	yes
jscpd	5.4.0	yes
npm audit (npm 11.6.2)	11.6.2	yes
semgrep/semgrep	1.177.0	yes
zricethezav/gitleaks	v8.30.1	yes
aldanial/cloc	2.10	yes
redocly/cli	2.57.0	yes
mcr.microsoft.com/playwright	v1.63.0-noble	yes
org.pitest:pitest-junit5-plugin	1.2.3	yes
org.apache.maven:apache-maven	3.9.9	yes
org.apache.maven.wrapper:maven-wrapper	3.3.2	yes
