 Image registration-backend Building 
 Image registration-frontend Building 
#1 [internal] load local bake definitions
#1 reading from stdin 1.10kB done
#1 DONE 0.0s

#2 [frontend internal] load build definition from Dockerfile
#2 transferring dockerfile: 328B done
#2 DONE 0.0s

#3 [backend internal] load build definition from Dockerfile
#3 transferring dockerfile: 470B done
#3 DONE 0.0s

#4 [backend internal] load metadata for docker.io/library/eclipse-temurin:21.0.10_7-jre-alpine
#4 DONE 0.1s

#5 [frontend internal] load metadata for docker.io/library/node:24.13.0-alpine
#5 DONE 0.1s

#6 [frontend internal] load metadata for docker.io/library/nginx:1.30.5-alpine
#6 DONE 0.1s

#7 [backend internal] load .dockerignore
#7 transferring context: 81B done
#7 DONE 0.0s

#8 [frontend internal] load .dockerignore
#8 transferring context: 119B done
#8 DONE 0.0s

#9 [frontend build 1/6] FROM docker.io/library/node:24.13.0-alpine@sha256:cd6fb7efa6490f039f3471a189214d5f548c11df1ff9e5b181aa49e22c14383e
#9 resolve docker.io/library/node:24.13.0-alpine@sha256:cd6fb7efa6490f039f3471a189214d5f548c11df1ff9e5b181aa49e22c14383e 0.1s done
#9 DONE 0.1s

#10 [backend internal] load build context
#10 ...

#11 [backend 1/4] FROM docker.io/library/eclipse-temurin:21.0.10_7-jre-alpine@sha256:ad0cdd9782db550ca7dde6939a16fd850d04e683d37d3cff79d84a5848ba6a5a
#11 resolve docker.io/library/eclipse-temurin:21.0.10_7-jre-alpine@sha256:ad0cdd9782db550ca7dde6939a16fd850d04e683d37d3cff79d84a5848ba6a5a 0.1s done
#11 CACHED

#12 [frontend internal] load build context
#12 transferring context: 294.48kB 0.0s done
#12 DONE 0.1s

#13 [frontend build 2/6] WORKDIR /src
#13 CACHED

#14 [frontend stage-1 1/3] FROM docker.io/library/nginx:1.30.5-alpine@sha256:0985e772fb9f729e6fa0980da05fca5d9c468e870eed43071545afa9d2e27d94
#14 resolve docker.io/library/nginx:1.30.5-alpine@sha256:0985e772fb9f729e6fa0980da05fca5d9c468e870eed43071545afa9d2e27d94 0.1s done
#14 CACHED

#10 [backend internal] load build context
#10 ...

#15 [frontend stage-1 2/3] COPY nginx.conf /etc/nginx/nginx.conf
#15 DONE 0.1s

#16 [frontend build 3/6] COPY package.json package-lock.json .npmrc ./
#16 DONE 0.2s

#10 [backend internal] load build context
#10 ...

#17 [backend 2/4] RUN addgroup -S -g 10001 app && adduser -S -u 10001 -G app app     && mkdir -p /data/registrations && chown app:app /data/registrations
#17 DONE 0.5s

#10 [backend internal] load build context
#10 transferring context: 80.12MB 0.7s done
#10 DONE 0.7s

#18 [backend 3/4] WORKDIR /app
#18 DONE 0.1s

#19 [backend 4/4] COPY target/registration-backend-0.1.0.jar /app/app.jar
#19 DONE 0.3s

#20 [frontend build 4/6] RUN npm ci --no-fund --no-audit
#20 3.793 npm warn deprecated whatwg-encoding@3.1.1: Use @exodus/bytes instead for a more spec-conformant and faster implementation
#20 ...

#21 [backend] exporting to image
#21 exporting layers 3.6s done
#21 exporting manifest sha256:8bec3b3c0a5fe67b2c7b2fb175dfda700c7ccb256240ef50b608d0ac9b464275 0.0s done
#21 exporting config sha256:f70d69c73d4fc76b3c8228c597d0d1bafe422f8981524f854ca2abbb690fda8d 0.0s done
#21 exporting attestation manifest sha256:18cf64e7bceec6154dd1a19ca368bc41b63e3304147869df3017a9a372f34d77 0.1s done
#21 exporting manifest list sha256:2d03734507314829b3405eccd3abf5cc01a6ee3b87cd5c2d9f37c678a4f540d5 0.0s done
#21 naming to docker.io/library/registration-backend:latest done
#21 unpacking to docker.io/library/registration-backend:latest 0.6s done
#21 DONE 4.4s

#22 [backend] resolving provenance for metadata file
#22 DONE 0.0s

#20 [frontend build 4/6] RUN npm ci --no-fund --no-audit
#20 12.06 npm warn deprecated eslint@9.39.5: This version is no longer supported. Please see https://eslint.org/version-support for other options.
#20 26.59 
#20 26.59 added 534 packages in 26s
#20 26.60 npm notice
#20 26.60 npm notice New minor version of npm available! 11.6.2 -> 11.21.0
#20 26.60 npm notice Changelog: https://github.com/npm/cli/releases/tag/v11.21.0
#20 26.60 npm notice To update run: npm install -g npm@11.21.0
#20 26.60 npm notice
#20 DONE 27.1s

#23 [frontend build 5/6] COPY . .
#23 DONE 0.2s

#24 [frontend build 6/6] RUN npm run build
#24 0.386 
#24 0.386 > registration-frontend@0.1.0 build
#24 0.386 > tsc --noEmit && vite build
#24 0.386 
#24 3.121 vite v6.4.3 building for production...
#24 3.279 transforming...
#24 4.663 ✓ 28 modules transformed.
#24 4.841 rendering chunks...
#24 4.851 computing gzip size...
#24 4.863 dist/index.html                  0.33 kB │ gzip:  0.24 kB
#24 4.863 dist/assets/index-DsWjscts.js  223.96 kB │ gzip: 69.53 kB
#24 4.864 ✓ built in 1.68s
#24 DONE 4.9s

#25 [frontend stage-1 3/3] COPY --from=build /src/dist /usr/share/nginx/html
#25 DONE 0.1s

#26 [frontend] exporting to image
#26 exporting layers
#26 exporting layers 0.2s done
#26 exporting manifest sha256:74391df4fdfddfcc4ddfb45e15a41d258c9d01bda606bfb42b8ec342d083dd1a 0.0s done
#26 exporting config sha256:f29ae95cc1ac17ddf9918c15c8a82fe507eaa0b96560e8d7b509be56768c6b1b 0.0s done
#26 exporting attestation manifest sha256:7b391cff201d219c8a44da1bd65ebb9a911315fc5aa48362147309684d5baa4b 0.0s done
#26 exporting manifest list sha256:10e9392e0b106ae6cdef9772812427e3114de5db0bfd4e40f9a39c342161b6fd 0.0s done
#26 naming to docker.io/library/registration-frontend:latest
#26 naming to docker.io/library/registration-frontend:latest done
#26 unpacking to docker.io/library/registration-frontend:latest 0.1s done
#26 DONE 0.4s

#27 [frontend] resolving provenance for metadata file
#27 DONE 0.0s
 Image registration-backend Built 
 Image registration-frontend Built 
 Network registration_default Creating 
 Network registration_default Created 
 Volume registration_pgdata Creating 
 Volume registration_pgdata Created 
 Volume registration_jsoncopies Creating 
 Volume registration_jsoncopies Created 
 Container registration-mailpit-1 Creating 
 Container registration-db-1 Creating 
 Container registration-mailpit-1 Created 
 Container registration-db-1 Created 
 Container registration-backend-1 Creating 
 Container registration-backend-1 Created 
 Container registration-frontend-1 Creating 
 Container registration-frontend-1 Created 
 Container registration-mailpit-1 Starting 
 Container registration-db-1 Starting 
 Container registration-mailpit-1 Started 
 Container registration-db-1 Started 
 Container registration-db-1 Waiting 
 Container registration-db-1 Healthy 
 Container registration-backend-1 Starting 
 Container registration-backend-1 Started 
 Container registration-backend-1 Waiting 
 Container registration-backend-1 Healthy 
 Container registration-frontend-1 Starting 
 Container registration-frontend-1 Started 
 Container registration-frontend-1 Waiting 
 Container registration-db-1 Waiting 
 Container registration-mailpit-1 Waiting 
 Container registration-backend-1 Waiting 
 Container registration-db-1 Healthy 
 Container registration-mailpit-1 Healthy 
 Container registration-backend-1 Healthy 
 Container registration-frontend-1 Healthy 
