[INFO] Scanning for projects...
[INFO] 
[INFO] -----------------< si.konferenca:registration-backend >-----------------
[INFO] Building registration-backend 0.1.0
[INFO]   from pom.xml
[INFO] --------------------------------[ jar ]---------------------------------
[INFO] 
[INFO] --- jacoco:0.8.12:prepare-agent (prepare-agent) @ registration-backend ---
[INFO] argLine set to -javaagent:/home/tjan-kazar/.m2/repository/org/jacoco/org.jacoco.agent/0.8.12/org.jacoco.agent-0.8.12-runtime.jar=destfile=/home/tjan-kazar/storage/Work/lab/agentic_lab/02_output/backend/target/jacoco.exec
[INFO] 
[INFO] --- resources:3.5.0:resources (default-resources) @ registration-backend ---
[INFO] Copying 1 resource from src/main/resources to target/classes
[INFO] Copying 2 resources from src/main/resources to target/classes
[INFO] 
[INFO] --- compiler:3.15.0:compile (default-compile) @ registration-backend ---
[INFO] Nothing to compile - all classes are up to date.
[INFO] 
[INFO] --- resources:3.5.0:testResources (default-testResources) @ registration-backend ---
[INFO] Copying 0 resource from src/test/resources to target/test-classes
[INFO] 
[INFO] --- compiler:3.15.0:testCompile (default-testCompile) @ registration-backend ---
[INFO] Nothing to compile - all classes are up to date.
[INFO] 
[INFO] --- surefire:3.5.6:test (default-test) @ registration-backend ---
[INFO] Using auto detected provider org.apache.maven.surefire.junitplatform.JUnitPlatformProvider
[INFO] 
[INFO] -------------------------------------------------------
[INFO]  T E S T S
[INFO] -------------------------------------------------------
[INFO] Running si.konferenca.registration.acceptance.Us001ExternalRegistrationAcceptanceTest
23:58:06.559 [main] INFO org.testcontainers.images.PullPolicy -- Image pull policy will be performed by: DefaultPullPolicy()
23:58:06.568 [main] INFO org.testcontainers.utility.ImageNameSubstitutor -- Image name substitution will be performed by: DefaultImageNameSubstitutor (composite of 'ConfigurationFileImageNameSubstitutor' and 'PrefixingImageNameSubstitutor')
23:58:06.603 [main] INFO org.testcontainers.DockerClientFactory -- Testcontainers version: 2.0.5
23:58:08.353 [main] INFO org.testcontainers.dockerclient.DockerClientProviderStrategy -- Found Docker environment with Docker accessed via Unix socket (/home/tjan-kazar/.docker/desktop/docker.sock)
23:58:08.355 [main] INFO org.testcontainers.DockerClientFactory -- Docker host IP address is localhost
23:58:08.392 [main] INFO org.testcontainers.DockerClientFactory -- Connected to docker: 
  Server Version: 29.3.1
  API Version: 1.54
  Operating System: Docker Desktop
  Total Memory: 31283 MB
  Labels: 
    com.docker.desktop.address=unix:///home/tjan-kazar/.docker/desktop/docker-cli.sock
23:58:08.881 [main] INFO tc.testcontainers/ryuk:0.14.0 -- Creating container for image: testcontainers/ryuk:0.14.0
23:58:09.162 [main] INFO tc.testcontainers/ryuk:0.14.0 -- Container testcontainers/ryuk:0.14.0 is starting: d007cf2cbd3573fe26e8f852adcdeaf67cce1d92f0950fce133c697ac0ac2745
23:58:09.907 [main] INFO tc.testcontainers/ryuk:0.14.0 -- Container testcontainers/ryuk:0.14.0 started in PT1.025982625S
23:58:09.916 [main] INFO org.testcontainers.utility.RyukResourceReaper -- Ryuk started - will monitor and terminate Testcontainers containers on JVM exit
23:58:09.916 [main] INFO org.testcontainers.DockerClientFactory -- Checking the system...
23:58:09.918 [main] INFO org.testcontainers.DockerClientFactory -- ✔︎ Docker server version should be at least 1.6.0
23:58:09.918 [main] INFO tc.postgres:16.15-alpine -- Creating container for image: postgres:16.15-alpine
23:58:10.140 [main] INFO tc.postgres:16.15-alpine -- Container postgres:16.15-alpine is starting: d93e18dcd05ade0047c5627f48fcee660686295f9a2c00ed517ebed61f3b6ad2
23:58:12.484 [main] INFO tc.postgres:16.15-alpine -- Container postgres:16.15-alpine started in PT2.565572238S
23:58:12.485 [main] INFO tc.postgres:16.15-alpine -- Container is started (JDBC URL: jdbc:postgresql://localhost:40491/test?loggerLevel=OFF)
23:58:12.490 [main] INFO tc.axllent/mailpit:v1.31.1 -- Creating container for image: axllent/mailpit:v1.31.1
23:58:12.679 [main] INFO tc.axllent/mailpit:v1.31.1 -- Container axllent/mailpit:v1.31.1 is starting: 74c8b97e47f3b9323e0e404ca0566cae0ac41ba9878a71b847be80304f0a8310
23:58:13.110 [main] INFO org.testcontainers.containers.wait.strategy.HttpWaitStrategy -- /elastic_galois: Waiting for 60 seconds for URL: http://localhost:38117/api/v1/messages (where port 38117 maps to container port 8025)
23:58:13.128 [main] INFO tc.axllent/mailpit:v1.31.1 -- Container axllent/mailpit:v1.31.1 started in PT0.6382068S

  .   ____          _            __ _ _
 /\\ / ___'_ __ _ _(_)_ __  __ _ \ \ \ \
( ( )\___ | '_ | '_| | '_ \/ _` | \ \ \ \
 \\/  ___)| |_)| | | | | || (_| |  ) ) ) )
  '  |____| .__|_| |_|_| |_\__, | / / / /
 =========|_|==============|___/=/_/_/_/

 :: Spring Boot ::                (v4.1.1)

2026-10-08T23:58:14.348+02:00  INFO 816360 --- [registration-backend] [           main] o.a.maven.surefire.booter.ForkedBooter   : Starting ForkedBooter v3.5.6 using Java 21.0.12.1 with PID 816360 (started by tjan-kazar in /home/tjan-kazar/storage/Work/lab/agentic_lab/02_output/backend)
2026-10-08T23:58:14.350+02:00  INFO 816360 --- [registration-backend] [           main] o.a.maven.surefire.booter.ForkedBooter   : No active profile set, falling back to 1 default profile: "default"
2026-10-08T23:58:15.808+02:00  INFO 816360 --- [registration-backend] [           main] .s.d.r.c.RepositoryConfigurationDelegate : Bootstrapping Spring Data JPA repositories in DEFAULT mode.
2026-10-08T23:58:15.901+02:00  INFO 816360 --- [registration-backend] [           main] .s.d.r.c.RepositoryConfigurationDelegate : Finished Spring Data repository scanning in 77 ms. Found 1 JPA repository interface.
2026-10-08T23:58:17.075+02:00  INFO 816360 --- [registration-backend] [           main] o.s.boot.tomcat.TomcatWebServer          : Tomcat initialized with port 0 (http)
2026-10-08T23:58:17.100+02:00  INFO 816360 --- [registration-backend] [           main] o.apache.catalina.core.StandardService   : Starting service [Tomcat]
2026-10-08T23:58:17.100+02:00  INFO 816360 --- [registration-backend] [           main] o.apache.catalina.core.StandardEngine    : Starting Servlet engine: [Apache Tomcat/11.0.26]
2026-10-08T23:58:17.157+02:00  INFO 816360 --- [registration-backend] [           main] b.w.c.s.WebApplicationContextInitializer : Root WebApplicationContext: initialization completed in 2722 ms
2026-10-08T23:58:17.768+02:00  INFO 816360 --- [registration-backend] [           main] com.zaxxer.hikari.HikariDataSource       : HikariPool-1 - Starting...
2026-10-08T23:58:18.069+02:00  INFO 816360 --- [registration-backend] [           main] com.zaxxer.hikari.pool.HikariPool        : HikariPool-1 - Added connection org.postgresql.jdbc.PgConnection@2a2f88c7
2026-10-08T23:58:18.071+02:00  INFO 816360 --- [registration-backend] [           main] com.zaxxer.hikari.HikariDataSource       : HikariPool-1 - Start completed.
2026-10-08T23:58:18.111+02:00  INFO 816360 --- [registration-backend] [           main] org.flywaydb.core.FlywayExecutor         : Database: jdbc:postgresql://localhost:40491/test?loggerLevel=OFF (PostgreSQL 16.15)
2026-10-08T23:58:18.193+02:00  INFO 816360 --- [registration-backend] [           main] o.f.c.i.s.JdbcTableSchemaHistory         : Schema history table "public"."flyway_schema_history" does not exist yet
2026-10-08T23:58:18.199+02:00  INFO 816360 --- [registration-backend] [           main] o.f.core.internal.command.DbValidate     : Successfully validated 1 migration (execution time 00:00.028s)
2026-10-08T23:58:18.231+02:00  INFO 816360 --- [registration-backend] [           main] o.f.c.i.s.JdbcTableSchemaHistory         : Creating Schema History table "public"."flyway_schema_history" ...
2026-10-08T23:58:18.308+02:00  INFO 816360 --- [registration-backend] [           main] o.f.core.internal.command.DbMigrate      : Current version of schema "public": << Empty Schema >>
2026-10-08T23:58:18.331+02:00  INFO 816360 --- [registration-backend] [           main] o.f.core.internal.command.DbMigrate      : Migrating schema "public" to version "1 - registration schema"
2026-10-08T23:58:18.388+02:00  INFO 816360 --- [registration-backend] [           main] o.f.core.internal.command.DbMigrate      : Successfully applied 1 migration to schema "public", now at version v1 (execution time 00:00.037s)
2026-10-08T23:58:18.552+02:00  INFO 816360 --- [registration-backend] [           main] org.hibernate.orm.jpa                    : HHH008540: Processing PersistenceUnitInfo [name: default]
2026-10-08T23:58:18.680+02:00  INFO 816360 --- [registration-backend] [           main] org.hibernate.orm.core                   : HHH000001: Hibernate ORM core version 7.4.5.Final
2026-10-08T23:58:19.373+02:00  INFO 816360 --- [registration-backend] [           main] o.s.o.j.p.SpringPersistenceUnitInfo      : No LoadTimeWeaver setup: ignoring JPA class transformer
2026-10-08T23:58:19.531+02:00  INFO 816360 --- [registration-backend] [           main] org.hibernate.orm.connections.pooling    : HHH10001005: Database info:
	Database JDBC URL [jdbc:postgresql://localhost:40491/test?loggerLevel=OFF]
	Database driver: PostgreSQL JDBC Driver
	Database dialect: PostgreSQLDialect
	Database version: 16.15
	Default catalog/schema: test/public
	Autocommit mode: undefined/unknown
	Isolation level: READ_COMMITTED [default READ_COMMITTED]
	JDBC fetch size: none
	Pool: DataSourceConnectionProvider
	Minimum pool size: undefined/unknown
	Maximum pool size: undefined/unknown
2026-10-08T23:58:21.250+02:00  INFO 816360 --- [registration-backend] [           main] org.hibernate.orm.core                   : HHH000489: No JTA platform available (set 'hibernate.transaction.jta.platform' to enable JTA platform integration)
2026-10-08T23:58:21.321+02:00  INFO 816360 --- [registration-backend] [           main] j.LocalContainerEntityManagerFactoryBean : Initialized JPA EntityManagerFactory for persistence unit 'default'
2026-10-08T23:58:21.429+02:00  INFO 816360 --- [registration-backend] [           main] o.s.d.j.r.query.QueryEnhancerFactories   : Hibernate is in classpath; If applicable, HQL parser will be used.
2026-10-08T23:58:23.100+02:00  INFO 816360 --- [registration-backend] [           main] r$InitializeUserDetailsManagerConfigurer : Global AuthenticationManager configured with UserDetailsService bean with name organizers
2026-10-08T23:58:23.976+02:00  INFO 816360 --- [registration-backend] [           main] o.s.b.a.e.web.EndpointLinksResolver      : Exposing 1 endpoint beneath base path '/actuator'
2026-10-08T23:58:24.064+02:00  INFO 816360 --- [registration-backend] [           main] o.s.boot.tomcat.TomcatWebServer          : Tomcat started on port 45649 (http) with context path '/'
2026-10-08T23:58:24.079+02:00  INFO 816360 --- [registration-backend] [           main] o.a.maven.surefire.booter.ForkedBooter   : Started ForkedBooter in 10.636 seconds (process running for 19.323)
2026-10-08T23:58:24.418+02:00  INFO 816360 --- [registration-backend] [o-auto-1-exec-1] o.a.c.c.C.[Tomcat].[localhost].[/]       : Initializing Spring DispatcherServlet 'dispatcherServlet'
2026-10-08T23:58:24.419+02:00  INFO 816360 --- [registration-backend] [o-auto-1-exec-1] o.s.web.servlet.DispatcherServlet        : Initializing Servlet 'dispatcherServlet'
2026-10-08T23:58:24.420+02:00  INFO 816360 --- [registration-backend] [o-auto-1-exec-1] o.s.web.servlet.DispatcherServlet        : Completed initialization in 1 ms
2026-10-08T23:58:25.265+02:00  INFO 816360 --- [registration-backend] [o-auto-1-exec-7] s.k.r.service.RegistrationService        : Registration 27074c52-dc46-47de-9cfd-6d1e73b2e05a accepted
2026-10-08T23:58:25.495+02:00  INFO 816360 --- [registration-backend] [o-auto-1-exec-1] s.k.r.service.RegistrationService        : Registration 66adcf74-11ee-4f8c-aac5-041697311a9a accepted
2026-10-08T23:58:25.630+02:00  INFO 816360 --- [registration-backend] [o-auto-1-exec-3] s.k.r.service.RegistrationService        : Registration 51470365-1a14-4aa3-9749-47e95176c473 accepted
2026-10-08T23:58:25.956+02:00  INFO 816360 --- [registration-backend] [-auto-1-exec-10] s.k.r.service.RegistrationService        : Registration 7dd893ce-36be-4ba4-b0c3-15ef088278b5 accepted
2026-10-08T23:58:26.207+02:00  INFO 816360 --- [registration-backend] [o-auto-1-exec-6] s.k.r.service.RegistrationService        : Registration 724f2e2f-f541-4163-a418-692a595abf38 accepted
[INFO] Tests run: 32, Failures: 0, Errors: 0, Skipped: 0, Time elapsed: 20.16 s -- in si.konferenca.registration.acceptance.Us001ExternalRegistrationAcceptanceTest
[INFO] Running si.konferenca.registration.acceptance.Us002StudentRegistrationAcceptanceTest
2026-10-08T23:58:26.782+02:00  INFO 816360 --- [registration-backend] [o-auto-1-exec-8] s.k.r.service.RegistrationService        : Registration 8255ffff-d5cf-41f0-88f7-768dd0ab86fa accepted
2026-10-08T23:58:27.337+02:00  INFO 816360 --- [registration-backend] [o-auto-1-exec-2] s.k.r.service.RegistrationService        : Registration abffb86a-12dd-4092-ad72-e1bbc98cfcca accepted
[INFO] Tests run: 21, Failures: 0, Errors: 0, Skipped: 0, Time elapsed: 0.931 s -- in si.konferenca.registration.acceptance.Us002StudentRegistrationAcceptanceTest
[INFO] Running si.konferenca.registration.acceptance.Us003ConfigurableOptionsAcceptanceTest

  .   ____          _            __ _ _
 /\\ / ___'_ __ _ _(_)_ __  __ _ \ \ \ \
( ( )\___ | '_ | '_| | '_ \/ _` | \ \ \ \
 \\/  ___)| |_)| | | | | || (_| |  ) ) ) )
  '  |____| .__|_| |_|_| |_\__, | / / / /
 =========|_|==============|___/=/_/_/_/

 :: Spring Boot ::                (v4.1.1)

2026-10-08T23:58:27.502+02:00  INFO 816360 --- [registration-backend] [           main] o.a.maven.surefire.booter.ForkedBooter   : Starting ForkedBooter v3.5.6 using Java 21.0.12.1 with PID 816360 (started by tjan-kazar in /home/tjan-kazar/storage/Work/lab/agentic_lab/02_output/backend)
2026-10-08T23:58:27.502+02:00  INFO 816360 --- [registration-backend] [           main] o.a.maven.surefire.booter.ForkedBooter   : No active profile set, falling back to 1 default profile: "default"
2026-10-08T23:58:27.743+02:00  INFO 816360 --- [registration-backend] [           main] .s.d.r.c.RepositoryConfigurationDelegate : Bootstrapping Spring Data JPA repositories in DEFAULT mode.
2026-10-08T23:58:27.756+02:00  INFO 816360 --- [registration-backend] [           main] .s.d.r.c.RepositoryConfigurationDelegate : Finished Spring Data repository scanning in 6 ms. Found 1 JPA repository interface.
2026-10-08T23:58:27.897+02:00  INFO 816360 --- [registration-backend] [           main] o.s.boot.tomcat.TomcatWebServer          : Tomcat initialized with port 0 (http)
2026-10-08T23:58:27.898+02:00  INFO 816360 --- [registration-backend] [           main] o.apache.catalina.core.StandardService   : Starting service [Tomcat]
2026-10-08T23:58:27.898+02:00  INFO 816360 --- [registration-backend] [           main] o.apache.catalina.core.StandardEngine    : Starting Servlet engine: [Apache Tomcat/11.0.26]
2026-10-08T23:58:27.911+02:00  INFO 816360 --- [registration-backend] [           main] b.w.c.s.WebApplicationContextInitializer : Root WebApplicationContext: initialization completed in 406 ms
2026-10-08T23:58:28.020+02:00  INFO 816360 --- [registration-backend] [           main] com.zaxxer.hikari.HikariDataSource       : HikariPool-2 - Starting...
2026-10-08T23:58:28.043+02:00  INFO 816360 --- [registration-backend] [           main] com.zaxxer.hikari.pool.HikariPool        : HikariPool-2 - Added connection org.postgresql.jdbc.PgConnection@5ad36b42
2026-10-08T23:58:28.043+02:00  INFO 816360 --- [registration-backend] [           main] com.zaxxer.hikari.HikariDataSource       : HikariPool-2 - Start completed.
2026-10-08T23:58:28.045+02:00  INFO 816360 --- [registration-backend] [           main] org.flywaydb.core.FlywayExecutor         : Database: jdbc:postgresql://localhost:40491/test?loggerLevel=OFF (PostgreSQL 16.15)
2026-10-08T23:58:28.080+02:00  INFO 816360 --- [registration-backend] [           main] o.f.core.internal.command.DbValidate     : Successfully validated 1 migration (execution time 00:00.010s)
2026-10-08T23:58:28.111+02:00  INFO 816360 --- [registration-backend] [           main] o.f.core.internal.command.DbMigrate      : Current version of schema "public": 1
2026-10-08T23:58:28.112+02:00  INFO 816360 --- [registration-backend] [           main] o.f.core.internal.command.DbMigrate      : Schema "public" is up to date. No migration necessary.
2026-10-08T23:58:28.138+02:00  INFO 816360 --- [registration-backend] [           main] org.hibernate.orm.jpa                    : HHH008540: Processing PersistenceUnitInfo [name: default]
2026-10-08T23:58:28.167+02:00  INFO 816360 --- [registration-backend] [           main] o.s.o.j.p.SpringPersistenceUnitInfo      : No LoadTimeWeaver setup: ignoring JPA class transformer
2026-10-08T23:58:28.180+02:00  INFO 816360 --- [registration-backend] [           main] org.hibernate.orm.connections.pooling    : HHH10001005: Database info:
	Database JDBC URL [jdbc:postgresql://localhost:40491/test?loggerLevel=OFF]
	Database driver: PostgreSQL JDBC Driver
	Database dialect: PostgreSQLDialect
	Database version: 16.15
	Default catalog/schema: test/public
	Autocommit mode: undefined/unknown
	Isolation level: READ_COMMITTED [default READ_COMMITTED]
	JDBC fetch size: none
	Pool: DataSourceConnectionProvider
	Minimum pool size: undefined/unknown
	Maximum pool size: undefined/unknown
2026-10-08T23:58:28.246+02:00  INFO 816360 --- [registration-backend] [           main] org.hibernate.orm.core                   : HHH000489: No JTA platform available (set 'hibernate.transaction.jta.platform' to enable JTA platform integration)
2026-10-08T23:58:28.272+02:00  INFO 816360 --- [registration-backend] [           main] j.LocalContainerEntityManagerFactoryBean : Initialized JPA EntityManagerFactory for persistence unit 'default'
2026-10-08T23:58:28.492+02:00  INFO 816360 --- [registration-backend] [           main] r$InitializeUserDetailsManagerConfigurer : Global AuthenticationManager configured with UserDetailsService bean with name organizers
2026-10-08T23:58:28.691+02:00  INFO 816360 --- [registration-backend] [           main] o.s.b.a.e.web.EndpointLinksResolver      : Exposing 1 endpoint beneath base path '/actuator'
2026-10-08T23:58:28.711+02:00  INFO 816360 --- [registration-backend] [           main] o.s.boot.tomcat.TomcatWebServer          : Tomcat started on port 46295 (http) with context path '/'
2026-10-08T23:58:28.716+02:00  INFO 816360 --- [registration-backend] [           main] o.a.maven.surefire.booter.ForkedBooter   : Started ForkedBooter in 1.249 seconds (process running for 23.96)
2026-10-08T23:58:28.720+02:00  INFO 816360 --- [registration-backend] [o-auto-2-exec-1] o.a.c.c.C.[Tomcat-1].[localhost].[/]     : Initializing Spring DispatcherServlet 'dispatcherServlet'
2026-10-08T23:58:28.720+02:00  INFO 816360 --- [registration-backend] [o-auto-2-exec-1] o.s.web.servlet.DispatcherServlet        : Initializing Servlet 'dispatcherServlet'
2026-10-08T23:58:28.722+02:00  INFO 816360 --- [registration-backend] [o-auto-2-exec-1] o.s.web.servlet.DispatcherServlet        : Completed initialization in 2 ms
2026-10-08T23:58:28.787+02:00  INFO 816360 --- [registration-backend] [o-auto-2-exec-3] s.k.r.service.RegistrationService        : Registration 9ee9b6f3-03cb-4c09-9176-9ea519bd2402 accepted
2026-10-08T23:58:28.797+02:00  INFO 816360 --- [registration-backend] [           main] o.s.boot.tomcat.GracefulShutdown         : Commencing graceful shutdown. Waiting for active requests to complete
2026-10-08T23:58:28.799+02:00  INFO 816360 --- [registration-backend] [tomcat-shutdown] o.s.boot.tomcat.GracefulShutdown         : Graceful shutdown complete
2026-10-08T23:58:28.833+02:00  INFO 816360 --- [registration-backend] [           main] j.LocalContainerEntityManagerFactoryBean : Closing JPA EntityManagerFactory for persistence unit 'default'
2026-10-08T23:58:28.836+02:00  INFO 816360 --- [registration-backend] [           main] com.zaxxer.hikari.HikariDataSource       : HikariPool-2 - Shutdown initiated...
2026-10-08T23:58:28.839+02:00  INFO 816360 --- [registration-backend] [           main] com.zaxxer.hikari.HikariDataSource       : HikariPool-2 - Shutdown completed.
2026-10-08T23:58:28.842+02:00  INFO 816360 --- [registration-backend] [           main] o.apache.catalina.core.StandardService   : Stopping service [Tomcat]
2026-10-08T23:58:28.843+02:00  INFO 816360 --- [registration-backend] [           main] o.a.c.c.C.[Tomcat-1].[localhost].[/]     : Destroying Spring FrameworkServlet 'dispatcherServlet'

  .   ____          _            __ _ _
 /\\ / ___'_ __ _ _(_)_ __  __ _ \ \ \ \
( ( )\___ | '_ | '_| | '_ \/ _` | \ \ \ \
 \\/  ___)| |_)| | | | | || (_| |  ) ) ) )
  '  |____| .__|_| |_|_| |_\__, | / / / /
 =========|_|==============|___/=/_/_/_/

 :: Spring Boot ::                (v4.1.1)

2026-10-08T23:58:28.895+02:00  INFO 816360 --- [registration-backend] [           main] o.a.maven.surefire.booter.ForkedBooter   : Starting ForkedBooter v3.5.6 using Java 21.0.12.1 with PID 816360 (started by tjan-kazar in /home/tjan-kazar/storage/Work/lab/agentic_lab/02_output/backend)
2026-10-08T23:58:28.895+02:00  INFO 816360 --- [registration-backend] [           main] o.a.maven.surefire.booter.ForkedBooter   : No active profile set, falling back to 1 default profile: "default"
2026-10-08T23:58:29.093+02:00  INFO 816360 --- [registration-backend] [           main] .s.d.r.c.RepositoryConfigurationDelegate : Bootstrapping Spring Data JPA repositories in DEFAULT mode.
2026-10-08T23:58:29.105+02:00  INFO 816360 --- [registration-backend] [           main] .s.d.r.c.RepositoryConfigurationDelegate : Finished Spring Data repository scanning in 10 ms. Found 1 JPA repository interface.
2026-10-08T23:58:29.252+02:00  INFO 816360 --- [registration-backend] [           main] o.s.boot.tomcat.TomcatWebServer          : Tomcat initialized with port 0 (http)
2026-10-08T23:58:29.253+02:00  INFO 816360 --- [registration-backend] [           main] o.apache.catalina.core.StandardService   : Starting service [Tomcat]
2026-10-08T23:58:29.254+02:00  INFO 816360 --- [registration-backend] [           main] o.apache.catalina.core.StandardEngine    : Starting Servlet engine: [Apache Tomcat/11.0.26]
2026-10-08T23:58:29.268+02:00  INFO 816360 --- [registration-backend] [           main] b.w.c.s.WebApplicationContextInitializer : Root WebApplicationContext: initialization completed in 371 ms
2026-10-08T23:58:29.364+02:00  INFO 816360 --- [registration-backend] [           main] com.zaxxer.hikari.HikariDataSource       : HikariPool-3 - Starting...
2026-10-08T23:58:29.379+02:00  INFO 816360 --- [registration-backend] [           main] com.zaxxer.hikari.pool.HikariPool        : HikariPool-3 - Added connection org.postgresql.jdbc.PgConnection@17cb77bd
2026-10-08T23:58:29.379+02:00  INFO 816360 --- [registration-backend] [           main] com.zaxxer.hikari.HikariDataSource       : HikariPool-3 - Start completed.
2026-10-08T23:58:29.381+02:00  INFO 816360 --- [registration-backend] [           main] org.flywaydb.core.FlywayExecutor         : Database: jdbc:postgresql://localhost:40491/test?loggerLevel=OFF (PostgreSQL 16.15)
2026-10-08T23:58:29.416+02:00  INFO 816360 --- [registration-backend] [           main] o.f.core.internal.command.DbValidate     : Successfully validated 1 migration (execution time 00:00.014s)
2026-10-08T23:58:29.442+02:00  INFO 816360 --- [registration-backend] [           main] o.f.core.internal.command.DbMigrate      : Current version of schema "public": 1
2026-10-08T23:58:29.443+02:00  INFO 816360 --- [registration-backend] [           main] o.f.core.internal.command.DbMigrate      : Schema "public" is up to date. No migration necessary.
2026-10-08T23:58:29.461+02:00  INFO 816360 --- [registration-backend] [           main] org.hibernate.orm.jpa                    : HHH008540: Processing PersistenceUnitInfo [name: default]
2026-10-08T23:58:29.483+02:00  INFO 816360 --- [registration-backend] [           main] o.s.o.j.p.SpringPersistenceUnitInfo      : No LoadTimeWeaver setup: ignoring JPA class transformer
2026-10-08T23:58:29.493+02:00  INFO 816360 --- [registration-backend] [           main] org.hibernate.orm.connections.pooling    : HHH10001005: Database info:
	Database JDBC URL [jdbc:postgresql://localhost:40491/test?loggerLevel=OFF]
	Database driver: PostgreSQL JDBC Driver
	Database dialect: PostgreSQLDialect
	Database version: 16.15
	Default catalog/schema: test/public
	Autocommit mode: undefined/unknown
	Isolation level: READ_COMMITTED [default READ_COMMITTED]
	JDBC fetch size: none
	Pool: DataSourceConnectionProvider
	Minimum pool size: undefined/unknown
	Maximum pool size: undefined/unknown
2026-10-08T23:58:29.549+02:00  INFO 816360 --- [registration-backend] [           main] org.hibernate.orm.core                   : HHH000489: No JTA platform available (set 'hibernate.transaction.jta.platform' to enable JTA platform integration)
2026-10-08T23:58:29.574+02:00  INFO 816360 --- [registration-backend] [           main] j.LocalContainerEntityManagerFactoryBean : Initialized JPA EntityManagerFactory for persistence unit 'default'
2026-10-08T23:58:29.761+02:00  INFO 816360 --- [registration-backend] [           main] r$InitializeUserDetailsManagerConfigurer : Global AuthenticationManager configured with UserDetailsService bean with name organizers
2026-10-08T23:58:29.926+02:00  INFO 816360 --- [registration-backend] [           main] o.s.b.a.e.web.EndpointLinksResolver      : Exposing 1 endpoint beneath base path '/actuator'
2026-10-08T23:58:29.956+02:00  INFO 816360 --- [registration-backend] [           main] o.s.boot.tomcat.TomcatWebServer          : Tomcat started on port 34965 (http) with context path '/'
2026-10-08T23:58:29.961+02:00  INFO 816360 --- [registration-backend] [           main] o.a.maven.surefire.booter.ForkedBooter   : Started ForkedBooter in 1.1 seconds (process running for 25.205)
2026-10-08T23:58:29.965+02:00  INFO 816360 --- [registration-backend] [o-auto-3-exec-1] o.a.c.c.C.[Tomcat-1].[localhost].[/]     : Initializing Spring DispatcherServlet 'dispatcherServlet'
2026-10-08T23:58:29.965+02:00  INFO 816360 --- [registration-backend] [o-auto-3-exec-1] o.s.web.servlet.DispatcherServlet        : Initializing Servlet 'dispatcherServlet'
2026-10-08T23:58:29.967+02:00  INFO 816360 --- [registration-backend] [o-auto-3-exec-1] o.s.web.servlet.DispatcherServlet        : Completed initialization in 1 ms
2026-10-08T23:58:30.023+02:00  INFO 816360 --- [registration-backend] [o-auto-3-exec-2] s.k.r.service.RegistrationService        : Registration 984bc89e-eb95-4d37-abb7-4adbf02a33a5 accepted
2026-10-08T23:58:30.039+02:00  INFO 816360 --- [registration-backend] [           main] o.s.boot.tomcat.GracefulShutdown         : Commencing graceful shutdown. Waiting for active requests to complete
2026-10-08T23:58:30.041+02:00  INFO 816360 --- [registration-backend] [tomcat-shutdown] o.s.boot.tomcat.GracefulShutdown         : Graceful shutdown complete
2026-10-08T23:58:30.069+02:00  INFO 816360 --- [registration-backend] [           main] j.LocalContainerEntityManagerFactoryBean : Closing JPA EntityManagerFactory for persistence unit 'default'
2026-10-08T23:58:30.070+02:00  INFO 816360 --- [registration-backend] [           main] com.zaxxer.hikari.HikariDataSource       : HikariPool-3 - Shutdown initiated...
2026-10-08T23:58:30.072+02:00  INFO 816360 --- [registration-backend] [           main] com.zaxxer.hikari.HikariDataSource       : HikariPool-3 - Shutdown completed.
2026-10-08T23:58:30.075+02:00  INFO 816360 --- [registration-backend] [           main] o.apache.catalina.core.StandardService   : Stopping service [Tomcat]
2026-10-08T23:58:30.077+02:00  INFO 816360 --- [registration-backend] [           main] o.a.c.c.C.[Tomcat-1].[localhost].[/]     : Destroying Spring FrameworkServlet 'dispatcherServlet'
[INFO] Tests run: 3, Failures: 0, Errors: 0, Skipped: 0, Time elapsed: 2.625 s -- in si.konferenca.registration.acceptance.Us003ConfigurableOptionsAcceptanceTest
[INFO] Running si.konferenca.registration.acceptance.Us004ConfirmationAcceptanceTest
2026-10-08T23:58:30.170+02:00  INFO 816360 --- [registration-backend] [o-auto-1-exec-8] s.k.r.service.RegistrationService        : Registration 7256748f-ebdf-4a8f-b6d8-b6c898094297 accepted
[INFO] Tests run: 2, Failures: 0, Errors: 0, Skipped: 0, Time elapsed: 0.107 s -- in si.konferenca.registration.acceptance.Us004ConfirmationAcceptanceTest
[INFO] Running si.konferenca.registration.acceptance.Us005StorageAcceptanceTest

  .   ____          _            __ _ _
 /\\ / ___'_ __ _ _(_)_ __  __ _ \ \ \ \
( ( )\___ | '_ | '_| | '_ \/ _` | \ \ \ \
 \\/  ___)| |_)| | | | | || (_| |  ) ) ) )
  '  |____| .__|_| |_|_| |_\__, | / / / /
 =========|_|==============|___/=/_/_/_/

 :: Spring Boot ::                (v4.1.1)

2026-10-08T23:58:30.237+02:00  INFO 816360 --- [registration-backend] [           main] o.a.maven.surefire.booter.ForkedBooter   : Starting ForkedBooter v3.5.6 using Java 21.0.12.1 with PID 816360 (started by tjan-kazar in /home/tjan-kazar/storage/Work/lab/agentic_lab/02_output/backend)
2026-10-08T23:58:30.237+02:00  INFO 816360 --- [registration-backend] [           main] o.a.maven.surefire.booter.ForkedBooter   : No active profile set, falling back to 1 default profile: "default"
2026-10-08T23:58:30.406+02:00  INFO 816360 --- [registration-backend] [           main] .s.d.r.c.RepositoryConfigurationDelegate : Bootstrapping Spring Data JPA repositories in DEFAULT mode.
2026-10-08T23:58:30.417+02:00  INFO 816360 --- [registration-backend] [           main] .s.d.r.c.RepositoryConfigurationDelegate : Finished Spring Data repository scanning in 7 ms. Found 1 JPA repository interface.
2026-10-08T23:58:30.576+02:00  INFO 816360 --- [registration-backend] [           main] o.s.boot.tomcat.TomcatWebServer          : Tomcat initialized with port 0 (http)
2026-10-08T23:58:30.577+02:00  INFO 816360 --- [registration-backend] [           main] o.apache.catalina.core.StandardService   : Starting service [Tomcat]
2026-10-08T23:58:30.578+02:00  INFO 816360 --- [registration-backend] [           main] o.apache.catalina.core.StandardEngine    : Starting Servlet engine: [Apache Tomcat/11.0.26]
2026-10-08T23:58:30.593+02:00  INFO 816360 --- [registration-backend] [           main] b.w.c.s.WebApplicationContextInitializer : Root WebApplicationContext: initialization completed in 354 ms
2026-10-08T23:58:30.729+02:00  INFO 816360 --- [registration-backend] [           main] com.zaxxer.hikari.HikariDataSource       : HikariPool-4 - Starting...
2026-10-08T23:58:30.758+02:00  INFO 816360 --- [registration-backend] [           main] com.zaxxer.hikari.pool.HikariPool        : HikariPool-4 - Added connection org.postgresql.jdbc.PgConnection@45ccb50
2026-10-08T23:58:30.759+02:00  INFO 816360 --- [registration-backend] [           main] com.zaxxer.hikari.HikariDataSource       : HikariPool-4 - Start completed.
2026-10-08T23:58:30.761+02:00  INFO 816360 --- [registration-backend] [           main] org.flywaydb.core.FlywayExecutor         : Database: jdbc:postgresql://localhost:40491/test?loggerLevel=OFF (PostgreSQL 16.15)
2026-10-08T23:58:30.801+02:00  INFO 816360 --- [registration-backend] [           main] o.f.core.internal.command.DbValidate     : Successfully validated 1 migration (execution time 00:00.011s)
2026-10-08T23:58:30.856+02:00  INFO 816360 --- [registration-backend] [           main] o.f.core.internal.command.DbMigrate      : Current version of schema "public": 1
2026-10-08T23:58:30.857+02:00  INFO 816360 --- [registration-backend] [           main] o.f.core.internal.command.DbMigrate      : Schema "public" is up to date. No migration necessary.
2026-10-08T23:58:30.893+02:00  INFO 816360 --- [registration-backend] [           main] org.hibernate.orm.jpa                    : HHH008540: Processing PersistenceUnitInfo [name: default]
2026-10-08T23:58:30.927+02:00  INFO 816360 --- [registration-backend] [           main] o.s.o.j.p.SpringPersistenceUnitInfo      : No LoadTimeWeaver setup: ignoring JPA class transformer
2026-10-08T23:58:30.942+02:00  INFO 816360 --- [registration-backend] [           main] org.hibernate.orm.connections.pooling    : HHH10001005: Database info:
	Database JDBC URL [jdbc:postgresql://localhost:40491/test?loggerLevel=OFF]
	Database driver: PostgreSQL JDBC Driver
	Database dialect: PostgreSQLDialect
	Database version: 16.15
	Default catalog/schema: test/public
	Autocommit mode: undefined/unknown
	Isolation level: READ_COMMITTED [default READ_COMMITTED]
	JDBC fetch size: none
	Pool: DataSourceConnectionProvider
	Minimum pool size: undefined/unknown
	Maximum pool size: undefined/unknown
2026-10-08T23:58:31.020+02:00  INFO 816360 --- [registration-backend] [           main] org.hibernate.orm.core                   : HHH000489: No JTA platform available (set 'hibernate.transaction.jta.platform' to enable JTA platform integration)
2026-10-08T23:58:31.090+02:00  INFO 816360 --- [registration-backend] [           main] j.LocalContainerEntityManagerFactoryBean : Initialized JPA EntityManagerFactory for persistence unit 'default'
2026-10-08T23:58:31.293+02:00  INFO 816360 --- [registration-backend] [           main] r$InitializeUserDetailsManagerConfigurer : Global AuthenticationManager configured with UserDetailsService bean with name organizers
2026-10-08T23:58:31.426+02:00  INFO 816360 --- [registration-backend] [           main] o.s.b.a.e.web.EndpointLinksResolver      : Exposing 1 endpoint beneath base path '/actuator'
2026-10-08T23:58:31.441+02:00  INFO 816360 --- [registration-backend] [           main] o.s.boot.tomcat.TomcatWebServer          : Tomcat started on port 45019 (http) with context path '/'
2026-10-08T23:58:31.446+02:00  INFO 816360 --- [registration-backend] [           main] o.a.maven.surefire.booter.ForkedBooter   : Started ForkedBooter in 1.244 seconds (process running for 26.69)
2026-10-08T23:58:31.450+02:00  INFO 816360 --- [registration-backend] [o-auto-4-exec-1] o.a.c.c.C.[Tomcat-1].[localhost].[/]     : Initializing Spring DispatcherServlet 'dispatcherServlet'
2026-10-08T23:58:31.450+02:00  INFO 816360 --- [registration-backend] [o-auto-4-exec-1] o.s.web.servlet.DispatcherServlet        : Initializing Servlet 'dispatcherServlet'
2026-10-08T23:58:31.451+02:00  INFO 816360 --- [registration-backend] [o-auto-4-exec-1] o.s.web.servlet.DispatcherServlet        : Completed initialization in 1 ms
2026-10-08T23:58:31.490+02:00  INFO 816360 --- [registration-backend] [o-auto-4-exec-1] s.k.r.service.RegistrationService        : Registration e5c02bb1-99d5-4537-bacd-9d6b8c256115 accepted
2026-10-08T23:58:31.498+02:00  INFO 816360 --- [registration-backend] [           main] o.s.boot.tomcat.GracefulShutdown         : Commencing graceful shutdown. Waiting for active requests to complete
2026-10-08T23:58:31.499+02:00  INFO 816360 --- [registration-backend] [tomcat-shutdown] o.s.boot.tomcat.GracefulShutdown         : Graceful shutdown complete
2026-10-08T23:58:31.533+02:00  INFO 816360 --- [registration-backend] [           main] j.LocalContainerEntityManagerFactoryBean : Closing JPA EntityManagerFactory for persistence unit 'default'
2026-10-08T23:58:31.533+02:00  INFO 816360 --- [registration-backend] [           main] com.zaxxer.hikari.HikariDataSource       : HikariPool-4 - Shutdown initiated...
2026-10-08T23:58:31.534+02:00  INFO 816360 --- [registration-backend] [           main] com.zaxxer.hikari.HikariDataSource       : HikariPool-4 - Shutdown completed.
2026-10-08T23:58:31.535+02:00  INFO 816360 --- [registration-backend] [           main] o.apache.catalina.core.StandardService   : Stopping service [Tomcat]
2026-10-08T23:58:31.536+02:00  INFO 816360 --- [registration-backend] [           main] o.a.c.c.C.[Tomcat-1].[localhost].[/]     : Destroying Spring FrameworkServlet 'dispatcherServlet'

  .   ____          _            __ _ _
 /\\ / ___'_ __ _ _(_)_ __  __ _ \ \ \ \
( ( )\___ | '_ | '_| | '_ \/ _` | \ \ \ \
 \\/  ___)| |_)| | | | | || (_| |  ) ) ) )
  '  |____| .__|_| |_|_| |_\__, | / / / /
 =========|_|==============|___/=/_/_/_/

 :: Spring Boot ::                (v4.1.1)

2026-10-08T23:58:31.570+02:00  INFO 816360 --- [registration-backend] [           main] o.a.maven.surefire.booter.ForkedBooter   : Starting ForkedBooter v3.5.6 using Java 21.0.12.1 with PID 816360 (started by tjan-kazar in /home/tjan-kazar/storage/Work/lab/agentic_lab/02_output/backend)
2026-10-08T23:58:31.571+02:00  INFO 816360 --- [registration-backend] [           main] o.a.maven.surefire.booter.ForkedBooter   : No active profile set, falling back to 1 default profile: "default"
2026-10-08T23:58:31.719+02:00  INFO 816360 --- [registration-backend] [           main] .s.d.r.c.RepositoryConfigurationDelegate : Bootstrapping Spring Data JPA repositories in DEFAULT mode.
2026-10-08T23:58:31.728+02:00  INFO 816360 --- [registration-backend] [           main] .s.d.r.c.RepositoryConfigurationDelegate : Finished Spring Data repository scanning in 6 ms. Found 1 JPA repository interface.
2026-10-08T23:58:31.831+02:00  INFO 816360 --- [registration-backend] [           main] o.s.boot.tomcat.TomcatWebServer          : Tomcat initialized with port 0 (http)
2026-10-08T23:58:31.832+02:00  INFO 816360 --- [registration-backend] [           main] o.apache.catalina.core.StandardService   : Starting service [Tomcat]
2026-10-08T23:58:31.833+02:00  INFO 816360 --- [registration-backend] [           main] o.apache.catalina.core.StandardEngine    : Starting Servlet engine: [Apache Tomcat/11.0.26]
2026-10-08T23:58:31.843+02:00  INFO 816360 --- [registration-backend] [           main] b.w.c.s.WebApplicationContextInitializer : Root WebApplicationContext: initialization completed in 270 ms
2026-10-08T23:58:31.931+02:00  INFO 816360 --- [registration-backend] [           main] com.zaxxer.hikari.HikariDataSource       : HikariPool-5 - Starting...
2026-10-08T23:58:31.947+02:00  INFO 816360 --- [registration-backend] [           main] com.zaxxer.hikari.pool.HikariPool        : HikariPool-5 - Added connection org.postgresql.jdbc.PgConnection@1cec92b8
2026-10-08T23:58:31.947+02:00  INFO 816360 --- [registration-backend] [           main] com.zaxxer.hikari.HikariDataSource       : HikariPool-5 - Start completed.
2026-10-08T23:58:31.949+02:00  INFO 816360 --- [registration-backend] [           main] org.flywaydb.core.FlywayExecutor         : Database: jdbc:postgresql://localhost:40491/test?loggerLevel=OFF (PostgreSQL 16.15)
2026-10-08T23:58:31.976+02:00  INFO 816360 --- [registration-backend] [           main] o.f.core.internal.command.DbValidate     : Successfully validated 1 migration (execution time 00:00.010s)
2026-10-08T23:58:32.011+02:00  INFO 816360 --- [registration-backend] [           main] o.f.core.internal.command.DbMigrate      : Current version of schema "public": 1
2026-10-08T23:58:32.012+02:00  INFO 816360 --- [registration-backend] [           main] o.f.core.internal.command.DbMigrate      : Schema "public" is up to date. No migration necessary.
2026-10-08T23:58:32.034+02:00  INFO 816360 --- [registration-backend] [           main] org.hibernate.orm.jpa                    : HHH008540: Processing PersistenceUnitInfo [name: default]
2026-10-08T23:58:32.058+02:00  INFO 816360 --- [registration-backend] [           main] o.s.o.j.p.SpringPersistenceUnitInfo      : No LoadTimeWeaver setup: ignoring JPA class transformer
2026-10-08T23:58:32.068+02:00  INFO 816360 --- [registration-backend] [           main] org.hibernate.orm.connections.pooling    : HHH10001005: Database info:
	Database JDBC URL [jdbc:postgresql://localhost:40491/test?loggerLevel=OFF]
	Database driver: PostgreSQL JDBC Driver
	Database dialect: PostgreSQLDialect
	Database version: 16.15
	Default catalog/schema: test/public
	Autocommit mode: undefined/unknown
	Isolation level: READ_COMMITTED [default READ_COMMITTED]
	JDBC fetch size: none
	Pool: DataSourceConnectionProvider
	Minimum pool size: undefined/unknown
	Maximum pool size: undefined/unknown
2026-10-08T23:58:32.119+02:00  INFO 816360 --- [registration-backend] [           main] org.hibernate.orm.core                   : HHH000489: No JTA platform available (set 'hibernate.transaction.jta.platform' to enable JTA platform integration)
2026-10-08T23:58:32.140+02:00  INFO 816360 --- [registration-backend] [           main] j.LocalContainerEntityManagerFactoryBean : Initialized JPA EntityManagerFactory for persistence unit 'default'
2026-10-08T23:58:32.316+02:00  INFO 816360 --- [registration-backend] [           main] r$InitializeUserDetailsManagerConfigurer : Global AuthenticationManager configured with UserDetailsService bean with name organizers
2026-10-08T23:58:32.461+02:00  INFO 816360 --- [registration-backend] [           main] o.s.b.a.e.web.EndpointLinksResolver      : Exposing 1 endpoint beneath base path '/actuator'
2026-10-08T23:58:32.476+02:00  INFO 816360 --- [registration-backend] [           main] o.s.boot.tomcat.TomcatWebServer          : Tomcat started on port 38403 (http) with context path '/'
2026-10-08T23:58:32.479+02:00  INFO 816360 --- [registration-backend] [           main] o.a.maven.surefire.booter.ForkedBooter   : Started ForkedBooter in 0.935 seconds (process running for 27.723)
2026-10-08T23:58:32.482+02:00  INFO 816360 --- [registration-backend] [o-auto-5-exec-1] o.a.c.c.C.[Tomcat-1].[localhost].[/]     : Initializing Spring DispatcherServlet 'dispatcherServlet'
2026-10-08T23:58:32.482+02:00  INFO 816360 --- [registration-backend] [o-auto-5-exec-1] o.s.web.servlet.DispatcherServlet        : Initializing Servlet 'dispatcherServlet'
2026-10-08T23:58:32.483+02:00  INFO 816360 --- [registration-backend] [o-auto-5-exec-1] o.s.web.servlet.DispatcherServlet        : Completed initialization in 1 ms
2026-10-08T23:58:34.053+02:00  INFO 816360 --- [registration-backend] [           main] o.s.boot.tomcat.GracefulShutdown         : Commencing graceful shutdown. Waiting for active requests to complete
2026-10-08T23:58:34.055+02:00  INFO 816360 --- [registration-backend] [tomcat-shutdown] o.s.boot.tomcat.GracefulShutdown         : Graceful shutdown complete
2026-10-08T23:58:34.058+02:00  INFO 816360 --- [registration-backend] [           main] j.LocalContainerEntityManagerFactoryBean : Closing JPA EntityManagerFactory for persistence unit 'default'
2026-10-08T23:58:34.059+02:00  INFO 816360 --- [registration-backend] [           main] com.zaxxer.hikari.HikariDataSource       : HikariPool-5 - Shutdown initiated...
2026-10-08T23:58:34.060+02:00  INFO 816360 --- [registration-backend] [           main] com.zaxxer.hikari.HikariDataSource       : HikariPool-5 - Shutdown completed.
2026-10-08T23:58:34.061+02:00  INFO 816360 --- [registration-backend] [           main] o.apache.catalina.core.StandardService   : Stopping service [Tomcat]
2026-10-08T23:58:34.062+02:00  INFO 816360 --- [registration-backend] [           main] o.a.c.c.C.[Tomcat-1].[localhost].[/]     : Destroying Spring FrameworkServlet 'dispatcherServlet'

  .   ____          _            __ _ _
 /\\ / ___'_ __ _ _(_)_ __  __ _ \ \ \ \
( ( )\___ | '_ | '_| | '_ \/ _` | \ \ \ \
 \\/  ___)| |_)| | | | | || (_| |  ) ) ) )
  '  |____| .__|_| |_|_| |_\__, | / / / /
 =========|_|==============|___/=/_/_/_/

 :: Spring Boot ::                (v4.1.1)

2026-10-08T23:58:34.121+02:00  INFO 816360 --- [registration-backend] [           main] o.a.maven.surefire.booter.ForkedBooter   : Starting ForkedBooter v3.5.6 using Java 21.0.12.1 with PID 816360 (started by tjan-kazar in /home/tjan-kazar/storage/Work/lab/agentic_lab/02_output/backend)
2026-10-08T23:58:34.122+02:00  INFO 816360 --- [registration-backend] [           main] o.a.maven.surefire.booter.ForkedBooter   : No active profile set, falling back to 1 default profile: "default"
2026-10-08T23:58:34.259+02:00  INFO 816360 --- [registration-backend] [           main] .s.d.r.c.RepositoryConfigurationDelegate : Bootstrapping Spring Data JPA repositories in DEFAULT mode.
2026-10-08T23:58:34.266+02:00  INFO 816360 --- [registration-backend] [           main] .s.d.r.c.RepositoryConfigurationDelegate : Finished Spring Data repository scanning in 5 ms. Found 1 JPA repository interface.
2026-10-08T23:58:34.358+02:00  INFO 816360 --- [registration-backend] [           main] o.s.boot.tomcat.TomcatWebServer          : Tomcat initialized with port 0 (http)
2026-10-08T23:58:34.360+02:00  INFO 816360 --- [registration-backend] [           main] o.apache.catalina.core.StandardService   : Starting service [Tomcat]
2026-10-08T23:58:34.360+02:00  INFO 816360 --- [registration-backend] [           main] o.apache.catalina.core.StandardEngine    : Starting Servlet engine: [Apache Tomcat/11.0.26]
2026-10-08T23:58:34.369+02:00  INFO 816360 --- [registration-backend] [           main] b.w.c.s.WebApplicationContextInitializer : Root WebApplicationContext: initialization completed in 245 ms
2026-10-08T23:58:34.444+02:00  INFO 816360 --- [registration-backend] [           main] com.zaxxer.hikari.HikariDataSource       : HikariPool-6 - Starting...
2026-10-08T23:58:34.460+02:00  INFO 816360 --- [registration-backend] [           main] com.zaxxer.hikari.pool.HikariPool        : HikariPool-6 - Added connection org.postgresql.jdbc.PgConnection@1e6b6fb8
2026-10-08T23:58:34.460+02:00  INFO 816360 --- [registration-backend] [           main] com.zaxxer.hikari.HikariDataSource       : HikariPool-6 - Start completed.
2026-10-08T23:58:34.462+02:00  INFO 816360 --- [registration-backend] [           main] org.flywaydb.core.FlywayExecutor         : Database: jdbc:postgresql://localhost:40491/test?loggerLevel=OFF (PostgreSQL 16.15)
2026-10-08T23:58:34.487+02:00  INFO 816360 --- [registration-backend] [           main] o.f.core.internal.command.DbValidate     : Successfully validated 1 migration (execution time 00:00.007s)
2026-10-08T23:58:34.514+02:00  INFO 816360 --- [registration-backend] [           main] o.f.core.internal.command.DbMigrate      : Current version of schema "public": 1
2026-10-08T23:58:34.515+02:00  INFO 816360 --- [registration-backend] [           main] o.f.core.internal.command.DbMigrate      : Schema "public" is up to date. No migration necessary.
2026-10-08T23:58:34.533+02:00  INFO 816360 --- [registration-backend] [           main] org.hibernate.orm.jpa                    : HHH008540: Processing PersistenceUnitInfo [name: default]
2026-10-08T23:58:34.556+02:00  INFO 816360 --- [registration-backend] [           main] o.s.o.j.p.SpringPersistenceUnitInfo      : No LoadTimeWeaver setup: ignoring JPA class transformer
2026-10-08T23:58:34.568+02:00  INFO 816360 --- [registration-backend] [           main] org.hibernate.orm.connections.pooling    : HHH10001005: Database info:
	Database JDBC URL [jdbc:postgresql://localhost:40491/test?loggerLevel=OFF]
	Database driver: PostgreSQL JDBC Driver
	Database dialect: PostgreSQLDialect
	Database version: 16.15
	Default catalog/schema: test/public
	Autocommit mode: undefined/unknown
	Isolation level: READ_COMMITTED [default READ_COMMITTED]
	JDBC fetch size: none
	Pool: DataSourceConnectionProvider
	Minimum pool size: undefined/unknown
	Maximum pool size: undefined/unknown
2026-10-08T23:58:34.618+02:00  INFO 816360 --- [registration-backend] [           main] org.hibernate.orm.core                   : HHH000489: No JTA platform available (set 'hibernate.transaction.jta.platform' to enable JTA platform integration)
2026-10-08T23:58:34.640+02:00  INFO 816360 --- [registration-backend] [           main] j.LocalContainerEntityManagerFactoryBean : Initialized JPA EntityManagerFactory for persistence unit 'default'
2026-10-08T23:58:34.809+02:00  INFO 816360 --- [registration-backend] [           main] r$InitializeUserDetailsManagerConfigurer : Global AuthenticationManager configured with UserDetailsService bean with name organizers
2026-10-08T23:58:34.950+02:00  INFO 816360 --- [registration-backend] [           main] o.s.b.a.e.web.EndpointLinksResolver      : Exposing 1 endpoint beneath base path '/actuator'
2026-10-08T23:58:34.965+02:00  INFO 816360 --- [registration-backend] [           main] o.s.boot.tomcat.TomcatWebServer          : Tomcat started on port 36153 (http) with context path '/'
2026-10-08T23:58:34.968+02:00  INFO 816360 --- [registration-backend] [           main] o.a.maven.surefire.booter.ForkedBooter   : Started ForkedBooter in 0.876 seconds (process running for 30.212)
2026-10-08T23:58:34.988+02:00  INFO 816360 --- [registration-backend] [o-auto-6-exec-1] o.a.c.c.C.[Tomcat-1].[localhost].[/]     : Initializing Spring DispatcherServlet 'dispatcherServlet'
2026-10-08T23:58:34.988+02:00  INFO 816360 --- [registration-backend] [o-auto-6-exec-1] o.s.web.servlet.DispatcherServlet        : Initializing Servlet 'dispatcherServlet'
2026-10-08T23:58:34.990+02:00  INFO 816360 --- [registration-backend] [o-auto-6-exec-1] o.s.web.servlet.DispatcherServlet        : Completed initialization in 2 ms
2026-10-08T23:58:35.020+02:00 ERROR 816360 --- [registration-backend] [o-auto-6-exec-1] s.k.r.service.RegistrationService        : Registration e8de5876-dc63-4266-9018-2bf067805161 could not be stored: java.io.UncheckedIOException
2026-10-08T23:58:35.021+02:00 ERROR 816360 --- [registration-backend] [o-auto-6-exec-1] s.k.r.service.RegistrationService        : JSON copy of registration e8de5876-dc63-4266-9018-2bf067805161 could not be removed
2026-10-08T23:58:35.063+02:00  INFO 816360 --- [registration-backend] [           main] o.s.boot.tomcat.GracefulShutdown         : Commencing graceful shutdown. Waiting for active requests to complete
2026-10-08T23:58:35.064+02:00  INFO 816360 --- [registration-backend] [tomcat-shutdown] o.s.boot.tomcat.GracefulShutdown         : Graceful shutdown complete
2026-10-08T23:58:35.067+02:00  INFO 816360 --- [registration-backend] [           main] j.LocalContainerEntityManagerFactoryBean : Closing JPA EntityManagerFactory for persistence unit 'default'
2026-10-08T23:58:35.067+02:00  INFO 816360 --- [registration-backend] [           main] com.zaxxer.hikari.HikariDataSource       : HikariPool-6 - Shutdown initiated...
2026-10-08T23:58:35.069+02:00  INFO 816360 --- [registration-backend] [           main] com.zaxxer.hikari.HikariDataSource       : HikariPool-6 - Shutdown completed.
2026-10-08T23:58:35.070+02:00  INFO 816360 --- [registration-backend] [           main] o.apache.catalina.core.StandardService   : Stopping service [Tomcat]
2026-10-08T23:58:35.071+02:00  INFO 816360 --- [registration-backend] [           main] o.a.c.c.C.[Tomcat-1].[localhost].[/]     : Destroying Spring FrameworkServlet 'dispatcherServlet'

  .   ____          _            __ _ _
 /\\ / ___'_ __ _ _(_)_ __  __ _ \ \ \ \
( ( )\___ | '_ | '_| | '_ \/ _` | \ \ \ \
 \\/  ___)| |_)| | | | | || (_| |  ) ) ) )
  '  |____| .__|_| |_|_| |_\__, | / / / /
 =========|_|==============|___/=/_/_/_/

 :: Spring Boot ::                (v4.1.1)

2026-10-08T23:58:35.167+02:00  INFO 816360 --- [registration-backend] [           main] o.a.maven.surefire.booter.ForkedBooter   : Starting ForkedBooter v3.5.6 using Java 21.0.12.1 with PID 816360 (started by tjan-kazar in /home/tjan-kazar/storage/Work/lab/agentic_lab/02_output/backend)
2026-10-08T23:58:35.167+02:00  INFO 816360 --- [registration-backend] [           main] o.a.maven.surefire.booter.ForkedBooter   : No active profile set, falling back to 1 default profile: "default"
2026-10-08T23:58:35.305+02:00  INFO 816360 --- [registration-backend] [           main] .s.d.r.c.RepositoryConfigurationDelegate : Bootstrapping Spring Data JPA repositories in DEFAULT mode.
2026-10-08T23:58:35.311+02:00  INFO 816360 --- [registration-backend] [           main] .s.d.r.c.RepositoryConfigurationDelegate : Finished Spring Data repository scanning in 5 ms. Found 1 JPA repository interface.
2026-10-08T23:58:35.397+02:00  INFO 816360 --- [registration-backend] [           main] o.s.boot.tomcat.TomcatWebServer          : Tomcat initialized with port 0 (http)
2026-10-08T23:58:35.398+02:00  INFO 816360 --- [registration-backend] [           main] o.apache.catalina.core.StandardService   : Starting service [Tomcat]
2026-10-08T23:58:35.398+02:00  INFO 816360 --- [registration-backend] [           main] o.apache.catalina.core.StandardEngine    : Starting Servlet engine: [Apache Tomcat/11.0.26]
2026-10-08T23:58:35.408+02:00  INFO 816360 --- [registration-backend] [           main] b.w.c.s.WebApplicationContextInitializer : Root WebApplicationContext: initialization completed in 240 ms
2026-10-08T23:58:35.484+02:00  INFO 816360 --- [registration-backend] [           main] com.zaxxer.hikari.HikariDataSource       : HikariPool-7 - Starting...
2026-10-08T23:58:35.506+02:00  INFO 816360 --- [registration-backend] [           main] com.zaxxer.hikari.pool.HikariPool        : HikariPool-7 - Added connection org.postgresql.jdbc.PgConnection@28d1e9b7
2026-10-08T23:58:35.506+02:00  INFO 816360 --- [registration-backend] [           main] com.zaxxer.hikari.HikariDataSource       : HikariPool-7 - Start completed.
2026-10-08T23:58:35.508+02:00  INFO 816360 --- [registration-backend] [           main] org.flywaydb.core.FlywayExecutor         : Database: jdbc:postgresql://localhost:40491/test?loggerLevel=OFF (PostgreSQL 16.15)
2026-10-08T23:58:35.533+02:00  INFO 816360 --- [registration-backend] [           main] o.f.core.internal.command.DbValidate     : Successfully validated 1 migration (execution time 00:00.008s)
2026-10-08T23:58:35.560+02:00  INFO 816360 --- [registration-backend] [           main] o.f.core.internal.command.DbMigrate      : Current version of schema "public": 1
2026-10-08T23:58:35.561+02:00  INFO 816360 --- [registration-backend] [           main] o.f.core.internal.command.DbMigrate      : Schema "public" is up to date. No migration necessary.
2026-10-08T23:58:35.577+02:00  INFO 816360 --- [registration-backend] [           main] org.hibernate.orm.jpa                    : HHH008540: Processing PersistenceUnitInfo [name: default]
2026-10-08T23:58:35.597+02:00  INFO 816360 --- [registration-backend] [           main] o.s.o.j.p.SpringPersistenceUnitInfo      : No LoadTimeWeaver setup: ignoring JPA class transformer
2026-10-08T23:58:35.606+02:00  INFO 816360 --- [registration-backend] [           main] org.hibernate.orm.connections.pooling    : HHH10001005: Database info:
	Database JDBC URL [jdbc:postgresql://localhost:40491/test?loggerLevel=OFF]
	Database driver: PostgreSQL JDBC Driver
	Database dialect: PostgreSQLDialect
	Database version: 16.15
	Default catalog/schema: test/public
	Autocommit mode: undefined/unknown
	Isolation level: READ_COMMITTED [default READ_COMMITTED]
	JDBC fetch size: none
	Pool: DataSourceConnectionProvider
	Minimum pool size: undefined/unknown
	Maximum pool size: undefined/unknown
2026-10-08T23:58:35.653+02:00  INFO 816360 --- [registration-backend] [           main] org.hibernate.orm.core                   : HHH000489: No JTA platform available (set 'hibernate.transaction.jta.platform' to enable JTA platform integration)
2026-10-08T23:58:35.676+02:00  INFO 816360 --- [registration-backend] [           main] j.LocalContainerEntityManagerFactoryBean : Initialized JPA EntityManagerFactory for persistence unit 'default'
2026-10-08T23:58:35.839+02:00  INFO 816360 --- [registration-backend] [           main] r$InitializeUserDetailsManagerConfigurer : Global AuthenticationManager configured with UserDetailsService bean with name organizers
2026-10-08T23:58:35.977+02:00  INFO 816360 --- [registration-backend] [           main] o.s.b.a.e.web.EndpointLinksResolver      : Exposing 1 endpoint beneath base path '/actuator'
2026-10-08T23:58:36.003+02:00  INFO 816360 --- [registration-backend] [           main] o.s.boot.tomcat.TomcatWebServer          : Tomcat started on port 33345 (http) with context path '/'
2026-10-08T23:58:36.008+02:00  INFO 816360 --- [registration-backend] [           main] o.a.maven.surefire.booter.ForkedBooter   : Started ForkedBooter in 0.862 seconds (process running for 31.252)
2026-10-08T23:59:06.051+02:00  INFO 816360 --- [registration-backend] [           main] o.s.boot.tomcat.GracefulShutdown         : Commencing graceful shutdown. Waiting for active requests to complete
2026-10-08T23:59:06.052+02:00  INFO 816360 --- [registration-backend] [tomcat-shutdown] o.s.boot.tomcat.GracefulShutdown         : Graceful shutdown complete
2026-10-08T23:59:06.055+02:00  INFO 816360 --- [registration-backend] [           main] j.LocalContainerEntityManagerFactoryBean : Closing JPA EntityManagerFactory for persistence unit 'default'
2026-10-08T23:59:06.055+02:00  INFO 816360 --- [registration-backend] [           main] com.zaxxer.hikari.HikariDataSource       : HikariPool-7 - Shutdown initiated...
2026-10-08T23:59:06.056+02:00  INFO 816360 --- [registration-backend] [           main] com.zaxxer.hikari.HikariDataSource       : HikariPool-7 - Shutdown completed.
2026-10-08T23:59:06.058+02:00  INFO 816360 --- [registration-backend] [           main] o.apache.catalina.core.StandardService   : Stopping service [Tomcat]
2026-10-08T23:59:06.094+02:00  INFO 816360 --- [registration-backend] [-auto-1-exec-10] s.k.r.service.RegistrationService        : Registration 05edc6fe-a3bd-4429-a28d-d27dd923f278 accepted
2026-10-08T23:59:06.161+02:00  INFO 816360 --- [registration-backend] [o-auto-1-exec-1] s.k.r.service.RegistrationService        : Registration 59233bb1-ccf6-45d3-b0a0-fc9ee36328f6 accepted
[ERROR] Tests run: 5, Failures: 0, Errors: 1, Skipped: 0, Time elapsed: 36.03 s <<< FAILURE! -- in si.konferenca.registration.acceptance.Us005StorageAcceptanceTest
[ERROR] si.konferenca.registration.acceptance.Us005StorageAcceptanceTest.ac005_05_expiredRegistrationsAreDeleted -- Time elapsed: 30.99 s <<< ERROR!
org.awaitility.core.ConditionTimeoutException: 
Assertion condition defined as a Lambda expression in si.konferenca.registration.acceptance.Us005StorageAcceptanceTest 
Expecting an empty Optional but was containing value: {"email"="old-9c64c4cf-397@example.si", "email_normalized"="old-9c64c4cf-397@example.si", "first_name"="Old", "id"=ca5c6fb4-5d66-40ca-bdc2-4aab4b87d4e0, "last_name"="Entry", "organization"="Org", "received_at"=2025-09-03T23:58:35.077 (java.sql.Timestamp), "student_id"=null, "study_institution"=null, "study_programme"=null, "type"="EXTERNAL"} within 30 seconds.
	at org.awaitility.core.ConditionAwaiter.await(ConditionAwaiter.java:167)
	at org.awaitility.core.AssertionCondition.await(AssertionCondition.java:119)
	at org.awaitility.core.AssertionCondition.await(AssertionCondition.java:31)
	at org.awaitility.core.ConditionFactory.until(ConditionFactory.java:1160)
	at org.awaitility.core.ConditionFactory.untilAsserted(ConditionFactory.java:790)
	at si.konferenca.registration.acceptance.Us005StorageAcceptanceTest.ac005_05_expiredRegistrationsAreDeleted(Us005StorageAcceptanceTest.java:158)
Caused by: java.lang.AssertionError: 
Expecting an empty Optional but was containing value: {"email"="old-9c64c4cf-397@example.si", "email_normalized"="old-9c64c4cf-397@example.si", "first_name"="Old", "id"=ca5c6fb4-5d66-40ca-bdc2-4aab4b87d4e0, "last_name"="Entry", "organization"="Org", "received_at"=2025-09-03T23:58:35.077 (java.sql.Timestamp), "student_id"=null, "study_institution"=null, "study_programme"=null, "type"="EXTERNAL"}
	at si.konferenca.registration.acceptance.Us005StorageAcceptanceTest.lambda$ac005_05_expiredRegistrationsAreDeleted$2(Us005StorageAcceptanceTest.java:160)

[INFO] Running si.konferenca.registration.acceptance.Us006ParticipantEmailAcceptanceTest
2026-10-08T23:59:06.265+02:00  INFO 816360 --- [registration-backend] [o-auto-1-exec-2] s.k.r.service.RegistrationService        : Registration ca806e77-2ca8-4e65-b17a-186c7d8ed331 accepted

  .   ____          _            __ _ _
 /\\ / ___'_ __ _ _(_)_ __  __ _ \ \ \ \
( ( )\___ | '_ | '_| | '_ \/ _` | \ \ \ \
 \\/  ___)| |_)| | | | | || (_| |  ) ) ) )
  '  |____| .__|_| |_|_| |_\__, | / / / /
 =========|_|==============|___/=/_/_/_/

 :: Spring Boot ::                (v4.1.1)

2026-10-08T23:59:11.442+02:00  INFO 816360 --- [registration-backend] [           main] o.a.maven.surefire.booter.ForkedBooter   : Starting ForkedBooter v3.5.6 using Java 21.0.12.1 with PID 816360 (started by tjan-kazar in /home/tjan-kazar/storage/Work/lab/agentic_lab/02_output/backend)
2026-10-08T23:59:11.442+02:00  INFO 816360 --- [registration-backend] [           main] o.a.maven.surefire.booter.ForkedBooter   : No active profile set, falling back to 1 default profile: "default"
2026-10-08T23:59:11.553+02:00  INFO 816360 --- [registration-backend] [           main] .s.d.r.c.RepositoryConfigurationDelegate : Bootstrapping Spring Data JPA repositories in DEFAULT mode.
2026-10-08T23:59:11.559+02:00  INFO 816360 --- [registration-backend] [           main] .s.d.r.c.RepositoryConfigurationDelegate : Finished Spring Data repository scanning in 4 ms. Found 1 JPA repository interface.
2026-10-08T23:59:11.632+02:00  INFO 816360 --- [registration-backend] [           main] o.s.boot.tomcat.TomcatWebServer          : Tomcat initialized with port 0 (http)
2026-10-08T23:59:11.633+02:00  INFO 816360 --- [registration-backend] [           main] o.apache.catalina.core.StandardService   : Starting service [Tomcat]
2026-10-08T23:59:11.633+02:00  INFO 816360 --- [registration-backend] [           main] o.apache.catalina.core.StandardEngine    : Starting Servlet engine: [Apache Tomcat/11.0.26]
2026-10-08T23:59:11.643+02:00  INFO 816360 --- [registration-backend] [           main] b.w.c.s.WebApplicationContextInitializer : Root WebApplicationContext: initialization completed in 200 ms
2026-10-08T23:59:11.718+02:00  INFO 816360 --- [registration-backend] [           main] com.zaxxer.hikari.HikariDataSource       : HikariPool-8 - Starting...
2026-10-08T23:59:11.730+02:00  INFO 816360 --- [registration-backend] [           main] com.zaxxer.hikari.pool.HikariPool        : HikariPool-8 - Added connection org.postgresql.jdbc.PgConnection@69420678
2026-10-08T23:59:11.730+02:00  INFO 816360 --- [registration-backend] [           main] com.zaxxer.hikari.HikariDataSource       : HikariPool-8 - Start completed.
2026-10-08T23:59:11.732+02:00  INFO 816360 --- [registration-backend] [           main] org.flywaydb.core.FlywayExecutor         : Database: jdbc:postgresql://localhost:40491/test?loggerLevel=OFF (PostgreSQL 16.15)
2026-10-08T23:59:11.754+02:00  INFO 816360 --- [registration-backend] [           main] o.f.core.internal.command.DbValidate     : Successfully validated 1 migration (execution time 00:00.008s)
2026-10-08T23:59:11.778+02:00  INFO 816360 --- [registration-backend] [           main] o.f.core.internal.command.DbMigrate      : Current version of schema "public": 1
2026-10-08T23:59:11.779+02:00  INFO 816360 --- [registration-backend] [           main] o.f.core.internal.command.DbMigrate      : Schema "public" is up to date. No migration necessary.
2026-10-08T23:59:11.795+02:00  INFO 816360 --- [registration-backend] [           main] org.hibernate.orm.jpa                    : HHH008540: Processing PersistenceUnitInfo [name: default]
2026-10-08T23:59:11.814+02:00  INFO 816360 --- [registration-backend] [           main] o.s.o.j.p.SpringPersistenceUnitInfo      : No LoadTimeWeaver setup: ignoring JPA class transformer
2026-10-08T23:59:11.823+02:00  INFO 816360 --- [registration-backend] [           main] org.hibernate.orm.connections.pooling    : HHH10001005: Database info:
	Database JDBC URL [jdbc:postgresql://localhost:40491/test?loggerLevel=OFF]
	Database driver: PostgreSQL JDBC Driver
	Database dialect: PostgreSQLDialect
	Database version: 16.15
	Default catalog/schema: test/public
	Autocommit mode: undefined/unknown
	Isolation level: READ_COMMITTED [default READ_COMMITTED]
	JDBC fetch size: none
	Pool: DataSourceConnectionProvider
	Minimum pool size: undefined/unknown
	Maximum pool size: undefined/unknown
2026-10-08T23:59:11.866+02:00  INFO 816360 --- [registration-backend] [           main] org.hibernate.orm.core                   : HHH000489: No JTA platform available (set 'hibernate.transaction.jta.platform' to enable JTA platform integration)
2026-10-08T23:59:11.888+02:00  INFO 816360 --- [registration-backend] [           main] j.LocalContainerEntityManagerFactoryBean : Initialized JPA EntityManagerFactory for persistence unit 'default'
2026-10-08T23:59:12.033+02:00  INFO 816360 --- [registration-backend] [           main] r$InitializeUserDetailsManagerConfigurer : Global AuthenticationManager configured with UserDetailsService bean with name organizers
2026-10-08T23:59:12.159+02:00  INFO 816360 --- [registration-backend] [           main] o.s.b.a.e.web.EndpointLinksResolver      : Exposing 1 endpoint beneath base path '/actuator'
2026-10-08T23:59:12.174+02:00  INFO 816360 --- [registration-backend] [           main] o.s.boot.tomcat.TomcatWebServer          : Tomcat started on port 33169 (http) with context path '/'
2026-10-08T23:59:12.177+02:00  INFO 816360 --- [registration-backend] [           main] o.a.maven.surefire.booter.ForkedBooter   : Started ForkedBooter in 0.755 seconds (process running for 67.421)
2026-10-08T23:59:12.180+02:00  INFO 816360 --- [registration-backend] [o-auto-8-exec-1] o.a.c.c.C.[Tomcat-1].[localhost].[/]     : Initializing Spring DispatcherServlet 'dispatcherServlet'
2026-10-08T23:59:12.180+02:00  INFO 816360 --- [registration-backend] [o-auto-8-exec-1] o.s.web.servlet.DispatcherServlet        : Initializing Servlet 'dispatcherServlet'
2026-10-08T23:59:12.181+02:00  INFO 816360 --- [registration-backend] [o-auto-8-exec-1] o.s.web.servlet.DispatcherServlet        : Completed initialization in 1 ms
2026-10-08T23:59:12.218+02:00  INFO 816360 --- [registration-backend] [o-auto-8-exec-1] s.k.r.service.RegistrationService        : Registration 7aaf6065-ea1e-4c09-b7fb-2c0a9ea34508 accepted
2026-10-08T23:59:12.224+02:00  WARN 816360 --- [registration-backend] [       notify-1] s.k.r.service.NotificationService        : Participant email for registration 7aaf6065-ea1e-4c09-b7fb-2c0a9ea34508 failed: org.springframework.mail.MailSendException
2026-10-08T23:59:12.226+02:00  WARN 816360 --- [registration-backend] [       notify-1] s.k.r.service.NotificationService        : Organizer email for registration 7aaf6065-ea1e-4c09-b7fb-2c0a9ea34508 failed: org.springframework.mail.MailSendException
2026-10-08T23:59:13.346+02:00  INFO 816360 --- [registration-backend] [           main] o.s.boot.tomcat.GracefulShutdown         : Commencing graceful shutdown. Waiting for active requests to complete
2026-10-08T23:59:13.346+02:00  INFO 816360 --- [registration-backend] [tomcat-shutdown] o.s.boot.tomcat.GracefulShutdown         : Graceful shutdown complete
2026-10-08T23:59:13.348+02:00  INFO 816360 --- [registration-backend] [           main] j.LocalContainerEntityManagerFactoryBean : Closing JPA EntityManagerFactory for persistence unit 'default'
2026-10-08T23:59:13.348+02:00  INFO 816360 --- [registration-backend] [           main] com.zaxxer.hikari.HikariDataSource       : HikariPool-8 - Shutdown initiated...
2026-10-08T23:59:13.349+02:00  INFO 816360 --- [registration-backend] [           main] com.zaxxer.hikari.HikariDataSource       : HikariPool-8 - Shutdown completed.
2026-10-08T23:59:13.351+02:00  INFO 816360 --- [registration-backend] [           main] o.apache.catalina.core.StandardService   : Stopping service [Tomcat]
2026-10-08T23:59:13.351+02:00  INFO 816360 --- [registration-backend] [           main] o.a.c.c.C.[Tomcat-1].[localhost].[/]     : Destroying Spring FrameworkServlet 'dispatcherServlet'
[INFO] Tests run: 3, Failures: 0, Errors: 0, Skipped: 0, Time elapsed: 7.136 s -- in si.konferenca.registration.acceptance.Us006ParticipantEmailAcceptanceTest
[INFO] Running si.konferenca.registration.acceptance.Us007OrganizerNotificationAcceptanceTest
2026-10-08T23:59:13.397+02:00  INFO 816360 --- [registration-backend] [o-auto-1-exec-4] s.k.r.service.RegistrationService        : Registration 4b995e18-daa3-4299-92dd-3e311a5f0195 accepted

  .   ____          _            __ _ _
 /\\ / ___'_ __ _ _(_)_ __  __ _ \ \ \ \
( ( )\___ | '_ | '_| | '_ \/ _` | \ \ \ \
 \\/  ___)| |_)| | | | | || (_| |  ) ) ) )
  '  |____| .__|_| |_|_| |_\__, | / / / /
 =========|_|==============|___/=/_/_/_/

 :: Spring Boot ::                (v4.1.1)

2026-10-08T23:59:13.542+02:00  INFO 816360 --- [registration-backend] [           main] o.a.maven.surefire.booter.ForkedBooter   : Starting ForkedBooter v3.5.6 using Java 21.0.12.1 with PID 816360 (started by tjan-kazar in /home/tjan-kazar/storage/Work/lab/agentic_lab/02_output/backend)
2026-10-08T23:59:13.543+02:00  INFO 816360 --- [registration-backend] [           main] o.a.maven.surefire.booter.ForkedBooter   : No active profile set, falling back to 1 default profile: "default"
2026-10-08T23:59:13.650+02:00  INFO 816360 --- [registration-backend] [           main] .s.d.r.c.RepositoryConfigurationDelegate : Bootstrapping Spring Data JPA repositories in DEFAULT mode.
2026-10-08T23:59:13.656+02:00  INFO 816360 --- [registration-backend] [           main] .s.d.r.c.RepositoryConfigurationDelegate : Finished Spring Data repository scanning in 4 ms. Found 1 JPA repository interface.
2026-10-08T23:59:13.731+02:00  INFO 816360 --- [registration-backend] [           main] o.s.boot.tomcat.TomcatWebServer          : Tomcat initialized with port 0 (http)
2026-10-08T23:59:13.732+02:00  INFO 816360 --- [registration-backend] [           main] o.apache.catalina.core.StandardService   : Starting service [Tomcat]
2026-10-08T23:59:13.733+02:00  INFO 816360 --- [registration-backend] [           main] o.apache.catalina.core.StandardEngine    : Starting Servlet engine: [Apache Tomcat/11.0.26]
2026-10-08T23:59:13.741+02:00  INFO 816360 --- [registration-backend] [           main] b.w.c.s.WebApplicationContextInitializer : Root WebApplicationContext: initialization completed in 197 ms
2026-10-08T23:59:13.807+02:00  INFO 816360 --- [registration-backend] [           main] com.zaxxer.hikari.HikariDataSource       : HikariPool-9 - Starting...
2026-10-08T23:59:13.821+02:00  INFO 816360 --- [registration-backend] [           main] com.zaxxer.hikari.pool.HikariPool        : HikariPool-9 - Added connection org.postgresql.jdbc.PgConnection@12b8f4c9
2026-10-08T23:59:13.821+02:00  INFO 816360 --- [registration-backend] [           main] com.zaxxer.hikari.HikariDataSource       : HikariPool-9 - Start completed.
2026-10-08T23:59:13.823+02:00  INFO 816360 --- [registration-backend] [           main] org.flywaydb.core.FlywayExecutor         : Database: jdbc:postgresql://localhost:40491/test?loggerLevel=OFF (PostgreSQL 16.15)
2026-10-08T23:59:13.847+02:00  INFO 816360 --- [registration-backend] [           main] o.f.core.internal.command.DbValidate     : Successfully validated 1 migration (execution time 00:00.007s)
2026-10-08T23:59:13.875+02:00  INFO 816360 --- [registration-backend] [           main] o.f.core.internal.command.DbMigrate      : Current version of schema "public": 1
2026-10-08T23:59:13.876+02:00  INFO 816360 --- [registration-backend] [           main] o.f.core.internal.command.DbMigrate      : Schema "public" is up to date. No migration necessary.
2026-10-08T23:59:13.894+02:00  INFO 816360 --- [registration-backend] [           main] org.hibernate.orm.jpa                    : HHH008540: Processing PersistenceUnitInfo [name: default]
2026-10-08T23:59:13.912+02:00  INFO 816360 --- [registration-backend] [           main] o.s.o.j.p.SpringPersistenceUnitInfo      : No LoadTimeWeaver setup: ignoring JPA class transformer
2026-10-08T23:59:13.921+02:00  INFO 816360 --- [registration-backend] [           main] org.hibernate.orm.connections.pooling    : HHH10001005: Database info:
	Database JDBC URL [jdbc:postgresql://localhost:40491/test?loggerLevel=OFF]
	Database driver: PostgreSQL JDBC Driver
	Database dialect: PostgreSQLDialect
	Database version: 16.15
	Default catalog/schema: test/public
	Autocommit mode: undefined/unknown
	Isolation level: READ_COMMITTED [default READ_COMMITTED]
	JDBC fetch size: none
	Pool: DataSourceConnectionProvider
	Minimum pool size: undefined/unknown
	Maximum pool size: undefined/unknown
2026-10-08T23:59:13.963+02:00  INFO 816360 --- [registration-backend] [           main] org.hibernate.orm.core                   : HHH000489: No JTA platform available (set 'hibernate.transaction.jta.platform' to enable JTA platform integration)
2026-10-08T23:59:13.985+02:00  INFO 816360 --- [registration-backend] [           main] j.LocalContainerEntityManagerFactoryBean : Initialized JPA EntityManagerFactory for persistence unit 'default'
2026-10-08T23:59:14.133+02:00  INFO 816360 --- [registration-backend] [           main] r$InitializeUserDetailsManagerConfigurer : Global AuthenticationManager configured with UserDetailsService bean with name organizers
2026-10-08T23:59:14.261+02:00  INFO 816360 --- [registration-backend] [           main] o.s.b.a.e.web.EndpointLinksResolver      : Exposing 1 endpoint beneath base path '/actuator'
2026-10-08T23:59:14.279+02:00  INFO 816360 --- [registration-backend] [           main] o.s.boot.tomcat.TomcatWebServer          : Tomcat started on port 33713 (http) with context path '/'
2026-10-08T23:59:14.283+02:00  INFO 816360 --- [registration-backend] [           main] o.a.maven.surefire.booter.ForkedBooter   : Started ForkedBooter in 0.757 seconds (process running for 69.527)
2026-10-08T23:59:14.287+02:00  INFO 816360 --- [registration-backend] [o-auto-9-exec-1] o.a.c.c.C.[Tomcat-1].[localhost].[/]     : Initializing Spring DispatcherServlet 'dispatcherServlet'
2026-10-08T23:59:14.287+02:00  INFO 816360 --- [registration-backend] [o-auto-9-exec-1] o.s.web.servlet.DispatcherServlet        : Initializing Servlet 'dispatcherServlet'
2026-10-08T23:59:14.288+02:00  INFO 816360 --- [registration-backend] [o-auto-9-exec-1] o.s.web.servlet.DispatcherServlet        : Completed initialization in 1 ms
2026-10-08T23:59:14.323+02:00  INFO 816360 --- [registration-backend] [o-auto-9-exec-1] s.k.r.service.RegistrationService        : Registration c9dc6ffa-4563-4f63-bb76-b2bbe296b68f accepted
2026-10-08T23:59:14.329+02:00  WARN 816360 --- [registration-backend] [       notify-1] s.k.r.service.NotificationService        : Participant email for registration c9dc6ffa-4563-4f63-bb76-b2bbe296b68f failed: org.springframework.mail.MailSendException
2026-10-08T23:59:14.331+02:00  WARN 816360 --- [registration-backend] [       notify-1] s.k.r.service.NotificationService        : Organizer email for registration c9dc6ffa-4563-4f63-bb76-b2bbe296b68f failed: org.springframework.mail.MailSendException
2026-10-08T23:59:15.432+02:00  INFO 816360 --- [registration-backend] [           main] o.s.boot.tomcat.GracefulShutdown         : Commencing graceful shutdown. Waiting for active requests to complete
2026-10-08T23:59:15.433+02:00  INFO 816360 --- [registration-backend] [tomcat-shutdown] o.s.boot.tomcat.GracefulShutdown         : Graceful shutdown complete
2026-10-08T23:59:15.435+02:00  INFO 816360 --- [registration-backend] [           main] j.LocalContainerEntityManagerFactoryBean : Closing JPA EntityManagerFactory for persistence unit 'default'
2026-10-08T23:59:15.435+02:00  INFO 816360 --- [registration-backend] [           main] com.zaxxer.hikari.HikariDataSource       : HikariPool-9 - Shutdown initiated...
2026-10-08T23:59:15.437+02:00  INFO 816360 --- [registration-backend] [           main] com.zaxxer.hikari.HikariDataSource       : HikariPool-9 - Shutdown completed.
2026-10-08T23:59:15.437+02:00  INFO 816360 --- [registration-backend] [           main] o.apache.catalina.core.StandardService   : Stopping service [Tomcat]
2026-10-08T23:59:15.438+02:00  INFO 816360 --- [registration-backend] [           main] o.a.c.c.C.[Tomcat-1].[localhost].[/]     : Destroying Spring FrameworkServlet 'dispatcherServlet'
2026-10-08T23:59:15.482+02:00  INFO 816360 --- [registration-backend] [o-auto-1-exec-5] s.k.r.service.RegistrationService        : Registration 43d75cf7-ab0c-4472-b20a-ff91969e3c40 accepted
[INFO] Tests run: 4, Failures: 0, Errors: 0, Skipped: 0, Time elapsed: 5.360 s -- in si.konferenca.registration.acceptance.Us007OrganizerNotificationAcceptanceTest
[INFO] Running si.konferenca.registration.acceptance.Us008ExportAcceptanceTest
2026-10-08T23:59:18.755+02:00  INFO 816360 --- [registration-backend] [o-auto-1-exec-7] s.k.r.service.RegistrationService        : Registration 962c7418-2174-4afe-8543-fb2212b989d3 accepted
2026-10-08T23:59:18.827+02:00  INFO 816360 --- [registration-backend] [o-auto-1-exec-9] s.k.r.service.RegistrationService        : Registration f55d6802-5ec2-4218-b5ec-accedf5af9a7 accepted
2026-10-08T23:59:19.046+02:00  INFO 816360 --- [registration-backend] [o-auto-1-exec-2] s.k.r.service.RegistrationService        : Registration 7d7d2460-b9af-4854-af7f-0999b0a3f4fb accepted
2026-10-08T23:59:19.421+02:00  INFO 816360 --- [registration-backend] [o-auto-1-exec-4] s.k.r.service.RegistrationService        : Registration 6658ab21-8394-4edc-9069-a8ef37d3ae15 accepted
2026-10-08T23:59:19.485+02:00  INFO 816360 --- [registration-backend] [o-auto-1-exec-5] s.k.r.service.RegistrationService        : Registration 9c8f026f-74c2-4fe0-8c59-58b2dfd86b9f accepted
[INFO] Tests run: 4, Failures: 0, Errors: 0, Skipped: 0, Time elapsed: 1.011 s -- in si.konferenca.registration.acceptance.Us008ExportAcceptanceTest
[INFO] 
[INFO] Results:
[INFO] 
[ERROR] Errors: 
[ERROR]   Us005StorageAcceptanceTest.ac005_05_expiredRegistrationsAreDeleted:158 » ConditionTimeout Assertion condition defined as a Lambda expression in si.konferenca.registration.acceptance.Us005StorageAcceptanceTest 
Expecting an empty Optional but was containing value: {"email"="old-9c64c4cf-397@example.si", "email_normalized"="old-9c64c4cf-397@example.si", "first_name"="Old", "id"=ca5c6fb4-5d66-40ca-bdc2-4aab4b87d4e0, "last_name"="Entry", "organization"="Org", "received_at"=2025-09-03T23:58:35.077 (java.sql.Timestamp), "student_id"=null, "study_institution"=null, "study_programme"=null, "type"="EXTERNAL"} within 30 seconds.
[INFO] 
[ERROR] Tests run: 74, Failures: 0, Errors: 1, Skipped: 0
[INFO] 
[INFO] ------------------------------------------------------------------------
[INFO] BUILD FAILURE
[INFO] ------------------------------------------------------------------------
[INFO] Total time:  01:17 min
[INFO] Finished at: 2026-10-08T23:59:20+02:00
[INFO] ------------------------------------------------------------------------
[ERROR] Failed to execute goal org.apache.maven.plugins:maven-surefire-plugin:3.5.6:test (default-test) on project registration-backend: 
[ERROR] 
[ERROR] See /home/tjan-kazar/storage/Work/lab/agentic_lab/02_output/backend/target/surefire-reports for the individual test results.
[ERROR] See dump files (if any exist) [date].dump, [date]-jvmRun[N].dump and [date].dumpstream.
[ERROR] -> [Help 1]
[ERROR] 
[ERROR] To see the full stack trace of the errors, re-run Maven with the -e switch.
[ERROR] Re-run Maven using the -X switch to enable full debug logging.
[ERROR] 
[ERROR] For more information about the errors and possible solutions, please read the following articles:
[ERROR] [Help 1] http://cwiki.apache.org/confluence/display/MAVEN/MojoFailureException
