[INFO] Scanning for projects...
[INFO] 
[INFO] -----------------< si.konferenca:registration-backend >-----------------
[INFO] Building registration-backend 0.1.0
[INFO]   from pom.xml
[INFO] --------------------------------[ jar ]---------------------------------
[INFO] 
[INFO] --- jacoco:0.8.12:prepare-agent (prepare-agent) @ registration-backend ---
[INFO] argLine set to -javaagent:/home/tjan-kazar/.m2/repository/org/jacoco/org.jacoco.agent/0.8.12/org.jacoco.agent-0.8.12-runtime.jar=destfile=/home/tjan-kazar/storage/Work/lab/agentic_lab/02_output/backend/target/jacoco.exec
[INFO] 
[INFO] --- resources:3.5.0:resources (default-resources) @ registration-backend ---
[INFO] Copying 1 resource from src/main/resources to target/classes
[INFO] Copying 2 resources from src/main/resources to target/classes
[INFO] 
[INFO] --- compiler:3.15.0:compile (default-compile) @ registration-backend ---
[INFO] Nothing to compile - all classes are up to date.
[INFO] 
[INFO] --- resources:3.5.0:testResources (default-testResources) @ registration-backend ---
[INFO] Copying 0 resource from src/test/resources to target/test-classes
[INFO] 
[INFO] --- compiler:3.15.0:testCompile (default-testCompile) @ registration-backend ---
[INFO] Nothing to compile - all classes are up to date.
[INFO] 
[INFO] --- surefire:3.5.6:test (default-test) @ registration-backend ---
[INFO] Using auto detected provider org.apache.maven.surefire.junitplatform.JUnitPlatformProvider
[INFO] 
[INFO] -------------------------------------------------------
[INFO]  T E S T S
[INFO] -------------------------------------------------------
[INFO] Running si.konferenca.registration.acceptance.Us001ExternalRegistrationAcceptanceTest
00:01:00.919 [main] INFO org.testcontainers.images.PullPolicy -- Image pull policy will be performed by: DefaultPullPolicy()
00:01:00.930 [main] INFO org.testcontainers.utility.ImageNameSubstitutor -- Image name substitution will be performed by: DefaultImageNameSubstitutor (composite of 'ConfigurationFileImageNameSubstitutor' and 'PrefixingImageNameSubstitutor')
00:01:00.970 [main] INFO org.testcontainers.DockerClientFactory -- Testcontainers version: 2.0.5
00:01:02.571 [main] INFO org.testcontainers.dockerclient.DockerClientProviderStrategy -- Found Docker environment with Docker accessed via Unix socket (/home/tjan-kazar/.docker/desktop/docker.sock)
00:01:02.574 [main] INFO org.testcontainers.DockerClientFactory -- Docker host IP address is localhost
00:01:02.602 [main] INFO org.testcontainers.DockerClientFactory -- Connected to docker: 
  Server Version: 29.3.1
  API Version: 1.54
  Operating System: Docker Desktop
  Total Memory: 31283 MB
  Labels: 
    com.docker.desktop.address=unix:///home/tjan-kazar/.docker/desktop/docker-cli.sock
00:01:03.019 [main] INFO tc.testcontainers/ryuk:0.14.0 -- Creating container for image: testcontainers/ryuk:0.14.0
00:01:03.275 [main] INFO tc.testcontainers/ryuk:0.14.0 -- Container testcontainers/ryuk:0.14.0 is starting: 37034bc678626c75ca78d5c69ed3e75297cebbd4caa1cbbe4b710989a27157d8
00:01:04.027 [main] INFO tc.testcontainers/ryuk:0.14.0 -- Container testcontainers/ryuk:0.14.0 started in PT1.007493024S
00:01:04.035 [main] INFO org.testcontainers.utility.RyukResourceReaper -- Ryuk started - will monitor and terminate Testcontainers containers on JVM exit
00:01:04.036 [main] INFO org.testcontainers.DockerClientFactory -- Checking the system...
00:01:04.037 [main] INFO org.testcontainers.DockerClientFactory -- ✔︎ Docker server version should be at least 1.6.0
00:01:04.040 [main] INFO tc.postgres:16.15-alpine -- Creating container for image: postgres:16.15-alpine
00:01:04.171 [main] INFO tc.postgres:16.15-alpine -- Container postgres:16.15-alpine is starting: 5b090f37499b6772a7fa72d07dc02858a92039704b515a2d81ca8819fc3ffbd1
00:01:06.458 [main] INFO tc.postgres:16.15-alpine -- Container postgres:16.15-alpine started in PT2.417426669S
00:01:06.458 [main] INFO tc.postgres:16.15-alpine -- Container is started (JDBC URL: jdbc:postgresql://localhost:44289/test?loggerLevel=OFF)
00:01:06.461 [main] INFO tc.axllent/mailpit:v1.31.1 -- Creating container for image: axllent/mailpit:v1.31.1
00:01:06.574 [main] INFO tc.axllent/mailpit:v1.31.1 -- Container axllent/mailpit:v1.31.1 is starting: f9b0c54e4ab1fa1f5677e58cd93a510c1dda7981473c198c1879ef91231320dc
00:01:07.019 [main] INFO org.testcontainers.containers.wait.strategy.HttpWaitStrategy -- /objective_meitner: Waiting for 60 seconds for URL: http://localhost:41233/api/v1/messages (where port 41233 maps to container port 8025)
00:01:07.035 [main] INFO tc.axllent/mailpit:v1.31.1 -- Container axllent/mailpit:v1.31.1 started in PT0.573187255S

  .   ____          _            __ _ _
 /\\ / ___'_ __ _ _(_)_ __  __ _ \ \ \ \
( ( )\___ | '_ | '_| | '_ \/ _` | \ \ \ \
 \\/  ___)| |_)| | | | | || (_| |  ) ) ) )
  '  |____| .__|_| |_|_| |_\__, | / / / /
 =========|_|==============|___/=/_/_/_/

 :: Spring Boot ::                (v4.1.1)

2026-10-09T00:01:08.378+02:00  INFO 818628 --- [registration-backend] [           main] o.a.maven.surefire.booter.ForkedBooter   : Starting ForkedBooter v3.5.6 using Java 21.0.12.1 with PID 818628 (started by tjan-kazar in /home/tjan-kazar/storage/Work/lab/agentic_lab/02_output/backend)
2026-10-09T00:01:08.381+02:00  INFO 818628 --- [registration-backend] [           main] o.a.maven.surefire.booter.ForkedBooter   : No active profile set, falling back to 1 default profile: "default"
2026-10-09T00:01:09.960+02:00  INFO 818628 --- [registration-backend] [           main] .s.d.r.c.RepositoryConfigurationDelegate : Bootstrapping Spring Data JPA repositories in DEFAULT mode.
2026-10-09T00:01:10.053+02:00  INFO 818628 --- [registration-backend] [           main] .s.d.r.c.RepositoryConfigurationDelegate : Finished Spring Data repository scanning in 77 ms. Found 1 JPA repository interface.
2026-10-09T00:01:11.297+02:00  INFO 818628 --- [registration-backend] [           main] o.s.boot.tomcat.TomcatWebServer          : Tomcat initialized with port 0 (http)
2026-10-09T00:01:11.322+02:00  INFO 818628 --- [registration-backend] [           main] o.apache.catalina.core.StandardService   : Starting service [Tomcat]
2026-10-09T00:01:11.323+02:00  INFO 818628 --- [registration-backend] [           main] o.apache.catalina.core.StandardEngine    : Starting Servlet engine: [Apache Tomcat/11.0.26]
2026-10-09T00:01:11.384+02:00  INFO 818628 --- [registration-backend] [           main] b.w.c.s.WebApplicationContextInitializer : Root WebApplicationContext: initialization completed in 2913 ms
2026-10-09T00:01:11.988+02:00  INFO 818628 --- [registration-backend] [           main] com.zaxxer.hikari.HikariDataSource       : HikariPool-1 - Starting...
2026-10-09T00:01:12.291+02:00  INFO 818628 --- [registration-backend] [           main] com.zaxxer.hikari.pool.HikariPool        : HikariPool-1 - Added connection org.postgresql.jdbc.PgConnection@fd59215
2026-10-09T00:01:12.294+02:00  INFO 818628 --- [registration-backend] [           main] com.zaxxer.hikari.HikariDataSource       : HikariPool-1 - Start completed.
2026-10-09T00:01:12.338+02:00  INFO 818628 --- [registration-backend] [           main] org.flywaydb.core.FlywayExecutor         : Database: jdbc:postgresql://localhost:44289/test?loggerLevel=OFF (PostgreSQL 16.15)
2026-10-09T00:01:12.453+02:00  INFO 818628 --- [registration-backend] [           main] o.f.c.i.s.JdbcTableSchemaHistory         : Schema history table "public"."flyway_schema_history" does not exist yet
2026-10-09T00:01:12.464+02:00  INFO 818628 --- [registration-backend] [           main] o.f.core.internal.command.DbValidate     : Successfully validated 1 migration (execution time 00:00.042s)
2026-10-09T00:01:12.509+02:00  INFO 818628 --- [registration-backend] [           main] o.f.c.i.s.JdbcTableSchemaHistory         : Creating Schema History table "public"."flyway_schema_history" ...
2026-10-09T00:01:12.654+02:00  INFO 818628 --- [registration-backend] [           main] o.f.core.internal.command.DbMigrate      : Current version of schema "public": << Empty Schema >>
2026-10-09T00:01:12.693+02:00  INFO 818628 --- [registration-backend] [           main] o.f.core.internal.command.DbMigrate      : Migrating schema "public" to version "1 - registration schema"
2026-10-09T00:01:12.799+02:00  INFO 818628 --- [registration-backend] [           main] o.f.core.internal.command.DbMigrate      : Successfully applied 1 migration to schema "public", now at version v1 (execution time 00:00.061s)
2026-10-09T00:01:13.048+02:00  INFO 818628 --- [registration-backend] [           main] org.hibernate.orm.jpa                    : HHH008540: Processing PersistenceUnitInfo [name: default]
2026-10-09T00:01:13.173+02:00  INFO 818628 --- [registration-backend] [           main] org.hibernate.orm.core                   : HHH000001: Hibernate ORM core version 7.4.5.Final
2026-10-09T00:01:13.864+02:00  INFO 818628 --- [registration-backend] [           main] o.s.o.j.p.SpringPersistenceUnitInfo      : No LoadTimeWeaver setup: ignoring JPA class transformer
2026-10-09T00:01:14.021+02:00  INFO 818628 --- [registration-backend] [           main] org.hibernate.orm.connections.pooling    : HHH10001005: Database info:
	Database JDBC URL [jdbc:postgresql://localhost:44289/test?loggerLevel=OFF]
	Database driver: PostgreSQL JDBC Driver
	Database dialect: PostgreSQLDialect
	Database version: 16.15
	Default catalog/schema: test/public
	Autocommit mode: undefined/unknown
	Isolation level: READ_COMMITTED [default READ_COMMITTED]
	JDBC fetch size: none
	Pool: DataSourceConnectionProvider
	Minimum pool size: undefined/unknown
	Maximum pool size: undefined/unknown
2026-10-09T00:01:15.658+02:00  INFO 818628 --- [registration-backend] [           main] org.hibernate.orm.core                   : HHH000489: No JTA platform available (set 'hibernate.transaction.jta.platform' to enable JTA platform integration)
2026-10-09T00:01:15.727+02:00  INFO 818628 --- [registration-backend] [           main] j.LocalContainerEntityManagerFactoryBean : Initialized JPA EntityManagerFactory for persistence unit 'default'
2026-10-09T00:01:15.831+02:00  INFO 818628 --- [registration-backend] [           main] o.s.d.j.r.query.QueryEnhancerFactories   : Hibernate is in classpath; If applicable, HQL parser will be used.
2026-10-09T00:01:17.597+02:00  INFO 818628 --- [registration-backend] [           main] r$InitializeUserDetailsManagerConfigurer : Global AuthenticationManager configured with UserDetailsService bean with name organizers
2026-10-09T00:01:18.432+02:00  INFO 818628 --- [registration-backend] [           main] o.s.b.a.e.web.EndpointLinksResolver      : Exposing 1 endpoint beneath base path '/actuator'
2026-10-09T00:01:18.527+02:00  INFO 818628 --- [registration-backend] [           main] o.s.boot.tomcat.TomcatWebServer          : Tomcat started on port 46469 (http) with context path '/'
2026-10-09T00:01:18.546+02:00  INFO 818628 --- [registration-backend] [           main] o.a.maven.surefire.booter.ForkedBooter   : Started ForkedBooter in 11.152 seconds (process running for 19.418)
2026-10-09T00:01:18.989+02:00  INFO 818628 --- [registration-backend] [o-auto-1-exec-1] o.a.c.c.C.[Tomcat].[localhost].[/]       : Initializing Spring DispatcherServlet 'dispatcherServlet'
2026-10-09T00:01:18.990+02:00  INFO 818628 --- [registration-backend] [o-auto-1-exec-1] o.s.web.servlet.DispatcherServlet        : Initializing Servlet 'dispatcherServlet'
2026-10-09T00:01:18.991+02:00  INFO 818628 --- [registration-backend] [o-auto-1-exec-1] o.s.web.servlet.DispatcherServlet        : Completed initialization in 1 ms
2026-10-09T00:01:19.745+02:00  INFO 818628 --- [registration-backend] [o-auto-1-exec-7] s.k.r.service.RegistrationService        : Registration ac03812a-6ceb-4dae-bac9-ec7152b9bdff accepted
2026-10-09T00:01:19.988+02:00  INFO 818628 --- [registration-backend] [o-auto-1-exec-1] s.k.r.service.RegistrationService        : Registration b8c18c56-a0a4-4775-a32b-674340268b59 accepted
2026-10-09T00:01:20.115+02:00  INFO 818628 --- [registration-backend] [o-auto-1-exec-3] s.k.r.service.RegistrationService        : Registration 7d3be90f-c4a4-47e5-9438-05c5c4f8143e accepted
2026-10-09T00:01:20.446+02:00  INFO 818628 --- [registration-backend] [-auto-1-exec-10] s.k.r.service.RegistrationService        : Registration 4b005c1a-bc37-4a70-abfe-b5e42b223c0d accepted
2026-10-09T00:01:20.716+02:00  INFO 818628 --- [registration-backend] [o-auto-1-exec-6] s.k.r.service.RegistrationService        : Registration 388b242a-95c8-4630-aff8-cbbd6ae1a9d0 accepted
[INFO] Tests run: 32, Failures: 0, Errors: 0, Skipped: 0, Time elapsed: 20.30 s -- in si.konferenca.registration.acceptance.Us001ExternalRegistrationAcceptanceTest
[INFO] Running si.konferenca.registration.acceptance.Us005StorageAcceptanceTest

  .   ____          _            __ _ _
 /\\ / ___'_ __ _ _(_)_ __  __ _ \ \ \ \
( ( )\___ | '_ | '_| | '_ \/ _` | \ \ \ \
 \\/  ___)| |_)| | | | | || (_| |  ) ) ) )
  '  |____| .__|_| |_|_| |_\__, | / / / /
 =========|_|==============|___/=/_/_/_/

 :: Spring Boot ::                (v4.1.1)

2026-10-09T00:01:21.064+02:00  INFO 818628 --- [registration-backend] [           main] o.a.maven.surefire.booter.ForkedBooter   : Starting ForkedBooter v3.5.6 using Java 21.0.12.1 with PID 818628 (started by tjan-kazar in /home/tjan-kazar/storage/Work/lab/agentic_lab/02_output/backend)
2026-10-09T00:01:21.064+02:00  INFO 818628 --- [registration-backend] [           main] o.a.maven.surefire.booter.ForkedBooter   : No active profile set, falling back to 1 default profile: "default"
2026-10-09T00:01:21.317+02:00  INFO 818628 --- [registration-backend] [           main] .s.d.r.c.RepositoryConfigurationDelegate : Bootstrapping Spring Data JPA repositories in DEFAULT mode.
2026-10-09T00:01:21.328+02:00  INFO 818628 --- [registration-backend] [           main] .s.d.r.c.RepositoryConfigurationDelegate : Finished Spring Data repository scanning in 9 ms. Found 1 JPA repository interface.
2026-10-09T00:01:21.483+02:00  INFO 818628 --- [registration-backend] [           main] o.s.boot.tomcat.TomcatWebServer          : Tomcat initialized with port 0 (http)
2026-10-09T00:01:21.485+02:00  INFO 818628 --- [registration-backend] [           main] o.apache.catalina.core.StandardService   : Starting service [Tomcat]
2026-10-09T00:01:21.485+02:00  INFO 818628 --- [registration-backend] [           main] o.apache.catalina.core.StandardEngine    : Starting Servlet engine: [Apache Tomcat/11.0.26]
2026-10-09T00:01:21.500+02:00  INFO 818628 --- [registration-backend] [           main] b.w.c.s.WebApplicationContextInitializer : Root WebApplicationContext: initialization completed in 432 ms
2026-10-09T00:01:21.607+02:00  INFO 818628 --- [registration-backend] [           main] com.zaxxer.hikari.HikariDataSource       : HikariPool-2 - Starting...
2026-10-09T00:01:21.622+02:00  INFO 818628 --- [registration-backend] [           main] com.zaxxer.hikari.pool.HikariPool        : HikariPool-2 - Added connection org.postgresql.jdbc.PgConnection@27fc2c
2026-10-09T00:01:21.623+02:00  INFO 818628 --- [registration-backend] [           main] com.zaxxer.hikari.HikariDataSource       : HikariPool-2 - Start completed.
2026-10-09T00:01:21.625+02:00  INFO 818628 --- [registration-backend] [           main] org.flywaydb.core.FlywayExecutor         : Database: jdbc:postgresql://localhost:44289/test?loggerLevel=OFF (PostgreSQL 16.15)
2026-10-09T00:01:21.654+02:00  INFO 818628 --- [registration-backend] [           main] o.f.core.internal.command.DbValidate     : Successfully validated 1 migration (execution time 00:00.009s)
2026-10-09T00:01:21.684+02:00  INFO 818628 --- [registration-backend] [           main] o.f.core.internal.command.DbMigrate      : Current version of schema "public": 1
2026-10-09T00:01:21.685+02:00  INFO 818628 --- [registration-backend] [           main] o.f.core.internal.command.DbMigrate      : Schema "public" is up to date. No migration necessary.
2026-10-09T00:01:21.706+02:00  INFO 818628 --- [registration-backend] [           main] org.hibernate.orm.jpa                    : HHH008540: Processing PersistenceUnitInfo [name: default]
2026-10-09T00:01:21.732+02:00  INFO 818628 --- [registration-backend] [           main] o.s.o.j.p.SpringPersistenceUnitInfo      : No LoadTimeWeaver setup: ignoring JPA class transformer
2026-10-09T00:01:21.745+02:00  INFO 818628 --- [registration-backend] [           main] org.hibernate.orm.connections.pooling    : HHH10001005: Database info:
	Database JDBC URL [jdbc:postgresql://localhost:44289/test?loggerLevel=OFF]
	Database driver: PostgreSQL JDBC Driver
	Database dialect: PostgreSQLDialect
	Database version: 16.15
	Default catalog/schema: test/public
	Autocommit mode: undefined/unknown
	Isolation level: READ_COMMITTED [default READ_COMMITTED]
	JDBC fetch size: none
	Pool: DataSourceConnectionProvider
	Minimum pool size: undefined/unknown
	Maximum pool size: undefined/unknown
2026-10-09T00:01:21.805+02:00  INFO 818628 --- [registration-backend] [           main] org.hibernate.orm.core                   : HHH000489: No JTA platform available (set 'hibernate.transaction.jta.platform' to enable JTA platform integration)
2026-10-09T00:01:21.834+02:00  INFO 818628 --- [registration-backend] [           main] j.LocalContainerEntityManagerFactoryBean : Initialized JPA EntityManagerFactory for persistence unit 'default'
2026-10-09T00:01:22.050+02:00  INFO 818628 --- [registration-backend] [           main] r$InitializeUserDetailsManagerConfigurer : Global AuthenticationManager configured with UserDetailsService bean with name organizers
2026-10-09T00:01:22.241+02:00  INFO 818628 --- [registration-backend] [           main] o.s.b.a.e.web.EndpointLinksResolver      : Exposing 1 endpoint beneath base path '/actuator'
2026-10-09T00:01:22.263+02:00  INFO 818628 --- [registration-backend] [           main] o.s.boot.tomcat.TomcatWebServer          : Tomcat started on port 34089 (http) with context path '/'
2026-10-09T00:01:22.269+02:00  INFO 818628 --- [registration-backend] [           main] o.a.maven.surefire.booter.ForkedBooter   : Started ForkedBooter in 1.243 seconds (process running for 23.142)
2026-10-09T00:01:22.281+02:00  INFO 818628 --- [registration-backend] [o-auto-2-exec-1] o.a.c.c.C.[Tomcat-1].[localhost].[/]     : Initializing Spring DispatcherServlet 'dispatcherServlet'
2026-10-09T00:01:22.281+02:00  INFO 818628 --- [registration-backend] [o-auto-2-exec-1] o.s.web.servlet.DispatcherServlet        : Initializing Servlet 'dispatcherServlet'
2026-10-09T00:01:22.283+02:00  INFO 818628 --- [registration-backend] [o-auto-2-exec-1] o.s.web.servlet.DispatcherServlet        : Completed initialization in 2 ms
2026-10-09T00:01:22.322+02:00  INFO 818628 --- [registration-backend] [o-auto-2-exec-1] s.k.r.service.RegistrationService        : Registration 1c2b3788-b99a-4e28-a46b-c0252c756948 accepted
2026-10-09T00:01:22.331+02:00  INFO 818628 --- [registration-backend] [           main] o.s.boot.tomcat.GracefulShutdown         : Commencing graceful shutdown. Waiting for active requests to complete
2026-10-09T00:01:22.334+02:00  INFO 818628 --- [registration-backend] [tomcat-shutdown] o.s.boot.tomcat.GracefulShutdown         : Graceful shutdown complete
2026-10-09T00:01:24.858+02:00  WARN 818628 --- [registration-backend] [       notify-1] s.k.r.service.NotificationService        : Participant email for registration ac03812a-6ceb-4dae-bac9-ec7152b9bdff failed: org.springframework.mail.MailSendException
2026-10-09T00:01:24.935+02:00  INFO 818628 --- [registration-backend] [           main] j.LocalContainerEntityManagerFactoryBean : Closing JPA EntityManagerFactory for persistence unit 'default'
2026-10-09T00:01:24.941+02:00  INFO 818628 --- [registration-backend] [           main] com.zaxxer.hikari.HikariDataSource       : HikariPool-2 - Shutdown initiated...
2026-10-09T00:01:24.944+02:00  INFO 818628 --- [registration-backend] [           main] com.zaxxer.hikari.HikariDataSource       : HikariPool-2 - Shutdown completed.
2026-10-09T00:01:24.947+02:00  INFO 818628 --- [registration-backend] [           main] o.apache.catalina.core.StandardService   : Stopping service [Tomcat]
2026-10-09T00:01:24.948+02:00  INFO 818628 --- [registration-backend] [           main] o.a.c.c.C.[Tomcat-1].[localhost].[/]     : Destroying Spring FrameworkServlet 'dispatcherServlet'

  .   ____          _            __ _ _
 /\\ / ___'_ __ _ _(_)_ __  __ _ \ \ \ \
( ( )\___ | '_ | '_| | '_ \/ _` | \ \ \ \
 \\/  ___)| |_)| | | | | || (_| |  ) ) ) )
  '  |____| .__|_| |_|_| |_\__, | / / / /
 =========|_|==============|___/=/_/_/_/

 :: Spring Boot ::                (v4.1.1)

2026-10-09T00:01:24.996+02:00  INFO 818628 --- [registration-backend] [           main] o.a.maven.surefire.booter.ForkedBooter   : Starting ForkedBooter v3.5.6 using Java 21.0.12.1 with PID 818628 (started by tjan-kazar in /home/tjan-kazar/storage/Work/lab/agentic_lab/02_output/backend)
2026-10-09T00:01:24.997+02:00  INFO 818628 --- [registration-backend] [           main] o.a.maven.surefire.booter.ForkedBooter   : No active profile set, falling back to 1 default profile: "default"
2026-10-09T00:01:25.195+02:00  INFO 818628 --- [registration-backend] [           main] .s.d.r.c.RepositoryConfigurationDelegate : Bootstrapping Spring Data JPA repositories in DEFAULT mode.
2026-10-09T00:01:25.203+02:00  INFO 818628 --- [registration-backend] [           main] .s.d.r.c.RepositoryConfigurationDelegate : Finished Spring Data repository scanning in 6 ms. Found 1 JPA repository interface.
2026-10-09T00:01:25.306+02:00  INFO 818628 --- [registration-backend] [           main] o.s.boot.tomcat.TomcatWebServer          : Tomcat initialized with port 0 (http)
2026-10-09T00:01:25.307+02:00  INFO 818628 --- [registration-backend] [           main] o.apache.catalina.core.StandardService   : Starting service [Tomcat]
2026-10-09T00:01:25.308+02:00  INFO 818628 --- [registration-backend] [           main] o.apache.catalina.core.StandardEngine    : Starting Servlet engine: [Apache Tomcat/11.0.26]
2026-10-09T00:01:25.318+02:00  INFO 818628 --- [registration-backend] [           main] b.w.c.s.WebApplicationContextInitializer : Root WebApplicationContext: initialization completed in 319 ms
2026-10-09T00:01:25.413+02:00  INFO 818628 --- [registration-backend] [           main] com.zaxxer.hikari.HikariDataSource       : HikariPool-3 - Starting...
2026-10-09T00:01:25.428+02:00  INFO 818628 --- [registration-backend] [           main] com.zaxxer.hikari.pool.HikariPool        : HikariPool-3 - Added connection org.postgresql.jdbc.PgConnection@8b2eb95
2026-10-09T00:01:25.428+02:00  INFO 818628 --- [registration-backend] [           main] com.zaxxer.hikari.HikariDataSource       : HikariPool-3 - Start completed.
2026-10-09T00:01:25.430+02:00  INFO 818628 --- [registration-backend] [           main] org.flywaydb.core.FlywayExecutor         : Database: jdbc:postgresql://localhost:44289/test?loggerLevel=OFF (PostgreSQL 16.15)
2026-10-09T00:01:25.457+02:00  INFO 818628 --- [registration-backend] [           main] o.f.core.internal.command.DbValidate     : Successfully validated 1 migration (execution time 00:00.009s)
2026-10-09T00:01:25.485+02:00  INFO 818628 --- [registration-backend] [           main] o.f.core.internal.command.DbMigrate      : Current version of schema "public": 1
2026-10-09T00:01:25.486+02:00  INFO 818628 --- [registration-backend] [           main] o.f.core.internal.command.DbMigrate      : Schema "public" is up to date. No migration necessary.
2026-10-09T00:01:25.504+02:00  INFO 818628 --- [registration-backend] [           main] org.hibernate.orm.jpa                    : HHH008540: Processing PersistenceUnitInfo [name: default]
2026-10-09T00:01:25.527+02:00  INFO 818628 --- [registration-backend] [           main] o.s.o.j.p.SpringPersistenceUnitInfo      : No LoadTimeWeaver setup: ignoring JPA class transformer
2026-10-09T00:01:25.539+02:00  INFO 818628 --- [registration-backend] [           main] org.hibernate.orm.connections.pooling    : HHH10001005: Database info:
	Database JDBC URL [jdbc:postgresql://localhost:44289/test?loggerLevel=OFF]
	Database driver: PostgreSQL JDBC Driver
	Database dialect: PostgreSQLDialect
	Database version: 16.15
	Default catalog/schema: test/public
	Autocommit mode: undefined/unknown
	Isolation level: READ_COMMITTED [default READ_COMMITTED]
	JDBC fetch size: none
	Pool: DataSourceConnectionProvider
	Minimum pool size: undefined/unknown
	Maximum pool size: undefined/unknown
2026-10-09T00:01:25.597+02:00  INFO 818628 --- [registration-backend] [           main] org.hibernate.orm.core                   : HHH000489: No JTA platform available (set 'hibernate.transaction.jta.platform' to enable JTA platform integration)
2026-10-09T00:01:25.621+02:00  INFO 818628 --- [registration-backend] [           main] j.LocalContainerEntityManagerFactoryBean : Initialized JPA EntityManagerFactory for persistence unit 'default'
2026-10-09T00:01:25.806+02:00  INFO 818628 --- [registration-backend] [           main] r$InitializeUserDetailsManagerConfigurer : Global AuthenticationManager configured with UserDetailsService bean with name organizers
2026-10-09T00:01:25.978+02:00  INFO 818628 --- [registration-backend] [           main] o.s.b.a.e.web.EndpointLinksResolver      : Exposing 1 endpoint beneath base path '/actuator'
2026-10-09T00:01:25.998+02:00  INFO 818628 --- [registration-backend] [           main] o.s.boot.tomcat.TomcatWebServer          : Tomcat started on port 33735 (http) with context path '/'
2026-10-09T00:01:26.004+02:00  INFO 818628 --- [registration-backend] [           main] o.a.maven.surefire.booter.ForkedBooter   : Started ForkedBooter in 1.043 seconds (process running for 26.877)
2026-10-09T00:01:26.014+02:00  INFO 818628 --- [registration-backend] [o-auto-3-exec-1] o.a.c.c.C.[Tomcat-1].[localhost].[/]     : Initializing Spring DispatcherServlet 'dispatcherServlet'
2026-10-09T00:01:26.015+02:00  INFO 818628 --- [registration-backend] [o-auto-3-exec-1] o.s.web.servlet.DispatcherServlet        : Initializing Servlet 'dispatcherServlet'
2026-10-09T00:01:26.016+02:00  INFO 818628 --- [registration-backend] [o-auto-3-exec-1] o.s.web.servlet.DispatcherServlet        : Completed initialization in 1 ms
2026-10-09T00:01:27.311+02:00  INFO 818628 --- [registration-backend] [           main] o.s.boot.tomcat.GracefulShutdown         : Commencing graceful shutdown. Waiting for active requests to complete
2026-10-09T00:01:27.312+02:00  INFO 818628 --- [registration-backend] [tomcat-shutdown] o.s.boot.tomcat.GracefulShutdown         : Graceful shutdown complete
2026-10-09T00:01:27.318+02:00  INFO 818628 --- [registration-backend] [           main] j.LocalContainerEntityManagerFactoryBean : Closing JPA EntityManagerFactory for persistence unit 'default'
2026-10-09T00:01:27.319+02:00  INFO 818628 --- [registration-backend] [           main] com.zaxxer.hikari.HikariDataSource       : HikariPool-3 - Shutdown initiated...
2026-10-09T00:01:27.321+02:00  INFO 818628 --- [registration-backend] [           main] com.zaxxer.hikari.HikariDataSource       : HikariPool-3 - Shutdown completed.
2026-10-09T00:01:27.322+02:00  INFO 818628 --- [registration-backend] [           main] o.apache.catalina.core.StandardService   : Stopping service [Tomcat]
2026-10-09T00:01:27.322+02:00  INFO 818628 --- [registration-backend] [           main] o.a.c.c.C.[Tomcat-1].[localhost].[/]     : Destroying Spring FrameworkServlet 'dispatcherServlet'

  .   ____          _            __ _ _
 /\\ / ___'_ __ _ _(_)_ __  __ _ \ \ \ \
( ( )\___ | '_ | '_| | '_ \/ _` | \ \ \ \
 \\/  ___)| |_)| | | | | || (_| |  ) ) ) )
  '  |____| .__|_| |_|_| |_\__, | / / / /
 =========|_|==============|___/=/_/_/_/

 :: Spring Boot ::                (v4.1.1)

2026-10-09T00:01:27.384+02:00  INFO 818628 --- [registration-backend] [           main] o.a.maven.surefire.booter.ForkedBooter   : Starting ForkedBooter v3.5.6 using Java 21.0.12.1 with PID 818628 (started by tjan-kazar in /home/tjan-kazar/storage/Work/lab/agentic_lab/02_output/backend)
2026-10-09T00:01:27.385+02:00  INFO 818628 --- [registration-backend] [           main] o.a.maven.surefire.booter.ForkedBooter   : No active profile set, falling back to 1 default profile: "default"
2026-10-09T00:01:27.548+02:00  INFO 818628 --- [registration-backend] [           main] .s.d.r.c.RepositoryConfigurationDelegate : Bootstrapping Spring Data JPA repositories in DEFAULT mode.
2026-10-09T00:01:27.558+02:00  INFO 818628 --- [registration-backend] [           main] .s.d.r.c.RepositoryConfigurationDelegate : Finished Spring Data repository scanning in 7 ms. Found 1 JPA repository interface.
2026-10-09T00:01:27.662+02:00  INFO 818628 --- [registration-backend] [           main] o.s.boot.tomcat.TomcatWebServer          : Tomcat initialized with port 0 (http)
2026-10-09T00:01:27.663+02:00  INFO 818628 --- [registration-backend] [           main] o.apache.catalina.core.StandardService   : Starting service [Tomcat]
2026-10-09T00:01:27.664+02:00  INFO 818628 --- [registration-backend] [           main] o.apache.catalina.core.StandardEngine    : Starting Servlet engine: [Apache Tomcat/11.0.26]
2026-10-09T00:01:27.675+02:00  INFO 818628 --- [registration-backend] [           main] b.w.c.s.WebApplicationContextInitializer : Root WebApplicationContext: initialization completed in 288 ms
2026-10-09T00:01:27.761+02:00  INFO 818628 --- [registration-backend] [           main] com.zaxxer.hikari.HikariDataSource       : HikariPool-4 - Starting...
2026-10-09T00:01:27.776+02:00  INFO 818628 --- [registration-backend] [           main] com.zaxxer.hikari.pool.HikariPool        : HikariPool-4 - Added connection org.postgresql.jdbc.PgConnection@ada8749
2026-10-09T00:01:27.777+02:00  INFO 818628 --- [registration-backend] [           main] com.zaxxer.hikari.HikariDataSource       : HikariPool-4 - Start completed.
2026-10-09T00:01:27.779+02:00  INFO 818628 --- [registration-backend] [           main] org.flywaydb.core.FlywayExecutor         : Database: jdbc:postgresql://localhost:44289/test?loggerLevel=OFF (PostgreSQL 16.15)
2026-10-09T00:01:27.805+02:00  INFO 818628 --- [registration-backend] [           main] o.f.core.internal.command.DbValidate     : Successfully validated 1 migration (execution time 00:00.008s)
2026-10-09T00:01:27.831+02:00  INFO 818628 --- [registration-backend] [           main] o.f.core.internal.command.DbMigrate      : Current version of schema "public": 1
2026-10-09T00:01:27.831+02:00  INFO 818628 --- [registration-backend] [           main] o.f.core.internal.command.DbMigrate      : Schema "public" is up to date. No migration necessary.
2026-10-09T00:01:27.851+02:00  INFO 818628 --- [registration-backend] [           main] org.hibernate.orm.jpa                    : HHH008540: Processing PersistenceUnitInfo [name: default]
2026-10-09T00:01:27.875+02:00  INFO 818628 --- [registration-backend] [           main] o.s.o.j.p.SpringPersistenceUnitInfo      : No LoadTimeWeaver setup: ignoring JPA class transformer
2026-10-09T00:01:27.887+02:00  INFO 818628 --- [registration-backend] [           main] org.hibernate.orm.connections.pooling    : HHH10001005: Database info:
	Database JDBC URL [jdbc:postgresql://localhost:44289/test?loggerLevel=OFF]
	Database driver: PostgreSQL JDBC Driver
	Database dialect: PostgreSQLDialect
	Database version: 16.15
	Default catalog/schema: test/public
	Autocommit mode: undefined/unknown
	Isolation level: READ_COMMITTED [default READ_COMMITTED]
	JDBC fetch size: none
	Pool: DataSourceConnectionProvider
	Minimum pool size: undefined/unknown
	Maximum pool size: undefined/unknown
2026-10-09T00:01:27.943+02:00  INFO 818628 --- [registration-backend] [           main] org.hibernate.orm.core                   : HHH000489: No JTA platform available (set 'hibernate.transaction.jta.platform' to enable JTA platform integration)
2026-10-09T00:01:27.967+02:00  INFO 818628 --- [registration-backend] [           main] j.LocalContainerEntityManagerFactoryBean : Initialized JPA EntityManagerFactory for persistence unit 'default'
2026-10-09T00:01:28.147+02:00  INFO 818628 --- [registration-backend] [           main] r$InitializeUserDetailsManagerConfigurer : Global AuthenticationManager configured with UserDetailsService bean with name organizers
2026-10-09T00:01:28.329+02:00  INFO 818628 --- [registration-backend] [           main] o.s.b.a.e.web.EndpointLinksResolver      : Exposing 1 endpoint beneath base path '/actuator'
2026-10-09T00:01:28.346+02:00  INFO 818628 --- [registration-backend] [           main] o.s.boot.tomcat.TomcatWebServer          : Tomcat started on port 42159 (http) with context path '/'
2026-10-09T00:01:28.350+02:00  INFO 818628 --- [registration-backend] [           main] o.a.maven.surefire.booter.ForkedBooter   : Started ForkedBooter in 0.995 seconds (process running for 29.223)
2026-10-09T00:01:28.383+02:00  INFO 818628 --- [registration-backend] [o-auto-4-exec-1] o.a.c.c.C.[Tomcat-1].[localhost].[/]     : Initializing Spring DispatcherServlet 'dispatcherServlet'
2026-10-09T00:01:28.384+02:00  INFO 818628 --- [registration-backend] [o-auto-4-exec-1] o.s.web.servlet.DispatcherServlet        : Initializing Servlet 'dispatcherServlet'
2026-10-09T00:01:28.386+02:00  INFO 818628 --- [registration-backend] [o-auto-4-exec-1] o.s.web.servlet.DispatcherServlet        : Completed initialization in 2 ms
2026-10-09T00:01:28.419+02:00 ERROR 818628 --- [registration-backend] [o-auto-4-exec-1] s.k.r.service.RegistrationService        : Registration 0591886c-5a26-468a-87d0-b612a5b8aff2 could not be stored: java.io.UncheckedIOException
2026-10-09T00:01:28.419+02:00 ERROR 818628 --- [registration-backend] [o-auto-4-exec-1] s.k.r.service.RegistrationService        : JSON copy of registration 0591886c-5a26-468a-87d0-b612a5b8aff2 could not be removed
2026-10-09T00:01:28.461+02:00  INFO 818628 --- [registration-backend] [           main] o.s.boot.tomcat.GracefulShutdown         : Commencing graceful shutdown. Waiting for active requests to complete
2026-10-09T00:01:28.462+02:00  INFO 818628 --- [registration-backend] [tomcat-shutdown] o.s.boot.tomcat.GracefulShutdown         : Graceful shutdown complete
2026-10-09T00:01:28.466+02:00  INFO 818628 --- [registration-backend] [           main] j.LocalContainerEntityManagerFactoryBean : Closing JPA EntityManagerFactory for persistence unit 'default'
2026-10-09T00:01:28.466+02:00  INFO 818628 --- [registration-backend] [           main] com.zaxxer.hikari.HikariDataSource       : HikariPool-4 - Shutdown initiated...
2026-10-09T00:01:28.468+02:00  INFO 818628 --- [registration-backend] [           main] com.zaxxer.hikari.HikariDataSource       : HikariPool-4 - Shutdown completed.
2026-10-09T00:01:28.469+02:00  INFO 818628 --- [registration-backend] [           main] o.apache.catalina.core.StandardService   : Stopping service [Tomcat]
2026-10-09T00:01:28.470+02:00  INFO 818628 --- [registration-backend] [           main] o.a.c.c.C.[Tomcat-1].[localhost].[/]     : Destroying Spring FrameworkServlet 'dispatcherServlet'

  .   ____          _            __ _ _
 /\\ / ___'_ __ _ _(_)_ __  __ _ \ \ \ \
( ( )\___ | '_ | '_| | '_ \/ _` | \ \ \ \
 \\/  ___)| |_)| | | | | || (_| |  ) ) ) )
  '  |____| .__|_| |_|_| |_\__, | / / / /
 =========|_|==============|___/=/_/_/_/

 :: Spring Boot ::                (v4.1.1)

2026-10-09T00:01:28.592+02:00  INFO 818628 --- [registration-backend] [           main] o.a.maven.surefire.booter.ForkedBooter   : Starting ForkedBooter v3.5.6 using Java 21.0.12.1 with PID 818628 (started by tjan-kazar in /home/tjan-kazar/storage/Work/lab/agentic_lab/02_output/backend)
2026-10-09T00:01:28.592+02:00  INFO 818628 --- [registration-backend] [           main] o.a.maven.surefire.booter.ForkedBooter   : No active profile set, falling back to 1 default profile: "default"
2026-10-09T00:01:28.750+02:00  INFO 818628 --- [registration-backend] [           main] .s.d.r.c.RepositoryConfigurationDelegate : Bootstrapping Spring Data JPA repositories in DEFAULT mode.
2026-10-09T00:01:28.759+02:00  INFO 818628 --- [registration-backend] [           main] .s.d.r.c.RepositoryConfigurationDelegate : Finished Spring Data repository scanning in 8 ms. Found 1 JPA repository interface.
2026-10-09T00:01:28.874+02:00  INFO 818628 --- [registration-backend] [           main] o.s.boot.tomcat.TomcatWebServer          : Tomcat initialized with port 0 (http)
2026-10-09T00:01:28.876+02:00  INFO 818628 --- [registration-backend] [           main] o.apache.catalina.core.StandardService   : Starting service [Tomcat]
2026-10-09T00:01:28.876+02:00  INFO 818628 --- [registration-backend] [           main] o.apache.catalina.core.StandardEngine    : Starting Servlet engine: [Apache Tomcat/11.0.26]
2026-10-09T00:01:28.886+02:00  INFO 818628 --- [registration-backend] [           main] b.w.c.s.WebApplicationContextInitializer : Root WebApplicationContext: initialization completed in 293 ms
2026-10-09T00:01:28.974+02:00  INFO 818628 --- [registration-backend] [           main] com.zaxxer.hikari.HikariDataSource       : HikariPool-5 - Starting...
2026-10-09T00:01:28.991+02:00  INFO 818628 --- [registration-backend] [           main] com.zaxxer.hikari.pool.HikariPool        : HikariPool-5 - Added connection org.postgresql.jdbc.PgConnection@1970bd41
2026-10-09T00:01:28.991+02:00  INFO 818628 --- [registration-backend] [           main] com.zaxxer.hikari.HikariDataSource       : HikariPool-5 - Start completed.
2026-10-09T00:01:28.993+02:00  INFO 818628 --- [registration-backend] [           main] org.flywaydb.core.FlywayExecutor         : Database: jdbc:postgresql://localhost:44289/test?loggerLevel=OFF (PostgreSQL 16.15)
2026-10-09T00:01:29.022+02:00  INFO 818628 --- [registration-backend] [           main] o.f.core.internal.command.DbValidate     : Successfully validated 1 migration (execution time 00:00.009s)
2026-10-09T00:01:29.055+02:00  INFO 818628 --- [registration-backend] [           main] o.f.core.internal.command.DbMigrate      : Current version of schema "public": 1
2026-10-09T00:01:29.057+02:00  INFO 818628 --- [registration-backend] [           main] o.f.core.internal.command.DbMigrate      : Schema "public" is up to date. No migration necessary.
2026-10-09T00:01:29.078+02:00  INFO 818628 --- [registration-backend] [           main] org.hibernate.orm.jpa                    : HHH008540: Processing PersistenceUnitInfo [name: default]
2026-10-09T00:01:29.099+02:00  INFO 818628 --- [registration-backend] [           main] o.s.o.j.p.SpringPersistenceUnitInfo      : No LoadTimeWeaver setup: ignoring JPA class transformer
2026-10-09T00:01:29.111+02:00  INFO 818628 --- [registration-backend] [           main] org.hibernate.orm.connections.pooling    : HHH10001005: Database info:
	Database JDBC URL [jdbc:postgresql://localhost:44289/test?loggerLevel=OFF]
	Database driver: PostgreSQL JDBC Driver
	Database dialect: PostgreSQLDialect
	Database version: 16.15
	Default catalog/schema: test/public
	Autocommit mode: undefined/unknown
	Isolation level: READ_COMMITTED [default READ_COMMITTED]
	JDBC fetch size: none
	Pool: DataSourceConnectionProvider
	Minimum pool size: undefined/unknown
	Maximum pool size: undefined/unknown
2026-10-09T00:01:29.163+02:00  INFO 818628 --- [registration-backend] [           main] org.hibernate.orm.core                   : HHH000489: No JTA platform available (set 'hibernate.transaction.jta.platform' to enable JTA platform integration)
2026-10-09T00:01:29.187+02:00  INFO 818628 --- [registration-backend] [           main] j.LocalContainerEntityManagerFactoryBean : Initialized JPA EntityManagerFactory for persistence unit 'default'
2026-10-09T00:01:29.369+02:00  INFO 818628 --- [registration-backend] [           main] r$InitializeUserDetailsManagerConfigurer : Global AuthenticationManager configured with UserDetailsService bean with name organizers
2026-10-09T00:01:29.536+02:00  INFO 818628 --- [registration-backend] [           main] o.s.b.a.e.web.EndpointLinksResolver      : Exposing 1 endpoint beneath base path '/actuator'
2026-10-09T00:01:29.554+02:00  INFO 818628 --- [registration-backend] [           main] o.s.boot.tomcat.TomcatWebServer          : Tomcat started on port 45839 (http) with context path '/'
2026-10-09T00:01:29.557+02:00  INFO 818628 --- [registration-backend] [           main] o.a.maven.surefire.booter.ForkedBooter   : Started ForkedBooter in 0.991 seconds (process running for 30.43)
2026-10-09T00:01:29.595+02:00  INFO 818628 --- [registration-backend] [           main] s.k.r.service.RetentionService           : Retention deleted 1 registrations older than 2025-10-08T22:01:29.559209415Z
2026-10-09T00:01:29.736+02:00  INFO 818628 --- [registration-backend] [           main] o.s.boot.tomcat.GracefulShutdown         : Commencing graceful shutdown. Waiting for active requests to complete
2026-10-09T00:01:29.737+02:00  INFO 818628 --- [registration-backend] [tomcat-shutdown] o.s.boot.tomcat.GracefulShutdown         : Graceful shutdown complete
2026-10-09T00:01:29.740+02:00  INFO 818628 --- [registration-backend] [           main] j.LocalContainerEntityManagerFactoryBean : Closing JPA EntityManagerFactory for persistence unit 'default'
2026-10-09T00:01:29.741+02:00  INFO 818628 --- [registration-backend] [           main] com.zaxxer.hikari.HikariDataSource       : HikariPool-5 - Shutdown initiated...
2026-10-09T00:01:29.742+02:00  INFO 818628 --- [registration-backend] [           main] com.zaxxer.hikari.HikariDataSource       : HikariPool-5 - Shutdown completed.
2026-10-09T00:01:29.743+02:00  INFO 818628 --- [registration-backend] [           main] o.apache.catalina.core.StandardService   : Stopping service [Tomcat]
2026-10-09T00:01:29.801+02:00  INFO 818628 --- [registration-backend] [o-auto-1-exec-4] s.k.r.service.RegistrationService        : Registration b59b2483-9d57-4b3b-be0d-afd04cb422d7 accepted
2026-10-09T00:01:29.873+02:00  INFO 818628 --- [registration-backend] [o-auto-1-exec-5] s.k.r.service.RegistrationService        : Registration bd2f8d92-203f-4276-acf2-29fa3f2f2bf6 accepted
[INFO] Tests run: 5, Failures: 0, Errors: 0, Skipped: 0, Time elapsed: 8.927 s -- in si.konferenca.registration.acceptance.Us005StorageAcceptanceTest
[INFO] 
[INFO] Results:
[INFO] 
[INFO] Tests run: 37, Failures: 0, Errors: 0, Skipped: 0
[INFO] 
[INFO] ------------------------------------------------------------------------
[INFO] BUILD SUCCESS
[INFO] ------------------------------------------------------------------------
[INFO] Total time:  33.201 s
[INFO] Finished at: 2026-10-09T00:01:30+02:00
[INFO] ------------------------------------------------------------------------
