[INFO] Scanning for projects...
[INFO] 
[INFO] -----------------< si.konferenca:registration-backend >-----------------
[INFO] Building registration-backend 0.1.0
[INFO]   from pom.xml
[INFO] --------------------------------[ jar ]---------------------------------
[INFO] 
[INFO] --- jacoco:0.8.12:prepare-agent (prepare-agent) @ registration-backend ---
[INFO] argLine set to -javaagent:/home/tjan-kazar/.m2/repository/org/jacoco/org.jacoco.agent/0.8.12/org.jacoco.agent-0.8.12-runtime.jar=destfile=/home/tjan-kazar/storage/Work/lab/agentic_lab/02_output/backend/target/jacoco.exec
[INFO] 
[INFO] --- resources:3.5.0:resources (default-resources) @ registration-backend ---
[INFO] Copying 1 resource from src/main/resources to target/classes
[INFO] Copying 2 resources from src/main/resources to target/classes
[INFO] 
[INFO] --- compiler:3.15.0:compile (default-compile) @ registration-backend ---
[INFO] Recompiling the module because of changed source code.
[INFO] Compiling 37 source files with javac [debug parameters release 21] to target/classes
[INFO] 
[INFO] --- resources:3.5.0:testResources (default-testResources) @ registration-backend ---
[INFO] Copying 0 resource from src/test/resources to target/test-classes
[INFO] 
[INFO] --- compiler:3.15.0:testCompile (default-testCompile) @ registration-backend ---
[INFO] Recompiling the module because of changed dependency.
[INFO] Compiling 19 source files with javac [debug parameters release 21] to target/test-classes
[INFO] 
[INFO] --- surefire:3.5.6:test (default-test) @ registration-backend ---
[INFO] Using auto detected provider org.apache.maven.surefire.junitplatform.JUnitPlatformProvider
[INFO] 
[INFO] -------------------------------------------------------
[INFO]  T E S T S
[INFO] -------------------------------------------------------
[INFO] Running si.konferenca.registration.acceptance.Us004ConfirmationAcceptanceTest
23:52:19.775 [main] INFO org.testcontainers.images.PullPolicy -- Image pull policy will be performed by: DefaultPullPolicy()
23:52:19.785 [main] INFO org.testcontainers.utility.ImageNameSubstitutor -- Image name substitution will be performed by: DefaultImageNameSubstitutor (composite of 'ConfigurationFileImageNameSubstitutor' and 'PrefixingImageNameSubstitutor')
23:52:19.824 [main] INFO org.testcontainers.DockerClientFactory -- Testcontainers version: 2.0.5
23:52:21.427 [main] INFO org.testcontainers.dockerclient.DockerClientProviderStrategy -- Found Docker environment with Docker accessed via Unix socket (/home/tjan-kazar/.docker/desktop/docker.sock)
23:52:21.429 [main] INFO org.testcontainers.DockerClientFactory -- Docker host IP address is localhost
23:52:21.454 [main] INFO org.testcontainers.DockerClientFactory -- Connected to docker: 
  Server Version: 29.3.1
  API Version: 1.54
  Operating System: Docker Desktop
  Total Memory: 31283 MB
  Labels: 
    com.docker.desktop.address=unix:///home/tjan-kazar/.docker/desktop/docker-cli.sock
23:52:22.017 [main] INFO tc.testcontainers/ryuk:0.14.0 -- Creating container for image: testcontainers/ryuk:0.14.0
23:52:22.290 [main] INFO tc.testcontainers/ryuk:0.14.0 -- Container testcontainers/ryuk:0.14.0 is starting: 6c8823a49a408b806c57968860bb71c8cd6c781f25f295059340d0c1495d3408
23:52:23.022 [main] INFO tc.testcontainers/ryuk:0.14.0 -- Container testcontainers/ryuk:0.14.0 started in PT1.005596391S
23:52:23.030 [main] INFO org.testcontainers.utility.RyukResourceReaper -- Ryuk started - will monitor and terminate Testcontainers containers on JVM exit
23:52:23.031 [main] INFO org.testcontainers.DockerClientFactory -- Checking the system...
23:52:23.032 [main] INFO org.testcontainers.DockerClientFactory -- ✔︎ Docker server version should be at least 1.6.0
23:52:23.033 [main] INFO tc.postgres:16.15-alpine -- Creating container for image: postgres:16.15-alpine
23:52:23.182 [main] INFO tc.postgres:16.15-alpine -- Container postgres:16.15-alpine is starting: 23f8c7e13124fe1e3df84cca41169c7a4b00da84e6b21cce5e833b132106ef89
23:52:25.457 [main] INFO tc.postgres:16.15-alpine -- Container postgres:16.15-alpine started in PT2.424715834S
23:52:25.458 [main] INFO tc.postgres:16.15-alpine -- Container is started (JDBC URL: jdbc:postgresql://localhost:46321/test?loggerLevel=OFF)
23:52:25.462 [main] INFO tc.axllent/mailpit:v1.31.1 -- Creating container for image: axllent/mailpit:v1.31.1
23:52:25.560 [main] INFO tc.axllent/mailpit:v1.31.1 -- Container axllent/mailpit:v1.31.1 is starting: e41e2738cdf57d679c1610ba412a8332fff14d34227d74cbb511e69649c608e9
23:52:25.962 [main] INFO org.testcontainers.containers.wait.strategy.HttpWaitStrategy -- /distracted_ishizaka: Waiting for 60 seconds for URL: http://localhost:37461/api/v1/messages (where port 37461 maps to container port 8025)
23:52:25.978 [main] INFO tc.axllent/mailpit:v1.31.1 -- Container axllent/mailpit:v1.31.1 started in PT0.515986166S

  .   ____          _            __ _ _
 /\\ / ___'_ __ _ _(_)_ __  __ _ \ \ \ \
( ( )\___ | '_ | '_| | '_ \/ _` | \ \ \ \
 \\/  ___)| |_)| | | | | || (_| |  ) ) ) )
  '  |____| .__|_| |_|_| |_\__, | / / / /
 =========|_|==============|___/=/_/_/_/

 :: Spring Boot ::                (v4.1.1)

2026-10-08T23:52:27.187+02:00  INFO 811983 --- [registration-backend] [           main] o.a.maven.surefire.booter.ForkedBooter   : Starting ForkedBooter v3.5.6 using Java 21.0.12.1 with PID 811983 (started by tjan-kazar in /home/tjan-kazar/storage/Work/lab/agentic_lab/02_output/backend)
2026-10-08T23:52:27.189+02:00  INFO 811983 --- [registration-backend] [           main] o.a.maven.surefire.booter.ForkedBooter   : No active profile set, falling back to 1 default profile: "default"
2026-10-08T23:52:28.655+02:00  INFO 811983 --- [registration-backend] [           main] .s.d.r.c.RepositoryConfigurationDelegate : Bootstrapping Spring Data JPA repositories in DEFAULT mode.
2026-10-08T23:52:28.751+02:00  INFO 811983 --- [registration-backend] [           main] .s.d.r.c.RepositoryConfigurationDelegate : Finished Spring Data repository scanning in 78 ms. Found 1 JPA repository interface.
2026-10-08T23:52:29.998+02:00  INFO 811983 --- [registration-backend] [           main] o.s.boot.tomcat.TomcatWebServer          : Tomcat initialized with port 0 (http)
2026-10-08T23:52:30.023+02:00  INFO 811983 --- [registration-backend] [           main] o.apache.catalina.core.StandardService   : Starting service [Tomcat]
2026-10-08T23:52:30.023+02:00  INFO 811983 --- [registration-backend] [           main] o.apache.catalina.core.StandardEngine    : Starting Servlet engine: [Apache Tomcat/11.0.26]
2026-10-08T23:52:30.081+02:00  INFO 811983 --- [registration-backend] [           main] b.w.c.s.WebApplicationContextInitializer : Root WebApplicationContext: initialization completed in 2810 ms
2026-10-08T23:52:30.678+02:00  INFO 811983 --- [registration-backend] [           main] com.zaxxer.hikari.HikariDataSource       : HikariPool-1 - Starting...
2026-10-08T23:52:30.987+02:00  INFO 811983 --- [registration-backend] [           main] com.zaxxer.hikari.pool.HikariPool        : HikariPool-1 - Added connection org.postgresql.jdbc.PgConnection@6f8f5d72
2026-10-08T23:52:30.989+02:00  INFO 811983 --- [registration-backend] [           main] com.zaxxer.hikari.HikariDataSource       : HikariPool-1 - Start completed.
2026-10-08T23:52:31.038+02:00  INFO 811983 --- [registration-backend] [           main] org.flywaydb.core.FlywayExecutor         : Database: jdbc:postgresql://localhost:46321/test?loggerLevel=OFF (PostgreSQL 16.15)
2026-10-08T23:52:31.137+02:00  INFO 811983 --- [registration-backend] [           main] o.f.c.i.s.JdbcTableSchemaHistory         : Schema history table "public"."flyway_schema_history" does not exist yet
2026-10-08T23:52:31.144+02:00  INFO 811983 --- [registration-backend] [           main] o.f.core.internal.command.DbValidate     : Successfully validated 1 migration (execution time 00:00.034s)
2026-10-08T23:52:31.171+02:00  INFO 811983 --- [registration-backend] [           main] o.f.c.i.s.JdbcTableSchemaHistory         : Creating Schema History table "public"."flyway_schema_history" ...
2026-10-08T23:52:31.246+02:00  INFO 811983 --- [registration-backend] [           main] o.f.core.internal.command.DbMigrate      : Current version of schema "public": << Empty Schema >>
2026-10-08T23:52:31.269+02:00  INFO 811983 --- [registration-backend] [           main] o.f.core.internal.command.DbMigrate      : Migrating schema "public" to version "1 - registration schema"
2026-10-08T23:52:31.328+02:00  INFO 811983 --- [registration-backend] [           main] o.f.core.internal.command.DbMigrate      : Successfully applied 1 migration to schema "public", now at version v1 (execution time 00:00.037s)
2026-10-08T23:52:31.496+02:00  INFO 811983 --- [registration-backend] [           main] org.hibernate.orm.jpa                    : HHH008540: Processing PersistenceUnitInfo [name: default]
2026-10-08T23:52:31.594+02:00  INFO 811983 --- [registration-backend] [           main] org.hibernate.orm.core                   : HHH000001: Hibernate ORM core version 7.4.5.Final
2026-10-08T23:52:32.283+02:00  INFO 811983 --- [registration-backend] [           main] o.s.o.j.p.SpringPersistenceUnitInfo      : No LoadTimeWeaver setup: ignoring JPA class transformer
2026-10-08T23:52:32.435+02:00  INFO 811983 --- [registration-backend] [           main] org.hibernate.orm.connections.pooling    : HHH10001005: Database info:
	Database JDBC URL [jdbc:postgresql://localhost:46321/test?loggerLevel=OFF]
	Database driver: PostgreSQL JDBC Driver
	Database dialect: PostgreSQLDialect
	Database version: 16.15
	Default catalog/schema: test/public
	Autocommit mode: undefined/unknown
	Isolation level: READ_COMMITTED [default READ_COMMITTED]
	JDBC fetch size: none
	Pool: DataSourceConnectionProvider
	Minimum pool size: undefined/unknown
	Maximum pool size: undefined/unknown
2026-10-08T23:52:34.098+02:00  INFO 811983 --- [registration-backend] [           main] org.hibernate.orm.core                   : HHH000489: No JTA platform available (set 'hibernate.transaction.jta.platform' to enable JTA platform integration)
2026-10-08T23:52:34.181+02:00  INFO 811983 --- [registration-backend] [           main] j.LocalContainerEntityManagerFactoryBean : Initialized JPA EntityManagerFactory for persistence unit 'default'
2026-10-08T23:52:34.458+02:00  INFO 811983 --- [registration-backend] [           main] o.s.d.j.r.query.QueryEnhancerFactories   : Hibernate is in classpath; If applicable, HQL parser will be used.
2026-10-08T23:52:36.025+02:00  INFO 811983 --- [registration-backend] [           main] r$InitializeUserDetailsManagerConfigurer : Global AuthenticationManager configured with UserDetailsService bean with name organizers
2026-10-08T23:52:36.824+02:00  INFO 811983 --- [registration-backend] [           main] o.s.b.a.e.web.EndpointLinksResolver      : Exposing 1 endpoint beneath base path '/actuator'
2026-10-08T23:52:36.912+02:00  INFO 811983 --- [registration-backend] [           main] o.s.boot.tomcat.TomcatWebServer          : Tomcat started on port 38831 (http) with context path '/'
2026-10-08T23:52:36.928+02:00  INFO 811983 --- [registration-backend] [           main] o.a.maven.surefire.booter.ForkedBooter   : Started ForkedBooter in 10.585 seconds (process running for 18.937)
2026-10-08T23:52:37.207+02:00  INFO 811983 --- [registration-backend] [o-auto-1-exec-1] o.a.c.c.C.[Tomcat].[localhost].[/]       : Initializing Spring DispatcherServlet 'dispatcherServlet'
2026-10-08T23:52:37.208+02:00  INFO 811983 --- [registration-backend] [o-auto-1-exec-1] o.s.web.servlet.DispatcherServlet        : Initializing Servlet 'dispatcherServlet'
2026-10-08T23:52:37.209+02:00  INFO 811983 --- [registration-backend] [o-auto-1-exec-1] o.s.web.servlet.DispatcherServlet        : Completed initialization in 1 ms
2026-10-08T23:52:37.836+02:00  INFO 811983 --- [registration-backend] [o-auto-1-exec-3] s.k.r.service.RegistrationService        : Registration 92e72eb0-8569-4987-a891-5c24c3069213 accepted
[INFO] Tests run: 2, Failures: 0, Errors: 0, Skipped: 0, Time elapsed: 18.21 s -- in si.konferenca.registration.acceptance.Us004ConfirmationAcceptanceTest
[INFO] Running si.konferenca.registration.acceptance.Us005StorageAcceptanceTest

  .   ____          _            __ _ _
 /\\ / ___'_ __ _ _(_)_ __  __ _ \ \ \ \
( ( )\___ | '_ | '_| | '_ \/ _` | \ \ \ \
 \\/  ___)| |_)| | | | | || (_| |  ) ) ) )
  '  |____| .__|_| |_|_| |_\__, | / / / /
 =========|_|==============|___/=/_/_/_/

 :: Spring Boot ::                (v4.1.1)

2026-10-08T23:52:37.915+02:00  INFO 811983 --- [registration-backend] [           main] o.a.maven.surefire.booter.ForkedBooter   : Starting ForkedBooter v3.5.6 using Java 21.0.12.1 with PID 811983 (started by tjan-kazar in /home/tjan-kazar/storage/Work/lab/agentic_lab/02_output/backend)
2026-10-08T23:52:37.915+02:00  INFO 811983 --- [registration-backend] [           main] o.a.maven.surefire.booter.ForkedBooter   : No active profile set, falling back to 1 default profile: "default"
2026-10-08T23:52:38.155+02:00  INFO 811983 --- [registration-backend] [           main] .s.d.r.c.RepositoryConfigurationDelegate : Bootstrapping Spring Data JPA repositories in DEFAULT mode.
2026-10-08T23:52:38.165+02:00  INFO 811983 --- [registration-backend] [           main] .s.d.r.c.RepositoryConfigurationDelegate : Finished Spring Data repository scanning in 8 ms. Found 1 JPA repository interface.
2026-10-08T23:52:38.312+02:00  INFO 811983 --- [registration-backend] [           main] o.s.boot.tomcat.TomcatWebServer          : Tomcat initialized with port 0 (http)
2026-10-08T23:52:38.314+02:00  INFO 811983 --- [registration-backend] [           main] o.apache.catalina.core.StandardService   : Starting service [Tomcat]
2026-10-08T23:52:38.314+02:00  INFO 811983 --- [registration-backend] [           main] o.apache.catalina.core.StandardEngine    : Starting Servlet engine: [Apache Tomcat/11.0.26]
2026-10-08T23:52:38.330+02:00  INFO 811983 --- [registration-backend] [           main] b.w.c.s.WebApplicationContextInitializer : Root WebApplicationContext: initialization completed in 411 ms
2026-10-08T23:52:38.432+02:00  INFO 811983 --- [registration-backend] [           main] com.zaxxer.hikari.HikariDataSource       : HikariPool-2 - Starting...
2026-10-08T23:52:38.448+02:00  INFO 811983 --- [registration-backend] [           main] com.zaxxer.hikari.pool.HikariPool        : HikariPool-2 - Added connection org.postgresql.jdbc.PgConnection@7e6fbc5c
2026-10-08T23:52:38.449+02:00  INFO 811983 --- [registration-backend] [           main] com.zaxxer.hikari.HikariDataSource       : HikariPool-2 - Start completed.
2026-10-08T23:52:38.451+02:00  INFO 811983 --- [registration-backend] [           main] org.flywaydb.core.FlywayExecutor         : Database: jdbc:postgresql://localhost:46321/test?loggerLevel=OFF (PostgreSQL 16.15)
2026-10-08T23:52:38.480+02:00  INFO 811983 --- [registration-backend] [           main] o.f.core.internal.command.DbValidate     : Successfully validated 1 migration (execution time 00:00.011s)
2026-10-08T23:52:38.513+02:00  INFO 811983 --- [registration-backend] [           main] o.f.core.internal.command.DbMigrate      : Current version of schema "public": 1
2026-10-08T23:52:38.515+02:00  INFO 811983 --- [registration-backend] [           main] o.f.core.internal.command.DbMigrate      : Schema "public" is up to date. No migration necessary.
2026-10-08T23:52:38.539+02:00  INFO 811983 --- [registration-backend] [           main] org.hibernate.orm.jpa                    : HHH008540: Processing PersistenceUnitInfo [name: default]
2026-10-08T23:52:38.569+02:00  INFO 811983 --- [registration-backend] [           main] o.s.o.j.p.SpringPersistenceUnitInfo      : No LoadTimeWeaver setup: ignoring JPA class transformer
2026-10-08T23:52:38.581+02:00  INFO 811983 --- [registration-backend] [           main] org.hibernate.orm.connections.pooling    : HHH10001005: Database info:
	Database JDBC URL [jdbc:postgresql://localhost:46321/test?loggerLevel=OFF]
	Database driver: PostgreSQL JDBC Driver
	Database dialect: PostgreSQLDialect
	Database version: 16.15
	Default catalog/schema: test/public
	Autocommit mode: undefined/unknown
	Isolation level: READ_COMMITTED [default READ_COMMITTED]
	JDBC fetch size: none
	Pool: DataSourceConnectionProvider
	Minimum pool size: undefined/unknown
	Maximum pool size: undefined/unknown
2026-10-08T23:52:38.642+02:00  INFO 811983 --- [registration-backend] [           main] org.hibernate.orm.core                   : HHH000489: No JTA platform available (set 'hibernate.transaction.jta.platform' to enable JTA platform integration)
2026-10-08T23:52:38.670+02:00  INFO 811983 --- [registration-backend] [           main] j.LocalContainerEntityManagerFactoryBean : Initialized JPA EntityManagerFactory for persistence unit 'default'
2026-10-08T23:52:38.867+02:00  INFO 811983 --- [registration-backend] [           main] r$InitializeUserDetailsManagerConfigurer : Global AuthenticationManager configured with UserDetailsService bean with name organizers
2026-10-08T23:52:39.048+02:00  INFO 811983 --- [registration-backend] [           main] o.s.b.a.e.web.EndpointLinksResolver      : Exposing 1 endpoint beneath base path '/actuator'
2026-10-08T23:52:39.067+02:00  INFO 811983 --- [registration-backend] [           main] o.s.boot.tomcat.TomcatWebServer          : Tomcat started on port 37021 (http) with context path '/'
2026-10-08T23:52:39.072+02:00  INFO 811983 --- [registration-backend] [           main] o.a.maven.surefire.booter.ForkedBooter   : Started ForkedBooter in 1.192 seconds (process running for 21.081)
2026-10-08T23:52:39.077+02:00  INFO 811983 --- [registration-backend] [o-auto-2-exec-1] o.a.c.c.C.[Tomcat-1].[localhost].[/]     : Initializing Spring DispatcherServlet 'dispatcherServlet'
2026-10-08T23:52:39.077+02:00  INFO 811983 --- [registration-backend] [o-auto-2-exec-1] o.s.web.servlet.DispatcherServlet        : Initializing Servlet 'dispatcherServlet'
2026-10-08T23:52:39.079+02:00  INFO 811983 --- [registration-backend] [o-auto-2-exec-1] o.s.web.servlet.DispatcherServlet        : Completed initialization in 1 ms
2026-10-08T23:52:39.121+02:00  INFO 811983 --- [registration-backend] [o-auto-2-exec-1] s.k.r.service.RegistrationService        : Registration 8c708fee-e2f1-4cef-a9d4-00f558cf7d64 accepted
2026-10-08T23:52:39.131+02:00  INFO 811983 --- [registration-backend] [           main] o.s.boot.tomcat.GracefulShutdown         : Commencing graceful shutdown. Waiting for active requests to complete
2026-10-08T23:52:39.133+02:00  INFO 811983 --- [registration-backend] [tomcat-shutdown] o.s.boot.tomcat.GracefulShutdown         : Graceful shutdown complete
2026-10-08T23:52:39.141+02:00  INFO 811983 --- [registration-backend] [           main] j.LocalContainerEntityManagerFactoryBean : Closing JPA EntityManagerFactory for persistence unit 'default'
2026-10-08T23:52:39.144+02:00  INFO 811983 --- [registration-backend] [           main] com.zaxxer.hikari.HikariDataSource       : HikariPool-2 - Shutdown initiated...
2026-10-08T23:52:39.147+02:00  INFO 811983 --- [registration-backend] [           main] com.zaxxer.hikari.HikariDataSource       : HikariPool-2 - Shutdown completed.
2026-10-08T23:52:39.149+02:00  INFO 811983 --- [registration-backend] [           main] o.apache.catalina.core.StandardService   : Stopping service [Tomcat]
2026-10-08T23:52:39.151+02:00  INFO 811983 --- [registration-backend] [           main] o.a.c.c.C.[Tomcat-1].[localhost].[/]     : Destroying Spring FrameworkServlet 'dispatcherServlet'

  .   ____          _            __ _ _
 /\\ / ___'_ __ _ _(_)_ __  __ _ \ \ \ \
( ( )\___ | '_ | '_| | '_ \/ _` | \ \ \ \
 \\/  ___)| |_)| | | | | || (_| |  ) ) ) )
  '  |____| .__|_| |_|_| |_\__, | / / / /
 =========|_|==============|___/=/_/_/_/

 :: Spring Boot ::                (v4.1.1)

2026-10-08T23:52:39.197+02:00  INFO 811983 --- [registration-backend] [           main] o.a.maven.surefire.booter.ForkedBooter   : Starting ForkedBooter v3.5.6 using Java 21.0.12.1 with PID 811983 (started by tjan-kazar in /home/tjan-kazar/storage/Work/lab/agentic_lab/02_output/backend)
2026-10-08T23:52:39.197+02:00  INFO 811983 --- [registration-backend] [           main] o.a.maven.surefire.booter.ForkedBooter   : No active profile set, falling back to 1 default profile: "default"
2026-10-08T23:52:39.370+02:00  INFO 811983 --- [registration-backend] [           main] .s.d.r.c.RepositoryConfigurationDelegate : Bootstrapping Spring Data JPA repositories in DEFAULT mode.
2026-10-08T23:52:39.379+02:00  INFO 811983 --- [registration-backend] [           main] .s.d.r.c.RepositoryConfigurationDelegate : Finished Spring Data repository scanning in 7 ms. Found 1 JPA repository interface.
2026-10-08T23:52:39.495+02:00  INFO 811983 --- [registration-backend] [           main] o.s.boot.tomcat.TomcatWebServer          : Tomcat initialized with port 0 (http)
2026-10-08T23:52:39.497+02:00  INFO 811983 --- [registration-backend] [           main] o.apache.catalina.core.StandardService   : Starting service [Tomcat]
2026-10-08T23:52:39.497+02:00  INFO 811983 --- [registration-backend] [           main] o.apache.catalina.core.StandardEngine    : Starting Servlet engine: [Apache Tomcat/11.0.26]
2026-10-08T23:52:39.511+02:00  INFO 811983 --- [registration-backend] [           main] b.w.c.s.WebApplicationContextInitializer : Root WebApplicationContext: initialization completed in 311 ms
2026-10-08T23:52:39.600+02:00  INFO 811983 --- [registration-backend] [           main] com.zaxxer.hikari.HikariDataSource       : HikariPool-3 - Starting...
2026-10-08T23:52:39.615+02:00  INFO 811983 --- [registration-backend] [           main] com.zaxxer.hikari.pool.HikariPool        : HikariPool-3 - Added connection org.postgresql.jdbc.PgConnection@3a2ce01d
2026-10-08T23:52:39.616+02:00  INFO 811983 --- [registration-backend] [           main] com.zaxxer.hikari.HikariDataSource       : HikariPool-3 - Start completed.
2026-10-08T23:52:39.618+02:00  INFO 811983 --- [registration-backend] [           main] org.flywaydb.core.FlywayExecutor         : Database: jdbc:postgresql://localhost:46321/test?loggerLevel=OFF (PostgreSQL 16.15)
2026-10-08T23:52:39.643+02:00  INFO 811983 --- [registration-backend] [           main] o.f.core.internal.command.DbValidate     : Successfully validated 1 migration (execution time 00:00.009s)
2026-10-08T23:52:39.670+02:00  INFO 811983 --- [registration-backend] [           main] o.f.core.internal.command.DbMigrate      : Current version of schema "public": 1
2026-10-08T23:52:39.670+02:00  INFO 811983 --- [registration-backend] [           main] o.f.core.internal.command.DbMigrate      : Schema "public" is up to date. No migration necessary.
2026-10-08T23:52:39.689+02:00  INFO 811983 --- [registration-backend] [           main] org.hibernate.orm.jpa                    : HHH008540: Processing PersistenceUnitInfo [name: default]
2026-10-08T23:52:39.713+02:00  INFO 811983 --- [registration-backend] [           main] o.s.o.j.p.SpringPersistenceUnitInfo      : No LoadTimeWeaver setup: ignoring JPA class transformer
2026-10-08T23:52:39.725+02:00  INFO 811983 --- [registration-backend] [           main] org.hibernate.orm.connections.pooling    : HHH10001005: Database info:
	Database JDBC URL [jdbc:postgresql://localhost:46321/test?loggerLevel=OFF]
	Database driver: PostgreSQL JDBC Driver
	Database dialect: PostgreSQLDialect
	Database version: 16.15
	Default catalog/schema: test/public
	Autocommit mode: undefined/unknown
	Isolation level: READ_COMMITTED [default READ_COMMITTED]
	JDBC fetch size: none
	Pool: DataSourceConnectionProvider
	Minimum pool size: undefined/unknown
	Maximum pool size: undefined/unknown
2026-10-08T23:52:39.785+02:00  INFO 811983 --- [registration-backend] [           main] org.hibernate.orm.core                   : HHH000489: No JTA platform available (set 'hibernate.transaction.jta.platform' to enable JTA platform integration)
2026-10-08T23:52:39.810+02:00  INFO 811983 --- [registration-backend] [           main] j.LocalContainerEntityManagerFactoryBean : Initialized JPA EntityManagerFactory for persistence unit 'default'
2026-10-08T23:52:39.998+02:00  INFO 811983 --- [registration-backend] [           main] r$InitializeUserDetailsManagerConfigurer : Global AuthenticationManager configured with UserDetailsService bean with name organizers
2026-10-08T23:52:40.162+02:00  INFO 811983 --- [registration-backend] [           main] o.s.b.a.e.web.EndpointLinksResolver      : Exposing 1 endpoint beneath base path '/actuator'
2026-10-08T23:52:40.183+02:00  INFO 811983 --- [registration-backend] [           main] o.s.boot.tomcat.TomcatWebServer          : Tomcat started on port 42901 (http) with context path '/'
2026-10-08T23:52:40.189+02:00  INFO 811983 --- [registration-backend] [           main] o.a.maven.surefire.booter.ForkedBooter   : Started ForkedBooter in 1.026 seconds (process running for 22.198)
2026-10-08T23:52:40.194+02:00  INFO 811983 --- [registration-backend] [o-auto-3-exec-1] o.a.c.c.C.[Tomcat-1].[localhost].[/]     : Initializing Spring DispatcherServlet 'dispatcherServlet'
2026-10-08T23:52:40.194+02:00  INFO 811983 --- [registration-backend] [o-auto-3-exec-1] o.s.web.servlet.DispatcherServlet        : Initializing Servlet 'dispatcherServlet'
2026-10-08T23:52:40.196+02:00  INFO 811983 --- [registration-backend] [o-auto-3-exec-1] o.s.web.servlet.DispatcherServlet        : Completed initialization in 1 ms
2026-10-08T23:52:40.358+02:00  INFO 811983 --- [registration-backend] [           main] o.s.boot.tomcat.GracefulShutdown         : Commencing graceful shutdown. Waiting for active requests to complete
2026-10-08T23:52:40.359+02:00  INFO 811983 --- [registration-backend] [tomcat-shutdown] o.s.boot.tomcat.GracefulShutdown         : Graceful shutdown complete
2026-10-08T23:52:40.364+02:00  INFO 811983 --- [registration-backend] [           main] j.LocalContainerEntityManagerFactoryBean : Closing JPA EntityManagerFactory for persistence unit 'default'
2026-10-08T23:52:40.365+02:00  INFO 811983 --- [registration-backend] [           main] com.zaxxer.hikari.HikariDataSource       : HikariPool-3 - Shutdown initiated...
2026-10-08T23:52:40.366+02:00  INFO 811983 --- [registration-backend] [           main] com.zaxxer.hikari.HikariDataSource       : HikariPool-3 - Shutdown completed.
2026-10-08T23:52:40.368+02:00  INFO 811983 --- [registration-backend] [           main] o.apache.catalina.core.StandardService   : Stopping service [Tomcat]
2026-10-08T23:52:40.368+02:00  INFO 811983 --- [registration-backend] [           main] o.a.c.c.C.[Tomcat-1].[localhost].[/]     : Destroying Spring FrameworkServlet 'dispatcherServlet'

  .   ____          _            __ _ _
 /\\ / ___'_ __ _ _(_)_ __  __ _ \ \ \ \
( ( )\___ | '_ | '_| | '_ \/ _` | \ \ \ \
 \\/  ___)| |_)| | | | | || (_| |  ) ) ) )
  '  |____| .__|_| |_|_| |_\__, | / / / /
 =========|_|==============|___/=/_/_/_/

 :: Spring Boot ::                (v4.1.1)

2026-10-08T23:52:40.412+02:00  INFO 811983 --- [registration-backend] [           main] o.a.maven.surefire.booter.ForkedBooter   : Starting ForkedBooter v3.5.6 using Java 21.0.12.1 with PID 811983 (started by tjan-kazar in /home/tjan-kazar/storage/Work/lab/agentic_lab/02_output/backend)
2026-10-08T23:52:40.413+02:00  INFO 811983 --- [registration-backend] [           main] o.a.maven.surefire.booter.ForkedBooter   : No active profile set, falling back to 1 default profile: "default"
2026-10-08T23:52:40.560+02:00  INFO 811983 --- [registration-backend] [           main] .s.d.r.c.RepositoryConfigurationDelegate : Bootstrapping Spring Data JPA repositories in DEFAULT mode.
2026-10-08T23:52:40.567+02:00  INFO 811983 --- [registration-backend] [           main] .s.d.r.c.RepositoryConfigurationDelegate : Finished Spring Data repository scanning in 5 ms. Found 1 JPA repository interface.
2026-10-08T23:52:40.672+02:00  INFO 811983 --- [registration-backend] [           main] o.s.boot.tomcat.TomcatWebServer          : Tomcat initialized with port 0 (http)
2026-10-08T23:52:40.673+02:00  INFO 811983 --- [registration-backend] [           main] o.apache.catalina.core.StandardService   : Starting service [Tomcat]
2026-10-08T23:52:40.674+02:00  INFO 811983 --- [registration-backend] [           main] o.apache.catalina.core.StandardEngine    : Starting Servlet engine: [Apache Tomcat/11.0.26]
2026-10-08T23:52:40.684+02:00  INFO 811983 --- [registration-backend] [           main] b.w.c.s.WebApplicationContextInitializer : Root WebApplicationContext: initialization completed in 269 ms
2026-10-08T23:52:40.764+02:00  INFO 811983 --- [registration-backend] [           main] com.zaxxer.hikari.HikariDataSource       : HikariPool-4 - Starting...
2026-10-08T23:52:40.780+02:00  INFO 811983 --- [registration-backend] [           main] com.zaxxer.hikari.pool.HikariPool        : HikariPool-4 - Added connection org.postgresql.jdbc.PgConnection@2881f42c
2026-10-08T23:52:40.780+02:00  INFO 811983 --- [registration-backend] [           main] com.zaxxer.hikari.HikariDataSource       : HikariPool-4 - Start completed.
2026-10-08T23:52:40.783+02:00  INFO 811983 --- [registration-backend] [           main] org.flywaydb.core.FlywayExecutor         : Database: jdbc:postgresql://localhost:46321/test?loggerLevel=OFF (PostgreSQL 16.15)
2026-10-08T23:52:40.812+02:00  INFO 811983 --- [registration-backend] [           main] o.f.core.internal.command.DbValidate     : Successfully validated 1 migration (execution time 00:00.010s)
2026-10-08T23:52:40.842+02:00  INFO 811983 --- [registration-backend] [           main] o.f.core.internal.command.DbMigrate      : Current version of schema "public": 1
2026-10-08T23:52:40.844+02:00  INFO 811983 --- [registration-backend] [           main] o.f.core.internal.command.DbMigrate      : Schema "public" is up to date. No migration necessary.
2026-10-08T23:52:40.866+02:00  INFO 811983 --- [registration-backend] [           main] org.hibernate.orm.jpa                    : HHH008540: Processing PersistenceUnitInfo [name: default]
2026-10-08T23:52:40.899+02:00  INFO 811983 --- [registration-backend] [           main] o.s.o.j.p.SpringPersistenceUnitInfo      : No LoadTimeWeaver setup: ignoring JPA class transformer
2026-10-08T23:52:40.911+02:00  INFO 811983 --- [registration-backend] [           main] org.hibernate.orm.connections.pooling    : HHH10001005: Database info:
	Database JDBC URL [jdbc:postgresql://localhost:46321/test?loggerLevel=OFF]
	Database driver: PostgreSQL JDBC Driver
	Database dialect: PostgreSQLDialect
	Database version: 16.15
	Default catalog/schema: test/public
	Autocommit mode: undefined/unknown
	Isolation level: READ_COMMITTED [default READ_COMMITTED]
	JDBC fetch size: none
	Pool: DataSourceConnectionProvider
	Minimum pool size: undefined/unknown
	Maximum pool size: undefined/unknown
2026-10-08T23:52:40.966+02:00  INFO 811983 --- [registration-backend] [           main] org.hibernate.orm.core                   : HHH000489: No JTA platform available (set 'hibernate.transaction.jta.platform' to enable JTA platform integration)
2026-10-08T23:52:40.990+02:00  INFO 811983 --- [registration-backend] [           main] j.LocalContainerEntityManagerFactoryBean : Initialized JPA EntityManagerFactory for persistence unit 'default'
2026-10-08T23:52:41.164+02:00  INFO 811983 --- [registration-backend] [           main] r$InitializeUserDetailsManagerConfigurer : Global AuthenticationManager configured with UserDetailsService bean with name organizers
2026-10-08T23:52:41.318+02:00  INFO 811983 --- [registration-backend] [           main] o.s.b.a.e.web.EndpointLinksResolver      : Exposing 1 endpoint beneath base path '/actuator'
2026-10-08T23:52:41.335+02:00  INFO 811983 --- [registration-backend] [           main] o.s.boot.tomcat.TomcatWebServer          : Tomcat started on port 44163 (http) with context path '/'
2026-10-08T23:52:41.338+02:00  INFO 811983 --- [registration-backend] [           main] o.a.maven.surefire.booter.ForkedBooter   : Started ForkedBooter in 0.954 seconds (process running for 23.346)
2026-10-08T23:52:41.359+02:00  INFO 811983 --- [registration-backend] [o-auto-4-exec-1] o.a.c.c.C.[Tomcat-1].[localhost].[/]     : Initializing Spring DispatcherServlet 'dispatcherServlet'
2026-10-08T23:52:41.359+02:00  INFO 811983 --- [registration-backend] [o-auto-4-exec-1] o.s.web.servlet.DispatcherServlet        : Initializing Servlet 'dispatcherServlet'
2026-10-08T23:52:41.361+02:00  INFO 811983 --- [registration-backend] [o-auto-4-exec-1] o.s.web.servlet.DispatcherServlet        : Completed initialization in 1 ms
2026-10-08T23:52:41.392+02:00 ERROR 811983 --- [registration-backend] [o-auto-4-exec-1] s.k.r.service.RegistrationService        : Registration 688f0323-b811-4b5c-9c4b-f7337a30b27e could not be stored: java.io.UncheckedIOException
2026-10-08T23:52:41.392+02:00 ERROR 811983 --- [registration-backend] [o-auto-4-exec-1] s.k.r.service.RegistrationService        : JSON copy of registration 688f0323-b811-4b5c-9c4b-f7337a30b27e could not be removed
2026-10-08T23:52:41.434+02:00  INFO 811983 --- [registration-backend] [           main] o.s.boot.tomcat.GracefulShutdown         : Commencing graceful shutdown. Waiting for active requests to complete
2026-10-08T23:52:41.435+02:00  INFO 811983 --- [registration-backend] [tomcat-shutdown] o.s.boot.tomcat.GracefulShutdown         : Graceful shutdown complete
2026-10-08T23:52:41.438+02:00  INFO 811983 --- [registration-backend] [           main] j.LocalContainerEntityManagerFactoryBean : Closing JPA EntityManagerFactory for persistence unit 'default'
2026-10-08T23:52:41.438+02:00  INFO 811983 --- [registration-backend] [           main] com.zaxxer.hikari.HikariDataSource       : HikariPool-4 - Shutdown initiated...
2026-10-08T23:52:41.439+02:00  INFO 811983 --- [registration-backend] [           main] com.zaxxer.hikari.HikariDataSource       : HikariPool-4 - Shutdown completed.
2026-10-08T23:52:41.441+02:00  INFO 811983 --- [registration-backend] [           main] o.apache.catalina.core.StandardService   : Stopping service [Tomcat]
2026-10-08T23:52:41.441+02:00  INFO 811983 --- [registration-backend] [           main] o.a.c.c.C.[Tomcat-1].[localhost].[/]     : Destroying Spring FrameworkServlet 'dispatcherServlet'

  .   ____          _            __ _ _
 /\\ / ___'_ __ _ _(_)_ __  __ _ \ \ \ \
( ( )\___ | '_ | '_| | '_ \/ _` | \ \ \ \
 \\/  ___)| |_)| | | | | || (_| |  ) ) ) )
  '  |____| .__|_| |_|_| |_\__, | / / / /
 =========|_|==============|___/=/_/_/_/

 :: Spring Boot ::                (v4.1.1)

2026-10-08T23:52:41.538+02:00  INFO 811983 --- [registration-backend] [           main] o.a.maven.surefire.booter.ForkedBooter   : Starting ForkedBooter v3.5.6 using Java 21.0.12.1 with PID 811983 (started by tjan-kazar in /home/tjan-kazar/storage/Work/lab/agentic_lab/02_output/backend)
2026-10-08T23:52:41.538+02:00  INFO 811983 --- [registration-backend] [           main] o.a.maven.surefire.booter.ForkedBooter   : No active profile set, falling back to 1 default profile: "default"
2026-10-08T23:52:41.684+02:00  INFO 811983 --- [registration-backend] [           main] .s.d.r.c.RepositoryConfigurationDelegate : Bootstrapping Spring Data JPA repositories in DEFAULT mode.
2026-10-08T23:52:41.691+02:00  INFO 811983 --- [registration-backend] [           main] .s.d.r.c.RepositoryConfigurationDelegate : Finished Spring Data repository scanning in 5 ms. Found 1 JPA repository interface.
2026-10-08T23:52:41.792+02:00  INFO 811983 --- [registration-backend] [           main] o.s.boot.tomcat.TomcatWebServer          : Tomcat initialized with port 0 (http)
2026-10-08T23:52:41.794+02:00  INFO 811983 --- [registration-backend] [           main] o.apache.catalina.core.StandardService   : Starting service [Tomcat]
2026-10-08T23:52:41.794+02:00  INFO 811983 --- [registration-backend] [           main] o.apache.catalina.core.StandardEngine    : Starting Servlet engine: [Apache Tomcat/11.0.26]
2026-10-08T23:52:41.803+02:00  INFO 811983 --- [registration-backend] [           main] b.w.c.s.WebApplicationContextInitializer : Root WebApplicationContext: initialization completed in 263 ms
2026-10-08T23:52:41.877+02:00  INFO 811983 --- [registration-backend] [           main] com.zaxxer.hikari.HikariDataSource       : HikariPool-5 - Starting...
2026-10-08T23:52:41.897+02:00  INFO 811983 --- [registration-backend] [           main] com.zaxxer.hikari.pool.HikariPool        : HikariPool-5 - Added connection org.postgresql.jdbc.PgConnection@4697ab27
2026-10-08T23:52:41.897+02:00  INFO 811983 --- [registration-backend] [           main] com.zaxxer.hikari.HikariDataSource       : HikariPool-5 - Start completed.
2026-10-08T23:52:41.899+02:00  INFO 811983 --- [registration-backend] [           main] org.flywaydb.core.FlywayExecutor         : Database: jdbc:postgresql://localhost:46321/test?loggerLevel=OFF (PostgreSQL 16.15)
2026-10-08T23:52:41.928+02:00  INFO 811983 --- [registration-backend] [           main] o.f.core.internal.command.DbValidate     : Successfully validated 1 migration (execution time 00:00.010s)
2026-10-08T23:52:41.962+02:00  INFO 811983 --- [registration-backend] [           main] o.f.core.internal.command.DbMigrate      : Current version of schema "public": 1
2026-10-08T23:52:41.964+02:00  INFO 811983 --- [registration-backend] [           main] o.f.core.internal.command.DbMigrate      : Schema "public" is up to date. No migration necessary.
2026-10-08T23:52:41.988+02:00  INFO 811983 --- [registration-backend] [           main] org.hibernate.orm.jpa                    : HHH008540: Processing PersistenceUnitInfo [name: default]
2026-10-08T23:52:42.011+02:00  INFO 811983 --- [registration-backend] [           main] o.s.o.j.p.SpringPersistenceUnitInfo      : No LoadTimeWeaver setup: ignoring JPA class transformer
2026-10-08T23:52:42.023+02:00  INFO 811983 --- [registration-backend] [           main] org.hibernate.orm.connections.pooling    : HHH10001005: Database info:
	Database JDBC URL [jdbc:postgresql://localhost:46321/test?loggerLevel=OFF]
	Database driver: PostgreSQL JDBC Driver
	Database dialect: PostgreSQLDialect
	Database version: 16.15
	Default catalog/schema: test/public
	Autocommit mode: undefined/unknown
	Isolation level: READ_COMMITTED [default READ_COMMITTED]
	JDBC fetch size: none
	Pool: DataSourceConnectionProvider
	Minimum pool size: undefined/unknown
	Maximum pool size: undefined/unknown
2026-10-08T23:52:42.071+02:00  INFO 811983 --- [registration-backend] [           main] org.hibernate.orm.core                   : HHH000489: No JTA platform available (set 'hibernate.transaction.jta.platform' to enable JTA platform integration)
2026-10-08T23:52:42.094+02:00  INFO 811983 --- [registration-backend] [           main] j.LocalContainerEntityManagerFactoryBean : Initialized JPA EntityManagerFactory for persistence unit 'default'
2026-10-08T23:52:42.266+02:00  INFO 811983 --- [registration-backend] [           main] r$InitializeUserDetailsManagerConfigurer : Global AuthenticationManager configured with UserDetailsService bean with name organizers
2026-10-08T23:52:42.421+02:00  INFO 811983 --- [registration-backend] [           main] o.s.b.a.e.web.EndpointLinksResolver      : Exposing 1 endpoint beneath base path '/actuator'
2026-10-08T23:52:42.436+02:00  INFO 811983 --- [registration-backend] [           main] o.s.boot.tomcat.TomcatWebServer          : Tomcat started on port 32865 (http) with context path '/'
2026-10-08T23:52:42.439+02:00  INFO 811983 --- [registration-backend] [           main] o.a.maven.surefire.booter.ForkedBooter   : Started ForkedBooter in 0.927 seconds (process running for 24.448)
2026-10-08T23:53:12.559+02:00  INFO 811983 --- [registration-backend] [           main] o.s.boot.tomcat.GracefulShutdown         : Commencing graceful shutdown. Waiting for active requests to complete
2026-10-08T23:53:12.560+02:00  INFO 811983 --- [registration-backend] [tomcat-shutdown] o.s.boot.tomcat.GracefulShutdown         : Graceful shutdown complete
2026-10-08T23:53:12.566+02:00  INFO 811983 --- [registration-backend] [           main] j.LocalContainerEntityManagerFactoryBean : Closing JPA EntityManagerFactory for persistence unit 'default'
2026-10-08T23:53:12.567+02:00  INFO 811983 --- [registration-backend] [           main] com.zaxxer.hikari.HikariDataSource       : HikariPool-5 - Shutdown initiated...
2026-10-08T23:53:12.568+02:00  INFO 811983 --- [registration-backend] [           main] com.zaxxer.hikari.HikariDataSource       : HikariPool-5 - Shutdown completed.
2026-10-08T23:53:12.572+02:00  INFO 811983 --- [registration-backend] [           main] o.apache.catalina.core.StandardService   : Stopping service [Tomcat]
2026-10-08T23:53:12.622+02:00  INFO 811983 --- [registration-backend] [o-auto-1-exec-5] s.k.r.service.RegistrationService        : Registration 52140550-b7d2-4003-a820-5aa476da6472 accepted
2026-10-08T23:53:12.685+02:00  INFO 811983 --- [registration-backend] [o-auto-1-exec-6] s.k.r.service.RegistrationService        : Registration 08cedf5c-ba43-448f-9043-519ec61043f7 accepted
[ERROR] Tests run: 5, Failures: 1, Errors: 1, Skipped: 0, Time elapsed: 34.90 s <<< FAILURE! -- in si.konferenca.registration.acceptance.Us005StorageAcceptanceTest
[ERROR] si.konferenca.registration.acceptance.Us005StorageAcceptanceTest.ac005_04_registrationsSurviveRestart -- Time elapsed: 2.498 s <<< FAILURE!
org.opentest4j.AssertionFailedError: 
[HTTP 404 application/problem+json {"instance":"/api/export","status":404,"title":"Not Found","type":"about:blank"}] 
expected: 200
 but was: 404
	at si.konferenca.registration.acceptance.Us005StorageAcceptanceTest.ac005_04_registrationsSurviveRestart(Us005StorageAcceptanceTest.java:129)

[ERROR] si.konferenca.registration.acceptance.Us005StorageAcceptanceTest.ac005_05_expiredRegistrationsAreDeleted -- Time elapsed: 31.13 s <<< ERROR!
org.awaitility.core.ConditionTimeoutException: 
Assertion condition defined as a Lambda expression in si.konferenca.registration.acceptance.Us005StorageAcceptanceTest 
Expecting an empty Optional but was containing value: {"email"="old-2cc5bdff-9ba@example.si", "email_normalized"="old-2cc5bdff-9ba@example.si", "first_name"="Old", "id"=232f01ad-317a-4029-9cd3-2a5b967f461e, "last_name"="Entry", "organization"="Org", "received_at"=2025-09-03T23:52:41.449 (java.sql.Timestamp), "student_id"=null, "study_institution"=null, "study_programme"=null, "type"="EXTERNAL"} within 30 seconds.
	at org.awaitility.core.ConditionAwaiter.await(ConditionAwaiter.java:167)
	at org.awaitility.core.AssertionCondition.await(AssertionCondition.java:119)
	at org.awaitility.core.AssertionCondition.await(AssertionCondition.java:31)
	at org.awaitility.core.ConditionFactory.until(ConditionFactory.java:1160)
	at org.awaitility.core.ConditionFactory.untilAsserted(ConditionFactory.java:790)
	at si.konferenca.registration.acceptance.Us005StorageAcceptanceTest.ac005_05_expiredRegistrationsAreDeleted(Us005StorageAcceptanceTest.java:158)
Caused by: java.lang.AssertionError: 
Expecting an empty Optional but was containing value: {"email"="old-2cc5bdff-9ba@example.si", "email_normalized"="old-2cc5bdff-9ba@example.si", "first_name"="Old", "id"=232f01ad-317a-4029-9cd3-2a5b967f461e, "last_name"="Entry", "organization"="Org", "received_at"=2025-09-03T23:52:41.449 (java.sql.Timestamp), "student_id"=null, "study_institution"=null, "study_programme"=null, "type"="EXTERNAL"}
	at si.konferenca.registration.acceptance.Us005StorageAcceptanceTest.lambda$ac005_05_expiredRegistrationsAreDeleted$2(Us005StorageAcceptanceTest.java:160)

[INFO] Running si.konferenca.registration.acceptance.Us001ExternalRegistrationAcceptanceTest
2026-10-08T23:53:13.081+02:00  INFO 811983 --- [registration-backend] [o-auto-1-exec-3] s.k.r.service.RegistrationService        : Registration c448b250-b838-4f97-b61f-4fc027e625e8 accepted
2026-10-08T23:53:13.225+02:00  INFO 811983 --- [registration-backend] [o-auto-1-exec-7] s.k.r.service.RegistrationService        : Registration ba11e0f2-6968-4438-bbe4-bea650041106 accepted
2026-10-08T23:53:13.329+02:00  INFO 811983 --- [registration-backend] [o-auto-1-exec-9] s.k.r.service.RegistrationService        : Registration a1b7a7a3-758c-43fe-9f37-8877461ff901 accepted
2026-10-08T23:53:13.728+02:00  INFO 811983 --- [registration-backend] [o-auto-1-exec-6] s.k.r.service.RegistrationService        : Registration 19474bbb-ce22-4fa9-bd75-5a3c8bfdf2de accepted
2026-10-08T23:53:13.923+02:00  INFO 811983 --- [registration-backend] [o-auto-1-exec-2] s.k.r.service.RegistrationService        : Registration a66b8e43-d051-44a3-b593-f29f70d0200b accepted
[INFO] Tests run: 32, Failures: 0, Errors: 0, Skipped: 0, Time elapsed: 1.395 s -- in si.konferenca.registration.acceptance.Us001ExternalRegistrationAcceptanceTest
[INFO] Running si.konferenca.registration.acceptance.Us002StudentRegistrationAcceptanceTest
2026-10-08T23:53:14.352+02:00  INFO 811983 --- [registration-backend] [o-auto-1-exec-4] s.k.r.service.RegistrationService        : Registration b3d64312-89eb-4417-8492-aa02009bf6cb accepted
2026-10-08T23:53:14.828+02:00  INFO 811983 --- [registration-backend] [o-auto-1-exec-8] s.k.r.service.RegistrationService        : Registration e3c783f2-ed8d-4246-b1a5-5159eac3ef8f accepted
[INFO] Tests run: 21, Failures: 0, Errors: 0, Skipped: 0, Time elapsed: 0.735 s -- in si.konferenca.registration.acceptance.Us002StudentRegistrationAcceptanceTest
[INFO] Running si.konferenca.registration.acceptance.Us003ConfigurableOptionsAcceptanceTest

  .   ____          _            __ _ _
 /\\ / ___'_ __ _ _(_)_ __  __ _ \ \ \ \
( ( )\___ | '_ | '_| | '_ \/ _` | \ \ \ \
 \\/  ___)| |_)| | | | | || (_| |  ) ) ) )
  '  |____| .__|_| |_|_| |_\__, | / / / /
 =========|_|==============|___/=/_/_/_/

 :: Spring Boot ::                (v4.1.1)

2026-10-08T23:53:14.941+02:00  INFO 811983 --- [registration-backend] [           main] o.a.maven.surefire.booter.ForkedBooter   : Starting ForkedBooter v3.5.6 using Java 21.0.12.1 with PID 811983 (started by tjan-kazar in /home/tjan-kazar/storage/Work/lab/agentic_lab/02_output/backend)
2026-10-08T23:53:14.941+02:00  INFO 811983 --- [registration-backend] [           main] o.a.maven.surefire.booter.ForkedBooter   : No active profile set, falling back to 1 default profile: "default"
2026-10-08T23:53:15.065+02:00  INFO 811983 --- [registration-backend] [           main] .s.d.r.c.RepositoryConfigurationDelegate : Bootstrapping Spring Data JPA repositories in DEFAULT mode.
2026-10-08T23:53:15.071+02:00  INFO 811983 --- [registration-backend] [           main] .s.d.r.c.RepositoryConfigurationDelegate : Finished Spring Data repository scanning in 4 ms. Found 1 JPA repository interface.
2026-10-08T23:53:15.156+02:00  INFO 811983 --- [registration-backend] [           main] o.s.boot.tomcat.TomcatWebServer          : Tomcat initialized with port 0 (http)
2026-10-08T23:53:15.157+02:00  INFO 811983 --- [registration-backend] [           main] o.apache.catalina.core.StandardService   : Starting service [Tomcat]
2026-10-08T23:53:15.158+02:00  INFO 811983 --- [registration-backend] [           main] o.apache.catalina.core.StandardEngine    : Starting Servlet engine: [Apache Tomcat/11.0.26]
2026-10-08T23:53:15.168+02:00  INFO 811983 --- [registration-backend] [           main] b.w.c.s.WebApplicationContextInitializer : Root WebApplicationContext: initialization completed in 225 ms
2026-10-08T23:53:15.237+02:00  INFO 811983 --- [registration-backend] [           main] com.zaxxer.hikari.HikariDataSource       : HikariPool-6 - Starting...
2026-10-08T23:53:15.250+02:00  INFO 811983 --- [registration-backend] [           main] com.zaxxer.hikari.pool.HikariPool        : HikariPool-6 - Added connection org.postgresql.jdbc.PgConnection@4c673422
2026-10-08T23:53:15.251+02:00  INFO 811983 --- [registration-backend] [           main] com.zaxxer.hikari.HikariDataSource       : HikariPool-6 - Start completed.
2026-10-08T23:53:15.252+02:00  INFO 811983 --- [registration-backend] [           main] org.flywaydb.core.FlywayExecutor         : Database: jdbc:postgresql://localhost:46321/test?loggerLevel=OFF (PostgreSQL 16.15)
2026-10-08T23:53:15.277+02:00  INFO 811983 --- [registration-backend] [           main] o.f.core.internal.command.DbValidate     : Successfully validated 1 migration (execution time 00:00.009s)
2026-10-08T23:53:15.300+02:00  INFO 811983 --- [registration-backend] [           main] o.f.core.internal.command.DbMigrate      : Current version of schema "public": 1
2026-10-08T23:53:15.300+02:00  INFO 811983 --- [registration-backend] [           main] o.f.core.internal.command.DbMigrate      : Schema "public" is up to date. No migration necessary.
2026-10-08T23:53:15.315+02:00  INFO 811983 --- [registration-backend] [           main] org.hibernate.orm.jpa                    : HHH008540: Processing PersistenceUnitInfo [name: default]
2026-10-08T23:53:15.335+02:00  INFO 811983 --- [registration-backend] [           main] o.s.o.j.p.SpringPersistenceUnitInfo      : No LoadTimeWeaver setup: ignoring JPA class transformer
2026-10-08T23:53:15.344+02:00  INFO 811983 --- [registration-backend] [           main] org.hibernate.orm.connections.pooling    : HHH10001005: Database info:
	Database JDBC URL [jdbc:postgresql://localhost:46321/test?loggerLevel=OFF]
	Database driver: PostgreSQL JDBC Driver
	Database dialect: PostgreSQLDialect
	Database version: 16.15
	Default catalog/schema: test/public
	Autocommit mode: undefined/unknown
	Isolation level: READ_COMMITTED [default READ_COMMITTED]
	JDBC fetch size: none
	Pool: DataSourceConnectionProvider
	Minimum pool size: undefined/unknown
	Maximum pool size: undefined/unknown
2026-10-08T23:53:15.391+02:00  INFO 811983 --- [registration-backend] [           main] org.hibernate.orm.core                   : HHH000489: No JTA platform available (set 'hibernate.transaction.jta.platform' to enable JTA platform integration)
2026-10-08T23:53:15.411+02:00  INFO 811983 --- [registration-backend] [           main] j.LocalContainerEntityManagerFactoryBean : Initialized JPA EntityManagerFactory for persistence unit 'default'
2026-10-08T23:53:15.564+02:00  INFO 811983 --- [registration-backend] [           main] r$InitializeUserDetailsManagerConfigurer : Global AuthenticationManager configured with UserDetailsService bean with name organizers
2026-10-08T23:53:15.732+02:00  INFO 811983 --- [registration-backend] [           main] o.s.b.a.e.web.EndpointLinksResolver      : Exposing 1 endpoint beneath base path '/actuator'
2026-10-08T23:53:15.751+02:00  INFO 811983 --- [registration-backend] [           main] o.s.boot.tomcat.TomcatWebServer          : Tomcat started on port 44463 (http) with context path '/'
2026-10-08T23:53:15.755+02:00  INFO 811983 --- [registration-backend] [           main] o.a.maven.surefire.booter.ForkedBooter   : Started ForkedBooter in 0.839 seconds (process running for 57.764)
2026-10-08T23:53:15.758+02:00  INFO 811983 --- [registration-backend] [o-auto-6-exec-1] o.a.c.c.C.[Tomcat-1].[localhost].[/]     : Initializing Spring DispatcherServlet 'dispatcherServlet'
2026-10-08T23:53:15.759+02:00  INFO 811983 --- [registration-backend] [o-auto-6-exec-1] o.s.web.servlet.DispatcherServlet        : Initializing Servlet 'dispatcherServlet'
2026-10-08T23:53:15.760+02:00  INFO 811983 --- [registration-backend] [o-auto-6-exec-1] o.s.web.servlet.DispatcherServlet        : Completed initialization in 1 ms
2026-10-08T23:53:15.809+02:00  INFO 811983 --- [registration-backend] [o-auto-6-exec-3] s.k.r.service.RegistrationService        : Registration 0313c002-1540-4fc5-b276-1e26df99d6cc accepted
2026-10-08T23:53:15.813+02:00  INFO 811983 --- [registration-backend] [           main] o.s.boot.tomcat.GracefulShutdown         : Commencing graceful shutdown. Waiting for active requests to complete
2026-10-08T23:53:15.814+02:00  INFO 811983 --- [registration-backend] [tomcat-shutdown] o.s.boot.tomcat.GracefulShutdown         : Graceful shutdown complete
2026-10-08T23:53:15.818+02:00  INFO 811983 --- [registration-backend] [           main] j.LocalContainerEntityManagerFactoryBean : Closing JPA EntityManagerFactory for persistence unit 'default'
2026-10-08T23:53:15.818+02:00  INFO 811983 --- [registration-backend] [           main] com.zaxxer.hikari.HikariDataSource       : HikariPool-6 - Shutdown initiated...
2026-10-08T23:53:15.819+02:00  INFO 811983 --- [registration-backend] [           main] com.zaxxer.hikari.HikariDataSource       : HikariPool-6 - Shutdown completed.
2026-10-08T23:53:15.821+02:00  INFO 811983 --- [registration-backend] [           main] o.apache.catalina.core.StandardService   : Stopping service [Tomcat]
2026-10-08T23:53:15.821+02:00  INFO 811983 --- [registration-backend] [           main] o.a.c.c.C.[Tomcat-1].[localhost].[/]     : Destroying Spring FrameworkServlet 'dispatcherServlet'

  .   ____          _            __ _ _
 /\\ / ___'_ __ _ _(_)_ __  __ _ \ \ \ \
( ( )\___ | '_ | '_| | '_ \/ _` | \ \ \ \
 \\/  ___)| |_)| | | | | || (_| |  ) ) ) )
  '  |____| .__|_| |_|_| |_\__, | / / / /
 =========|_|==============|___/=/_/_/_/

 :: Spring Boot ::                (v4.1.1)

2026-10-08T23:53:15.854+02:00  INFO 811983 --- [registration-backend] [           main] o.a.maven.surefire.booter.ForkedBooter   : Starting ForkedBooter v3.5.6 using Java 21.0.12.1 with PID 811983 (started by tjan-kazar in /home/tjan-kazar/storage/Work/lab/agentic_lab/02_output/backend)
2026-10-08T23:53:15.855+02:00  INFO 811983 --- [registration-backend] [           main] o.a.maven.surefire.booter.ForkedBooter   : No active profile set, falling back to 1 default profile: "default"
2026-10-08T23:53:16.002+02:00  INFO 811983 --- [registration-backend] [           main] .s.d.r.c.RepositoryConfigurationDelegate : Bootstrapping Spring Data JPA repositories in DEFAULT mode.
2026-10-08T23:53:16.009+02:00  INFO 811983 --- [registration-backend] [           main] .s.d.r.c.RepositoryConfigurationDelegate : Finished Spring Data repository scanning in 5 ms. Found 1 JPA repository interface.
2026-10-08T23:53:16.091+02:00  INFO 811983 --- [registration-backend] [           main] o.s.boot.tomcat.TomcatWebServer          : Tomcat initialized with port 0 (http)
2026-10-08T23:53:16.092+02:00  INFO 811983 --- [registration-backend] [           main] o.apache.catalina.core.StandardService   : Starting service [Tomcat]
2026-10-08T23:53:16.093+02:00  INFO 811983 --- [registration-backend] [           main] o.apache.catalina.core.StandardEngine    : Starting Servlet engine: [Apache Tomcat/11.0.26]
2026-10-08T23:53:16.101+02:00  INFO 811983 --- [registration-backend] [           main] b.w.c.s.WebApplicationContextInitializer : Root WebApplicationContext: initialization completed in 245 ms
2026-10-08T23:53:16.168+02:00  INFO 811983 --- [registration-backend] [           main] com.zaxxer.hikari.HikariDataSource       : HikariPool-7 - Starting...
2026-10-08T23:53:16.183+02:00  INFO 811983 --- [registration-backend] [           main] com.zaxxer.hikari.pool.HikariPool        : HikariPool-7 - Added connection org.postgresql.jdbc.PgConnection@f96e33f
2026-10-08T23:53:16.183+02:00  INFO 811983 --- [registration-backend] [           main] com.zaxxer.hikari.HikariDataSource       : HikariPool-7 - Start completed.
2026-10-08T23:53:16.185+02:00  INFO 811983 --- [registration-backend] [           main] org.flywaydb.core.FlywayExecutor         : Database: jdbc:postgresql://localhost:46321/test?loggerLevel=OFF (PostgreSQL 16.15)
2026-10-08T23:53:16.209+02:00  INFO 811983 --- [registration-backend] [           main] o.f.core.internal.command.DbValidate     : Successfully validated 1 migration (execution time 00:00.008s)
2026-10-08T23:53:16.236+02:00  INFO 811983 --- [registration-backend] [           main] o.f.core.internal.command.DbMigrate      : Current version of schema "public": 1
2026-10-08T23:53:16.237+02:00  INFO 811983 --- [registration-backend] [           main] o.f.core.internal.command.DbMigrate      : Schema "public" is up to date. No migration necessary.
2026-10-08T23:53:16.252+02:00  INFO 811983 --- [registration-backend] [           main] org.hibernate.orm.jpa                    : HHH008540: Processing PersistenceUnitInfo [name: default]
2026-10-08T23:53:16.274+02:00  INFO 811983 --- [registration-backend] [           main] o.s.o.j.p.SpringPersistenceUnitInfo      : No LoadTimeWeaver setup: ignoring JPA class transformer
2026-10-08T23:53:16.284+02:00  INFO 811983 --- [registration-backend] [           main] org.hibernate.orm.connections.pooling    : HHH10001005: Database info:
	Database JDBC URL [jdbc:postgresql://localhost:46321/test?loggerLevel=OFF]
	Database driver: PostgreSQL JDBC Driver
	Database dialect: PostgreSQLDialect
	Database version: 16.15
	Default catalog/schema: test/public
	Autocommit mode: undefined/unknown
	Isolation level: READ_COMMITTED [default READ_COMMITTED]
	JDBC fetch size: none
	Pool: DataSourceConnectionProvider
	Minimum pool size: undefined/unknown
	Maximum pool size: undefined/unknown
2026-10-08T23:53:16.326+02:00  INFO 811983 --- [registration-backend] [           main] org.hibernate.orm.core                   : HHH000489: No JTA platform available (set 'hibernate.transaction.jta.platform' to enable JTA platform integration)
2026-10-08T23:53:16.349+02:00  INFO 811983 --- [registration-backend] [           main] j.LocalContainerEntityManagerFactoryBean : Initialized JPA EntityManagerFactory for persistence unit 'default'
2026-10-08T23:53:16.492+02:00  INFO 811983 --- [registration-backend] [           main] r$InitializeUserDetailsManagerConfigurer : Global AuthenticationManager configured with UserDetailsService bean with name organizers
2026-10-08T23:53:16.627+02:00  INFO 811983 --- [registration-backend] [           main] o.s.b.a.e.web.EndpointLinksResolver      : Exposing 1 endpoint beneath base path '/actuator'
2026-10-08T23:53:16.642+02:00  INFO 811983 --- [registration-backend] [           main] o.s.boot.tomcat.TomcatWebServer          : Tomcat started on port 38491 (http) with context path '/'
2026-10-08T23:53:16.645+02:00  INFO 811983 --- [registration-backend] [           main] o.a.maven.surefire.booter.ForkedBooter   : Started ForkedBooter in 0.817 seconds (process running for 58.653)
2026-10-08T23:53:16.648+02:00  INFO 811983 --- [registration-backend] [o-auto-7-exec-1] o.a.c.c.C.[Tomcat-1].[localhost].[/]     : Initializing Spring DispatcherServlet 'dispatcherServlet'
2026-10-08T23:53:16.648+02:00  INFO 811983 --- [registration-backend] [o-auto-7-exec-1] o.s.web.servlet.DispatcherServlet        : Initializing Servlet 'dispatcherServlet'
2026-10-08T23:53:16.649+02:00  INFO 811983 --- [registration-backend] [o-auto-7-exec-1] o.s.web.servlet.DispatcherServlet        : Completed initialization in 1 ms
2026-10-08T23:53:16.692+02:00  INFO 811983 --- [registration-backend] [o-auto-7-exec-2] s.k.r.service.RegistrationService        : Registration 7ab04e70-16fa-4a9b-b524-5fc0c959c74e accepted
2026-10-08T23:53:16.702+02:00  INFO 811983 --- [registration-backend] [           main] o.s.boot.tomcat.GracefulShutdown         : Commencing graceful shutdown. Waiting for active requests to complete
2026-10-08T23:53:16.703+02:00  INFO 811983 --- [registration-backend] [tomcat-shutdown] o.s.boot.tomcat.GracefulShutdown         : Graceful shutdown complete
2026-10-08T23:53:16.705+02:00  INFO 811983 --- [registration-backend] [           main] j.LocalContainerEntityManagerFactoryBean : Closing JPA EntityManagerFactory for persistence unit 'default'
2026-10-08T23:53:16.706+02:00  INFO 811983 --- [registration-backend] [           main] com.zaxxer.hikari.HikariDataSource       : HikariPool-7 - Shutdown initiated...
2026-10-08T23:53:16.707+02:00  INFO 811983 --- [registration-backend] [           main] com.zaxxer.hikari.HikariDataSource       : HikariPool-7 - Shutdown completed.
2026-10-08T23:53:16.708+02:00  INFO 811983 --- [registration-backend] [           main] o.apache.catalina.core.StandardService   : Stopping service [Tomcat]
2026-10-08T23:53:16.709+02:00  INFO 811983 --- [registration-backend] [           main] o.a.c.c.C.[Tomcat-1].[localhost].[/]     : Destroying Spring FrameworkServlet 'dispatcherServlet'
[INFO] Tests run: 3, Failures: 0, Errors: 0, Skipped: 0, Time elapsed: 1.815 s -- in si.konferenca.registration.acceptance.Us003ConfigurableOptionsAcceptanceTest
[INFO] 
[INFO] Results:
[INFO] 
[ERROR] Failures: 
[ERROR]   Us005StorageAcceptanceTest.ac005_04_registrationsSurviveRestart:129 [HTTP 404 application/problem+json {"instance":"/api/export","status":404,"title":"Not Found","type":"about:blank"}] 
expected: 200
 but was: 404
[ERROR] Errors: 
[ERROR]   Us005StorageAcceptanceTest.ac005_05_expiredRegistrationsAreDeleted:158 » ConditionTimeout Assertion condition defined as a Lambda expression in si.konferenca.registration.acceptance.Us005StorageAcceptanceTest 
Expecting an empty Optional but was containing value: {"email"="old-2cc5bdff-9ba@example.si", "email_normalized"="old-2cc5bdff-9ba@example.si", "first_name"="Old", "id"=232f01ad-317a-4029-9cd3-2a5b967f461e, "last_name"="Entry", "organization"="Org", "received_at"=2025-09-03T23:52:41.449 (java.sql.Timestamp), "student_id"=null, "study_institution"=null, "study_programme"=null, "type"="EXTERNAL"} within 30 seconds.
[INFO] 
[ERROR] Tests run: 63, Failures: 1, Errors: 1, Skipped: 0
[INFO] 
[INFO] ------------------------------------------------------------------------
[INFO] BUILD FAILURE
[INFO] ------------------------------------------------------------------------
[INFO] Total time:  01:05 min
[INFO] Finished at: 2026-10-08T23:53:17+02:00
[INFO] ------------------------------------------------------------------------
[ERROR] Failed to execute goal org.apache.maven.plugins:maven-surefire-plugin:3.5.6:test (default-test) on project registration-backend: There are test failures.
[ERROR] 
[ERROR] See /home/tjan-kazar/storage/Work/lab/agentic_lab/02_output/backend/target/surefire-reports for the individual test results.
[ERROR] See dump files (if any exist) [date].dump, [date]-jvmRun[N].dump and [date].dumpstream.
[ERROR] -> [Help 1]
[ERROR] 
[ERROR] To see the full stack trace of the errors, re-run Maven with the -e switch.
[ERROR] Re-run Maven using the -X switch to enable full debug logging.
[ERROR] 
[ERROR] For more information about the errors and possible solutions, please read the following articles:
[ERROR] [Help 1] http://cwiki.apache.org/confluence/display/MAVEN/MojoFailureException
