 Container registration-frontend-1 Stopping 
 Container registration-frontend-1 Stopped 
 Container registration-frontend-1 Removing 
 Container registration-frontend-1 Removed 
 Container registration-backend-1 Stopping 
 Container registration-backend-1 Stopped 
 Container registration-backend-1 Removing 
 Container registration-backend-1 Removed 
 Container registration-mailpit-1 Stopping 
 Container registration-db-1 Stopping 
 Container registration-db-1 Stopped 
 Container registration-db-1 Removing 
 Container registration-db-1 Removed 
 Container registration-mailpit-1 Stopped 
 Container registration-mailpit-1 Removing 
 Container registration-mailpit-1 Removed 
 Volume registration_pgdata Removing 
 Volume registration_jsoncopies Removing 
 Network registration_default Removing 
 Volume registration_pgdata Removed 
 Volume registration_jsoncopies Removed 
 Network registration_default Removed 
