 Image registration-e2e-4a9b86dc-backend Building 
 Image registration-e2e-4a9b86dc-frontend Building 
#1 [internal] load local bake definitions
#1 reading from stdin 1.16kB done
#1 DONE 0.0s

#2 [frontend internal] load build definition from Dockerfile
#2 transferring dockerfile: 388B done
#2 DONE 0.0s

#3 [backend internal] load build definition from Dockerfile
#3 transferring dockerfile: 470B done
#3 DONE 0.0s

#4 [frontend internal] load metadata for docker.io/library/node:24.13.0-alpine
#4 DONE 0.1s

#5 [backend internal] load metadata for docker.io/library/eclipse-temurin:21.0.10_7-jre-alpine
#5 DONE 0.1s

#6 [frontend internal] load metadata for docker.io/library/nginx:1.30.5-alpine
#6 DONE 0.1s

#7 [backend internal] load .dockerignore
#7 transferring context: 81B done
#7 DONE 0.0s

#8 [frontend internal] load .dockerignore
#8 transferring context: 119B done
#8 DONE 0.0s

#9 [frontend internal] load build context
#9 DONE 0.0s

#10 [backend internal] load build context
#10 transferring context: 87B done
#10 DONE 0.0s

#11 [backend 1/4] FROM docker.io/library/eclipse-temurin:21.0.10_7-jre-alpine@sha256:ad0cdd9782db550ca7dde6939a16fd850d04e683d37d3cff79d84a5848ba6a5a
#11 resolve docker.io/library/eclipse-temurin:21.0.10_7-jre-alpine@sha256:ad0cdd9782db550ca7dde6939a16fd850d04e683d37d3cff79d84a5848ba6a5a 0.1s done
#11 DONE 0.1s

#12 [frontend stage-1 1/4] FROM docker.io/library/nginx:1.30.5-alpine@sha256:0985e772fb9f729e6fa0980da05fca5d9c468e870eed43071545afa9d2e27d94
#12 resolve docker.io/library/nginx:1.30.5-alpine@sha256:0985e772fb9f729e6fa0980da05fca5d9c468e870eed43071545afa9d2e27d94
#12 resolve docker.io/library/nginx:1.30.5-alpine@sha256:0985e772fb9f729e6fa0980da05fca5d9c468e870eed43071545afa9d2e27d94 0.1s done
#12 DONE 0.1s

#13 [backend 2/4] RUN addgroup -S -g 10001 app && adduser -S -u 10001 -G app app     && mkdir -p /data/registrations && chown app:app /data/registrations
#13 CACHED

#14 [backend 3/4] WORKDIR /app
#14 CACHED

#15 [backend 4/4] COPY target/registration-backend-0.1.0.jar /app/app.jar
#15 CACHED

#16 [frontend build 1/6] FROM docker.io/library/node:24.13.0-alpine@sha256:cd6fb7efa6490f039f3471a189214d5f548c11df1ff9e5b181aa49e22c14383e
#16 resolve docker.io/library/node:24.13.0-alpine@sha256:cd6fb7efa6490f039f3471a189214d5f548c11df1ff9e5b181aa49e22c14383e 0.1s done
#16 DONE 0.1s

#9 [frontend internal] load build context
#9 transferring context: 14.64kB done
#9 DONE 0.0s

#17 [frontend build 3/6] COPY package.json package-lock.json .npmrc ./
#17 CACHED

#18 [frontend build 2/6] WORKDIR /src
#18 CACHED

#19 [frontend build 4/6] RUN npm ci --no-fund --no-audit
#19 CACHED

#20 [backend] exporting to image
#20 exporting layers done
#20 exporting manifest sha256:a68872399b9c63c7c41841ddd804ef59b62e776f7bc06cc722410314d5817caa 0.0s done
#20 exporting config sha256:5276edb13b4212a02aabe88b02bc3fd10b22ead49a2c58b1542a7e6fa4f40b1a 0.0s done
#20 exporting attestation manifest sha256:ed1b1be9807ab6e690830a92c94184afb6055a181554b0f0b721dfc88ea4150e
#20 ...

#21 [frontend build 5/6] COPY . .
#21 DONE 0.1s

#20 [backend] exporting to image
#20 exporting attestation manifest sha256:ed1b1be9807ab6e690830a92c94184afb6055a181554b0f0b721dfc88ea4150e 0.1s done
#20 exporting manifest list sha256:46500253e9fd1d00eacdbfa29206665765fec30bee5ac92ef82de5d526d4811c 0.0s done
#20 naming to docker.io/library/registration-e2e-4a9b86dc-backend:latest done
#20 unpacking to docker.io/library/registration-e2e-4a9b86dc-backend:latest 0.0s done
#20 DONE 0.2s

#22 [frontend build 6/6] RUN npm run build
#22 ...

#23 [backend] resolving provenance for metadata file
#23 DONE 0.0s

#22 [frontend build 6/6] RUN npm run build
#22 0.503 
#22 0.503 > registration-frontend@0.1.0 build
#22 0.503 > tsc --noEmit && vite build
#22 0.503 
#22 5.405 vite v6.4.3 building for production...
#22 5.517 transforming...
#22 6.831 ✓ 33 modules transformed.
#22 7.027 rendering chunks...
#22 7.038 computing gzip size...
#22 7.048 dist/index.html                   0.41 kB │ gzip:  0.27 kB
#22 7.048 dist/assets/index-B0OGzW19.css    0.50 kB │ gzip:  0.30 kB
#22 7.048 dist/assets/index-wb9Tjvw1.js   232.30 kB │ gzip: 72.75 kB
#22 7.048 ✓ built in 1.59s
#22 DONE 7.1s

#24 [frontend stage-1 2/4] COPY nginx.conf /etc/nginx/nginx.conf
#24 CACHED

#25 [frontend stage-1 3/4] COPY security-headers.conf /etc/nginx/security-headers.conf
#25 CACHED

#26 [frontend stage-1 4/4] COPY --from=build /src/dist /usr/share/nginx/html
#26 CACHED

#27 [frontend] exporting to image
#27 exporting layers done
#27 exporting manifest sha256:a31f8855d3dd7c5fcb8247cf752087fdfd727ac36368deff6c8a89372e1b0920 0.0s done
#27 exporting config sha256:52ce20f5df94b76aaeb95575fdcfcc32347802535f631a587fd6ae11b9c0ba04 0.0s done
#27 exporting attestation manifest sha256:8e0e127f1ce6a3b0ec256f6288cbe255f1e0be55a80190f46790dcef66e6c13f 0.0s done
#27 exporting manifest list sha256:eab325e9873ad11fa83119767964c52c116118d2228f671977368fb9429fd964 0.0s done
#27 naming to docker.io/library/registration-e2e-4a9b86dc-frontend:latest
#27 naming to docker.io/library/registration-e2e-4a9b86dc-frontend:latest done
#27 unpacking to docker.io/library/registration-e2e-4a9b86dc-frontend:latest done
#27 DONE 0.2s

#28 [frontend] resolving provenance for metadata file
#28 DONE 0.0s
 Image registration-e2e-4a9b86dc-frontend Built 
 Image registration-e2e-4a9b86dc-backend Built 
 Network registration-e2e-4a9b86dc_default Creating 
 Network registration-e2e-4a9b86dc_default Created 
 Volume registration-e2e-4a9b86dc_jsoncopies Creating 
 Volume registration-e2e-4a9b86dc_jsoncopies Created 
 Volume registration-e2e-4a9b86dc_pgdata Creating 
 Volume registration-e2e-4a9b86dc_pgdata Created 
 Container registration-e2e-4a9b86dc-db-1 Creating 
 Container registration-e2e-4a9b86dc-mailpit-1 Creating 
 Container registration-e2e-4a9b86dc-mailpit-1 Created 
 Container registration-e2e-4a9b86dc-db-1 Created 
 Container registration-e2e-4a9b86dc-backend-1 Creating 
 Container registration-e2e-4a9b86dc-backend-1 Created 
 Container registration-e2e-4a9b86dc-frontend-1 Creating 
 Container registration-e2e-4a9b86dc-frontend-1 Created 
 Container registration-e2e-4a9b86dc-db-1 Starting 
 Container registration-e2e-4a9b86dc-mailpit-1 Starting 
 Container registration-e2e-4a9b86dc-mailpit-1 Started 
 Container registration-e2e-4a9b86dc-db-1 Started 
 Container registration-e2e-4a9b86dc-db-1 Waiting 
 Container registration-e2e-4a9b86dc-db-1 Healthy 
 Container registration-e2e-4a9b86dc-backend-1 Starting 
 Container registration-e2e-4a9b86dc-backend-1 Started 
 Container registration-e2e-4a9b86dc-backend-1 Waiting 
 Container registration-e2e-4a9b86dc-backend-1 Healthy 
 Container registration-e2e-4a9b86dc-frontend-1 Starting 
 Container registration-e2e-4a9b86dc-frontend-1 Started 
 Container registration-e2e-4a9b86dc-backend-1 Waiting 
 Container registration-e2e-4a9b86dc-frontend-1 Waiting 
 Container registration-e2e-4a9b86dc-db-1 Waiting 
 Container registration-e2e-4a9b86dc-mailpit-1 Waiting 
 Container registration-e2e-4a9b86dc-db-1 Healthy 
 Container registration-e2e-4a9b86dc-mailpit-1 Healthy 
 Container registration-e2e-4a9b86dc-backend-1 Healthy 
 Container registration-e2e-4a9b86dc-frontend-1 Healthy 

Running 6 tests using 1 worker

  ✓  1 [chromium] › tests/e2e/us001-external.spec.ts:7:1 › AC-001-01 AC-006-01 AC-007-01 AC-007-02 external registration with Slovenian text end to end (805ms)
  ✓  2 [chromium] › tests/e2e/us001-external.spec.ts:37:1 › AC-001-04 AC-001-05 no-break spaces are whitespace in the browser and the backend (463ms)
  ✓  3 [chromium] › tests/e2e/us001-external.spec.ts:70:1 › AC-001-12 the consent checkbox is not preselected (118ms)
  ✓  4 [chromium] › tests/e2e/us002-student.spec.ts:5:1 › AC-002-01 student registration end to end (378ms)
 Container registration-e2e-4a9b86dc-frontend-1 Stopping 
 Container registration-e2e-4a9b86dc-frontend-1 Stopped 
 Container registration-e2e-4a9b86dc-frontend-1 Removing 
 Container registration-e2e-4a9b86dc-frontend-1 Removed 
 Container registration-e2e-4a9b86dc-backend-1 Stopping 
 Container registration-e2e-4a9b86dc-backend-1 Stopped 
 Container registration-e2e-4a9b86dc-backend-1 Removing 
 Container registration-e2e-4a9b86dc-backend-1 Removed 
 Container registration-e2e-4a9b86dc-mailpit-1 Stopping 
 Container registration-e2e-4a9b86dc-db-1 Stopping 
 Container registration-e2e-4a9b86dc-db-1 Stopped 
 Container registration-e2e-4a9b86dc-db-1 Removing 
 Container registration-e2e-4a9b86dc-db-1 Removed 
 Container registration-e2e-4a9b86dc-mailpit-1 Stopped 
 Container registration-e2e-4a9b86dc-mailpit-1 Removing 
 Container registration-e2e-4a9b86dc-mailpit-1 Removed 
 Network registration-e2e-4a9b86dc_default Removing 
 Network registration-e2e-4a9b86dc_default Removed 
 Network registration-e2e-4a9b86dc_default Creating 
 Network registration-e2e-4a9b86dc_default Created 
 Container registration-e2e-4a9b86dc-mailpit-1 Creating 
 Container registration-e2e-4a9b86dc-db-1 Creating 
 Container registration-e2e-4a9b86dc-mailpit-1 Created 
 Container registration-e2e-4a9b86dc-db-1 Created 
 Container registration-e2e-4a9b86dc-backend-1 Creating 
 Container registration-e2e-4a9b86dc-backend-1 Created 
 Container registration-e2e-4a9b86dc-frontend-1 Creating 
 Container registration-e2e-4a9b86dc-frontend-1 Created 
 Container registration-e2e-4a9b86dc-mailpit-1 Starting 
 Container registration-e2e-4a9b86dc-db-1 Starting 
 Container registration-e2e-4a9b86dc-db-1 Started 
 Container registration-e2e-4a9b86dc-mailpit-1 Started 
 Container registration-e2e-4a9b86dc-db-1 Waiting 
 Container registration-e2e-4a9b86dc-db-1 Healthy 
 Container registration-e2e-4a9b86dc-backend-1 Starting 
 Container registration-e2e-4a9b86dc-backend-1 Started 
 Container registration-e2e-4a9b86dc-backend-1 Waiting 
 Container registration-e2e-4a9b86dc-backend-1 Healthy 
 Container registration-e2e-4a9b86dc-frontend-1 Starting 
 Container registration-e2e-4a9b86dc-frontend-1 Started 
 Container registration-e2e-4a9b86dc-frontend-1 Waiting 
 Container registration-e2e-4a9b86dc-db-1 Waiting 
 Container registration-e2e-4a9b86dc-mailpit-1 Waiting 
 Container registration-e2e-4a9b86dc-backend-1 Waiting 
 Container registration-e2e-4a9b86dc-backend-1 Healthy 
 Container registration-e2e-4a9b86dc-db-1 Healthy 
 Container registration-e2e-4a9b86dc-mailpit-1 Healthy 
 Container registration-e2e-4a9b86dc-frontend-1 Healthy 
  ✓  5 [chromium] › tests/e2e/us005-storage.spec.ts:6:1 › AC-005-04 registrations survive recreating every container (26.9s)
  ✓  6 [chromium] › tests/e2e/us008-export.spec.ts:5:1 › AC-008-01 AC-008-02 the export is a workbook for organizers and refused otherwise (227ms)
 Container registration-e2e-4a9b86dc-frontend-1 Stopping 
 Container registration-e2e-4a9b86dc-frontend-1 Stopped 
 Container registration-e2e-4a9b86dc-frontend-1 Removing 
 Container registration-e2e-4a9b86dc-frontend-1 Removed 
 Container registration-e2e-4a9b86dc-backend-1 Stopping 
 Container registration-e2e-4a9b86dc-backend-1 Stopped 
 Container registration-e2e-4a9b86dc-backend-1 Removing 
 Container registration-e2e-4a9b86dc-backend-1 Removed 
 Container registration-e2e-4a9b86dc-mailpit-1 Stopping 
 Container registration-e2e-4a9b86dc-db-1 Stopping 
 Container registration-e2e-4a9b86dc-db-1 Stopped 
 Container registration-e2e-4a9b86dc-db-1 Removing 
 Container registration-e2e-4a9b86dc-db-1 Removed 
 Container registration-e2e-4a9b86dc-mailpit-1 Stopped 
 Container registration-e2e-4a9b86dc-mailpit-1 Removing 
 Container registration-e2e-4a9b86dc-mailpit-1 Removed 
 Volume registration-e2e-4a9b86dc_jsoncopies Removing 
 Volume registration-e2e-4a9b86dc_pgdata Removing 
 Network registration-e2e-4a9b86dc_default Removing 
 Volume registration-e2e-4a9b86dc_jsoncopies Removed 
 Volume registration-e2e-4a9b86dc_pgdata Removed 
 Network registration-e2e-4a9b86dc_default Removed 

  6 passed (1.1m)
