github.com/AlDanial/cloc v 1.98  T=0.35 s (345.9 files/s, 26287.0 lines/s)
-------------------------------------------------------------------------------
Language                     files          blank        comment           code
-------------------------------------------------------------------------------
Java                            80            826            223           5427
TypeScript                      27            174             28           1564
Maven                            1              6              5            226
Bourne Shell                     1             26             48            185
DOS Batch                        1             15              0            134
YAML                             1              1              2             78
HTML                             2              8              0             53
CSS                              1              0              0             42
SQL                              1              4              5             36
XML                              2              0              1             34
Dockerfile                       2              1              1             20
JavaScript                       1              1              0             18
Properties                       1              0              0              3
-------------------------------------------------------------------------------
SUM:                           121           1062            313           7820
-------------------------------------------------------------------------------
