[32m01:16:23 (933257) INFO ProjectReader[39m Found 5 of 64 file(s) to be mutated.
[32m01:16:23 (933257) INFO Instrumenter[39m Instrumented 5 source file(s) with 466 mutant(s)
[32m01:16:24 (933257) INFO ConcurrencyTokenProvider[39m Creating 3 test runner process(es).
[32m01:16:25 (933257) INFO DryRunExecutor[39m Starting initial test run (command test runner with "off" coverage analysis). This may take a while.
[32m01:16:28 (933257) INFO DryRunExecutor[39m Initial test run succeeded. Ran 1 tests in 2 seconds (net 2965 ms, overhead 2 ms).

All tests
  ✓ All tests (killed 347)

[Survived] ObjectLiteral
src/api.ts:54:45
-     const response = await fetch("/api/form", { headers: { Accept: "application/json" } });
+     const response = await fetch("/api/form", {});

[Survived] ObjectLiteral
src/api.ts:54:56
-     const response = await fetch("/api/form", { headers: { Accept: "application/json" } });
+     const response = await fetch("/api/form", { headers: {} });

[Survived] StringLiteral
src/api.ts:54:66
-     const response = await fetch("/api/form", { headers: { Accept: "application/json" } });
+     const response = await fetch("/api/form", { headers: { Accept: "" } });

[Survived] ObjectLiteral
src/api.ts:66:16
-         headers: { "Content-Type": "application/json", Accept: "application/json" },
+         headers: {},

[Survived] StringLiteral
src/api.ts:66:34
-         headers: { "Content-Type": "application/json", Accept: "application/json" },
+         headers: { "Content-Type": "", Accept: "application/json" },

[Survived] StringLiteral
src/api.ts:66:62
-         headers: { "Content-Type": "application/json", Accept: "application/json" },
+         headers: { "Content-Type": "application/json", Accept: "" },

[Survived] OptionalChaining
src/api.ts:74:43
-       return { kind: "accepted", id: String(body?.id ?? "") };
+       return { kind: "accepted", id: String(body.id ?? "") };

[Survived] StringLiteral
src/api.ts:74:55
-       return { kind: "accepted", id: String(body?.id ?? "") };
+       return { kind: "accepted", id: String(body?.id ?? "Stryker was here!") };

[Survived] ConditionalExpression
src/api.ts:76:7
-     if (response.status === 400 && Array.isArray(body?.errors)) {
+     if (true && Array.isArray(body?.errors)) {

[Survived] BlockStatement
src/api.ts:87:11
-     } catch {
-       return null;
-     }
+     } catch {}

[Survived] StringLiteral
src/App.tsx:5:21
-   const UNAVAILABLE = "The registration form is not available right now. Please try again later.";
+   const UNAVAILABLE = "";

[Survived] ArrowFunction
src/App.tsx:16:14
-         .catch(() => active && setLoadError(true));
+         .catch(() => undefined);

[Survived] ConditionalExpression
src/App.tsx:16:20
-         .catch(() => active && setLoadError(true));
+         .catch(() => true);

[Survived] ConditionalExpression
src/App.tsx:16:20
-         .catch(() => active && setLoadError(true));
+         .catch(() => false);

[Survived] LogicalOperator
src/App.tsx:16:20
-         .catch(() => active && setLoadError(true));
+         .catch(() => active || setLoadError(true));

[Survived] BooleanLiteral
src/App.tsx:16:43
-         .catch(() => active && setLoadError(true));
+         .catch(() => active && setLoadError(false));

[Survived] BlockStatement
src/App.tsx:17:18
-       return () => {
-         active = false;
-       };
+       return () => {};

[Survived] BooleanLiteral
src/App.tsx:18:16
-         active = false;
+         active = true;

[Survived] ArrayDeclaration
src/App.tsx:20:6
-     }, []);
+     }, ["Stryker was here"]);

[Survived] StringLiteral
src/App.tsx:24:45
-         <h1>{config ? config.conferenceName : "Conference"} registration</h1>
+         <h1>{config ? config.conferenceName : ""} registration</h1>

[Survived] LogicalOperator
src/Recaptcha.tsx:40:9
-       if (testMode || !container.current) {
+       if (testMode && !container.current) {

[Survived] ConditionalExpression
src/Recaptcha.tsx:45:11
-         if (window.grecaptcha && widget.current === null) {
+         if (true) {

[Survived] LogicalOperator
src/Recaptcha.tsx:45:11
-         if (window.grecaptcha && widget.current === null) {
+         if (window.grecaptcha || widget.current === null) {

[Survived] ConditionalExpression
src/Recaptcha.tsx:45:32
-         if (window.grecaptcha && widget.current === null) {
+         if (window.grecaptcha && true) {

[Survived] ConditionalExpression
src/Recaptcha.tsx:57:11
-         if (!document.querySelector(`script[src="${SCRIPT_URL}"]`)) {
+         if (true) {

[Survived] BooleanLiteral
src/Recaptcha.tsx:60:24
-           script.async = true;
+           script.async = false;

[Survived] BooleanLiteral
src/Recaptcha.tsx:61:24
-           script.defer = true;
+           script.defer = false;

[Survived] ArrayDeclaration
src/Recaptcha.tsx:65:6
-     }, [siteKey, testMode, onToken]);
+     }, []);

[Survived] LogicalOperator
src/Recaptcha.tsx:68:9
-       if (resetKey > 0 && !testMode && window.grecaptcha && widget.current !== null) {
+       if (resetKey > 0 && !testMode && window.grecaptcha || widget.current !== null) {

[Survived] ConditionalExpression
src/Recaptcha.tsx:68:9
-       if (resetKey > 0 && !testMode && window.grecaptcha && widget.current !== null) {
+       if (true && widget.current !== null) {

[Survived] LogicalOperator
src/Recaptcha.tsx:68:9
-       if (resetKey > 0 && !testMode && window.grecaptcha && widget.current !== null) {
+       if (resetKey > 0 && !testMode || window.grecaptcha && widget.current !== null) {

[Survived] ConditionalExpression
src/Recaptcha.tsx:68:9
-       if (resetKey > 0 && !testMode && window.grecaptcha && widget.current !== null) {
+       if (true && window.grecaptcha && widget.current !== null) {

[Survived] ConditionalExpression
src/Recaptcha.tsx:68:9
-       if (resetKey > 0 && !testMode && window.grecaptcha && widget.current !== null) {
+       if (true && !testMode && window.grecaptcha && widget.current !== null) {

[Survived] LogicalOperator
src/Recaptcha.tsx:68:9
-       if (resetKey > 0 && !testMode && window.grecaptcha && widget.current !== null) {
+       if (resetKey > 0 || !testMode && window.grecaptcha && widget.current !== null) {

[Survived] EqualityOperator
src/Recaptcha.tsx:68:9
-       if (resetKey > 0 && !testMode && window.grecaptcha && widget.current !== null) {
+       if (resetKey >= 0 && !testMode && window.grecaptcha && widget.current !== null) {

[Survived] EqualityOperator
src/Recaptcha.tsx:68:9
-       if (resetKey > 0 && !testMode && window.grecaptcha && widget.current !== null) {
+       if (resetKey <= 0 && !testMode && window.grecaptcha && widget.current !== null) {

[Survived] ConditionalExpression
src/Recaptcha.tsx:68:59
-       if (resetKey > 0 && !testMode && window.grecaptcha && widget.current !== null) {
+       if (resetKey > 0 && !testMode && window.grecaptcha && true) {

[Survived] StringLiteral
src/Recaptcha.tsx:82:14
-             />{" "}
+             />{""}

[Survived] ArrayDeclaration
src/RegistrationForm.tsx:40:56
-     const [optionIds, setOptionIds] = useState<string[]>([]);
+     const [optionIds, setOptionIds] = useState<string[]>(["Stryker was here"]);

[Survived] ArrayDeclaration
src/RegistrationForm.tsx:41:58
-     const [consentIds, setConsentIds] = useState<string[]>([]);
+     const [consentIds, setConsentIds] = useState<string[]>(["Stryker was here"]);

[Survived] StringLiteral
src/RegistrationForm.tsx:42:38
-     const [token, setToken] = useState("");
+     const [token, setToken] = useState("Stryker was here!");

[Survived] StringLiteral
src/RegistrationForm.tsx:45:46
-     const [formError, setFormError] = useState("");
+     const [formError, setFormError] = useState("Stryker was here!");

[Survived] ArrayDeclaration
src/RegistrationForm.tsx:47:67
-     const onToken = useCallback((value: string) => setToken(value), []);
+     const onToken = useCallback((value: string) => setToken(value), ["Stryker was here"]);

[Survived] ArrowFunction
src/RegistrationForm.tsx:54:18
-         ids.filter((id) =>
-           config.options.some((o) => o.id === id && o.registrationTypes.includes(next)),
+         ids.filter(() => undefined,

[Survived] MethodExpression
src/RegistrationForm.tsx:55:9
-           config.options.some((o) => o.id === id && o.registrationTypes.includes(next)),
+           config.options.every(o => o.id === id && o.registrationTypes.includes(next)),

[Survived] ArrowFunction
src/RegistrationForm.tsx:55:29
-           config.options.some((o) => o.id === id && o.registrationTypes.includes(next)),
+           config.options.some(() => undefined),

[Survived] ConditionalExpression
src/RegistrationForm.tsx:55:36
-           config.options.some((o) => o.id === id && o.registrationTypes.includes(next)),
+           config.options.some((o) => false),

[Survived] CallExpression
src/RegistrationForm.tsx:58:5
-       setErrors({});
+       ;

[Survived] ArrowFunction
src/RegistrationForm.tsx:62:38
-       on ? [...list, id] : list.filter((x) => x !== id);
+       on ? [...list, id] : list.filter(() => undefined);

[Survived] ConditionalExpression
src/RegistrationForm.tsx:62:45
-       on ? [...list, id] : list.filter((x) => x !== id);
+       on ? [...list, id] : list.filter((x) => false);

[Survived] CallExpression
src/RegistrationForm.tsx:65:5
-       event.preventDefault();
+       ;

[Survived] ConditionalExpression
src/RegistrationForm.tsx:66:9
-       if (submitting) {
+       if (false) {

[Survived] BlockStatement
src/RegistrationForm.tsx:66:21
-       if (submitting) {
-         return;
-       }
+       if (submitting) {}

[Survived] StringLiteral
src/RegistrationForm.tsx:69:18
-       setFormError("");
+       setFormError("Stryker was here!");

[Survived] StringLiteral
src/RegistrationForm.tsx:77:18
-         firstName: "",
+         firstName: "Stryker was here!",

[Survived] StringLiteral
src/RegistrationForm.tsx:78:17
-         lastName: "",
+         lastName: "Stryker was here!",

[Survived] StringLiteral
src/RegistrationForm.tsx:79:14
-         email: "",
+         email: "Stryker was here!",

[Survived] MethodExpression
src/RegistrationForm.tsx:81:19
-         consentIds: config.consents.filter((c) => consentIds.includes(c.id)).map((c) => c.id),
+         consentIds: config.consents.map((c) => c.id),

[Survived] BooleanLiteral
src/RegistrationForm.tsx:94:9
-       if (!config.recaptcha.testMode) {
+       if (config.recaptcha.testMode) {

[Survived] ConditionalExpression
src/RegistrationForm.tsx:94:9
-       if (!config.recaptcha.testMode) {
+       if (true) {

[Survived] ConditionalExpression
src/RegistrationForm.tsx:94:9
-       if (!config.recaptcha.testMode) {
+       if (false) {

[Survived] BlockStatement
src/RegistrationForm.tsx:94:37
-       if (!config.recaptcha.testMode) {
-         setToken("");
-         setResetKey((k) => k + 1);
-       }
+       if (!config.recaptcha.testMode) {}

[Survived] StringLiteral
src/RegistrationForm.tsx:95:16
-         setToken("");
+         setToken("Stryker was here!");

[Survived] ArrowFunction
src/RegistrationForm.tsx:96:19
-         setResetKey((k) => k + 1);
+         setResetKey(() => undefined);

[Survived] ArithmeticOperator
src/RegistrationForm.tsx:96:26
-         setResetKey((k) => k + 1);
+         setResetKey((k) => k - 1);

[Survived] StringLiteral
src/RegistrationForm.tsx:103:9
-           "consentIds",
+           "",

[Survived] StringLiteral
src/RegistrationForm.tsx:104:9
-           "recaptchaToken",
+           "",

[Survived] LogicalOperator
src/RegistrationForm.tsx:108:27
-             mapped[field] = mapped[field] ?? MESSAGES[code] ?? MESSAGES.malformed;
+             mapped[field] = (mapped[field] ?? MESSAGES[code]) && MESSAGES.malformed;

[Survived] LogicalOperator
src/RegistrationForm.tsx:108:27
-             mapped[field] = mapped[field] ?? MESSAGES[code] ?? MESSAGES.malformed;
+             mapped[field] = mapped[field] && MESSAGES[code] ?? MESSAGES.malformed;

[Survived] LogicalOperator
src/RegistrationForm.tsx:110:24
-             setFormError(MESSAGES[code] ?? MESSAGES.malformed);
+             setFormError(MESSAGES[code] && MESSAGES.malformed);

[Survived] StringLiteral
src/RegistrationForm.tsx:121:63
-         <p className="error" data-testid={`error-${field}`} id={`error-${field}`} role="alert">
+         <p className="error" data-testid={`error-${field}`} id={``} role="alert">

[Survived] ConditionalExpression
src/RegistrationForm.tsx:135:22
-               checked={type === "EXTERNAL"}
+               checked={false}

[Survived] StringLiteral
src/RegistrationForm.tsx:135:31
-               checked={type === "EXTERNAL"}
+               checked={type === ""}

[Survived] StringLiteral
src/RegistrationForm.tsx:137:14
-             />{" "}
+             />{""}

[Survived] ConditionalExpression
src/RegistrationForm.tsx:145:22
-               checked={type === "STUDENT"}
+               checked={false}

[Survived] StringLiteral
src/RegistrationForm.tsx:145:31
-               checked={type === "STUDENT"}
+               checked={type === ""}

[Survived] StringLiteral
src/RegistrationForm.tsx:147:14
-             />{" "}
+             />{""}

[Survived] ConditionalExpression
src/RegistrationForm.tsx:160:21
-                 type={name === "email" ? "email" : "text"}
+                 type={true ? "email" : "text"}

[Survived] ConditionalExpression
src/RegistrationForm.tsx:160:21
-                 type={name === "email" ? "email" : "text"}
+                 type={false ? "email" : "text"}

[Survived] EqualityOperator
src/RegistrationForm.tsx:160:21
-                 type={name === "email" ? "email" : "text"}
+                 type={name !== "email" ? "email" : "text"}

[Survived] StringLiteral
src/RegistrationForm.tsx:160:30
-                 type={name === "email" ? "email" : "text"}
+                 type={name === "" ? "email" : "text"}

[Survived] StringLiteral
src/RegistrationForm.tsx:160:40
-                 type={name === "email" ? "email" : "text"}
+                 type={name === "email" ? "" : "text"}

[Survived] StringLiteral
src/RegistrationForm.tsx:160:50
-                 type={name === "email" ? "email" : "text"}
+                 type={name === "email" ? "email" : ""}

[Survived] StringLiteral
src/RegistrationForm.tsx:164:38
-                 value={values[name] ?? ""}
+                 value={values[name] ?? "Stryker was here!"}

[Survived] ConditionalExpression
src/RegistrationForm.tsx:174:13
-           if (options.length === 0) {
+           if (false) {

[Survived] BlockStatement
src/RegistrationForm.tsx:174:35
-           if (options.length === 0) {
-             return null;
-           }
+           if (options.length === 0) {}

[Survived] OptionalChaining
src/RegistrationForm.tsx:177:21
-           const max = config.categories.find((c) => c.category === category)?.maxSelections;
+           const max = config.categories.find(c => c.category === category).maxSelections;

[Survived] ArrowFunction
src/RegistrationForm.tsx:177:44
-           const max = config.categories.find((c) => c.category === category)?.maxSelections;
+           const max = config.categories.find(() => undefined)?.maxSelections;

[Survived] ConditionalExpression
src/RegistrationForm.tsx:177:51
-           const max = config.categories.find((c) => c.category === category)?.maxSelections;
+           const max = config.categories.find((c) => false)?.maxSelections;

[Survived] ConditionalExpression
src/RegistrationForm.tsx:177:51
-           const max = config.categories.find((c) => c.category === category)?.maxSelections;
+           const max = config.categories.find((c) => true)?.maxSelections;

[Survived] EqualityOperator
src/RegistrationForm.tsx:177:51
-           const max = config.categories.find((c) => c.category === category)?.maxSelections;
+           const max = config.categories.find((c) => c.category !== category)?.maxSelections;

[Survived] ConditionalExpression
src/RegistrationForm.tsx:182:16
-                 {max !== undefined ? ` (up to ${max})` : ""}
+                 {true ? ` (up to ${max})` : ""}

[Survived] ConditionalExpression
src/RegistrationForm.tsx:182:16
-                 {max !== undefined ? ` (up to ${max})` : ""}
+                 {false ? ` (up to ${max})` : ""}

[Survived] EqualityOperator
src/RegistrationForm.tsx:182:16
-                 {max !== undefined ? ` (up to ${max})` : ""}
+                 {max === undefined ? ` (up to ${max})` : ""}

[Survived] StringLiteral
src/RegistrationForm.tsx:182:36
-                 {max !== undefined ? ` (up to ${max})` : ""}
+                 {max !== undefined ? `` : ""}

[Survived] StringLiteral
src/RegistrationForm.tsx:182:56
-                 {max !== undefined ? ` (up to ${max})` : ""}
+                 {max !== undefined ? ` (up to ${max})` : "Stryker was here!"}

[Survived] StringLiteral
src/RegistrationForm.tsx:191:20
-                   />{" "}
+                   />{""}

[Survived] StringLiteral
src/RegistrationForm.tsx:210:16
-               />{" "}
+               />{""}

[Survived] StringLiteral
src/validation.ts:31:13
-     too_long: "This value is too long.",
+     too_long: "",

[Survived] StringLiteral
src/validation.ts:33:23
-     invalid_characters: "This value contains characters that are not allowed.",
+     invalid_characters: "",

[Survived] StringLiteral
src/validation.ts:34:25
-     not_allowed_for_type: "This field does not belong to the selected form.",
+     not_allowed_for_type: "",

[Survived] StringLiteral
src/validation.ts:35:19
-     unknown_option: "A selected option is not offered.",
+     unknown_option: "",

[Survived] StringLiteral
src/validation.ts:37:25
-     option_not_available: "A selected option is not available for this registration type.",
+     option_not_available: "",

[Survived] StringLiteral
src/validation.ts:40:20
-     unknown_consent: "A consent is not recognised.",
+     unknown_consent: "",

[Survived] Regex
src/validation.ts:46:15
-   const LABEL = /^[\p{L}\p{N}](?:[\p{L}\p{N}-]*[\p{L}\p{N}])?$/u;
+   const LABEL = /^[\p{L}\p{N}](?:[\p{L}\p{N}-]*[\p{L}\p{N}])?/u;

[Survived] Regex
src/validation.ts:46:15
-   const LABEL = /^[\p{L}\p{N}](?:[\p{L}\p{N}-]*[\p{L}\p{N}])?$/u;
+   const LABEL = /^[\p{L}\p{N}](?:[\p{L}\p{N}-]*[\p{L}\p{N}])$/u;

[Survived] Regex
src/validation.ts:46:15
-   const LABEL = /^[\p{L}\p{N}](?:[\p{L}\p{N}-]*[\p{L}\p{N}])?$/u;
+   const LABEL = /^[\p{L}\p{N}](?:[\p{L}\p{N}-]*[\p{L}\P{N}])?$/u;

[Survived] Regex
src/validation.ts:47:19
-   const TOP_LEVEL = /^\p{L}{2,}$/u;
+   const TOP_LEVEL = /\p{L}{2,}$/u;

[Survived] Regex
src/validation.ts:47:19
-   const TOP_LEVEL = /^\p{L}{2,}$/u;
+   const TOP_LEVEL = /^\p{L}{2,}/u;

[Survived] ConditionalExpression
src/validation.ts:52:7
-     if (email.length > 254 || CONTROL.test(email)) {
+     if (false) {

[Survived] LogicalOperator
src/validation.ts:52:7
-     if (email.length > 254 || CONTROL.test(email)) {
+     if (email.length > 254 && CONTROL.test(email)) {

[Survived] ConditionalExpression
src/validation.ts:52:7
-     if (email.length > 254 || CONTROL.test(email)) {
+     if (false || CONTROL.test(email)) {

[Survived] EqualityOperator
src/validation.ts:52:7
-     if (email.length > 254 || CONTROL.test(email)) {
+     if (email.length >= 254 || CONTROL.test(email)) {

[Survived] BlockStatement
src/validation.ts:52:50
-     if (email.length > 254 || CONTROL.test(email)) {
-       return false;
-     }
+     if (email.length > 254 || CONTROL.test(email)) {}

[Survived] ConditionalExpression
src/validation.ts:62:29
-       labels.every((label) => label.length <= 63 && LABEL.test(label)) &&
+       labels.every((label) => true && LABEL.test(label)) &&

[Survived] EqualityOperator
src/validation.ts:62:29
-       labels.every((label) => label.length <= 63 && LABEL.test(label)) &&
+       labels.every((label) => label.length < 63 && LABEL.test(label)) &&

[Survived] ConditionalExpression
src/validation.ts:90:65
-       const option = config.options.find((o: ConferenceOption) => o.id === id);
+       const option = config.options.find((o: ConferenceOption) => true);

[Survived] EqualityOperator
src/validation.ts:90:65
-       const option = config.options.find((o: ConferenceOption) => o.id === id);
+       const option = config.options.find((o: ConferenceOption) => o.id !== id);

[Survived] ConditionalExpression
src/validation.ts:91:9
-       if (option) {
+       if (true) {

Ran 1.00 tests per mutant on average.
----------------------|------------------|----------|-----------|------------|----------|----------|
                      | % Mutation score |          |           |            |          |          |
File                  |  total | covered | # killed | # timeout | # survived | # no cov | # errors |
----------------------|--------|---------|----------|-----------|------------|----------|----------|
All files             |  74.46 |   74.46 |      347 |         0 |        119 |        0 |        0 |
 api.ts               |  82.14 |   82.14 |       46 |         0 |         10 |        0 |        0 |
 App.tsx              |  52.38 |   52.38 |       11 |         0 |         10 |        0 |        0 |
 Recaptcha.tsx        |  70.00 |   70.00 |       42 |         0 |         18 |        0 |        0 |
 RegistrationForm.tsx |  65.12 |   65.12 |      112 |         0 |         60 |        0 |        0 |
 validation.ts        |  86.62 |   86.62 |      136 |         0 |         21 |        0 |        0 |
----------------------|--------|---------|----------|-----------|------------|----------|----------|
[32m01:34:43 (933257) INFO JsonReporter[39m Your report can be found at: file:///home/tjan-kazar/storage/Work/lab/agentic_lab/02_output/frontend/reports/mutation/mutation.json
[32m01:34:43 (933257) INFO HtmlReporter[39m Your report can be found at: file:///home/tjan-kazar/storage/Work/lab/agentic_lab/02_output/frontend/reports/mutation/index.html
[32m01:34:43 (933257) INFO MutationTestExecutor[39m Done in 18 minutes and 20 seconds.
