 Image registration-e2e-c64fc7e5-frontend Building 
 Image registration-e2e-c64fc7e5-backend Building 
#1 [internal] load local bake definitions
#1 reading from stdin 1.16kB done
#1 DONE 0.0s

#2 [backend internal] load build definition from Dockerfile
#2 transferring dockerfile: 470B done
#2 DONE 0.0s

#3 [frontend internal] load build definition from Dockerfile
#3 transferring dockerfile: 388B done
#3 DONE 0.0s

#4 [frontend internal] load metadata for docker.io/library/node:24.13.0-alpine
#4 DONE 0.1s

#5 [frontend internal] load metadata for docker.io/library/nginx:1.30.5-alpine
#5 DONE 0.1s

#6 [backend internal] load metadata for docker.io/library/eclipse-temurin:21.0.10_7-jre-alpine
#6 DONE 0.1s

#7 [frontend internal] load .dockerignore
#7 transferring context: 119B done
#7 DONE 0.0s

#8 [backend internal] load .dockerignore
#8 transferring context: 81B done
#8 DONE 0.0s

#9 [frontend internal] load build context
#9 DONE 0.0s

#10 [backend internal] load build context
#10 ...

#11 [frontend build 1/6] FROM docker.io/library/node:24.13.0-alpine@sha256:cd6fb7efa6490f039f3471a189214d5f548c11df1ff9e5b181aa49e22c14383e
#11 resolve docker.io/library/node:24.13.0-alpine@sha256:cd6fb7efa6490f039f3471a189214d5f548c11df1ff9e5b181aa49e22c14383e 0.1s done
#11 DONE 0.1s

#12 [frontend stage-1 1/4] FROM docker.io/library/nginx:1.30.5-alpine@sha256:0985e772fb9f729e6fa0980da05fca5d9c468e870eed43071545afa9d2e27d94
#12 resolve docker.io/library/nginx:1.30.5-alpine@sha256:0985e772fb9f729e6fa0980da05fca5d9c468e870eed43071545afa9d2e27d94 0.1s done
#12 DONE 0.1s

#13 [backend 1/4] FROM docker.io/library/eclipse-temurin:21.0.10_7-jre-alpine@sha256:ad0cdd9782db550ca7dde6939a16fd850d04e683d37d3cff79d84a5848ba6a5a
#13 resolve docker.io/library/eclipse-temurin:21.0.10_7-jre-alpine@sha256:ad0cdd9782db550ca7dde6939a16fd850d04e683d37d3cff79d84a5848ba6a5a 0.1s done
#13 DONE 0.1s

#9 [frontend internal] load build context
#9 transferring context: 1.80kB done
#9 DONE 0.0s

#14 [frontend build 6/6] RUN npm run build
#14 CACHED

#15 [frontend stage-1 2/4] COPY nginx.conf /etc/nginx/nginx.conf
#15 CACHED

#16 [frontend stage-1 3/4] COPY security-headers.conf /etc/nginx/security-headers.conf
#16 CACHED

#17 [frontend build 2/6] WORKDIR /src
#17 CACHED

#18 [frontend build 3/6] COPY package.json package-lock.json .npmrc ./
#18 CACHED

#19 [frontend build 4/6] RUN npm ci --no-fund --no-audit
#19 CACHED

#20 [frontend build 5/6] COPY . .
#20 CACHED

#21 [frontend stage-1 4/4] COPY --from=build /src/dist /usr/share/nginx/html
#21 CACHED

#10 [backend internal] load build context
#10 ...

#22 [frontend] exporting to image
#22 exporting layers done
#22 exporting manifest sha256:d78701d42d09e748819c56bed9e3448261718ed13d2e4c8d9b1f002005e7b871 0.0s done
#22 exporting config sha256:1ad65890779f3bd7b48df70583114b2d3f4381125409bcf86d55247d86dab6bf 0.0s done
#22 exporting attestation manifest sha256:ad20aaf72942f670bcbbd4ce0d83a2ce955528b6e7e708fe53fae117b8c006c0 0.1s done
#22 exporting manifest list sha256:77ac242e5efcd526c3f4af16e05ca00ddff192a2aa0e69a6c5307b923969559c 0.0s done
#22 naming to docker.io/library/registration-e2e-c64fc7e5-frontend:latest done
#22 unpacking to docker.io/library/registration-e2e-c64fc7e5-frontend:latest 0.0s done
#22 DONE 0.3s

#10 [backend internal] load build context
#10 ...

#23 [frontend] resolving provenance for metadata file
#23 DONE 0.0s

#10 [backend internal] load build context
#10 transferring context: 80.24MB 1.1s done
#10 DONE 1.2s

#24 [backend 2/4] RUN addgroup -S -g 10001 app && adduser -S -u 10001 -G app app     && mkdir -p /data/registrations && chown app:app /data/registrations
#24 CACHED

#25 [backend 3/4] WORKDIR /app
#25 CACHED

#26 [backend 4/4] COPY target/registration-backend-0.1.0.jar /app/app.jar
#26 DONE 2.0s

#27 [backend] exporting to image
#27 exporting layers 3.5s done
#27 exporting manifest sha256:7f2a8665c697485772a6272d01ae0ab3d6e324b4be87be2223068db6a738a92c 0.0s done
#27 exporting config sha256:8e6e9bceee9c5fb33e7a06ecc49a2292442b8b318b28d7244dda3f36b6eceb4f 0.0s done
#27 exporting attestation manifest sha256:e0786f2c563efe95098ce334cc737e7d4eea32c28151299583aecd9ed8e3ce78 0.0s done
#27 exporting manifest list sha256:4552e5f14f72f8e1c11ce450034cd7111a8c9ffb09070d2e9c1173564c9441f2 0.0s done
#27 naming to docker.io/library/registration-e2e-c64fc7e5-backend:latest done
#27 unpacking to docker.io/library/registration-e2e-c64fc7e5-backend:latest
#27 unpacking to docker.io/library/registration-e2e-c64fc7e5-backend:latest 0.5s done
#27 DONE 4.1s

#28 [backend] resolving provenance for metadata file
#28 DONE 0.0s
 Image registration-e2e-c64fc7e5-backend Built 
 Image registration-e2e-c64fc7e5-frontend Built 
 Network registration-e2e-c64fc7e5_default Creating 
 Network registration-e2e-c64fc7e5_default Created 
 Volume registration-e2e-c64fc7e5_pgdata Creating 
 Volume registration-e2e-c64fc7e5_pgdata Created 
 Volume registration-e2e-c64fc7e5_jsoncopies Creating 
 Volume registration-e2e-c64fc7e5_jsoncopies Created 
 Container registration-e2e-c64fc7e5-mailpit-1 Creating 
 Container registration-e2e-c64fc7e5-db-1 Creating 
 Container registration-e2e-c64fc7e5-mailpit-1 Created 
 Container registration-e2e-c64fc7e5-db-1 Created 
 Container registration-e2e-c64fc7e5-backend-1 Creating 
 Container registration-e2e-c64fc7e5-backend-1 Created 
 Container registration-e2e-c64fc7e5-frontend-1 Creating 
 Container registration-e2e-c64fc7e5-frontend-1 Created 
 Container registration-e2e-c64fc7e5-mailpit-1 Starting 
 Container registration-e2e-c64fc7e5-db-1 Starting 
 Container registration-e2e-c64fc7e5-mailpit-1 Started 
 Container registration-e2e-c64fc7e5-db-1 Started 
 Container registration-e2e-c64fc7e5-db-1 Waiting 
 Container registration-e2e-c64fc7e5-db-1 Healthy 
 Container registration-e2e-c64fc7e5-backend-1 Starting 
 Container registration-e2e-c64fc7e5-backend-1 Started 
 Container registration-e2e-c64fc7e5-backend-1 Waiting 
 Container registration-e2e-c64fc7e5-backend-1 Healthy 
 Container registration-e2e-c64fc7e5-frontend-1 Starting 
 Container registration-e2e-c64fc7e5-frontend-1 Started 
 Container registration-e2e-c64fc7e5-db-1 Waiting 
 Container registration-e2e-c64fc7e5-mailpit-1 Waiting 
 Container registration-e2e-c64fc7e5-backend-1 Waiting 
 Container registration-e2e-c64fc7e5-frontend-1 Waiting 
 Container registration-e2e-c64fc7e5-backend-1 Healthy 
 Container registration-e2e-c64fc7e5-db-1 Healthy 
 Container registration-e2e-c64fc7e5-mailpit-1 Healthy 
 Container registration-e2e-c64fc7e5-frontend-1 Healthy 

Running 6 tests using 1 worker

  ✓  1 [chromium] › tests/e2e/us001-external.spec.ts:7:1 › AC-001-01 AC-006-01 AC-007-01 AC-007-02 external registration with Slovenian text end to end (822ms)
  ✓  2 [chromium] › tests/e2e/us001-external.spec.ts:37:1 › AC-001-04 AC-001-05 no-break spaces are whitespace in the browser and the backend (457ms)
  ✓  3 [chromium] › tests/e2e/us001-external.spec.ts:70:1 › AC-001-12 the consent checkbox is not preselected (127ms)
  ✓  4 [chromium] › tests/e2e/us002-student.spec.ts:5:1 › AC-002-01 student registration end to end (451ms)
 Container registration-e2e-c64fc7e5-frontend-1 Stopping 
 Container registration-e2e-c64fc7e5-frontend-1 Stopped 
 Container registration-e2e-c64fc7e5-frontend-1 Removing 
 Container registration-e2e-c64fc7e5-frontend-1 Removed 
 Container registration-e2e-c64fc7e5-backend-1 Stopping 
 Container registration-e2e-c64fc7e5-backend-1 Stopped 
 Container registration-e2e-c64fc7e5-backend-1 Removing 
 Container registration-e2e-c64fc7e5-backend-1 Removed 
 Container registration-e2e-c64fc7e5-db-1 Stopping 
 Container registration-e2e-c64fc7e5-mailpit-1 Stopping 
 Container registration-e2e-c64fc7e5-db-1 Stopped 
 Container registration-e2e-c64fc7e5-db-1 Removing 
 Container registration-e2e-c64fc7e5-db-1 Removed 
 Container registration-e2e-c64fc7e5-mailpit-1 Stopped 
 Container registration-e2e-c64fc7e5-mailpit-1 Removing 
 Container registration-e2e-c64fc7e5-mailpit-1 Removed 
 Network registration-e2e-c64fc7e5_default Removing 
 Network registration-e2e-c64fc7e5_default Removed 
 Network registration-e2e-c64fc7e5_default Creating 
 Network registration-e2e-c64fc7e5_default Created 
 Container registration-e2e-c64fc7e5-mailpit-1 Creating 
 Container registration-e2e-c64fc7e5-db-1 Creating 
 Container registration-e2e-c64fc7e5-mailpit-1 Created 
 Container registration-e2e-c64fc7e5-db-1 Created 
 Container registration-e2e-c64fc7e5-backend-1 Creating 
 Container registration-e2e-c64fc7e5-backend-1 Created 
 Container registration-e2e-c64fc7e5-frontend-1 Creating 
 Container registration-e2e-c64fc7e5-frontend-1 Created 
 Container registration-e2e-c64fc7e5-db-1 Starting 
 Container registration-e2e-c64fc7e5-mailpit-1 Starting 
 Container registration-e2e-c64fc7e5-mailpit-1 Started 
 Container registration-e2e-c64fc7e5-db-1 Started 
 Container registration-e2e-c64fc7e5-db-1 Waiting 
 Container registration-e2e-c64fc7e5-db-1 Healthy 
 Container registration-e2e-c64fc7e5-backend-1 Starting 
 Container registration-e2e-c64fc7e5-backend-1 Started 
 Container registration-e2e-c64fc7e5-backend-1 Waiting 
 Container registration-e2e-c64fc7e5-backend-1 Healthy 
 Container registration-e2e-c64fc7e5-frontend-1 Starting 
 Container registration-e2e-c64fc7e5-frontend-1 Started 
 Container registration-e2e-c64fc7e5-backend-1 Waiting 
 Container registration-e2e-c64fc7e5-frontend-1 Waiting 
 Container registration-e2e-c64fc7e5-db-1 Waiting 
 Container registration-e2e-c64fc7e5-mailpit-1 Waiting 
 Container registration-e2e-c64fc7e5-mailpit-1 Healthy 
 Container registration-e2e-c64fc7e5-db-1 Healthy 
 Container registration-e2e-c64fc7e5-backend-1 Healthy 
 Container registration-e2e-c64fc7e5-frontend-1 Healthy 
  ✓  5 [chromium] › tests/e2e/us005-storage.spec.ts:6:1 › AC-005-04 registrations survive recreating every container (27.4s)
  ✓  6 [chromium] › tests/e2e/us008-export.spec.ts:5:1 › AC-008-01 AC-008-02 the export is a workbook for organizers and refused otherwise (244ms)
 Container registration-e2e-c64fc7e5-frontend-1 Stopping 
 Container registration-e2e-c64fc7e5-frontend-1 Stopped 
 Container registration-e2e-c64fc7e5-frontend-1 Removing 
 Container registration-e2e-c64fc7e5-frontend-1 Removed 
 Container registration-e2e-c64fc7e5-backend-1 Stopping 
 Container registration-e2e-c64fc7e5-backend-1 Stopped 
 Container registration-e2e-c64fc7e5-backend-1 Removing 
 Container registration-e2e-c64fc7e5-backend-1 Removed 
 Container registration-e2e-c64fc7e5-mailpit-1 Stopping 
 Container registration-e2e-c64fc7e5-db-1 Stopping 
 Container registration-e2e-c64fc7e5-db-1 Stopped 
 Container registration-e2e-c64fc7e5-db-1 Removing 
 Container registration-e2e-c64fc7e5-db-1 Removed 
 Container registration-e2e-c64fc7e5-mailpit-1 Stopped 
 Container registration-e2e-c64fc7e5-mailpit-1 Removing 
 Container registration-e2e-c64fc7e5-mailpit-1 Removed 
 Volume registration-e2e-c64fc7e5_pgdata Removing 
 Volume registration-e2e-c64fc7e5_jsoncopies Removing 
 Network registration-e2e-c64fc7e5_default Removing 
 Volume registration-e2e-c64fc7e5_pgdata Removed 
 Volume registration-e2e-c64fc7e5_jsoncopies Removed 
 Network registration-e2e-c64fc7e5_default Removed 

  6 passed (1.1m)
