# Input manifest (paths relative to repository root)
OK  01_input/00_general/engineering-standards.md
OK  01_input/00_general/phases.md
OK  01_input/00_general/quality/definition-of-done.md
OK  01_input/00_general/quality/severity-scale.md
OK  01_input/00_general/quality/test-strategy.md
OK  01_input/00_general/security/security-baseline.md
OK  01_input/00_general/skills/preflight/SKILL.md
OK  01_input/00_general/skills/verify-release/SKILL.md
OK  01_input/00_general/skills/write-acceptance-tests/SKILL.md
OK  01_input/00_general/working-rules.md
OK  01_input/01_project/00_setup/environments.md
OK  01_input/01_project/00_setup/run-config.md
OK  01_input/01_project/00_setup/secrets.env.example
OK  01_input/01_project/00_setup/tech-stack.md
OK  01_input/01_project/01_requirements/business-rules.md
OK  01_input/01_project/01_requirements/scope.md
OK  01_input/01_project/01_requirements/user-stories.md
OK  01_input/01_project/02_design/architecture.md
OK  01_input/01_project/02_design/quality-requirements.md
OK  01_input/01_project/02_design/security-requirements.md
OK  AGENTS.md
OK  README.md
OK  03_statistics/metrics.md
OK  03_statistics/run-log.template.json
OK  03_statistics/usage.md
input: 25 files, 0 mismatches
# Acceptance manifest (paths relative to 02_output)
OK  backend/src/test/java/si/konferenca/registration/acceptance/ExportAcceptanceTest.java
OK  backend/src/test/java/si/konferenca/registration/acceptance/ExportHttpsOnlyAcceptanceTest.java
OK  backend/src/test/java/si/konferenca/registration/acceptance/ExportRateLimitAcceptanceTest.java
OK  backend/src/test/java/si/konferenca/registration/acceptance/ExternalRegistrationAcceptanceTest.java
OK  backend/src/test/java/si/konferenca/registration/acceptance/JsonCopyFailureAcceptanceTest.java
OK  backend/src/test/java/si/konferenca/registration/acceptance/OptionsAcceptanceTest.java
OK  backend/src/test/java/si/konferenca/registration/acceptance/OptionsConfigurationAcceptanceTest.java
OK  backend/src/test/java/si/konferenca/registration/acceptance/OrganizerNotificationAcceptanceTest.java
OK  backend/src/test/java/si/konferenca/registration/acceptance/ParticipantEmailAcceptanceTest.java
OK  backend/src/test/java/si/konferenca/registration/acceptance/RecaptchaUnreachableAcceptanceTest.java
OK  backend/src/test/java/si/konferenca/registration/acceptance/RecaptchaVerificationAcceptanceTest.java
OK  backend/src/test/java/si/konferenca/registration/acceptance/RegistrationRateLimitAcceptanceTest.java
OK  backend/src/test/java/si/konferenca/registration/acceptance/SmtpFailureAcceptanceTest.java
OK  backend/src/test/java/si/konferenca/registration/acceptance/StartupConfigurationAcceptanceTest.java
OK  backend/src/test/java/si/konferenca/registration/acceptance/StorageAcceptanceTest.java
OK  backend/src/test/java/si/konferenca/registration/acceptance/StudentRegistrationAcceptanceTest.java
OK  backend/src/test/java/si/konferenca/registration/acceptance/support/AcceptanceTest.java
OK  backend/src/test/java/si/konferenca/registration/acceptance/support/Api.java
OK  backend/src/test/java/si/konferenca/registration/acceptance/support/Checks.java
OK  backend/src/test/java/si/konferenca/registration/acceptance/support/Clients.java
OK  backend/src/test/java/si/konferenca/registration/acceptance/support/CopySchema.java
OK  backend/src/test/java/si/konferenca/registration/acceptance/support/CustomContextTest.java
OK  backend/src/test/java/si/konferenca/registration/acceptance/support/Database.java
OK  backend/src/test/java/si/konferenca/registration/acceptance/support/JsonCopies.java
OK  backend/src/test/java/si/konferenca/registration/acceptance/support/Mailpit.java
OK  backend/src/test/java/si/konferenca/registration/acceptance/support/Payloads.java
OK  backend/src/test/java/si/konferenca/registration/acceptance/support/RecaptchaMock.java
OK  backend/src/test/java/si/konferenca/registration/acceptance/support/Startup.java
OK  backend/src/test/java/si/konferenca/registration/acceptance/support/TestEnvironment.java
OK  backend/src/test/resources/acceptance/alternative-options.json
OK  backend/src/test/resources/acceptance/conference-options.json
OK  backend/src/test/resources/acceptance/invalid-duplicate-id.json
OK  backend/src/test/resources/acceptance/invalid-missing-name.json
OK  backend/src/test/resources/acceptance/invalid-unknown-category.json
OK  frontend/e2e/support.ts
OK  frontend/e2e/us001-external-form.e2e.spec.ts
OK  frontend/e2e/us002-student-form.e2e.spec.ts
OK  frontend/e2e/us003-options.e2e.spec.ts
OK  frontend/e2e/us004-confirmation.e2e.spec.ts
OK  docs/01_acceptance-criteria.md
acceptance: 40 files, 0 mismatches
37753fa test: convert JDBC timestamps in frozen storage test (D-12, AC-005-01)
