== input manifest
OK 01_input/00_general/phases.md
OK 01_input/00_general/rules.md
OK 01_input/00_general/skills/build/SKILL.md
OK 01_input/00_general/skills/decisions/SKILL.md
OK 01_input/00_general/skills/derive-acceptance-criteria/SKILL.md
OK 01_input/00_general/skills/preflight/SKILL.md
OK 01_input/00_general/skills/release/SKILL.md
OK 01_input/00_general/skills/unit-tests/SKILL.md
OK 01_input/00_general/skills/verify-release/SKILL.md
OK 01_input/00_general/skills/write-acceptance-tests/SKILL.md
OK 01_input/00_general/skills/write-specification/SKILL.md
OK 01_input/00_general/standards/done.md
OK 01_input/00_general/standards/engineering.md
OK 01_input/00_general/standards/security.md
OK 01_input/00_general/standards/testing.md
OK 01_input/00_general/tools/secrets.sh
OK 01_input/00_general/tools/usage-from-transcript.mjs
OK 01_input/01_project/00_setup/run-config.md
OK 01_input/01_project/constraints.md
OK 01_input/01_project/requirements.md
OK 01_input/01_project/secrets.env.example
OK 01_input/01_project/stack.md
OK AGENTS.md
OK README.md
OK 03_statistics/metrics.md
OK 03_statistics/run-log.template.json
== acceptance manifest
OK backend/src/test/java/si/konferenca/registration/acceptance/AntiAutomationLiveAcceptanceTest.java
OK backend/src/test/java/si/konferenca/registration/acceptance/support/AcceptanceEnvironment.java
OK backend/src/test/java/si/konferenca/registration/acceptance/support/AcceptanceTestBase.java
OK backend/src/test/java/si/konferenca/registration/acceptance/support/Api.java
OK backend/src/test/java/si/konferenca/registration/acceptance/support/AppRunner.java
OK backend/src/test/java/si/konferenca/registration/acceptance/support/Db.java
OK backend/src/test/java/si/konferenca/registration/acceptance/support/JsonCopies.java
OK backend/src/test/java/si/konferenca/registration/acceptance/support/Json.java
OK backend/src/test/java/si/konferenca/registration/acceptance/support/Mailpit.java
OK backend/src/test/java/si/konferenca/registration/acceptance/support/MailUnavailableTestBase.java
OK backend/src/test/java/si/konferenca/registration/acceptance/support/MockVerificationServer.java
OK backend/src/test/java/si/konferenca/registration/acceptance/support/Payloads.java
OK backend/src/test/java/si/konferenca/registration/acceptance/support/Workbooks.java
OK backend/src/test/java/si/konferenca/registration/acceptance/Us001ExternalRegistrationAcceptanceTest.java
OK backend/src/test/java/si/konferenca/registration/acceptance/Us002StudentRegistrationAcceptanceTest.java
OK backend/src/test/java/si/konferenca/registration/acceptance/Us003ConferenceOptionsAcceptanceTest.java
OK backend/src/test/java/si/konferenca/registration/acceptance/Us004ConfirmationAcceptanceTest.java
OK backend/src/test/java/si/konferenca/registration/acceptance/Us005StorageAcceptanceTest.java
OK backend/src/test/java/si/konferenca/registration/acceptance/Us006ParticipantEmailAcceptanceTest.java
OK backend/src/test/java/si/konferenca/registration/acceptance/Us006ParticipantEmailFailureAcceptanceTest.java
OK backend/src/test/java/si/konferenca/registration/acceptance/Us007OrganizerNotificationAcceptanceTest.java
OK backend/src/test/java/si/konferenca/registration/acceptance/Us007OrganizerNotificationFailureAcceptanceTest.java
OK backend/src/test/java/si/konferenca/registration/acceptance/Us008ExportAcceptanceTest.java
OK backend/src/test/resources/acceptance/conference-config.json
OK frontend/e2e/support.ts
OK frontend/e2e/us001-us002-registration.spec.ts
OK frontend/e2e/us003-us004-form.spec.ts
OK frontend/e2e/us006-us007-emails.spec.ts
OK frontend/e2e/us008-export.spec.ts
OK frontend/src/acceptance/support.tsx
OK frontend/src/acceptance/us001-external-form.test.tsx
OK frontend/src/acceptance/us002-student-form.test.tsx
OK frontend/src/acceptance/us003-options.test.tsx
OK frontend/src/acceptance/us004-confirmation.test.tsx
