               
               
┌─────────────┐
│ Scan Status │
└─────────────┘
  Scanning 118 files tracked by git with 1144 Code rules:
                                                                                                                        
  Language      Rules   Files          Origin      Rules                                                                
 ─────────────────────────────        ───────────────────                                                               
  <multilang>      78      79          Community    1144                                                                
  java            118      40                                                                                           
  ts              164      26                                                                                           
  json              4      15                                                                                           
  yaml             39       4                                                                                           
  bash              4       3                                                                                           
  js              154       2                                                                                           
  dockerfile        6       2                                                                                           
  html              1       1                                                                                           
                                                                                                                        
                
                
┌──────────────┐
│ Scan Summary │
└──────────────┘
✅ Scan completed successfully.
 • Findings: 1 (1 blocking)
 • Rules run: 409
 • Targets scanned: 118
 • Parsed lines: ~99.9%
 • Scan skipped: 
   ◦ Matching --exclude patterns: 6
   ◦ Files matching .semgrepignore patterns: 2
 • For a detailed list of skipped files and lines, run semgrep with the --verbose flag
Ran 409 rules on 118 files: 1 finding.
