 Image conference-registration-backend Building 
 Image conference-registration-frontend Building 
#1 [internal] load local bake definitions
#1 reading from stdin 1.42kB done
#1 DONE 0.0s

#2 [backend internal] load build definition from Dockerfile
#2 transferring dockerfile: 806B 0.0s done
#2 DONE 0.0s

#3 [frontend internal] load build definition from Dockerfile
#3 transferring dockerfile: 808B 0.0s done
#3 DONE 0.1s

#4 [auth] library/eclipse-temurin:pull token for registry-1.docker.io
#4 DONE 0.0s

#5 [auth] library/node:pull token for registry-1.docker.io
#5 DONE 0.0s

#6 [auth] library/nginx:pull token for registry-1.docker.io
#6 DONE 0.0s

#7 [frontend internal] load metadata for docker.io/library/node:24.13.0-alpine
#7 DONE 1.1s

#8 [frontend internal] load metadata for docker.io/library/nginx:1.30.5-alpine
#8 DONE 1.1s

#9 [frontend internal] load .dockerignore
#9 transferring context: 123B done
#9 DONE 0.0s

#10 [frontend internal] load build context
#10 DONE 0.0s

#11 [frontend build 1/7] FROM docker.io/library/node:24.13.0-alpine@sha256:cd6fb7efa6490f039f3471a189214d5f548c11df1ff9e5b181aa49e22c14383e
#11 resolve docker.io/library/node:24.13.0-alpine@sha256:cd6fb7efa6490f039f3471a189214d5f548c11df1ff9e5b181aa49e22c14383e 0.1s done
#11 DONE 0.1s

#12 [frontend stage-1 1/5] FROM docker.io/library/nginx:1.30.5-alpine@sha256:0985e772fb9f729e6fa0980da05fca5d9c468e870eed43071545afa9d2e27d94
#12 resolve docker.io/library/nginx:1.30.5-alpine@sha256:0985e772fb9f729e6fa0980da05fca5d9c468e870eed43071545afa9d2e27d94
#12 resolve docker.io/library/nginx:1.30.5-alpine@sha256:0985e772fb9f729e6fa0980da05fca5d9c468e870eed43071545afa9d2e27d94 0.1s done
#12 DONE 0.1s

#10 [frontend internal] load build context
#10 transferring context: 309.53kB 0.0s done
#10 DONE 0.1s

#13 [frontend build 4/7] RUN npm ci --no-audit
#13 CACHED

#14 [frontend build 5/7] COPY index.html tsconfig.json vite.config.ts ./
#14 CACHED

#15 [frontend build 2/7] WORKDIR /app
#15 CACHED

#16 [frontend build 7/7] RUN npm run build
#16 CACHED

#17 [frontend build 3/7] COPY package.json package-lock.json .npmrc ./
#17 CACHED

#18 [frontend stage-1 4/5] COPY --from=build /app/dist /usr/share/nginx/html
#18 CACHED

#19 [frontend stage-1 2/5] COPY nginx/nginx.conf /etc/nginx/nginx.conf
#19 CACHED

#20 [frontend stage-1 3/5] COPY nginx/default.conf.template /etc/nginx/templates/default.conf.template
#20 CACHED

#21 [frontend build 6/7] COPY src ./src
#21 CACHED

#22 [frontend stage-1 5/5] RUN rm -f /etc/nginx/conf.d/default.conf     && chown -R nginx:nginx /etc/nginx/conf.d /var/cache/nginx
#22 CACHED

#23 [frontend] exporting to image
#23 exporting layers done
#23 exporting manifest sha256:7a8688c98d86f973cb6472519943003fd936e5f82e1a5bc78f9d72749cbe309a done
#23 exporting config sha256:e1c67922947508d0801831b7574ee96276cfce9512ab1131a621044c6d92e83b done
#23 exporting attestation manifest sha256:3233d76b5344099448025884444aae9e784d141c20b69b48facede421d483480 0.1s done
#23 exporting manifest list sha256:56203db923ee77f564d14c73342cc652a462c825c7e307705c24dfc750c0466e
#23 exporting manifest list sha256:56203db923ee77f564d14c73342cc652a462c825c7e307705c24dfc750c0466e 0.0s done
#23 naming to docker.io/library/conference-registration-frontend:latest done
#23 unpacking to docker.io/library/conference-registration-frontend:latest 0.0s done
#23 DONE 0.2s

#24 [backend internal] load metadata for docker.io/library/eclipse-temurin:21.0.10_7-jre-alpine
#24 ...

#25 [frontend] resolving provenance for metadata file
#25 DONE 0.0s

#24 [backend internal] load metadata for docker.io/library/eclipse-temurin:21.0.10_7-jre-alpine
#24 DONE 3.7s

#26 [backend internal] load .dockerignore
#26 transferring context: 81B done
#26 DONE 0.1s

#27 [backend internal] load build context
#27 DONE 0.0s

#28 [backend 1/4] FROM docker.io/library/eclipse-temurin:21.0.10_7-jre-alpine@sha256:ad0cdd9782db550ca7dde6939a16fd850d04e683d37d3cff79d84a5848ba6a5a
#28 resolve docker.io/library/eclipse-temurin:21.0.10_7-jre-alpine@sha256:ad0cdd9782db550ca7dde6939a16fd850d04e683d37d3cff79d84a5848ba6a5a 0.1s done
#28 DONE 0.1s

#27 [backend internal] load build context
#27 transferring context: 80.25MB 1.4s done
#27 DONE 1.4s

#29 [backend 2/4] RUN addgroup -S registration && adduser -S -G registration -H registration     && mkdir -p /app /var/lib/registration/json-copies     && chown -R registration:registration /var/lib/registration
#29 CACHED

#30 [backend 3/4] COPY --chown=root:root target/registration-backend-0.1.0.jar /app/registration-backend.jar
#30 DONE 0.7s

#31 [backend 4/4] WORKDIR /app
#31 DONE 0.2s

#32 [backend] exporting to image
#32 exporting layers 13.4s done
#32 exporting manifest sha256:e45043bc63580ff1d5793156bcc3df15cef9418b46388fcd460816b3b94cea68 0.0s done
#32 exporting config sha256:8e156ca716b24e0c1f113b49c435b841641d20c3a5bb7d861387aeba078827d5 0.0s done
#32 exporting attestation manifest sha256:be4eb43065a08c7703aae06680615c11cf9ebd463304c7b16b59de7725ba0e4f
#32 exporting attestation manifest sha256:be4eb43065a08c7703aae06680615c11cf9ebd463304c7b16b59de7725ba0e4f 0.1s done
#32 exporting manifest list sha256:7115d2646385c89aba727eea2baaeea0f77c91bada099d79d1b6ca6a1635dd1b 0.0s done
#32 naming to docker.io/library/conference-registration-backend:latest done
#32 unpacking to docker.io/library/conference-registration-backend:latest
#32 unpacking to docker.io/library/conference-registration-backend:latest 1.4s done
#32 DONE 15.2s

#33 [backend] resolving provenance for metadata file
#33 DONE 0.0s
 Image conference-registration-backend Built 
 Image conference-registration-frontend Built 
 Network conference-registration_default Creating 
 Network conference-registration_default Created 
 Container conference-registration-mailpit-1 Creating 
 Container conference-registration-postgres-1 Creating 
 Container conference-registration-mailpit-1 Created 
 Container conference-registration-postgres-1 Created 
 Container conference-registration-backend-1 Creating 
 Container conference-registration-backend-1 Created 
 Container conference-registration-frontend-1 Creating 
 Container conference-registration-frontend-1 Created 
 Container conference-registration-mailpit-1 Starting 
 Container conference-registration-postgres-1 Starting 
 Container conference-registration-postgres-1 Started 
 Container conference-registration-mailpit-1 Started 
 Container conference-registration-postgres-1 Waiting 
 Container conference-registration-postgres-1 Healthy 
 Container conference-registration-backend-1 Starting 
 Container conference-registration-backend-1 Started 
 Container conference-registration-backend-1 Waiting 
 Container conference-registration-backend-1 Healthy 
 Container conference-registration-frontend-1 Starting 
 Container conference-registration-frontend-1 Started 
 Container conference-registration-postgres-1 Waiting 
 Container conference-registration-mailpit-1 Waiting 
 Container conference-registration-backend-1 Waiting 
 Container conference-registration-frontend-1 Waiting 
 Container conference-registration-mailpit-1 Healthy 
 Container conference-registration-postgres-1 Healthy 
 Container conference-registration-backend-1 Healthy 
 Container conference-registration-frontend-1 Healthy 
