[INFO] Scanning for projects...
[INFO] 
[INFO] ---------------------< si.konferenca:registration >---------------------
[INFO] Building registration-backend 0.1.0
[INFO]   from pom.xml
[INFO] --------------------------------[ jar ]---------------------------------
[INFO] 
[INFO] --- dependency-check:12.1.0:check (default-cli) @ registration ---
[INFO] Checking for updates
[INFO] NVD API has 6.586 records in this update
[INFO] Downloaded 6.586/6.586 (100%)
[INFO] Completed processing batch 1/4 (25%) in 3.535ms
[INFO] Completed processing batch 2/4 (50%) in 119ms
[INFO] Completed processing batch 3/4 (75%) in 226ms
[INFO] Completed processing batch 4/4 (100%) in 795ms
[INFO] Updating CISA Known Exploited Vulnerability list: https://www.cisa.gov/sites/default/files/feeds/known_exploited_vulnerabilities.json
[INFO] Begin database defrag
[INFO] End database defrag (7876 ms)
[INFO] Check for updates complete (27155 ms)
[INFO] 

Dependency-Check is an open source tool performing a best effort analysis of 3rd party dependencies; false positives and false negatives may exist in the analysis performed by the tool. Use of the tool and the reporting provided constitutes acceptance for use in an AS IS condition, and there are NO warranties, implied or otherwise, with regard to the analysis or its use. Any use of the tool and the reporting provided is at the user's risk. In no event shall the copyright holder or OWASP be held liable for any damages whatsoever arising out of or in connection with the use of this tool, the analysis performed, or the resulting report.


   About ODC: https://jeremylong.github.io/DependencyCheck/general/internals.html
   False Positives: https://jeremylong.github.io/DependencyCheck/general/suppression.html

? Sponsor: https://github.com/sponsors/jeremylong


[INFO] Analysis Started
[INFO] Finished Archive Analyzer (1 seconds)
[INFO] Finished File Name Analyzer (0 seconds)
[INFO] Finished Jar Analyzer (0 seconds)
[INFO] Finished Dependency Merging Analyzer (0 seconds)
[INFO] Finished Hint Analyzer (0 seconds)
[INFO] Finished Version Filter Analyzer (0 seconds)
Oct 02, 2026 12:37:56 PM org.apache.lucene.store.MemorySegmentIndexInputProvider <init>
INFO: Using MemorySegmentIndexInput with Java 21 or later; to disable start with -Dorg.apache.lucene.store.MMapDirectory.enableMemorySegments=false
Oct 02, 2026 12:37:56 PM org.apache.lucene.internal.vectorization.VectorizationProvider lookup
WARNING: Java vector incubator module is not readable. For optimal vector performance, pass '--add-modules jdk.incubator.vector' to enable Vector API.
[INFO] Created CPE Index (2 seconds)
[INFO] Finished CPE Analyzer (3 seconds)
[INFO] Finished False Positive Analyzer (0 seconds)
[INFO] Finished NVD CVE Analyzer (0 seconds)
[INFO] Finished RetireJS Analyzer (0 seconds)
[WARNING] An error occurred while analyzing 'C:\Users\tanej\.m2\repository\org\springframework\boot\spring-boot-starter-mail\4.1.1\spring-boot-starter-mail-4.1.1.jar' (Sonatype OSS Index Analyzer).
[WARNING] An error occurred while analyzing 'C:\Users\tanej\.m2\repository\org\apache\commons\commons-compress\1.28.0\commons-compress-1.28.0.jar' (Sonatype OSS Index Analyzer).
[WARNING] An error occurred while analyzing 'C:\Users\tanej\.m2\repository\org\apache\xmlbeans\xmlbeans\5.3.0\xmlbeans-5.3.0.jar' (Sonatype OSS Index Analyzer).
[WARNING] An error occurred while analyzing 'C:\Users\tanej\.m2\repository\org\apache\poi\poi-ooxml-lite\5.5.1\poi-ooxml-lite-5.5.1.jar' (Sonatype OSS Index Analyzer).
[WARNING] An error occurred while analyzing 'C:\Users\tanej\.m2\repository\com\zaxxer\SparseBitSet\1.3\SparseBitSet-1.3.jar' (Sonatype OSS Index Analyzer).
[WARNING] An error occurred while analyzing 'C:\Users\tanej\.m2\repository\org\apache\commons\commons-math3\3.6.1\commons-math3-3.6.1.jar' (Sonatype OSS Index Analyzer).
[WARNING] An error occurred while analyzing 'C:\Users\tanej\.m2\repository\commons-codec\commons-codec\1.21.0\commons-codec-1.21.0.jar' (Sonatype OSS Index Analyzer).
[WARNING] An error occurred while analyzing 'C:\Users\tanej\.m2\repository\org\apache\poi\poi\5.5.1\poi-5.5.1.jar' (Sonatype OSS Index Analyzer).
[WARNING] An error occurred while analyzing 'C:\Users\tanej\.m2\repository\org\apache\poi\poi-ooxml\5.5.1\poi-ooxml-5.5.1.jar' (Sonatype OSS Index Analyzer).
[WARNING] An error occurred while analyzing 'C:\Users\tanej\.m2\repository\org\springframework\boot\spring-boot-flyway\4.1.1\spring-boot-flyway-4.1.1.jar' (Sonatype OSS Index Analyzer).
[WARNING] An error occurred while analyzing 'C:\Users\tanej\.m2\repository\org\springframework\boot\spring-boot-starter-flyway\4.1.1\spring-boot-starter-flyway-4.1.1.jar' (Sonatype OSS Index Analyzer).
[WARNING] An error occurred while analyzing 'C:\Users\tanej\.m2\repository\org\eclipse\angus\angus-activation\2.0.3\angus-activation-2.0.3.jar' (Sonatype OSS Index Analyzer).
[WARNING] An error occurred while analyzing 'C:\Users\tanej\.m2\repository\org\eclipse\angus\angus-mail\2.0.5\angus-mail-2.0.5.jar' (Sonatype OSS Index Analyzer).
[WARNING] An error occurred while analyzing 'C:\Users\tanej\.m2\repository\jakarta\mail\jakarta.mail-api\2.1.5\jakarta.mail-api-2.1.5.jar' (Sonatype OSS Index Analyzer).
[WARNING] An error occurred while analyzing 'C:\Users\tanej\.m2\repository\org\springframework\spring-context-support\7.0.9\spring-context-support-7.0.9.jar' (Sonatype OSS Index Analyzer).
[WARNING] An error occurred while analyzing 'C:\Users\tanej\.m2\repository\org\springframework\boot\spring-boot-mail\4.1.1\spring-boot-mail-4.1.1.jar' (Sonatype OSS Index Analyzer).
[WARNING] An error occurred while analyzing 'C:\Users\tanej\.m2\repository\org\hibernate\orm\hibernate-core\7.4.5.Final\hibernate-core-7.4.5.Final.jar' (Sonatype OSS Index Analyzer).
[WARNING] An error occurred while analyzing 'C:\Users\tanej\.m2\repository\jakarta\persistence\jakarta.persistence-api\3.2.0\jakarta.persistence-api-3.2.0.jar' (Sonatype OSS Index Analyzer).
[WARNING] An error occurred while analyzing 'C:\Users\tanej\.m2\repository\org\springframework\boot\spring-boot-jpa\4.1.1\spring-boot-jpa-4.1.1.jar' (Sonatype OSS Index Analyzer).
[WARNING] An error occurred while analyzing 'C:\Users\tanej\.m2\repository\org\springframework\boot\spring-boot-hibernate\4.1.1\spring-boot-hibernate-4.1.1.jar' (Sonatype OSS Index Analyzer).
[WARNING] An error occurred while analyzing 'C:\Users\tanej\.m2\repository\org\springframework\data\spring-data-commons\4.1.1\spring-data-commons-4.1.1.jar' (Sonatype OSS Index Analyzer).
[WARNING] An error occurred while analyzing 'C:\Users\tanej\.m2\repository\org\springframework\boot\spring-boot-persistence\4.1.1\spring-boot-persistence-4.1.1.jar' (Sonatype OSS Index Analyzer).
[WARNING] An error occurred while analyzing 'C:\Users\tanej\.m2\repository\org\springframework\boot\spring-boot-data-commons\4.1.1\spring-boot-data-commons-4.1.1.jar' (Sonatype OSS Index Analyzer).
[WARNING] An error occurred while analyzing 'C:\Users\tanej\.m2\repository\org\springframework\boot\spring-boot-data-jpa\4.1.1\spring-boot-data-jpa-4.1.1.jar' (Sonatype OSS Index Analyzer).
[WARNING] An error occurred while analyzing 'C:\Users\tanej\.m2\repository\com\zaxxer\HikariCP\7.0.2\HikariCP-7.0.2.jar' (Sonatype OSS Index Analyzer).
[WARNING] An error occurred while analyzing 'C:\Users\tanej\.m2\repository\org\springframework\boot\spring-boot-starter-jdbc\4.1.1\spring-boot-starter-jdbc-4.1.1.jar' (Sonatype OSS Index Analyzer).
[WARNING] An error occurred while analyzing 'C:\Users\tanej\.m2\repository\org\springframework\boot\spring-boot-starter-data-jpa\4.1.1\spring-boot-starter-data-jpa-4.1.1.jar' (Sonatype OSS Index Analyzer).
[WARNING] An error occurred while analyzing 'C:\Users\tanej\.m2\repository\org\flywaydb\flyway-database-postgresql\12.4.0\flyway-database-postgresql-12.4.0.jar' (Sonatype OSS Index Analyzer).
[WARNING] An error occurred while analyzing 'C:\Users\tanej\.m2\repository\org\apache\commons\commons-collections4\4.5.0\commons-collections4-4.5.0.jar' (Sonatype OSS Index Analyzer).
[WARNING] An error occurred while analyzing 'C:\Users\tanej\.m2\repository\com\github\virtuald\curvesapi\1.08\curvesapi-1.08.jar' (Sonatype OSS Index Analyzer).
[WARNING] An error occurred while analyzing 'C:\Users\tanej\.m2\repository\commons-io\commons-io\2.21.0\commons-io-2.21.0.jar' (Sonatype OSS Index Analyzer).
[WARNING] An error occurred while analyzing 'C:\Users\tanej\.m2\repository\org\springframework\boot\spring-boot-sql\4.1.1\spring-boot-sql-4.1.1.jar' (Sonatype OSS Index Analyzer).
[WARNING] An error occurred while analyzing 'C:\Users\tanej\.m2\repository\org\springframework\boot\spring-boot-jdbc\4.1.1\spring-boot-jdbc-4.1.1.jar' (Sonatype OSS Index Analyzer).
[WARNING] An error occurred while analyzing 'C:\Users\tanej\.m2\repository\org\aspectj\aspectjweaver\1.9.25.1\aspectjweaver-1.9.25.1.jar' (Sonatype OSS Index Analyzer).
[WARNING] An error occurred while analyzing 'C:\Users\tanej\.m2\repository\org\springframework\spring-aspects\7.0.9\spring-aspects-7.0.9.jar' (Sonatype OSS Index Analyzer).
[WARNING] An error occurred while analyzing 'C:\Users\tanej\.m2\repository\org\antlr\antlr4-runtime\4.13.2\antlr4-runtime-4.13.2.jar' (Sonatype OSS Index Analyzer).
[WARNING] An error occurred while analyzing 'C:\Users\tanej\.m2\repository\org\springframework\spring-tx\7.0.9\spring-tx-7.0.9.jar' (Sonatype OSS Index Analyzer).
[WARNING] An error occurred while analyzing 'C:\Users\tanej\.m2\repository\org\springframework\data\spring-data-jpa\4.1.1\spring-data-jpa-4.1.1.jar' (Sonatype OSS Index Analyzer).
[WARNING] An error occurred while analyzing 'C:\Users\tanej\.m2\repository\org\springframework\spring-orm\7.0.9\spring-orm-7.0.9.jar' (Sonatype OSS Index Analyzer).
[WARNING] An error occurred while analyzing 'C:\Users\tanej\.m2\repository\jakarta\inject\jakarta.inject-api\2.0.1\jakarta.inject-api-2.0.1.jar' (Sonatype OSS Index Analyzer).
[WARNING] An error occurred while analyzing 'C:\Users\tanej\.m2\repository\com\sun\istack\istack-commons-runtime\4.1.2\istack-commons-runtime-4.1.2.jar' (Sonatype OSS Index Analyzer).
[WARNING] An error occurred while analyzing 'C:\Users\tanej\.m2\repository\org\glassfish\jaxb\txw2\4.0.9\txw2-4.0.9.jar' (Sonatype OSS Index Analyzer).
[WARNING] An error occurred while analyzing 'C:\Users\tanej\.m2\repository\org\glassfish\jaxb\jaxb-core\4.0.9\jaxb-core-4.0.9.jar' (Sonatype OSS Index Analyzer).
[WARNING] An error occurred while analyzing 'C:\Users\tanej\.m2\repository\org\glassfish\jaxb\jaxb-runtime\4.0.9\jaxb-runtime-4.0.9.jar' (Sonatype OSS Index Analyzer).
[WARNING] An error occurred while analyzing 'C:\Users\tanej\.m2\repository\org\hibernate\models\hibernate-models\1.1.1\hibernate-models-1.1.1.jar' (Sonatype OSS Index Analyzer).
[WARNING] An error occurred while analyzing 'C:\Users\tanej\.m2\repository\jakarta\transaction\jakarta.transaction-api\2.0.1\jakarta.transaction-api-2.0.1.jar' (Sonatype OSS Index Analyzer).
[WARNING] An error occurred while analyzing 'C:\Users\tanej\.m2\repository\org\hdrhistogram\HdrHistogram\2.2.2\HdrHistogram-2.2.2.jar' (Sonatype OSS Index Analyzer).
[WARNING] An error occurred while analyzing 'C:\Users\tanej\.m2\repository\io\micrometer\micrometer-core\1.17.1\micrometer-core-1.17.1.jar' (Sonatype OSS Index Analyzer).
[WARNING] An error occurred while analyzing 'C:\Users\tanej\.m2\repository\io\micrometer\micrometer-jakarta9\1.17.1\micrometer-jakarta9-1.17.1.jar' (Sonatype OSS Index Analyzer).
[WARNING] An error occurred while analyzing 'C:\Users\tanej\.m2\repository\io\micrometer\micrometer-commons\1.17.1\micrometer-commons-1.17.1.jar' (Sonatype OSS Index Analyzer).
[WARNING] An error occurred while analyzing 'C:\Users\tanej\.m2\repository\org\jspecify\jspecify\1.0.1\jspecify-1.0.1.jar' (Sonatype OSS Index Analyzer).
[WARNING] An error occurred while analyzing 'C:\Users\tanej\.m2\repository\io\micrometer\micrometer-observation\1.17.1\micrometer-observation-1.17.1.jar' (Sonatype OSS Index Analyzer).
[WARNING] An error occurred while analyzing 'C:\Users\tanej\.m2\repository\org\springframework\boot\spring-boot-health\4.1.1\spring-boot-health-4.1.1.jar' (Sonatype OSS Index Analyzer).
[WARNING] An error occurred while analyzing 'C:\Users\tanej\.m2\repository\org\springframework\boot\spring-boot-actuator\4.1.1\spring-boot-actuator-4.1.1.jar' (Sonatype OSS Index Analyzer).
[WARNING] An error occurred while analyzing 'C:\Users\tanej\.m2\repository\org\springframework\boot\spring-boot-actuator-autoconfigure\4.1.1\spring-boot-actuator-autoconfigure-4.1.1.jar' (Sonatype OSS Index Analyzer).
[WARNING] An error occurred while analyzing 'C:\Users\tanej\.m2\repository\org\springframework\boot\spring-boot-micrometer-observation\4.1.1\spring-boot-micrometer-observation-4.1.1.jar' (Sonatype OSS Index Analyzer).
[WARNING] An error occurred while analyzing 'C:\Users\tanej\.m2\repository\org\springframework\boot\spring-boot-micrometer-metrics\4.1.1\spring-boot-micrometer-metrics-4.1.1.jar' (Sonatype OSS Index Analyzer).
[WARNING] An error occurred while analyzing 'C:\Users\tanej\.m2\repository\org\springframework\boot\spring-boot-starter-micrometer-metrics\4.1.1\spring-boot-starter-micrometer-metrics-4.1.1.jar' (Sonatype OSS Index Analyzer).
[WARNING] An error occurred while analyzing 'C:\Users\tanej\.m2\repository\org\springframework\boot\spring-boot-starter-actuator\4.1.1\spring-boot-starter-actuator-4.1.1.jar' (Sonatype OSS Index Analyzer).
[WARNING] An error occurred while analyzing 'C:\Users\tanej\.m2\repository\org\springframework\spring-jdbc\7.0.9\spring-jdbc-7.0.9.jar' (Sonatype OSS Index Analyzer).
[WARNING] An error occurred while analyzing 'C:\Users\tanej\.m2\repository\org\springframework\boot\spring-boot-transaction\4.1.1\spring-boot-transaction-4.1.1.jar' (Sonatype OSS Index Analyzer).
[WARNING] An error occurred while analyzing 'C:\Users\tanej\.m2\repository\org\springframework\boot\spring-boot-jackson\4.1.1\spring-boot-jackson-4.1.1.jar' (Sonatype OSS Index Analyzer).
[WARNING] An error occurred while analyzing 'C:\Users\tanej\.m2\repository\org\springframework\boot\spring-boot-starter-jackson\4.1.1\spring-boot-starter-jackson-4.1.1.jar' (Sonatype OSS Index Analyzer).
[WARNING] An error occurred while analyzing 'C:\Users\tanej\.m2\repository\org\yaml\snakeyaml\2.6\snakeyaml-2.6.jar' (Sonatype OSS Index Analyzer).
[WARNING] An error occurred while analyzing 'C:\Users\tanej\.m2\repository\jakarta\annotation\jakarta.annotation-api\3.0.0\jakarta.annotation-api-3.0.0.jar' (Sonatype OSS Index Analyzer).
[WARNING] An error occurred while analyzing 'C:\Users\tanej\.m2\repository\org\springframework\boot\spring-boot-autoconfigure\4.1.1\spring-boot-autoconfigure-4.1.1.jar' (Sonatype OSS Index Analyzer).
[WARNING] An error occurred while analyzing 'C:\Users\tanej\.m2\repository\org\slf4j\jul-to-slf4j\2.0.18\jul-to-slf4j-2.0.18.jar' (Sonatype OSS Index Analyzer).
[WARNING] An error occurred while analyzing 'C:\Users\tanej\.m2\repository\org\apache\logging\log4j\log4j-to-slf4j\2.26.1\log4j-to-slf4j-2.26.1.jar' (Sonatype OSS Index Analyzer).
[WARNING] An error occurred while analyzing 'C:\Users\tanej\.m2\repository\ch\qos\logback\logback-core\1.5.38\logback-core-1.5.38.jar' (Sonatype OSS Index Analyzer).
[WARNING] An error occurred while analyzing 'C:\Users\tanej\.m2\repository\ch\qos\logback\logback-classic\1.5.38\logback-classic-1.5.38.jar' (Sonatype OSS Index Analyzer).
[WARNING] An error occurred while analyzing 'C:\Users\tanej\.m2\repository\org\springframework\boot\spring-boot-starter-logging\4.1.1\spring-boot-starter-logging-4.1.1.jar' (Sonatype OSS Index Analyzer).
[WARNING] An error occurred while analyzing 'C:\Users\tanej\.m2\repository\org\springframework\boot\spring-boot-starter\4.1.1\spring-boot-starter-4.1.1.jar' (Sonatype OSS Index Analyzer).
[WARNING] An error occurred while analyzing 'C:\Users\tanej\.m2\repository\org\springframework\boot\spring-boot-starter-webmvc\4.1.1\spring-boot-starter-webmvc-4.1.1.jar' (Sonatype OSS Index Analyzer).
[WARNING] An error occurred while analyzing 'C:\Users\tanej\.m2\repository\org\apache\logging\log4j\log4j-api\2.26.1\log4j-api-2.26.1.jar' (Sonatype OSS Index Analyzer).
[WARNING] An error occurred while analyzing 'C:\Users\tanej\.m2\repository\org\apache\tomcat\tomcat-annotations-api\11.0.26\tomcat-annotations-api-11.0.26.jar' (Sonatype OSS Index Analyzer).
[WARNING] An error occurred while analyzing 'C:\Users\tanej\.m2\repository\org\apache\tomcat\embed\tomcat-embed-core\11.0.26\tomcat-embed-core-11.0.26.jar' (Sonatype OSS Index Analyzer).
[WARNING] An error occurred while analyzing 'C:\Users\tanej\.m2\repository\org\apache\tomcat\embed\tomcat-embed-el\11.0.26\tomcat-embed-el-11.0.26.jar' (Sonatype OSS Index Analyzer).
[WARNING] An error occurred while analyzing 'C:\Users\tanej\.m2\repository\org\springframework\boot\spring-boot-validation\4.1.1\spring-boot-validation-4.1.1.jar' (Sonatype OSS Index Analyzer).
[WARNING] An error occurred while analyzing 'C:\Users\tanej\.m2\repository\org\springframework\boot\spring-boot-starter-validation\4.1.1\spring-boot-starter-validation-4.1.1.jar' (Sonatype OSS Index Analyzer).
[WARNING] An error occurred while analyzing 'C:\Users\tanej\.m2\repository\org\springframework\spring-expression\7.0.9\spring-expression-7.0.9.jar' (Sonatype OSS Index Analyzer).
[WARNING] An error occurred while analyzing 'C:\Users\tanej\.m2\repository\org\springframework\spring-webmvc\7.0.9\spring-webmvc-7.0.9.jar' (Sonatype OSS Index Analyzer).
[WARNING] An error occurred while analyzing 'C:\Users\tanej\.m2\repository\org\springframework\boot\spring-boot-servlet\4.1.1\spring-boot-servlet-4.1.1.jar' (Sonatype OSS Index Analyzer).
[WARNING] An error occurred while analyzing 'C:\Users\tanej\.m2\repository\org\springframework\boot\spring-boot-webmvc\4.1.1\spring-boot-webmvc-4.1.1.jar' (Sonatype OSS Index Analyzer).
[WARNING] An error occurred while analyzing 'C:\Users\tanej\.m2\repository\org\springframework\spring-web\7.0.9\spring-web-7.0.9.jar' (Sonatype OSS Index Analyzer).
[WARNING] An error occurred while analyzing 'C:\Users\tanej\.m2\repository\org\springframework\spring-context\7.0.9\spring-context-7.0.9.jar' (Sonatype OSS Index Analyzer).
[WARNING] An error occurred while analyzing 'C:\Users\tanej\.m2\repository\org\springframework\boot\spring-boot\4.1.1\spring-boot-4.1.1.jar' (Sonatype OSS Index Analyzer).
[WARNING] An error occurred while analyzing 'C:\Users\tanej\.m2\repository\org\springframework\boot\spring-boot-http-converter\4.1.1\spring-boot-http-converter-4.1.1.jar' (Sonatype OSS Index Analyzer).
[WARNING] An error occurred while analyzing 'C:\Users\tanej\.m2\repository\org\springframework\boot\spring-boot-tomcat\4.1.1\spring-boot-tomcat-4.1.1.jar' (Sonatype OSS Index Analyzer).
[WARNING] An error occurred while analyzing 'C:\Users\tanej\.m2\repository\org\apache\tomcat\embed\tomcat-embed-websocket\11.0.26\tomcat-embed-websocket-11.0.26.jar' (Sonatype OSS Index Analyzer).
[WARNING] An error occurred while analyzing 'C:\Users\tanej\.m2\repository\org\springframework\boot\spring-boot-starter-tomcat-runtime\4.1.1\spring-boot-starter-tomcat-runtime-4.1.1.jar' (Sonatype OSS Index Analyzer).
[WARNING] An error occurred while analyzing 'C:\Users\tanej\.m2\repository\org\springframework\boot\spring-boot-starter-tomcat\4.1.1\spring-boot-starter-tomcat-4.1.1.jar' (Sonatype OSS Index Analyzer).
[WARNING] An error occurred while analyzing 'C:\Users\tanej\.m2\repository\org\flywaydb\flyway-core\12.4.0\flyway-core-12.4.0.jar' (Sonatype OSS Index Analyzer).
[WARNING] An error occurred while analyzing 'C:\Users\tanej\.m2\repository\org\checkerframework\checker-qual\3.55.1\checker-qual-3.55.1.jar' (Sonatype OSS Index Analyzer).
[WARNING] An error occurred while analyzing 'C:\Users\tanej\.m2\repository\org\postgresql\postgresql\42.7.13\postgresql-42.7.13.jar' (Sonatype OSS Index Analyzer).
[WARNING] An error occurred while analyzing 'C:\Users\tanej\.m2\repository\org\springframework\spring-beans\7.0.9\spring-beans-7.0.9.jar' (Sonatype OSS Index Analyzer).
[WARNING] An error occurred while analyzing 'C:\Users\tanej\.m2\repository\org\springframework\spring-aop\7.0.9\spring-aop-7.0.9.jar' (Sonatype OSS Index Analyzer).
[WARNING] An error occurred while analyzing 'C:\Users\tanej\.m2\repository\org\springframework\security\spring-security-web\7.1.1\spring-security-web-7.1.1.jar' (Sonatype OSS Index Analyzer).
[WARNING] An error occurred while analyzing 'C:\Users\tanej\.m2\repository\org\springframework\security\spring-security-crypto\7.1.1\spring-security-crypto-7.1.1.jar' (Sonatype OSS Index Analyzer).
[WARNING] An error occurred while analyzing 'C:\Users\tanej\.m2\repository\org\springframework\security\spring-security-core\7.1.1\spring-security-core-7.1.1.jar' (Sonatype OSS Index Analyzer).
[WARNING] An error occurred while analyzing 'C:\Users\tanej\.m2\repository\org\springframework\security\spring-security-config\7.1.1\spring-security-config-7.1.1.jar' (Sonatype OSS Index Analyzer).
[WARNING] An error occurred while analyzing 'C:\Users\tanej\.m2\repository\org\springframework\boot\spring-boot-security\4.1.1\spring-boot-security-4.1.1.jar' (Sonatype OSS Index Analyzer).
[WARNING] An error occurred while analyzing 'C:\Users\tanej\.m2\repository\org\springframework\boot\spring-boot-starter-security\4.1.1\spring-boot-starter-security-4.1.1.jar' (Sonatype OSS Index Analyzer).
[WARNING] An error occurred while analyzing 'C:\Users\tanej\.m2\repository\com\fasterxml\classmate\1.7.3\classmate-1.7.3.jar' (Sonatype OSS Index Analyzer).
[WARNING] An error occurred while analyzing 'C:\Users\tanej\.m2\repository\org\jboss\logging\jboss-logging\3.6.3.Final\jboss-logging-3.6.3.Final.jar' (Sonatype OSS Index Analyzer).
[WARNING] An error occurred while analyzing 'C:\Users\tanej\.m2\repository\jakarta\validation\jakarta.validation-api\3.1.1\jakarta.validation-api-3.1.1.jar' (Sonatype OSS Index Analyzer).
[WARNING] An error occurred while analyzing 'C:\Users\tanej\.m2\repository\org\hibernate\validator\hibernate-validator\9.1.3.Final\hibernate-validator-9.1.3.Final.jar' (Sonatype OSS Index Analyzer).
[WARNING] An error occurred while analyzing 'C:\Users\tanej\AppData\Local\Temp\dctemp91d8fb37-f8c5-44ca-b85a-b271a150bafa\check3949347974287874279tmp\14\pom.xml' (Sonatype OSS Index Analyzer).
[WARNING] An error occurred while analyzing 'C:\Users\tanej\AppData\Local\Temp\dctemp91d8fb37-f8c5-44ca-b85a-b271a150bafa\check3949347974287874279tmp\13\pom.xml' (Sonatype OSS Index Analyzer).
[WARNING] An error occurred while analyzing 'C:\Users\tanej\AppData\Local\Temp\dctemp91d8fb37-f8c5-44ca-b85a-b271a150bafa\check3949347974287874279tmp\3\pom.xml' (Sonatype OSS Index Analyzer).
[WARNING] An error occurred while analyzing 'C:\Users\tanej\AppData\Local\Temp\dctemp91d8fb37-f8c5-44ca-b85a-b271a150bafa\check17776147261001255498tmp\101\org\springframework\security\spring-security-webauthn.js' (Sonatype OSS Index Analyzer).
[WARNING] An error occurred while analyzing 'C:\Users\tanej\.m2\repository\commons-logging\commons-logging\1.3.6\commons-logging-1.3.6.jar' (Sonatype OSS Index Analyzer).
[WARNING] An error occurred while analyzing 'C:\Users\tanej\.m2\repository\org\springframework\spring-core\7.0.9\spring-core-7.0.9.jar' (Sonatype OSS Index Analyzer).
[WARNING] An error occurred while analyzing 'C:\Users\tanej\.m2\repository\net\bytebuddy\byte-buddy\1.18.11\byte-buddy-1.18.11.jar' (Sonatype OSS Index Analyzer).
[WARNING] An error occurred while analyzing 'C:\Users\tanej\.m2\repository\jakarta\activation\jakarta.activation-api\2.1.4\jakarta.activation-api-2.1.4.jar' (Sonatype OSS Index Analyzer).
[WARNING] An error occurred while analyzing 'C:\Users\tanej\.m2\repository\jakarta\xml\bind\jakarta.xml.bind-api\4.0.5\jakarta.xml.bind-api-4.0.5.jar' (Sonatype OSS Index Analyzer).
[WARNING] An error occurred while analyzing 'C:\Users\tanej\.m2\repository\org\slf4j\slf4j-api\2.0.18\slf4j-api-2.0.18.jar' (Sonatype OSS Index Analyzer).
[WARNING] An error occurred while analyzing 'C:\Users\tanej\.m2\repository\org\apache\commons\commons-lang3\3.20.0\commons-lang3-3.20.0.jar' (Sonatype OSS Index Analyzer).
[WARNING] An error occurred while analyzing 'C:\Users\tanej\.m2\repository\org\springframework\boot\spring-boot-web-server\4.1.1\spring-boot-web-server-4.1.1.jar' (Sonatype OSS Index Analyzer).
[WARNING] An error occurred while analyzing 'C:\Users\tanej\.m2\repository\tools\jackson\core\jackson-core\3.1.5\jackson-core-3.1.5.jar' (Sonatype OSS Index Analyzer).
[WARNING] An error occurred while analyzing 'C:\Users\tanej\.m2\repository\com\fasterxml\jackson\core\jackson-annotations\2.21\jackson-annotations-2.21.jar' (Sonatype OSS Index Analyzer).
[WARNING] An error occurred while analyzing 'C:\Users\tanej\.m2\repository\tools\jackson\core\jackson-databind\3.1.5\jackson-databind-3.1.5.jar' (Sonatype OSS Index Analyzer).
[WARNING] An error occurred while analyzing 'C:\Users\tanej\AppData\Local\Temp\dctemp91d8fb37-f8c5-44ca-b85a-b271a150bafa\check3949347974287874279tmp\19\pom.xml' (Sonatype OSS Index Analyzer).
[WARNING] An error occurred while analyzing 'C:\Users\tanej\AppData\Local\Temp\dctemp91d8fb37-f8c5-44ca-b85a-b271a150bafa\check3949347974287874279tmp\18\pom.xml' (Sonatype OSS Index Analyzer).
[INFO] Finished Sonatype OSS Index Analyzer (36 seconds)
[INFO] Finished Vulnerability Suppression Analyzer (0 seconds)
[INFO] Finished Known Exploited Vulnerability Analyzer (0 seconds)
[INFO] Finished Dependency Bundling Analyzer (0 seconds)
[INFO] Finished Unused Suppression Rule Analyzer (0 seconds)
[INFO] Analysis Complete (44 seconds)
[INFO] Writing HTML report to: C:\Users\tanej\Documents\LAB\agentic_lab\02_output\backend\target\dependency-check-report.html
[INFO] Writing JSON report to: C:\Users\tanej\Documents\LAB\agentic_lab\02_output\backend\target\dependency-check-report.json
[WARNING] 

One or more dependencies were identified with known vulnerabilities in registration-backend:

angus-activation-2.0.3.jar (pkg:maven/org.eclipse.angus/angus-activation@2.0.3, cpe:2.3:a:eclipse:angus_mail:2.0.3:*:*:*:*:*:*:*) : CVE-2025-7962
hibernate-validator-9.1.3.Final.jar (pkg:maven/org.hibernate.validator/hibernate-validator@9.1.3.Final, cpe:2.3:a:hibernate:hibernate-validator:9.1.3:*:*:*:*:*:*:*, cpe:2.3:a:redhat:hibernate_validator:9.1.3:*:*:*:*:*:*:*, cpe:2.3:a:validator:validator:9.1.3:*:*:*:*:*:*:*) : CVE-2025-15104


See the dependency-check report for more details.


[INFO] ------------------------------------------------------------------------
[INFO] BUILD FAILURE
[INFO] ------------------------------------------------------------------------
[INFO] Total time:  01:17 min
[INFO] Finished at: 2026-10-02T12:38:39+02:00
[INFO] ------------------------------------------------------------------------
[ERROR] Failed to execute goal org.owasp:dependency-check-maven:12.1.0:check (default-cli) on project registration: 
[ERROR] 
[ERROR] One or more dependencies were identified with vulnerabilities that have a CVSS score greater than or equal to '7,0': 
[ERROR] 
[ERROR] angus-activation-2.0.3.jar (pkg:maven/org.eclipse.angus/angus-activation@2.0.3, cpe:2.3:a:eclipse:angus_mail:2.0.3:*:*:*:*:*:*:*): CVE-2025-7962(6.0)
[ERROR] 
[ERROR] See the dependency-check report for more details.
[ERROR] -> [Help 1]
[ERROR] 
[ERROR] To see the full stack trace of the errors, re-run Maven with the -e switch.
[ERROR] Re-run Maven using the -X switch to enable full debug logging.
[ERROR] 
[ERROR] For more information about the errors and possible solutions, please read the following articles:
[ERROR] [Help 1] http://cwiki.apache.org/confluence/display/MAVEN/MojoFailureException
