# npm audit report

@vitest/mocker  2.1.0 - 4.1.10
Severity: moderate
Vitest: Path Traversal / Arbitrary File Read via @vitest/mocker Redirect Mock - https://github.com/advisories/GHSA-82fw-gwwq-j7x9
fix available via `npm audit fix --force`
Will install vitest@5.0.3, which is a breaking change
node_modules/@vitest/mocker
  vitest  2.1.0-beta.1 - 4.1.10
  Depends on vulnerable versions of @vitest/mocker
  node_modules/vitest
    @vitest/coverage-v8  2.1.0-beta.1 - 4.1.10
    Depends on vulnerable versions of vitest
    node_modules/@vitest/coverage-v8

qs  2.2.5 - 6.15.3
Severity: moderate
qs has a remotely triggerable DoS: qs.stringify crashes with TypeError on null/undefined entries in comma-format arrays when encodeValuesOnly is set - https://github.com/advisories/GHSA-q8mj-m7cp-5q26
qs array-limit bypass via bracket-key comma parsing - https://github.com/advisories/GHSA-x5fp-wj9c-mxmx
qs: Denial of Service via Attacker Controlled isBuffer - https://github.com/advisories/GHSA-4mjr-xmp4-gh2g
fix available via `npm audit fix`
node_modules/qs
  typed-rest-client  2.3.1 - 3.1.0
  Depends on vulnerable versions of qs
  node_modules/typed-rest-client


5 moderate severity vulnerabilities

To address issues that do not require attention, run:
  npm audit fix

To address all issues (including breaking changes), run:
  npm audit fix --force
