               
               
┌─────────────┐
│ Scan Status │
└─────────────┘
  Scanning 5 files with 1074 Code rules:
                                                                                                                        
  Language      Rules   Files          Origin      Rules                                                                
 ─────────────────────────────        ───────────────────                                                               
  <multilang>      47       5          Community    1074                                                                
  ts              163       3                                                                                           
  java            118       1                                                                                           
  yaml             35       1                                                                                           
                                                                                                                        
                
                
┌──────────────┐
│ Scan Summary │
└──────────────┘
✅ Scan completed successfully.
 • Findings: 0 (0 blocking)
 • Rules run: 361
 • Targets scanned: 5
 • Parsed lines: ~100.0%
 • Scan skipped: 
   ◦ Files matching .semgrepignore patterns: 1
 • For a detailed list of skipped files and lines, run semgrep with the --verbose flag
Ran 361 rules on 5 files: 0 findings.
(need more rules? `semgrep login` for additional free Semgrep Registry rules)


A new version of Semgrep is available. See https://semgrep.dev/docs/upgrading
If Semgrep missed a finding, please send us feedback to let us know!
See https://semgrep.dev/docs/reporting-false-negatives/
