[INFO] Scanning for projects...
[INFO] 
[INFO] -----------------< si.konferenca:registration-backend >-----------------
[INFO] Building registration-backend 0.1.0
[INFO]   from pom.xml
[INFO] --------------------------------[ jar ]---------------------------------
[INFO] 
[INFO] --- spotless:2.44.3:check (default-cli) @ registration-backend ---
[INFO] Spotless.Java is keeping 13 files clean - 0 needs changes to be clean, 0 were already clean, 13 were skipped because caching determined they were already clean
[INFO] 
[INFO] >>> pmd:3.26.0:check (default-cli) > :pmd @ registration-backend >>>
[INFO] 
[INFO] --- pmd:3.26.0:pmd (pmd) @ registration-backend ---
[WARNING] Unable to locate Source XRef to link to -- DISABLED
[INFO] PMD version: 7.7.0
[WARNING] Unable to find a URL to the parent project. The parent menu will NOT be added.
[INFO] Rendering content with org.apache.maven.skins:maven-fluido-skin:jar:2.0.0-M9 skin
[INFO] 
[INFO] <<< pmd:3.26.0:check (default-cli) < :pmd @ registration-backend <<<
[INFO] 
[INFO] 
[INFO] --- pmd:3.26.0:check (default-cli) @ registration-backend ---
[INFO] 
[INFO] >>> pmd:3.26.0:cpd-check (default-cli) > :cpd @ registration-backend >>>
[INFO] 
[INFO] --- pmd:3.26.0:cpd (cpd) @ registration-backend ---
[WARNING] Unable to locate Source XRef to link to -- DISABLED
[WARNING] Unable to find a URL to the parent project. The parent menu will NOT be added.
[INFO] Rendering content with org.apache.maven.skins:maven-fluido-skin:jar:2.0.0-M9 skin
[INFO] 
[INFO] <<< pmd:3.26.0:cpd-check (default-cli) < :cpd @ registration-backend <<<
[INFO] 
[INFO] 
[INFO] --- pmd:3.26.0:cpd-check (default-cli) @ registration-backend ---
[INFO] 
[INFO] >>> spotbugs:4.10.4.1:check (default-cli) > :spotbugs @ registration-backend >>>
[INFO] 
[INFO] --- spotbugs:4.10.4.1:spotbugs (spotbugs) @ registration-backend ---
[INFO] Done SpotBugs Analysis....
[INFO] Skipping com.github.spotbugs:spotbugs-maven-plugin:4.10.4.1:spotbugs report goal
[INFO] 
[INFO] <<< spotbugs:4.10.4.1:check (default-cli) < :spotbugs @ registration-backend <<<
[INFO] 
[INFO] 
[INFO] --- spotbugs:4.10.4.1:check (default-cli) @ registration-backend ---
[INFO] BugInstance size is 0
[INFO] Error size is 0
[INFO] No errors/warnings found
[INFO] ------------------------------------------------------------------------
[INFO] BUILD SUCCESS
[INFO] ------------------------------------------------------------------------
[INFO] Total time:  8.553 s
[INFO] Finished at: 2026-10-09T13:39:39+02:00
[INFO] ------------------------------------------------------------------------
