 Image registration-backend Building 
 Image registration-frontend Building 
#1 [internal] load local bake definitions
#1 reading from stdin 1.11kB done
#1 DONE 0.0s

#2 [frontend internal] load build definition from Dockerfile
#2 transferring dockerfile: 472B 0.0s done
#2 DONE 0.1s

#3 [backend internal] load build definition from Dockerfile
#3 transferring dockerfile: 255B 0.0s done
#3 DONE 0.1s

#4 [backend internal] load metadata for docker.io/library/eclipse-temurin:21.0.10_7-jre-alpine
#4 DONE 0.2s

#5 [frontend internal] load metadata for docker.io/library/nginx:1.30.5-alpine
#5 DONE 0.2s

#6 [frontend internal] load metadata for docker.io/library/node:24.13.0-alpine
#6 DONE 0.2s

#7 [backend internal] load .dockerignore
#7 transferring context: 81B 0.0s done
#7 DONE 0.0s

#8 [frontend internal] load .dockerignore
#8 transferring context: 119B 0.0s done
#8 DONE 0.0s

#9 [frontend internal] load build context
#9 DONE 0.0s

#10 [backend internal] load build context
#10 ...

#11 [frontend build 1/6] FROM docker.io/library/node:24.13.0-alpine@sha256:cd6fb7efa6490f039f3471a189214d5f548c11df1ff9e5b181aa49e22c14383e
#11 resolve docker.io/library/node:24.13.0-alpine@sha256:cd6fb7efa6490f039f3471a189214d5f548c11df1ff9e5b181aa49e22c14383e 0.1s done
#11 DONE 0.1s

#12 [backend 1/4] FROM docker.io/library/eclipse-temurin:21.0.10_7-jre-alpine@sha256:ad0cdd9782db550ca7dde6939a16fd850d04e683d37d3cff79d84a5848ba6a5a
#12 resolve docker.io/library/eclipse-temurin:21.0.10_7-jre-alpine@sha256:ad0cdd9782db550ca7dde6939a16fd850d04e683d37d3cff79d84a5848ba6a5a 0.1s done
#12 CACHED

#13 [frontend stage-1 1/4] FROM docker.io/library/nginx:1.30.5-alpine@sha256:0985e772fb9f729e6fa0980da05fca5d9c468e870eed43071545afa9d2e27d94
#13 resolve docker.io/library/nginx:1.30.5-alpine@sha256:0985e772fb9f729e6fa0980da05fca5d9c468e870eed43071545afa9d2e27d94 0.1s done
#13 CACHED

#10 [backend internal] load build context
#10 ...

#9 [frontend internal] load build context
#9 transferring context: 287.46kB 0.1s done
#9 DONE 0.1s

#14 [frontend build 2/6] WORKDIR /app
#14 CACHED

#10 [backend internal] load build context
#10 ...

#15 [frontend stage-1 2/4] COPY nginx.conf /etc/nginx/conf.d/default.conf
#15 DONE 0.7s

#16 [frontend build 3/6] COPY package.json package-lock.json .npmrc ./
#16 DONE 0.7s

#10 [backend internal] load build context
#10 ...

#17 [backend 2/4] RUN addgroup -S app && adduser -S app -G app
#17 DONE 1.6s

#10 [backend internal] load build context
#10 ...

#18 [backend 3/4] WORKDIR /app
#18 DONE 0.1s

#10 [backend internal] load build context
#10 transferring context: 57.75MB 5.3s
#10 transferring context: 80.13MB 7.0s done
#10 DONE 7.1s

#19 [backend 4/4] COPY target/registration-backend-0.1.0.jar app.jar
#19 DONE 1.4s

#20 [frontend build 4/6] RUN npm ci
#20 ...

#21 [backend] exporting to image
#21 exporting layers
#21 exporting layers 7.4s done
#21 exporting manifest sha256:10c69d16fe4ca1d75a408ca30604b2a130ae1c3c543a1131b3e7d15b054fe950 0.1s done
#21 exporting config sha256:48c0cb95cff72e51471beef9669b07d8ebc1c4140b7d5eb245eaf702db7607ba 0.1s done
#21 exporting attestation manifest sha256:7061b2729865f67627ef78dd4e7c20efa0f0a0a60ec822647abc76b7e99cf032
#21 exporting attestation manifest sha256:7061b2729865f67627ef78dd4e7c20efa0f0a0a60ec822647abc76b7e99cf032 0.1s done
#21 exporting manifest list sha256:aea608df5f6cccea3af1f85934f591f795fcf740707a2e998a9fb2193c18c6b0 0.1s done
#21 naming to docker.io/library/registration-backend:latest
#21 naming to docker.io/library/registration-backend:latest done
#21 unpacking to docker.io/library/registration-backend:latest
#21 unpacking to docker.io/library/registration-backend:latest 1.1s done
#21 DONE 8.9s

#20 [frontend build 4/6] RUN npm ci
#20 10.70 npm warn deprecated whatwg-encoding@3.1.1: Use @exodus/bytes instead for a more spec-conformant and faster implementation
#20 ...

#22 [backend] resolving provenance for metadata file
#22 DONE 0.1s

#20 [frontend build 4/6] RUN npm ci
#20 27.87 npm warn deprecated eslint@9.39.5: This version is no longer supported. Please see https://eslint.org/version-support for other options.
#20 35.57 
#20 35.57 added 445 packages, and audited 446 packages in 34s
#20 35.57 
#20 35.57 102 packages are looking for funding
#20 35.57   run `npm fund` for details
#20 35.59 
#20 35.59 2 moderate severity vulnerabilities
#20 35.59 
#20 35.59 To address all issues, run:
#20 35.59   npm audit fix
#20 35.59 
#20 35.59 Run `npm audit` for details.
#20 35.59 npm notice
#20 35.59 npm notice New minor version of npm available! 11.6.2 -> 11.21.0
#20 35.59 npm notice Changelog: https://github.com/npm/cli/releases/tag/v11.21.0
#20 35.59 npm notice To update run: npm install -g npm@11.21.0
#20 35.59 npm notice
#20 DONE 38.1s

#23 [frontend build 5/6] COPY . .
#23 DONE 0.8s

#24 [frontend build 6/6] RUN npm run build
#24 1.013 
#24 1.013 > registration-frontend@0.1.0 build
#24 1.013 > tsc --noEmit && vite build
#24 1.013 
#24 7.984 vite v6.4.3 building for production...
#24 8.218 transforming...
#24 11.13 ✓ 28 modules transformed.
#24 11.55 rendering chunks...
#24 11.58 computing gzip size...
#24 11.61 dist/index.html                  0.33 kB │ gzip:  0.24 kB
#24 11.61 dist/assets/index-nh0cSD_W.js  224.05 kB │ gzip: 69.58 kB
#24 11.61 ✓ built in 3.54s
#24 DONE 11.9s

#25 [frontend stage-1 3/4] COPY --from=build /app/dist /usr/share/nginx/html
#25 DONE 0.1s

#26 [frontend stage-1 4/4] RUN chown -R nginx:nginx /var/cache/nginx /var/run /var/log/nginx /etc/nginx/conf.d   && touch /var/run/nginx.pid && chown nginx:nginx /var/run/nginx.pid
#26 DONE 0.6s

#27 [frontend] exporting to image
#27 exporting layers
#27 exporting layers 0.4s done
#27 exporting manifest sha256:6ad72f4db082c2a8631eacd377a058e33d1eade9a2e774f8c17bbc5c5d6f0ec4 0.0s done
#27 exporting config sha256:93335b281c5ff22779f985a9d337fdec066b0d08b8bc463c2a2bffbe1e697a1c 0.0s done
#27 exporting attestation manifest sha256:2d2a9d886eae3f452b4e92e985f089efca2e89d48b401a3eea2a256be582ecdd
#27 exporting attestation manifest sha256:2d2a9d886eae3f452b4e92e985f089efca2e89d48b401a3eea2a256be582ecdd 0.1s done
#27 exporting manifest list sha256:c9f6e7b3cde8979ea56bcc5a5c6e4c4527cc107b0b865b6801e58ef494786bc1 0.0s done
#27 naming to docker.io/library/registration-frontend:latest done
#27 unpacking to docker.io/library/registration-frontend:latest
#27 unpacking to docker.io/library/registration-frontend:latest 0.2s done
#27 DONE 0.9s

#28 [frontend] resolving provenance for metadata file
#28 DONE 0.0s
 Image registration-backend Built 
 Image registration-frontend Built 
 Volume registration_db-data Creating 
 Volume registration_registration-copies Creating 
 Network registration_default Creating 
 Volume registration_db-data Creating 
 Network registration_default Creating 
 Volume registration_registration-copies Creating 
 Volume registration_registration-copies Created 
 Volume registration_registration-copies Created 
 Volume registration_db-data Created 
 Volume registration_db-data Created 
 Network registration_default Created 
 Network registration_default Created 
 Container registration-mailpit-1 Creating 
 Container registration-postgres-1 Creating 
 Container registration-mailpit-1 Created 
 Container registration-postgres-1 Created 
 Container registration-backend-1 Creating 
 Container registration-backend-1 Created 
 Container registration-frontend-1 Creating 
 Container registration-frontend-1 Created 
 Container registration-mailpit-1 Starting 
 Container registration-postgres-1 Starting 
 Container registration-mailpit-1 Started 
 Container registration-postgres-1 Started 
 Container registration-postgres-1 Waiting 
 Container registration-mailpit-1 Waiting 
 Container registration-mailpit-1 Healthy 
 Container registration-postgres-1 Healthy 
 Container registration-backend-1 Starting 
 Container registration-backend-1 Started 
 Container registration-frontend-1 Starting 
 Container registration-frontend-1 Started 
 Container registration-mailpit-1 Waiting 
 Container registration-backend-1 Waiting 
 Container registration-frontend-1 Waiting 
 Container registration-postgres-1 Waiting 
 Container registration-mailpit-1 Healthy 
 Container registration-postgres-1 Healthy 
 Container registration-frontend-1 Healthy 
 Container registration-backend-1 Healthy 
