[INFO] Scanning for projects...
[INFO] 
[INFO] -----------------< si.konferenca:registration-backend >-----------------
[INFO] Building registration-backend 1.0.0
[INFO]   from pom.xml
[INFO] --------------------------------[ jar ]---------------------------------
[INFO] 
[INFO] --- jacoco:0.8.12:prepare-agent (prepare-agent) @ registration-backend ---
[INFO] Skipping JaCoCo execution because property jacoco.skip is set.
[INFO] argLine set to empty
[INFO] 
[INFO] --- resources:3.5.0:resources (default-resources) @ registration-backend ---
[INFO] Copying 0 resource from src/main/resources to target/classes
[INFO] Copying 0 resource from src/main/resources to target/classes
[INFO] 
[INFO] --- compiler:3.15.0:compile (default-compile) @ registration-backend ---
[INFO] Nothing to compile - all classes are up to date.
[INFO] 
[INFO] --- resources:3.5.0:testResources (default-testResources) @ registration-backend ---
[INFO] Copying 1 resource from src/test/resources to target/test-classes
[INFO] 
[INFO] --- compiler:3.15.0:testCompile (default-testCompile) @ registration-backend ---
[INFO] Recompiling the module because of changed source code.
[INFO] Compiling 7 source files with javac [debug parameters release 21] to target/test-classes
[INFO] 
[INFO] --- surefire:3.5.6:test (default-test) @ registration-backend ---
[INFO] Using auto detected provider org.apache.maven.surefire.junitplatform.JUnitPlatformProvider
[INFO] 
[INFO] -------------------------------------------------------
[INFO]  T E S T S
[INFO] -------------------------------------------------------
[INFO] Running si.konferenca.registration.acceptance.ExternalRegistrationAcceptanceTest
20:14:45.792 [main] INFO org.testcontainers.images.PullPolicy -- Image pull policy will be performed by: DefaultPullPolicy()
20:14:45.796 [main] INFO org.testcontainers.utility.ImageNameSubstitutor -- Image name substitution will be performed by: DefaultImageNameSubstitutor (composite of 'ConfigurationFileImageNameSubstitutor' and 'PrefixingImageNameSubstitutor')
20:14:45.803 [main] INFO org.testcontainers.DockerClientFactory -- Testcontainers version: 2.0.5
20:14:46.324 [main] INFO org.testcontainers.dockerclient.DockerClientProviderStrategy -- Found Docker environment with Docker accessed via Unix socket (/home/tjan-kazar/.docker/desktop/docker.sock)
20:14:46.325 [main] INFO org.testcontainers.DockerClientFactory -- Docker host IP address is localhost
20:14:46.342 [main] INFO org.testcontainers.DockerClientFactory -- Connected to docker: 
  Server Version: 29.3.1
  API Version: 1.54
  Operating System: Docker Desktop
  Total Memory: 31283 MB
  Labels: 
    com.docker.desktop.address=unix:///home/tjan-kazar/.docker/desktop/docker-cli.sock
20:14:46.678 [main] INFO tc.testcontainers/ryuk:0.14.0 -- Creating container for image: testcontainers/ryuk:0.14.0
20:14:46.820 [main] INFO tc.testcontainers/ryuk:0.14.0 -- Container testcontainers/ryuk:0.14.0 is starting: 6e992553e4e5aa4578e7d1d0d833a484ca5dc0938c1294e5e43861e591906a01
20:14:47.267 [main] INFO tc.testcontainers/ryuk:0.14.0 -- Container testcontainers/ryuk:0.14.0 started in PT0.588921976S
20:14:47.273 [main] INFO org.testcontainers.utility.RyukResourceReaper -- Ryuk started - will monitor and terminate Testcontainers containers on JVM exit
20:14:47.273 [main] INFO org.testcontainers.DockerClientFactory -- Checking the system...
20:14:47.273 [main] INFO org.testcontainers.DockerClientFactory -- ✔︎ Docker server version should be at least 1.6.0
20:14:47.275 [main] INFO tc.postgres:16.15-alpine -- Creating container for image: postgres:16.15-alpine
20:14:47.404 [main] INFO tc.postgres:16.15-alpine -- Container postgres:16.15-alpine is starting: 67d0c86a3c09e3b70e8397fd603b4aaaaeb2172893e8a129cd864074b281d88c
20:14:49.376 [main] INFO tc.postgres:16.15-alpine -- Container postgres:16.15-alpine started in PT2.101204751S
20:14:49.377 [main] INFO tc.postgres:16.15-alpine -- Container is started (JDBC URL: jdbc:postgresql://localhost:39165/test?loggerLevel=OFF)
20:14:49.377 [main] INFO tc.axllent/mailpit:v1.31.1 -- Creating container for image: axllent/mailpit:v1.31.1
20:14:49.461 [main] INFO tc.axllent/mailpit:v1.31.1 -- Container axllent/mailpit:v1.31.1 is starting: b6e921f3381fa9e8d626a785a0df591a43908f83bfc2267e19eeb5d5a74278f2
20:14:49.848 [main] INFO org.testcontainers.containers.wait.strategy.HttpWaitStrategy -- /romantic_jackson: Waiting for 60 seconds for URL: http://localhost:36881/api/v1/messages (where port 36881 maps to container port 8025)
20:14:49.861 [main] INFO tc.axllent/mailpit:v1.31.1 -- Container axllent/mailpit:v1.31.1 started in PT0.484147321S

  .   ____          _            __ _ _
 /\\ / ___'_ __ _ _(_)_ __  __ _ \ \ \ \
( ( )\___ | '_ | '_| | '_ \/ _` | \ \ \ \
 \\/  ___)| |_)| | | | | || (_| |  ) ) ) )
  '  |____| .__|_| |_|_| |_\__, | / / / /
 =========|_|==============|___/=/_/_/_/

 :: Spring Boot ::                (v4.1.1)

2026-10-06T20:14:50.493+02:00  INFO 324974 --- [           main] o.a.maven.surefire.booter.ForkedBooter   : Starting ForkedBooter v3.5.6 using Java 21.0.12.1 with PID 324974 (started by tjan-kazar in /home/tjan-kazar/storage/Work/lab/agentic_lab/agentic_lab/02_output/backend)
2026-10-06T20:14:50.494+02:00  INFO 324974 --- [           main] o.a.maven.surefire.booter.ForkedBooter   : The following 1 profile is active: "test"
2026-10-06T20:14:51.188+02:00  INFO 324974 --- [           main] .s.d.r.c.RepositoryConfigurationDelegate : Bootstrapping Spring Data JPA repositories in DEFAULT mode.
2026-10-06T20:14:51.210+02:00  INFO 324974 --- [           main] .s.d.r.c.RepositoryConfigurationDelegate : Finished Spring Data repository scanning in 14 ms. Found 0 JPA repository interfaces.
2026-10-06T20:14:51.762+02:00  INFO 324974 --- [           main] o.s.boot.tomcat.TomcatWebServer          : Tomcat initialized with port 0 (http)
2026-10-06T20:14:51.777+02:00  INFO 324974 --- [           main] o.apache.catalina.core.StandardService   : Starting service [Tomcat]
2026-10-06T20:14:51.777+02:00  INFO 324974 --- [           main] o.apache.catalina.core.StandardEngine    : Starting Servlet engine: [Apache Tomcat/11.0.26]
2026-10-06T20:14:51.816+02:00  INFO 324974 --- [           main] b.w.c.s.WebApplicationContextInitializer : Root WebApplicationContext: initialization completed in 1277 ms
2026-10-06T20:14:52.130+02:00  INFO 324974 --- [           main] com.zaxxer.hikari.HikariDataSource       : HikariPool-1 - Starting...
2026-10-06T20:14:52.190+02:00  INFO 324974 --- [           main] com.zaxxer.hikari.pool.HikariPool        : HikariPool-1 - Added connection org.postgresql.jdbc.PgConnection@64f2b1b4
2026-10-06T20:14:52.192+02:00  INFO 324974 --- [           main] com.zaxxer.hikari.HikariDataSource       : HikariPool-1 - Start completed.
2026-10-06T20:14:52.223+02:00  INFO 324974 --- [           main] org.flywaydb.core.FlywayExecutor         : Database: jdbc:postgresql://localhost:39165/reg_324974_2 (PostgreSQL 16.15)
2026-10-06T20:14:52.278+02:00  INFO 324974 --- [           main] o.f.c.i.s.JdbcTableSchemaHistory         : Schema history table "public"."flyway_schema_history" does not exist yet
2026-10-06T20:14:52.280+02:00  INFO 324974 --- [           main] o.f.core.internal.command.DbValidate     : Successfully validated 0 migrations (execution time 00:00.009s)
2026-10-06T20:14:52.281+02:00  WARN 324974 --- [           main] o.f.core.internal.command.DbValidate     : No migrations found. Are your locations set up correctly?
2026-10-06T20:14:52.298+02:00  INFO 324974 --- [           main] o.f.c.i.s.JdbcTableSchemaHistory         : Creating Schema History table "public"."flyway_schema_history" ...
2026-10-06T20:14:52.351+02:00  INFO 324974 --- [           main] o.f.core.internal.command.DbMigrate      : Current version of schema "public": << Empty Schema >>
2026-10-06T20:14:52.355+02:00  INFO 324974 --- [           main] o.f.core.internal.command.DbMigrate      : Schema "public" is up to date. No migration necessary.
2026-10-06T20:14:52.445+02:00  INFO 324974 --- [           main] org.hibernate.orm.jpa                    : HHH008540: Processing PersistenceUnitInfo [name: default]
2026-10-06T20:14:52.496+02:00  INFO 324974 --- [           main] org.hibernate.orm.core                   : HHH000001: Hibernate ORM core version 7.4.5.Final
2026-10-06T20:14:52.848+02:00  INFO 324974 --- [           main] o.s.o.j.p.SpringPersistenceUnitInfo      : No LoadTimeWeaver setup: ignoring JPA class transformer
2026-10-06T20:14:52.920+02:00  INFO 324974 --- [           main] org.hibernate.orm.connections.pooling    : HHH10001005: Database info:
	Database JDBC URL [jdbc:postgresql://localhost:39165/reg_324974_2]
	Database driver: PostgreSQL JDBC Driver
	Database dialect: PostgreSQLDialect
	Database version: 16.15
	Default catalog/schema: reg_324974_2/public
	Autocommit mode: undefined/unknown
	Isolation level: READ_COMMITTED [default READ_COMMITTED]
	JDBC fetch size: none
	Pool: DataSourceConnectionProvider
	Minimum pool size: undefined/unknown
	Maximum pool size: undefined/unknown
2026-10-06T20:14:53.226+02:00  INFO 324974 --- [           main] org.hibernate.orm.core                   : HHH000489: No JTA platform available (set 'hibernate.transaction.jta.platform' to enable JTA platform integration)
2026-10-06T20:14:53.232+02:00  INFO 324974 --- [           main] j.LocalContainerEntityManagerFactoryBean : Initialized JPA EntityManagerFactory for persistence unit 'default'
2026-10-06T20:14:53.285+02:00  WARN 324974 --- [           main] JpaBaseConfiguration$JpaWebConfiguration : spring.jpa.open-in-view is enabled by default. Therefore, database queries may be performed during view rendering. Explicitly configure spring.jpa.open-in-view to disable this warning
2026-10-06T20:14:53.727+02:00  WARN 324974 --- [           main] .s.a.UserDetailsServiceAutoConfiguration : 

Using generated security password: 84fd8954-e838-4cbd-8335-a9d123c9f28e

This generated password is for development use only. Your security configuration must be updated before running your application in production.

2026-10-06T20:14:53.749+02:00  INFO 324974 --- [           main] r$InitializeUserDetailsManagerConfigurer : Global AuthenticationManager configured with UserDetailsService bean with name inMemoryUserDetailsManager
2026-10-06T20:14:53.922+02:00  INFO 324974 --- [           main] o.s.b.a.e.web.EndpointLinksResolver      : Exposing 1 endpoint beneath base path '/actuator'
2026-10-06T20:14:54.068+02:00  INFO 324974 --- [           main] o.s.boot.tomcat.TomcatWebServer          : Tomcat started on port 37641 (http) with context path '/'
2026-10-06T20:14:54.080+02:00  INFO 324974 --- [           main] o.a.maven.surefire.booter.ForkedBooter   : Started ForkedBooter in 3.896 seconds (process running for 9.444)
2026-10-06T20:14:54.293+02:00  INFO 324974 --- [o-auto-1-exec-1] o.a.c.c.C.[Tomcat].[localhost].[/]       : Initializing Spring DispatcherServlet 'dispatcherServlet'
2026-10-06T20:14:54.294+02:00  INFO 324974 --- [o-auto-1-exec-1] o.s.web.servlet.DispatcherServlet        : Initializing Servlet 'dispatcherServlet'
2026-10-06T20:14:54.296+02:00  INFO 324974 --- [o-auto-1-exec-1] o.s.web.servlet.DispatcherServlet        : Completed initialization in 2 ms
2026-10-06T20:14:54.800+02:00  INFO 324974 --- [           main] o.s.boot.tomcat.GracefulShutdown         : Commencing graceful shutdown. Waiting for active requests to complete
2026-10-06T20:14:54.801+02:00  INFO 324974 --- [tomcat-shutdown] o.s.boot.tomcat.GracefulShutdown         : Graceful shutdown complete
2026-10-06T20:14:54.808+02:00  INFO 324974 --- [           main] j.LocalContainerEntityManagerFactoryBean : Closing JPA EntityManagerFactory for persistence unit 'default'
2026-10-06T20:14:54.810+02:00  INFO 324974 --- [           main] com.zaxxer.hikari.HikariDataSource       : HikariPool-1 - Shutdown initiated...
2026-10-06T20:14:54.812+02:00  INFO 324974 --- [           main] com.zaxxer.hikari.HikariDataSource       : HikariPool-1 - Shutdown completed.
[ERROR] Tests run: 32, Failures: 32, Errors: 0, Skipped: 0, Time elapsed: 9.432 s <<< FAILURE! -- in si.konferenca.registration.acceptance.ExternalRegistrationAcceptanceTest
[ERROR] si.konferenca.registration.acceptance.ExternalRegistrationAcceptanceTest.AC_001_11_onlyActiveOptionsAreOfferedWithCategoryAndName -- Time elapsed: 0.330 s <<< FAILURE!
org.opentest4j.AssertionFailedError: 

expected: 200
 but was: 401
	at si.konferenca.registration.acceptance.ExternalRegistrationAcceptanceTest.AC_001_11_onlyActiveOptionsAreOfferedWithCategoryAndName(ExternalRegistrationAcceptanceTest.java:195)

[ERROR] si.konferenca.registration.acceptance.ExternalRegistrationAcceptanceTest.AC_001_13_severalOptionsOfOneCategoryAreAccepted -- Time elapsed: 0.018 s <<< FAILURE!
org.opentest4j.AssertionFailedError: 

expected: 201
 but was: 401
	at si.konferenca.registration.acceptance.ExternalRegistrationAcceptanceTest.AC_001_13_severalOptionsOfOneCategoryAreAccepted(ExternalRegistrationAcceptanceTest.java:227)

[ERROR] si.konferenca.registration.acceptance.ExternalRegistrationAcceptanceTest.AC_001_15_secondRegistrationWithSameEmailIsRejected -- Time elapsed: 0.011 s <<< FAILURE!
org.opentest4j.AssertionFailedError: 

expected: 201
 but was: 401
	at si.konferenca.registration.acceptance.ExternalRegistrationAcceptanceTest.AC_001_15_secondRegistrationWithSameEmailIsRejected(ExternalRegistrationAcceptanceTest.java:257)

[ERROR] si.konferenca.registration.acceptance.ExternalRegistrationAcceptanceTest.AC_001_05_invalidEmailIsRejected(String)[1] -- Time elapsed: 0.014 s <<< FAILURE!
org.opentest4j.AssertionFailedError: 

expected: 400
 but was: 401
	at si.konferenca.registration.acceptance.ExternalRegistrationAcceptanceTest.AC_001_05_invalidEmailIsRejected(ExternalRegistrationAcceptanceTest.java:128)

[ERROR] si.konferenca.registration.acceptance.ExternalRegistrationAcceptanceTest.AC_001_05_invalidEmailIsRejected(String)[2] -- Time elapsed: 0.009 s <<< FAILURE!
org.opentest4j.AssertionFailedError: 

expected: 400
 but was: 401
	at si.konferenca.registration.acceptance.ExternalRegistrationAcceptanceTest.AC_001_05_invalidEmailIsRejected(ExternalRegistrationAcceptanceTest.java:128)

[ERROR] si.konferenca.registration.acceptance.ExternalRegistrationAcceptanceTest.AC_001_05_invalidEmailIsRejected(String)[3] -- Time elapsed: 0.009 s <<< FAILURE!
org.opentest4j.AssertionFailedError: 

expected: 400
 but was: 401
	at si.konferenca.registration.acceptance.ExternalRegistrationAcceptanceTest.AC_001_05_invalidEmailIsRejected(ExternalRegistrationAcceptanceTest.java:128)

[ERROR] si.konferenca.registration.acceptance.ExternalRegistrationAcceptanceTest.AC_001_05_invalidEmailIsRejected(String)[4] -- Time elapsed: 0.008 s <<< FAILURE!
org.opentest4j.AssertionFailedError: 

expected: 400
 but was: 401
	at si.konferenca.registration.acceptance.ExternalRegistrationAcceptanceTest.AC_001_05_invalidEmailIsRejected(ExternalRegistrationAcceptanceTest.java:128)

[ERROR] si.konferenca.registration.acceptance.ExternalRegistrationAcceptanceTest.AC_001_05_invalidEmailIsRejected(String)[5] -- Time elapsed: 0.008 s <<< FAILURE!
org.opentest4j.AssertionFailedError: 

expected: 400
 but was: 401
	at si.konferenca.registration.acceptance.ExternalRegistrationAcceptanceTest.AC_001_05_invalidEmailIsRejected(ExternalRegistrationAcceptanceTest.java:128)

[ERROR] si.konferenca.registration.acceptance.ExternalRegistrationAcceptanceTest.AC_001_05_invalidEmailIsRejected(String)[6] -- Time elapsed: 0.007 s <<< FAILURE!
org.opentest4j.AssertionFailedError: 

expected: 400
 but was: 401
	at si.konferenca.registration.acceptance.ExternalRegistrationAcceptanceTest.AC_001_05_invalidEmailIsRejected(ExternalRegistrationAcceptanceTest.java:128)

[ERROR] si.konferenca.registration.acceptance.ExternalRegistrationAcceptanceTest.AC_001_12_registrationWithoutOptionsIsAccepted -- Time elapsed: 0.007 s <<< FAILURE!
org.opentest4j.AssertionFailedError: 

expected: 201
 but was: 401
	at si.konferenca.registration.acceptance.ExternalRegistrationAcceptanceTest.AC_001_12_registrationWithoutOptionsIsAccepted(ExternalRegistrationAcceptanceTest.java:215)

[ERROR] si.konferenca.registration.acceptance.ExternalRegistrationAcceptanceTest.AC_001_14_failedAntiAutomationCheckIsRejectedAndNothingStored -- Time elapsed: 0.008 s <<< FAILURE!
org.opentest4j.AssertionFailedError: 

expected: 400
 but was: 401
	at si.konferenca.registration.acceptance.ExternalRegistrationAcceptanceTest.assertRejectedAndNothingStored(ExternalRegistrationAcceptanceTest.java:35)
	at si.konferenca.registration.acceptance.ExternalRegistrationAcceptanceTest.AC_001_14_failedAntiAutomationCheckIsRejectedAndNothingStored(ExternalRegistrationAcceptanceTest.java:239)

[ERROR] si.konferenca.registration.acceptance.ExternalRegistrationAcceptanceTest.AC_001_02_emptyRequiredFieldIsRejectedAndIdentified(String)[1] -- Time elapsed: 0.007 s <<< FAILURE!
org.opentest4j.AssertionFailedError: 

expected: 400
 but was: 401
	at si.konferenca.registration.acceptance.ExternalRegistrationAcceptanceTest.assertRejectedAndNothingStored(ExternalRegistrationAcceptanceTest.java:35)
	at si.konferenca.registration.acceptance.ExternalRegistrationAcceptanceTest.AC_001_02_emptyRequiredFieldIsRejectedAndIdentified(ExternalRegistrationAcceptanceTest.java:63)

[ERROR] si.konferenca.registration.acceptance.ExternalRegistrationAcceptanceTest.AC_001_02_emptyRequiredFieldIsRejectedAndIdentified(String)[2] -- Time elapsed: 0.007 s <<< FAILURE!
org.opentest4j.AssertionFailedError: 

expected: 400
 but was: 401
	at si.konferenca.registration.acceptance.ExternalRegistrationAcceptanceTest.assertRejectedAndNothingStored(ExternalRegistrationAcceptanceTest.java:35)
	at si.konferenca.registration.acceptance.ExternalRegistrationAcceptanceTest.AC_001_02_emptyRequiredFieldIsRejectedAndIdentified(ExternalRegistrationAcceptanceTest.java:63)

[ERROR] si.konferenca.registration.acceptance.ExternalRegistrationAcceptanceTest.AC_001_02_emptyRequiredFieldIsRejectedAndIdentified(String)[3] -- Time elapsed: 0.007 s <<< FAILURE!
org.opentest4j.AssertionFailedError: 

expected: 400
 but was: 401
	at si.konferenca.registration.acceptance.ExternalRegistrationAcceptanceTest.assertRejectedAndNothingStored(ExternalRegistrationAcceptanceTest.java:35)
	at si.konferenca.registration.acceptance.ExternalRegistrationAcceptanceTest.AC_001_02_emptyRequiredFieldIsRejectedAndIdentified(ExternalRegistrationAcceptanceTest.java:63)

[ERROR] si.konferenca.registration.acceptance.ExternalRegistrationAcceptanceTest.AC_001_02_emptyRequiredFieldIsRejectedAndIdentified(String)[4] -- Time elapsed: 0.007 s <<< FAILURE!
org.opentest4j.AssertionFailedError: 

expected: 400
 but was: 401
	at si.konferenca.registration.acceptance.ExternalRegistrationAcceptanceTest.assertRejectedAndNothingStored(ExternalRegistrationAcceptanceTest.java:35)
	at si.konferenca.registration.acceptance.ExternalRegistrationAcceptanceTest.AC_001_02_emptyRequiredFieldIsRejectedAndIdentified(ExternalRegistrationAcceptanceTest.java:63)

[ERROR] si.konferenca.registration.acceptance.ExternalRegistrationAcceptanceTest.AC_001_06_slovenianCharactersAreAcceptedAndStoredUnchanged -- Time elapsed: 0.006 s <<< FAILURE!
org.opentest4j.AssertionFailedError: 

expected: 201
 but was: 401
	at si.konferenca.registration.acceptance.ExternalRegistrationAcceptanceTest.AC_001_06_slovenianCharactersAreAcceptedAndStoredUnchanged(ExternalRegistrationAcceptanceTest.java:142)

[ERROR] si.konferenca.registration.acceptance.ExternalRegistrationAcceptanceTest.AC_001_01_validExternalRegistrationIsAccepted -- Time elapsed: 0.006 s <<< FAILURE!
org.opentest4j.AssertionFailedError: 

expected: 201
 but was: 401
	at si.konferenca.registration.acceptance.ExternalRegistrationAcceptanceTest.AC_001_01_validExternalRegistrationIsAccepted(ExternalRegistrationAcceptanceTest.java:46)

[ERROR] si.konferenca.registration.acceptance.ExternalRegistrationAcceptanceTest.AC_001_10_consentWordingIsOfferedToTheForm -- Time elapsed: 0.007 s <<< FAILURE!
org.opentest4j.AssertionFailedError: 

expected: 200
 but was: 401
	at si.konferenca.registration.acceptance.ExternalRegistrationAcceptanceTest.AC_001_10_consentWordingIsOfferedToTheForm(ExternalRegistrationAcceptanceTest.java:184)

[ERROR] si.konferenca.registration.acceptance.ExternalRegistrationAcceptanceTest.AC_001_08_unknownOptionIsRejectedAndNothingStored -- Time elapsed: 0.006 s <<< FAILURE!
org.opentest4j.AssertionFailedError: 

expected: 400
 but was: 401
	at si.konferenca.registration.acceptance.ExternalRegistrationAcceptanceTest.assertRejectedAndNothingStored(ExternalRegistrationAcceptanceTest.java:35)
	at si.konferenca.registration.acceptance.ExternalRegistrationAcceptanceTest.AC_001_08_unknownOptionIsRejectedAndNothingStored(ExternalRegistrationAcceptanceTest.java:166)

[ERROR] si.konferenca.registration.acceptance.ExternalRegistrationAcceptanceTest.AC_001_09_missingConsentIsRejectedAndIdentified -- Time elapsed: 0.006 s <<< FAILURE!
org.opentest4j.AssertionFailedError: 

expected: 400
 but was: 401
	at si.konferenca.registration.acceptance.ExternalRegistrationAcceptanceTest.assertRejectedAndNothingStored(ExternalRegistrationAcceptanceTest.java:35)
	at si.konferenca.registration.acceptance.ExternalRegistrationAcceptanceTest.AC_001_09_missingConsentIsRejectedAndIdentified(ExternalRegistrationAcceptanceTest.java:176)

[ERROR] si.konferenca.registration.acceptance.ExternalRegistrationAcceptanceTest.AC_001_02_missingRequiredFieldIsRejectedAndIdentified(String)[1] -- Time elapsed: 0.006 s <<< FAILURE!
org.opentest4j.AssertionFailedError: 

expected: 400
 but was: 401
	at si.konferenca.registration.acceptance.ExternalRegistrationAcceptanceTest.AC_001_02_missingRequiredFieldIsRejectedAndIdentified(ExternalRegistrationAcceptanceTest.java:75)

[ERROR] si.konferenca.registration.acceptance.ExternalRegistrationAcceptanceTest.AC_001_02_missingRequiredFieldIsRejectedAndIdentified(String)[2] -- Time elapsed: 0.006 s <<< FAILURE!
org.opentest4j.AssertionFailedError: 

expected: 400
 but was: 401
	at si.konferenca.registration.acceptance.ExternalRegistrationAcceptanceTest.AC_001_02_missingRequiredFieldIsRejectedAndIdentified(ExternalRegistrationAcceptanceTest.java:75)

[ERROR] si.konferenca.registration.acceptance.ExternalRegistrationAcceptanceTest.AC_001_02_missingRequiredFieldIsRejectedAndIdentified(String)[3] -- Time elapsed: 0.007 s <<< FAILURE!
org.opentest4j.AssertionFailedError: 

expected: 400
 but was: 401
	at si.konferenca.registration.acceptance.ExternalRegistrationAcceptanceTest.AC_001_02_missingRequiredFieldIsRejectedAndIdentified(ExternalRegistrationAcceptanceTest.java:75)

[ERROR] si.konferenca.registration.acceptance.ExternalRegistrationAcceptanceTest.AC_001_02_missingRequiredFieldIsRejectedAndIdentified(String)[4] -- Time elapsed: 0.006 s <<< FAILURE!
org.opentest4j.AssertionFailedError: 

expected: 400
 but was: 401
	at si.konferenca.registration.acceptance.ExternalRegistrationAcceptanceTest.AC_001_02_missingRequiredFieldIsRejectedAndIdentified(ExternalRegistrationAcceptanceTest.java:75)

[ERROR] si.konferenca.registration.acceptance.ExternalRegistrationAcceptanceTest.AC_001_03_whitespaceOnlyFieldIncludingNoBreakSpaceIsRejected(String)[1] -- Time elapsed: 0.007 s <<< FAILURE!
org.opentest4j.AssertionFailedError: 

expected: 400
 but was: 401
	at si.konferenca.registration.acceptance.ExternalRegistrationAcceptanceTest.assertRejectedAndNothingStored(ExternalRegistrationAcceptanceTest.java:35)
	at si.konferenca.registration.acceptance.ExternalRegistrationAcceptanceTest.AC_001_03_whitespaceOnlyFieldIncludingNoBreakSpaceIsRejected(ExternalRegistrationAcceptanceTest.java:88)

[ERROR] si.konferenca.registration.acceptance.ExternalRegistrationAcceptanceTest.AC_001_03_whitespaceOnlyFieldIncludingNoBreakSpaceIsRejected(String)[2] -- Time elapsed: 0.006 s <<< FAILURE!
org.opentest4j.AssertionFailedError: 

expected: 400
 but was: 401
	at si.konferenca.registration.acceptance.ExternalRegistrationAcceptanceTest.assertRejectedAndNothingStored(ExternalRegistrationAcceptanceTest.java:35)
	at si.konferenca.registration.acceptance.ExternalRegistrationAcceptanceTest.AC_001_03_whitespaceOnlyFieldIncludingNoBreakSpaceIsRejected(ExternalRegistrationAcceptanceTest.java:88)

[ERROR] si.konferenca.registration.acceptance.ExternalRegistrationAcceptanceTest.AC_001_03_whitespaceOnlyFieldIncludingNoBreakSpaceIsRejected(String)[3] -- Time elapsed: 0.006 s <<< FAILURE!
org.opentest4j.AssertionFailedError: 

expected: 400
 but was: 401
	at si.konferenca.registration.acceptance.ExternalRegistrationAcceptanceTest.assertRejectedAndNothingStored(ExternalRegistrationAcceptanceTest.java:35)
	at si.konferenca.registration.acceptance.ExternalRegistrationAcceptanceTest.AC_001_03_whitespaceOnlyFieldIncludingNoBreakSpaceIsRejected(ExternalRegistrationAcceptanceTest.java:88)

[ERROR] si.konferenca.registration.acceptance.ExternalRegistrationAcceptanceTest.AC_001_03_whitespaceOnlyFieldIncludingNoBreakSpaceIsRejected(String)[4] -- Time elapsed: 0.007 s <<< FAILURE!
org.opentest4j.AssertionFailedError: 

expected: 400
 but was: 401
	at si.konferenca.registration.acceptance.ExternalRegistrationAcceptanceTest.assertRejectedAndNothingStored(ExternalRegistrationAcceptanceTest.java:35)
	at si.konferenca.registration.acceptance.ExternalRegistrationAcceptanceTest.AC_001_03_whitespaceOnlyFieldIncludingNoBreakSpaceIsRejected(ExternalRegistrationAcceptanceTest.java:88)

[ERROR] si.konferenca.registration.acceptance.ExternalRegistrationAcceptanceTest.AC_001_14_missingAntiAutomationTokenIsRejectedAndNothingStored -- Time elapsed: 0.005 s <<< FAILURE!
org.opentest4j.AssertionFailedError: 

expected: 400
 but was: 401
	at si.konferenca.registration.acceptance.ExternalRegistrationAcceptanceTest.AC_001_14_missingAntiAutomationTokenIsRejectedAndNothingStored(ExternalRegistrationAcceptanceTest.java:249)

[ERROR] si.konferenca.registration.acceptance.ExternalRegistrationAcceptanceTest.AC_001_03_whitespaceOnlyFirstNameIsRejected -- Time elapsed: 0.005 s <<< FAILURE!
org.opentest4j.AssertionFailedError: 

expected: 400
 but was: 401
	at si.konferenca.registration.acceptance.ExternalRegistrationAcceptanceTest.assertRejectedAndNothingStored(ExternalRegistrationAcceptanceTest.java:35)
	at si.konferenca.registration.acceptance.ExternalRegistrationAcceptanceTest.AC_001_03_whitespaceOnlyFirstNameIsRejected(ExternalRegistrationAcceptanceTest.java:98)

[ERROR] si.konferenca.registration.acceptance.ExternalRegistrationAcceptanceTest.AC_001_07_inactiveOptionIsRejectedAndNothingStored -- Time elapsed: 0.005 s <<< FAILURE!
org.opentest4j.AssertionFailedError: 

expected: 400
 but was: 401
	at si.konferenca.registration.acceptance.ExternalRegistrationAcceptanceTest.assertRejectedAndNothingStored(ExternalRegistrationAcceptanceTest.java:35)
	at si.konferenca.registration.acceptance.ExternalRegistrationAcceptanceTest.AC_001_07_inactiveOptionIsRejectedAndNothingStored(ExternalRegistrationAcceptanceTest.java:156)

[ERROR] si.konferenca.registration.acceptance.ExternalRegistrationAcceptanceTest.AC_001_04_leadingAndTrailingWhitespaceIsNotStored -- Time elapsed: 0.006 s <<< FAILURE!
org.opentest4j.AssertionFailedError: 

expected: 201
 but was: 401
	at si.konferenca.registration.acceptance.ExternalRegistrationAcceptanceTest.AC_001_04_leadingAndTrailingWhitespaceIsNotStored(ExternalRegistrationAcceptanceTest.java:113)

[INFO] 
[INFO] Results:
[INFO] 
[ERROR] Failures: 
[ERROR]   ExternalRegistrationAcceptanceTest.AC_001_01_validExternalRegistrationIsAccepted:46 
expected: 201
 but was: 401
[ERROR]   ExternalRegistrationAcceptanceTest.AC_001_02_emptyRequiredFieldIsRejectedAndIdentified:63->assertRejectedAndNothingStored:35 
expected: 400
 but was: 401
[ERROR]   ExternalRegistrationAcceptanceTest.AC_001_02_emptyRequiredFieldIsRejectedAndIdentified:63->assertRejectedAndNothingStored:35 
expected: 400
 but was: 401
[ERROR]   ExternalRegistrationAcceptanceTest.AC_001_02_emptyRequiredFieldIsRejectedAndIdentified:63->assertRejectedAndNothingStored:35 
expected: 400
 but was: 401
[ERROR]   ExternalRegistrationAcceptanceTest.AC_001_02_emptyRequiredFieldIsRejectedAndIdentified:63->assertRejectedAndNothingStored:35 
expected: 400
 but was: 401
[ERROR]   ExternalRegistrationAcceptanceTest.AC_001_02_missingRequiredFieldIsRejectedAndIdentified:75 
expected: 400
 but was: 401
[ERROR]   ExternalRegistrationAcceptanceTest.AC_001_02_missingRequiredFieldIsRejectedAndIdentified:75 
expected: 400
 but was: 401
[ERROR]   ExternalRegistrationAcceptanceTest.AC_001_02_missingRequiredFieldIsRejectedAndIdentified:75 
expected: 400
 but was: 401
[ERROR]   ExternalRegistrationAcceptanceTest.AC_001_02_missingRequiredFieldIsRejectedAndIdentified:75 
expected: 400
 but was: 401
[ERROR]   ExternalRegistrationAcceptanceTest.AC_001_03_whitespaceOnlyFieldIncludingNoBreakSpaceIsRejected:88->assertRejectedAndNothingStored:35 
expected: 400
 but was: 401
[ERROR]   ExternalRegistrationAcceptanceTest.AC_001_03_whitespaceOnlyFieldIncludingNoBreakSpaceIsRejected:88->assertRejectedAndNothingStored:35 
expected: 400
 but was: 401
[ERROR]   ExternalRegistrationAcceptanceTest.AC_001_03_whitespaceOnlyFieldIncludingNoBreakSpaceIsRejected:88->assertRejectedAndNothingStored:35 
expected: 400
 but was: 401
[ERROR]   ExternalRegistrationAcceptanceTest.AC_001_03_whitespaceOnlyFieldIncludingNoBreakSpaceIsRejected:88->assertRejectedAndNothingStored:35 
expected: 400
 but was: 401
[ERROR]   ExternalRegistrationAcceptanceTest.AC_001_03_whitespaceOnlyFirstNameIsRejected:98->assertRejectedAndNothingStored:35 
expected: 400
 but was: 401
[ERROR]   ExternalRegistrationAcceptanceTest.AC_001_04_leadingAndTrailingWhitespaceIsNotStored:113 
expected: 201
 but was: 401
[ERROR]   ExternalRegistrationAcceptanceTest.AC_001_05_invalidEmailIsRejected:128 
expected: 400
 but was: 401
[ERROR]   ExternalRegistrationAcceptanceTest.AC_001_05_invalidEmailIsRejected:128 
expected: 400
 but was: 401
[ERROR]   ExternalRegistrationAcceptanceTest.AC_001_05_invalidEmailIsRejected:128 
expected: 400
 but was: 401
[ERROR]   ExternalRegistrationAcceptanceTest.AC_001_05_invalidEmailIsRejected:128 
expected: 400
 but was: 401
[ERROR]   ExternalRegistrationAcceptanceTest.AC_001_05_invalidEmailIsRejected:128 
expected: 400
 but was: 401
[ERROR]   ExternalRegistrationAcceptanceTest.AC_001_05_invalidEmailIsRejected:128 
expected: 400
 but was: 401
[ERROR]   ExternalRegistrationAcceptanceTest.AC_001_06_slovenianCharactersAreAcceptedAndStoredUnchanged:142 
expected: 201
 but was: 401
[ERROR]   ExternalRegistrationAcceptanceTest.AC_001_07_inactiveOptionIsRejectedAndNothingStored:156->assertRejectedAndNothingStored:35 
expected: 400
 but was: 401
[ERROR]   ExternalRegistrationAcceptanceTest.AC_001_08_unknownOptionIsRejectedAndNothingStored:166->assertRejectedAndNothingStored:35 
expected: 400
 but was: 401
[ERROR]   ExternalRegistrationAcceptanceTest.AC_001_09_missingConsentIsRejectedAndIdentified:176->assertRejectedAndNothingStored:35 
expected: 400
 but was: 401
[ERROR]   ExternalRegistrationAcceptanceTest.AC_001_10_consentWordingIsOfferedToTheForm:184 
expected: 200
 but was: 401
[ERROR]   ExternalRegistrationAcceptanceTest.AC_001_11_onlyActiveOptionsAreOfferedWithCategoryAndName:195 
expected: 200
 but was: 401
[ERROR]   ExternalRegistrationAcceptanceTest.AC_001_12_registrationWithoutOptionsIsAccepted:215 
expected: 201
 but was: 401
[ERROR]   ExternalRegistrationAcceptanceTest.AC_001_13_severalOptionsOfOneCategoryAreAccepted:227 
expected: 201
 but was: 401
[ERROR]   ExternalRegistrationAcceptanceTest.AC_001_14_failedAntiAutomationCheckIsRejectedAndNothingStored:239->assertRejectedAndNothingStored:35 
expected: 400
 but was: 401
[ERROR]   ExternalRegistrationAcceptanceTest.AC_001_14_missingAntiAutomationTokenIsRejectedAndNothingStored:249 
expected: 400
 but was: 401
[ERROR]   ExternalRegistrationAcceptanceTest.AC_001_15_secondRegistrationWithSameEmailIsRejected:257 
expected: 201
 but was: 401
[INFO] 
[ERROR] Tests run: 32, Failures: 32, Errors: 0, Skipped: 0
[INFO] 
[INFO] ------------------------------------------------------------------------
[INFO] BUILD FAILURE
[INFO] ------------------------------------------------------------------------
[INFO] Total time:  13.905 s
[INFO] Finished at: 2026-10-06T20:14:55+02:00
[INFO] ------------------------------------------------------------------------
[ERROR] Failed to execute goal org.apache.maven.plugins:maven-surefire-plugin:3.5.6:test (default-test) on project registration-backend: There are test failures.
[ERROR] 
[ERROR] See /home/tjan-kazar/storage/Work/lab/agentic_lab/agentic_lab/02_output/backend/target/surefire-reports for the individual test results.
[ERROR] See dump files (if any exist) [date].dump, [date]-jvmRun[N].dump and [date].dumpstream.
[ERROR] -> [Help 1]
[ERROR] 
[ERROR] To see the full stack trace of the errors, re-run Maven with the -e switch.
[ERROR] Re-run Maven using the -X switch to enable full debug logging.
[ERROR] 
[ERROR] For more information about the errors and possible solutions, please read the following articles:
[ERROR] [Help 1] http://cwiki.apache.org/confluence/display/MAVEN/MojoFailureException
