aad0c1d build: add local compose stack with named volumes (NFR-02, AR-05)
820288f build: add frontend nginx image with header set (SB-10, KP-01, KP-02)
cf6ea13 build: add backend container image, non-root (SB-11, NFR-04)
615543c feat: show confirmation only after acceptance (US-004, BR-06)
47ec235 feat: render registration form with options, consent, captcha (US-001, US-002)
0d7c97f feat: add frontend API client and validation rules (AR-01, NFR-03, KP-03)
70bcec8 fix: treat Unicode whitespace as space in server email check (BR-03)
a33aec1 feat: wire layers, security, startup guard and settings (BR-08, SR-06)
a8243da feat: expose options, registration and export endpoints (US-001..US-008)
5e7306c feat: add problem responses, size and rate limits (SR-03, SB-07, AC-004-03)
58c91e2 feat: write Excel export with text-only cells (US-008, AC-008-06)
de41984 feat: verify reCAPTCHA tokens with test mode (AC-001-14, SR-01, SR-02)
ffb07ff feat: send participant and organizer emails (US-006, US-007, SR-05)
feb90a8 feat: write durable raw JSON copies (AC-005-02, BR-07)
837ad56 feat: persist registrations via JPA and Flyway V1 (US-005, AR-06)
b33e656 feat: load option configuration with startup validation (AC-003-01..04)
6a48ab0 feat: add export service port (US-008)
b72fd69 feat: build form setup from configuration (US-003, AR-07)
4bd5510 feat: store registration and JSON copy before notifying (US-005, AR-05)
788e3c9 feat: validate registrations on the server (US-001, US-002, BR-02..BR-05)
b1b27ae feat: add registration domain model and text rules (US-001..US-005, KP-03)
d634806 test: re-hash acceptance manifest after approved helper fix (D-20)
86f2d98 test: read timestamptz as OffsetDateTime in acceptance helper (D-20)
