 Image registration-tanej04-backend Building 
 Image registration-tanej04-frontend Building 
#1 [internal] load local bake definitions
#1 reading from stdin 1.15kB done
#1 DONE 0.0s

#2 [backend internal] load build definition from Dockerfile
#2 transferring dockerfile: 516B 0.0s done
#2 DONE 0.1s

#3 [frontend internal] load build definition from Dockerfile
#3 transferring dockerfile: 620B 0.0s done
#3 DONE 0.1s

#4 [frontend internal] load metadata for docker.io/library/nginx:1.30.5-alpine
#4 DONE 0.1s

#5 [frontend internal] load metadata for docker.io/library/node:24.13.0-alpine
#5 DONE 0.1s

#6 [backend internal] load metadata for docker.io/library/eclipse-temurin:21.0.10_7-jre-alpine
#6 DONE 0.1s

#7 [frontend internal] load .dockerignore
#7 transferring context: 144B 0.0s done
#7 DONE 0.0s

#8 [backend internal] load .dockerignore
#8 transferring context: 81B 0.0s done
#8 DONE 0.0s

#9 [frontend internal] load build context
#9 DONE 0.0s

#10 [backend internal] load build context
#10 transferring context: 87B done
#10 DONE 0.0s

#11 [frontend stage-1 1/4] FROM docker.io/library/nginx:1.30.5-alpine@sha256:0985e772fb9f729e6fa0980da05fca5d9c468e870eed43071545afa9d2e27d94
#11 resolve docker.io/library/nginx:1.30.5-alpine@sha256:0985e772fb9f729e6fa0980da05fca5d9c468e870eed43071545afa9d2e27d94 0.1s done
#11 DONE 0.1s

#12 [frontend build 1/6] FROM docker.io/library/node:24.13.0-alpine@sha256:cd6fb7efa6490f039f3471a189214d5f548c11df1ff9e5b181aa49e22c14383e
#12 resolve docker.io/library/node:24.13.0-alpine@sha256:cd6fb7efa6490f039f3471a189214d5f548c11df1ff9e5b181aa49e22c14383e 0.1s done
#12 DONE 0.1s

#13 [backend 1/4] FROM docker.io/library/eclipse-temurin:21.0.10_7-jre-alpine@sha256:ad0cdd9782db550ca7dde6939a16fd850d04e683d37d3cff79d84a5848ba6a5a
#13 resolve docker.io/library/eclipse-temurin:21.0.10_7-jre-alpine@sha256:ad0cdd9782db550ca7dde6939a16fd850d04e683d37d3cff79d84a5848ba6a5a 0.1s done
#13 DONE 0.1s

#14 [backend 2/4] RUN addgroup -S app && adduser -S -G app app     && mkdir -p /data/registrations     && chown app:app /data/registrations
#14 CACHED

#15 [backend 3/4] WORKDIR /app
#15 CACHED

#16 [backend 4/4] COPY target/registration-backend-0.1.0.jar /app/app.jar
#16 CACHED

#9 [frontend internal] load build context
#9 transferring context: 1.64kB 0.0s done
#9 DONE 0.0s

#17 [frontend build 2/6] WORKDIR /build
#17 CACHED

#18 [frontend build 3/6] COPY package.json package-lock.json .npmrc ./
#18 CACHED

#19 [frontend build 4/6] RUN npm ci --no-audit --no-fund
#19 CACHED

#20 [backend] exporting to image
#20 exporting layers done
#20 exporting manifest sha256:4ef8e7858ca81699a01f72d55593a10800aa8dec7c795fbbc3be61341c82e96a done
#20 exporting config sha256:90525bb3b9e3a87e2a7db2aa69f390f34c37b062b3c2c576359832b13cacacf0 done
#20 exporting attestation manifest sha256:4a207222aca001a523fee028ad3590d353e5b74d4a4156f66b9a906567bf5aa6 0.0s done
#20 exporting manifest list sha256:1ed61a4fbc4c17c9bcdc27f7e062e204461b6ace763b2a0b1d780efdce8451bb
#20 exporting manifest list sha256:1ed61a4fbc4c17c9bcdc27f7e062e204461b6ace763b2a0b1d780efdce8451bb 0.0s done
#20 naming to docker.io/library/registration-tanej04-backend:latest done
#20 unpacking to docker.io/library/registration-tanej04-backend:latest 0.0s done
#20 DONE 0.3s

#21 [frontend build 5/6] COPY . .
#21 DONE 0.1s

#22 [frontend build 6/6] RUN npm run build
#22 ...

#23 [backend] resolving provenance for metadata file
#23 DONE 0.0s

#22 [frontend build 6/6] RUN npm run build
#22 1.559 
#22 1.559 > registration-frontend@0.1.0 build
#22 1.559 > tsc --noEmit && vite build
#22 1.559 
#22 9.308 vite v6.4.3 building for production...
#22 9.617 transforming...
#22 14.24 ✓ 33 modules transformed.
#22 14.61 rendering chunks...
#22 14.65 computing gzip size...
#22 14.67 dist/index.html                  0.33 kB │ gzip:  0.24 kB
#22 14.67 dist/assets/index-BtWrKjwE.js  231.02 kB │ gzip: 72.33 kB
#22 14.67 ✓ built in 5.27s
#22 DONE 14.9s

#24 [frontend stage-1 3/4] COPY --from=build /build/dist /usr/share/nginx/html
#24 CACHED

#25 [frontend stage-1 2/4] COPY nginx.conf /etc/nginx/nginx.conf
#25 CACHED

#26 [frontend stage-1 4/4] RUN chown -R nginx:nginx /usr/share/nginx/html /var/cache/nginx
#26 CACHED

#27 [frontend] exporting to image
#27 exporting layers 0.0s done
#27 exporting manifest sha256:a124728472c918a6c82bd1306271c5083dc95d67df2a202990d13b8f349ca8a6 0.0s done
#27 exporting config sha256:8b9f2300a114e03244b82143487b14c67ea58775423466591db5f8392c3924e7 done
#27 exporting attestation manifest sha256:55e4cf0966ad5674e00ab85d4c5ac41e2f55ba461801a7a5dc011c23762b679e
#27 exporting attestation manifest sha256:55e4cf0966ad5674e00ab85d4c5ac41e2f55ba461801a7a5dc011c23762b679e 0.0s done
#27 exporting manifest list sha256:f999bc3f91f0a734322071749a86c3eb68790b639302f00fb12f301e4c410075 0.0s done
#27 naming to docker.io/library/registration-tanej04-frontend:latest done
#27 unpacking to docker.io/library/registration-tanej04-frontend:latest 0.0s done
#27 DONE 0.3s

#28 [frontend] resolving provenance for metadata file
#28 DONE 0.0s
 Image registration-tanej04-backend Built 
 Image registration-tanej04-frontend Built 
 Container registration-tanej04-postgres-1 Running 
 Container registration-tanej04-mailpit-1 Running 
 Container registration-tanej04-backend-1 Recreate 
 Container registration-tanej04-backend-1 Recreated 
 Container registration-tanej04-postgres-1 Waiting 
 Container registration-tanej04-mailpit-1 Waiting 
 Container registration-tanej04-postgres-1 Healthy 
 Container registration-tanej04-mailpit-1 Healthy 
 Container registration-tanej04-backend-1 Starting 
 Container registration-tanej04-backend-1 Started 
 Container registration-tanej04-backend-1 Waiting 
 Container registration-tanej04-backend-1 Healthy 
 Container registration-tanej04-frontend-1 Starting 
 Container registration-tanej04-frontend-1 Started 
