 Image konferenca-registration-frontend:local Building 
 Image konferenca-registration-backend:local Building 
#1 [internal] load local bake definitions
#1 reading from stdin 1.18kB done
#1 DONE 0.0s

#2 [frontend internal] load build definition from Dockerfile
#2 transferring dockerfile: 676B done
#2 DONE 0.0s

#3 [backend internal] load build definition from Dockerfile
#3 transferring dockerfile: 975B done
#3 DONE 0.1s

#4 [backend internal] load metadata for docker.io/library/eclipse-temurin:21.0.10_7-jdk-alpine
#4 ...

#5 [frontend internal] load metadata for docker.io/library/nginx:1.30.5-alpine
#5 DONE 0.2s

#4 [backend internal] load metadata for docker.io/library/eclipse-temurin:21.0.10_7-jdk-alpine
#4 DONE 0.2s

#6 [frontend internal] load metadata for docker.io/library/node:24.13.0-alpine
#6 DONE 0.2s

#7 [backend internal] load metadata for docker.io/library/eclipse-temurin:21.0.10_7-jre-alpine
#7 DONE 0.2s

#8 [frontend internal] load .dockerignore
#8 transferring context: 125B 0.0s done
#8 DONE 0.0s

#9 [backend internal] load .dockerignore
#9 transferring context: 59B 0.0s done
#9 DONE 0.0s

#10 [backend internal] load build context
#10 DONE 0.0s

#11 [frontend internal] load build context
#11 DONE 0.0s

#12 [frontend stage-1 1/5] FROM docker.io/library/nginx:1.30.5-alpine@sha256:0985e772fb9f729e6fa0980da05fca5d9c468e870eed43071545afa9d2e27d94
#12 resolve docker.io/library/nginx:1.30.5-alpine@sha256:0985e772fb9f729e6fa0980da05fca5d9c468e870eed43071545afa9d2e27d94
#12 resolve docker.io/library/nginx:1.30.5-alpine@sha256:0985e772fb9f729e6fa0980da05fca5d9c468e870eed43071545afa9d2e27d94 0.1s done
#12 CACHED

#13 [backend stage-1 1/3] FROM docker.io/library/eclipse-temurin:21.0.10_7-jre-alpine@sha256:ad0cdd9782db550ca7dde6939a16fd850d04e683d37d3cff79d84a5848ba6a5a
#13 resolve docker.io/library/eclipse-temurin:21.0.10_7-jre-alpine@sha256:ad0cdd9782db550ca7dde6939a16fd850d04e683d37d3cff79d84a5848ba6a5a 0.1s done
#13 CACHED

#14 [frontend build 1/7] FROM docker.io/library/node:24.13.0-alpine@sha256:cd6fb7efa6490f039f3471a189214d5f548c11df1ff9e5b181aa49e22c14383e
#14 resolve docker.io/library/node:24.13.0-alpine@sha256:cd6fb7efa6490f039f3471a189214d5f548c11df1ff9e5b181aa49e22c14383e 0.1s done
#14 CACHED

#10 [backend internal] load build context
#10 transferring context: 118.34kB 0.0s done
#10 DONE 0.1s

#15 [backend build 1/6] FROM docker.io/library/eclipse-temurin:21.0.10_7-jdk-alpine@sha256:bcc7ec7e8fef937ba9f01ee5f810361d722c6b5dbe19ac188ab7b25c1a4dd2c9
#15 resolve docker.io/library/eclipse-temurin:21.0.10_7-jdk-alpine@sha256:bcc7ec7e8fef937ba9f01ee5f810361d722c6b5dbe19ac188ab7b25c1a4dd2c9 0.1s done
#15 DONE 0.4s

#11 [frontend internal] load build context
#11 transferring context: 338.20kB 0.0s done
#11 DONE 0.2s

#16 [frontend build 2/7] WORKDIR /src
#16 DONE 0.1s

#17 [frontend build 3/7] COPY package.json package-lock.json .npmrc ./
#17 DONE 0.1s

#18 [backend build 2/6] WORKDIR /src
#18 DONE 0.1s

#19 [backend stage-1 2/3] RUN addgroup -S -g 10001 app && adduser -S -D -H -u 10001 -G app app     && mkdir -p /data/json-copies && chown app:app /data/json-copies
#19 DONE 0.4s

#20 [frontend build 4/7] RUN npm ci --no-audit --no-fund
#20 ...

#21 [frontend stage-1 2/5] RUN rm /etc/nginx/conf.d/default.conf
#21 DONE 0.4s

#22 [backend build 3/6] COPY .mvn .mvn
#22 DONE 0.1s

#23 [frontend stage-1 3/5] COPY nginx/nginx.conf /etc/nginx/nginx.conf
#23 DONE 0.1s

#24 [backend build 4/6] COPY mvnw pom.xml spotbugs-exclude.xml dependency-check-suppressions.xml ./
#24 DONE 0.2s

#25 [frontend stage-1 4/5] COPY nginx/security-headers.conf /etc/nginx/security-headers.conf
#25 DONE 0.2s

#26 [backend build 5/6] COPY src/main src/main
#26 DONE 0.1s

#27 [backend build 6/6] RUN --mount=type=cache,target=/root/.m2 ./mvnw -B -ntp -q -DskipTests -Djacoco.skip package     && cp target/registration-backend-1.0.0.jar /app.jar
#27 ...

#20 [frontend build 4/7] RUN npm ci --no-audit --no-fund
#20 3.133 npm warn deprecated whatwg-encoding@3.1.1: Use @exodus/bytes instead for a more spec-conformant and faster implementation
#20 6.684 npm warn deprecated glob@10.5.0: Old versions of glob are not supported, and contain widely publicized security vulnerabilities, which have been fixed in the current version. Please update. Support for old versions may be purchased (at exorbitant rates) by contacting i@izs.me
#20 9.320 npm warn deprecated eslint@9.39.5: This version is no longer supported. Please see https://eslint.org/version-support for other options.
#20 10.95 
#20 10.95 added 585 packages in 10s
#20 10.95 npm notice
#20 10.95 npm notice New minor version of npm available! 11.6.2 -> 11.21.0
#20 10.95 npm notice Changelog: https://github.com/npm/cli/releases/tag/v11.21.0
#20 10.95 npm notice To update run: npm install -g npm@11.21.0
#20 10.95 npm notice
#20 DONE 11.7s

#27 [backend build 6/6] RUN --mount=type=cache,target=/root/.m2 ./mvnw -B -ntp -q -DskipTests -Djacoco.skip package     && cp target/registration-backend-1.0.0.jar /app.jar
#27 ...

#28 [frontend build 5/7] COPY index.html tsconfig.json vite.config.ts ./
#28 DONE 0.3s

#27 [backend build 6/6] RUN --mount=type=cache,target=/root/.m2 ./mvnw -B -ntp -q -DskipTests -Djacoco.skip package     && cp target/registration-backend-1.0.0.jar /app.jar
#27 ...

#29 [frontend build 6/7] COPY src src
#29 DONE 0.1s

#30 [frontend build 7/7] RUN npm run build
#30 0.656 
#30 0.656 > registration-frontend@1.0.0 build
#30 0.656 > tsc --noEmit && vite build
#30 0.656 
#30 ...

#27 [backend build 6/6] RUN --mount=type=cache,target=/root/.m2 ./mvnw -B -ntp -q -DskipTests -Djacoco.skip package     && cp target/registration-backend-1.0.0.jar /app.jar
#27 DONE 14.6s

#30 [frontend build 7/7] RUN npm run build
#30 3.311 vite v6.4.3 building for production...
#30 3.411 transforming...
#30 ...

#31 [backend stage-1 3/3] COPY --from=build /app.jar /app/app.jar
#31 DONE 0.2s

#32 [backend] exporting to image
#32 exporting layers
#32 ...

#30 [frontend build 7/7] RUN npm run build
#30 5.723 ✓ 37 modules transformed.
#30 5.906 rendering chunks...
#30 5.916 computing gzip size...
#30 5.927 dist/index.html                   0.41 kB │ gzip:  0.27 kB
#30 5.927 dist/assets/index-BEQ8wnK5.css    0.41 kB │ gzip:  0.27 kB
#30 5.927 dist/assets/index-BcipWpHG.js   232.76 kB │ gzip: 72.93 kB
#30 5.928 ✓ built in 2.57s
#30 DONE 6.1s

#32 [backend] exporting to image
#32 ...

#33 [frontend stage-1 5/5] COPY --from=build /src/dist /usr/share/nginx/html
#33 DONE 0.1s

#34 [frontend] exporting to image
#34 exporting layers 0.3s done
#34 exporting manifest sha256:720e4f9307c912536263a8bab9876caee15779f47734f5df3360ed3c48fc500b 0.0s done
#34 exporting config sha256:dee7cf173962fb4cce1eb245c98f69ef7f17ddef8bbd626148f2d31e8060c6ca
#34 exporting config sha256:dee7cf173962fb4cce1eb245c98f69ef7f17ddef8bbd626148f2d31e8060c6ca 0.0s done
#34 exporting attestation manifest sha256:e735f0c96d7cc749928d571435227c37170f11b953f6d4a0d52f35830e683525 0.1s done
#34 exporting manifest list sha256:51075f3acf810c6aa7685f5f9c223d6b205cc3c13675798b6f82fa6962ff2f25
#34 exporting manifest list sha256:51075f3acf810c6aa7685f5f9c223d6b205cc3c13675798b6f82fa6962ff2f25 0.0s done
#34 naming to docker.io/library/konferenca-registration-frontend:local done
#34 unpacking to docker.io/library/konferenca-registration-frontend:local
#34 unpacking to docker.io/library/konferenca-registration-frontend:local 0.2s done
#34 DONE 0.7s

#32 [backend] exporting to image
#32 exporting layers 3.3s done
#32 exporting manifest sha256:f82e7d67ccd9d5e92c433c8f49c9b80e1819fabb6dcd66cbd888d728ecd79e65 0.0s done
#32 exporting config sha256:43eb5aff49a8f7dcc8be81e563db51bc687c9507efbcdd2611d1fea811437a78 0.0s done
#32 exporting attestation manifest sha256:14e45a495488ff420e978b10349e9e76e153b2bbc130f8799cc52f7b898140c1 0.1s done
#32 exporting manifest list sha256:878a19f2f04e024e12e5ce6fd739d0560635c53ea9f7f706e68136a618098bd0 0.0s done
#32 naming to docker.io/library/konferenca-registration-backend:local 0.0s done
#32 unpacking to docker.io/library/konferenca-registration-backend:local
#32 ...

#35 [frontend] resolving provenance for metadata file
#35 DONE 0.0s

#32 [backend] exporting to image
#32 unpacking to docker.io/library/konferenca-registration-backend:local 0.6s done
#32 DONE 4.1s

#36 [backend] resolving provenance for metadata file
#36 DONE 0.0s
 Image konferenca-registration-backend:local Built 
 Image konferenca-registration-frontend:local Built 
 Network regtest-e2e_default Creating 
 Network regtest-e2e_default Created 
 Volume regtest-e2e_jsoncopies Creating 
 Volume regtest-e2e_jsoncopies Created 
 Volume regtest-e2e_pgdata Creating 
 Volume regtest-e2e_pgdata Created 
 Container regtest-e2e-mailpit-1 Creating 
 Container regtest-e2e-postgres-1 Creating 
 Container regtest-e2e-mailpit-1 Created 
 Container regtest-e2e-postgres-1 Created 
 Container regtest-e2e-backend-1 Creating 
 Container regtest-e2e-backend-1 Created 
 Container regtest-e2e-frontend-1 Creating 
 Container regtest-e2e-frontend-1 Created 
 Container regtest-e2e-mailpit-1 Starting 
 Container regtest-e2e-postgres-1 Starting 
 Container regtest-e2e-postgres-1 Started 
 Container regtest-e2e-mailpit-1 Started 
 Container regtest-e2e-mailpit-1 Waiting 
 Container regtest-e2e-postgres-1 Waiting 
 Container regtest-e2e-mailpit-1 Healthy 
 Container regtest-e2e-postgres-1 Healthy 
 Container regtest-e2e-backend-1 Starting 
 Container regtest-e2e-backend-1 Started 
 Container regtest-e2e-backend-1 Waiting 
 Container regtest-e2e-backend-1 Healthy 
 Container regtest-e2e-frontend-1 Starting 
 Container regtest-e2e-frontend-1 Started 
 Container regtest-e2e-frontend-1 Waiting 
 Container regtest-e2e-postgres-1 Waiting 
 Container regtest-e2e-mailpit-1 Waiting 
 Container regtest-e2e-backend-1 Waiting 
 Container regtest-e2e-postgres-1 Healthy 
 Container regtest-e2e-backend-1 Healthy 
 Container regtest-e2e-mailpit-1 Healthy 
 Container regtest-e2e-frontend-1 Healthy 

Running 6 tests using 1 worker

  ✓  1 [chromium] › tests/e2e/registration.spec.ts:32:1 › AC-001-01 AC-004-01 AC-006-01 AC-007-01 NFR-01 external registration end to end (1.5s)
  ✓  2 [chromium] › tests/e2e/registration.spec.ts:60:1 › AC-002-01 AC-002-09 student registration end to end (475ms)
  ✓  3 [chromium] › tests/e2e/registration.spec.ts:81:1 › AC-001-10 AC-001-11 the form shows grouped options and an unchecked consent (217ms)
  ✓  4 [chromium] › tests/e2e/registration.spec.ts:96:1 › AC-001-02 AC-004-02 an incomplete form shows field errors and no confirmation (234ms)
  ✓  5 [chromium] › tests/e2e/registration.spec.ts:109:1 › AC-001-15 a second registration with the same email is refused (582ms)
  ✓  6 [chromium] › tests/e2e/registration.spec.ts:130:1 › AC-008-01 AC-008-02 AC-008-03 AC-008-05 organizer export through the public site (1.3s)
 Container regtest-e2e-frontend-1 Stopping 
 Container regtest-e2e-frontend-1 Stopped 
 Container regtest-e2e-frontend-1 Removing 
 Container regtest-e2e-frontend-1 Removed 
 Container regtest-e2e-backend-1 Stopping 
 Container regtest-e2e-backend-1 Stopped 
 Container regtest-e2e-backend-1 Removing 
 Container regtest-e2e-backend-1 Removed 
 Container regtest-e2e-mailpit-1 Stopping 
 Container regtest-e2e-postgres-1 Stopping 
 Container regtest-e2e-postgres-1 Stopped 
 Container regtest-e2e-postgres-1 Removing 
 Container regtest-e2e-postgres-1 Removed 
 Container regtest-e2e-mailpit-1 Stopped 
 Container regtest-e2e-mailpit-1 Removing 
 Container regtest-e2e-mailpit-1 Removed 
 Network regtest-e2e_default Removing 
 Volume regtest-e2e_pgdata Removing 
 Volume regtest-e2e_jsoncopies Removing 
 Volume regtest-e2e_jsoncopies Removed 
 Volume regtest-e2e_pgdata Removed 
 Network regtest-e2e_default Removed 

  6 passed (56.9s)
