 Image registration-backend Building 
 Image registration-frontend Building 
#1 [internal] load local bake definitions
#1 reading from stdin 1.11kB done
#1 DONE 0.0s

#2 [frontend internal] load build definition from Dockerfile
#2 transferring dockerfile: 753B 0.0s done
#2 DONE 0.1s

#3 [backend internal] load build definition from Dockerfile
#3 transferring dockerfile: 581B 0.0s done
#3 DONE 0.1s

#4 [backend internal] load metadata for docker.io/library/eclipse-temurin:21.0.10_7-jre-alpine
#4 DONE 0.1s

#5 [frontend internal] load metadata for docker.io/library/node:24.13.0-alpine
#5 DONE 0.1s

#6 [frontend internal] load metadata for docker.io/library/nginx:1.30.5-alpine
#6 DONE 0.1s

#7 [backend internal] load .dockerignore
#7 transferring context: 81B 0.0s done
#7 DONE 0.0s

#8 [frontend internal] load .dockerignore
#8 transferring context: 123B 0.0s done
#8 DONE 0.0s

#9 [frontend internal] load build context
#9 DONE 0.0s

#10 [backend internal] load build context
#10 ...

#11 [backend 1/4] FROM docker.io/library/eclipse-temurin:21.0.10_7-jre-alpine@sha256:ad0cdd9782db550ca7dde6939a16fd850d04e683d37d3cff79d84a5848ba6a5a
#11 resolve docker.io/library/eclipse-temurin:21.0.10_7-jre-alpine@sha256:ad0cdd9782db550ca7dde6939a16fd850d04e683d37d3cff79d84a5848ba6a5a 0.2s done
#11 DONE 0.2s

#12 [frontend stage-1 1/5] FROM docker.io/library/nginx:1.30.5-alpine@sha256:0985e772fb9f729e6fa0980da05fca5d9c468e870eed43071545afa9d2e27d94
#12 resolve docker.io/library/nginx:1.30.5-alpine@sha256:0985e772fb9f729e6fa0980da05fca5d9c468e870eed43071545afa9d2e27d94 0.2s done
#12 DONE 0.2s

#13 [frontend build 1/7] FROM docker.io/library/node:24.13.0-alpine@sha256:cd6fb7efa6490f039f3471a189214d5f548c11df1ff9e5b181aa49e22c14383e
#13 resolve docker.io/library/node:24.13.0-alpine@sha256:cd6fb7efa6490f039f3471a189214d5f548c11df1ff9e5b181aa49e22c14383e 0.2s done
#13 DONE 0.2s

#10 [backend internal] load build context
#10 ...

#9 [frontend internal] load build context
#9 transferring context: 23.09kB 0.0s done
#9 DONE 0.0s

#14 [frontend build 4/7] RUN npm ci --no-audit --no-fund
#14 CACHED

#15 [frontend build 2/7] WORKDIR /app
#15 CACHED

#16 [frontend build 3/7] COPY package.json package-lock.json .npmrc ./
#16 CACHED

#17 [frontend build 5/7] COPY tsconfig.json vite.config.ts index.html ./
#17 CACHED

#10 [backend internal] load build context
#10 ...

#18 [frontend build 6/7] COPY src ./src
#18 DONE 0.1s

#10 [backend internal] load build context
#10 transferring context: 80.25MB 4.9s done
#10 DONE 4.9s

#19 [frontend build 7/7] RUN npm run build
#19 2.077 
#19 2.077 > registration-frontend@0.1.0 build
#19 2.077 > tsc --noEmit && vite build
#19 2.077 
#19 ...

#20 [backend 2/4] RUN addgroup -S -g 10001 app     && adduser -S -D -H -u 10001 -G app app     && mkdir -p /data/json-copies     && chown app:app /data/json-copies
#20 CACHED

#21 [backend 3/4] WORKDIR /app
#21 CACHED

#22 [backend 4/4] COPY target/registration-backend-0.1.0.jar /app/app.jar
#22 DONE 0.5s

#19 [frontend build 7/7] RUN npm run build
#19 ...

#23 [backend] exporting to image
#23 exporting layers
#23 exporting layers 3.4s done
#23 exporting manifest sha256:22a52873f72cc47512fc2a4412543874a56a3ce93829c9eae20fa3d293a5a57f 0.0s done
#23 exporting config sha256:11585f3e4eaa944cb1db25888184d61b358353919e1a82710ee5d6a2f2dec139 0.0s done
#23 exporting attestation manifest sha256:e3712ef322850b1073801ac6dd22354671b6d793ab7b4608e973e82c3ba3c36b 0.0s done
#23 exporting manifest list sha256:3af881b7f4898b468c5c8620a3652c5907fd9a58bb7235c70dec2a3790e4e010
#23 exporting manifest list sha256:3af881b7f4898b468c5c8620a3652c5907fd9a58bb7235c70dec2a3790e4e010 0.0s done
#23 naming to docker.io/library/registration-backend:latest done
#23 unpacking to docker.io/library/registration-backend:latest
#23 unpacking to docker.io/library/registration-backend:latest 0.5s done
#23 DONE 4.1s

#19 [frontend build 7/7] RUN npm run build
#19 8.685 vite v6.4.3 building for production...
#19 8.871 transforming...
#19 ...

#24 [backend] resolving provenance for metadata file
#24 DONE 0.0s

#19 [frontend build 7/7] RUN npm run build
#19 11.83 ✓ 34 modules transformed.
#19 12.09 rendering chunks...
#19 12.11 computing gzip size...
#19 12.14 dist/index.html                   0.41 kB │ gzip:  0.27 kB
#19 12.14 dist/assets/index-BPT5YQzP.css    0.72 kB │ gzip:  0.43 kB
#19 12.14 dist/assets/index-C3-spX4F.js   232.61 kB │ gzip: 72.84 kB
#19 12.14 ✓ built in 3.38s
#19 DONE 12.5s

#25 [frontend stage-1 2/5] COPY nginx/nginx.conf /etc/nginx/nginx.conf
#25 CACHED

#26 [frontend stage-1 3/5] COPY nginx/default.conf.template /etc/nginx/templates/default.conf.template
#26 CACHED

#27 [frontend stage-1 4/5] COPY --from=build /app/dist /usr/share/nginx/html
#27 DONE 0.1s

#28 [frontend stage-1 5/5] RUN rm -f /etc/nginx/conf.d/default.conf     && chown -R nginx:nginx /etc/nginx/conf.d /var/cache/nginx /usr/share/nginx/html
#28 DONE 0.4s

#29 [frontend] exporting to image
#29 exporting layers
#29 exporting layers 0.2s done
#29 exporting manifest sha256:6e5b45745a522e98bb0c045da2125678d695d2b33deaf65a3bb0350593212a46 0.0s done
#29 exporting config sha256:fb1922df824c93e740873ada8160e29373755d958c6027de9fef3db15360ac96 0.0s done
#29 exporting attestation manifest sha256:45fef1d625a021b1de56e1cc5d84f4721a17095b5b7734ac294b5a167479b8fa 0.0s done
#29 exporting manifest list sha256:0e0aff7d56fb3d3bbde21b202b7e3714185d852a593fbf62ef8d406fcfcdf827 0.0s done
#29 naming to docker.io/library/registration-frontend:latest
#29 naming to docker.io/library/registration-frontend:latest done
#29 unpacking to docker.io/library/registration-frontend:latest 0.1s done
#29 DONE 0.4s

#30 [frontend] resolving provenance for metadata file
#30 DONE 0.0s
 Image registration-backend Built 
 Image registration-frontend Built 
 Container registration-postgres-1 Running 
 Container registration-mailpit-1 Running 
 Container registration-backend-1 Recreate 
 Container registration-backend-1 Recreated 
 Container registration-frontend-1 Recreate 
 Container registration-frontend-1 Recreated 
 Container registration-postgres-1 Waiting 
 Container registration-postgres-1 Healthy 
 Container registration-backend-1 Starting 
 Container registration-backend-1 Started 
 Container registration-backend-1 Waiting 
 Container registration-backend-1 Healthy 
 Container registration-frontend-1 Starting 
 Container registration-frontend-1 Started 
