[INFO] Scanning for projects...
[INFO] 
[INFO] -----------------< si.konferenca:registration-backend >-----------------
[INFO] Building registration-backend 1.0.0
[INFO]   from pom.xml
[INFO] --------------------------------[ jar ]---------------------------------
[INFO] 
[INFO] --- jacoco:0.8.12:prepare-agent (prepare-agent) @ registration-backend ---
[INFO] Skipping JaCoCo execution because property jacoco.skip is set.
[INFO] argLine set to empty
[INFO] 
[INFO] --- resources:3.5.0:resources (default-resources) @ registration-backend ---
[INFO] Copying 3 resources from src/main/resources to target/classes
[INFO] Copying 2 resources from src/main/resources to target/classes
[INFO] 
[INFO] --- compiler:3.15.0:compile (default-compile) @ registration-backend ---
[INFO] Recompiling the module because of changed source code.
[INFO] Compiling 48 source files with javac [debug parameters release 21] to target/classes
[INFO] 
[INFO] --- resources:3.5.0:testResources (default-testResources) @ registration-backend ---
[INFO] Copying 1 resource from src/test/resources to target/test-classes
[INFO] 
[INFO] --- compiler:3.15.0:testCompile (default-testCompile) @ registration-backend ---
[INFO] Recompiling the module because of changed dependency.
[INFO] Compiling 31 source files with javac [debug parameters release 21] to target/test-classes
[INFO] 
[INFO] --- surefire:3.5.6:test (default-test) @ registration-backend ---
[INFO] Using auto detected provider org.apache.maven.surefire.junitplatform.JUnitPlatformProvider
[INFO] 
[INFO] -------------------------------------------------------
[INFO]  T E S T S
[INFO] -------------------------------------------------------
[INFO] Running si.konferenca.registration.web.FiltersTest
20:49:43.646 [main] ERROR si.konferenca.registration.web.ApiExceptionHandler -- Unexpected error: java.lang.IllegalStateException
[INFO] Tests run: 8, Failures: 0, Errors: 0, Skipped: 0, Time elapsed: 0.377 s -- in si.konferenca.registration.web.FiltersTest
[INFO] Running si.konferenca.registration.acceptance.RegistrationStorageAcceptanceTest
20:49:43.866 [main] INFO org.testcontainers.images.PullPolicy -- Image pull policy will be performed by: DefaultPullPolicy()
20:49:43.868 [main] INFO org.testcontainers.utility.ImageNameSubstitutor -- Image name substitution will be performed by: DefaultImageNameSubstitutor (composite of 'ConfigurationFileImageNameSubstitutor' and 'PrefixingImageNameSubstitutor')
20:49:43.875 [main] INFO org.testcontainers.DockerClientFactory -- Testcontainers version: 2.0.5
20:49:44.519 [main] INFO org.testcontainers.dockerclient.DockerClientProviderStrategy -- Found Docker environment with Docker accessed via Unix socket (/home/tjan-kazar/.docker/desktop/docker.sock)
20:49:44.520 [main] INFO org.testcontainers.DockerClientFactory -- Docker host IP address is localhost
20:49:44.537 [main] INFO org.testcontainers.DockerClientFactory -- Connected to docker: 
  Server Version: 29.3.1
  API Version: 1.54
  Operating System: Docker Desktop
  Total Memory: 31283 MB
  Labels: 
    com.docker.desktop.address=unix:///home/tjan-kazar/.docker/desktop/docker-cli.sock
20:49:44.842 [main] INFO tc.testcontainers/ryuk:0.14.0 -- Creating container for image: testcontainers/ryuk:0.14.0
20:49:45.118 [main] INFO tc.testcontainers/ryuk:0.14.0 -- Container testcontainers/ryuk:0.14.0 is starting: de419f6f9bff3216272fcc5c8db05145e3d3a434068be12f57cb7e1d6a1bb420
20:49:45.704 [main] INFO tc.testcontainers/ryuk:0.14.0 -- Container testcontainers/ryuk:0.14.0 started in PT0.86212717S
20:49:45.708 [main] INFO org.testcontainers.utility.RyukResourceReaper -- Ryuk started - will monitor and terminate Testcontainers containers on JVM exit
20:49:45.708 [main] INFO org.testcontainers.DockerClientFactory -- Checking the system...
20:49:45.709 [main] INFO org.testcontainers.DockerClientFactory -- ✔︎ Docker server version should be at least 1.6.0
20:49:45.709 [main] INFO tc.postgres:16.15-alpine -- Creating container for image: postgres:16.15-alpine
20:49:45.928 [main] INFO tc.postgres:16.15-alpine -- Container postgres:16.15-alpine is starting: c86a6cf59862a7506ebf9b175f9f1005deefa4381b4a685207db59308d6c2c37
20:49:48.725 [main] INFO tc.postgres:16.15-alpine -- Container postgres:16.15-alpine started in PT3.015066812S
20:49:48.725 [main] INFO tc.postgres:16.15-alpine -- Container is started (JDBC URL: jdbc:postgresql://localhost:40131/test?loggerLevel=OFF)
20:49:48.726 [main] INFO tc.axllent/mailpit:v1.31.1 -- Creating container for image: axllent/mailpit:v1.31.1
20:49:48.842 [main] INFO tc.axllent/mailpit:v1.31.1 -- Container axllent/mailpit:v1.31.1 is starting: 82470296fb4a6cf4e9f6758cbd597ba39c3abb2345fbab47ba32d6ad24a50cd1
20:49:49.205 [main] INFO org.testcontainers.containers.wait.strategy.HttpWaitStrategy -- /stupefied_curie: Waiting for 60 seconds for URL: http://localhost:40259/api/v1/messages (where port 40259 maps to container port 8025)
20:49:49.217 [main] INFO tc.axllent/mailpit:v1.31.1 -- Container axllent/mailpit:v1.31.1 started in PT0.491713513S
2026-10-06T20:49:49.869+02:00  INFO 359008 --- [registration-backend] [           main] o.a.maven.surefire.booter.ForkedBooter   : Starting ForkedBooter v3.5.6 using Java 21.0.12.1 with PID 359008 (started by tjan-kazar in /home/tjan-kazar/storage/Work/lab/agentic_lab/agentic_lab/02_output/backend)
2026-10-06T20:49:49.870+02:00  INFO 359008 --- [registration-backend] [           main] o.a.maven.surefire.booter.ForkedBooter   : The following 1 profile is active: "test"
2026-10-06T20:49:50.589+02:00  INFO 359008 --- [registration-backend] [           main] .s.d.r.c.RepositoryConfigurationDelegate : Bootstrapping Spring Data JPA repositories in DEFAULT mode.
2026-10-06T20:49:50.639+02:00  INFO 359008 --- [registration-backend] [           main] .s.d.r.c.RepositoryConfigurationDelegate : Finished Spring Data repository scanning in 43 ms. Found 1 JPA repository interface.
2026-10-06T20:49:51.258+02:00  INFO 359008 --- [registration-backend] [           main] o.s.boot.tomcat.TomcatWebServer          : Tomcat initialized with port 0 (http)
2026-10-06T20:49:51.272+02:00  INFO 359008 --- [registration-backend] [           main] o.apache.catalina.core.StandardService   : Starting service [Tomcat]
2026-10-06T20:49:51.272+02:00  INFO 359008 --- [registration-backend] [           main] o.apache.catalina.core.StandardEngine    : Starting Servlet engine: [Apache Tomcat/11.0.26]
2026-10-06T20:49:51.308+02:00  INFO 359008 --- [registration-backend] [           main] b.w.c.s.WebApplicationContextInitializer : Root WebApplicationContext: initialization completed in 1407 ms
2026-10-06T20:49:51.641+02:00  INFO 359008 --- [registration-backend] [           main] com.zaxxer.hikari.HikariDataSource       : HikariPool-1 - Starting...
2026-10-06T20:49:51.693+02:00  INFO 359008 --- [registration-backend] [           main] com.zaxxer.hikari.pool.HikariPool        : HikariPool-1 - Added connection org.postgresql.jdbc.PgConnection@23307c6c
2026-10-06T20:49:51.694+02:00  INFO 359008 --- [registration-backend] [           main] com.zaxxer.hikari.HikariDataSource       : HikariPool-1 - Start completed.
2026-10-06T20:49:51.715+02:00  INFO 359008 --- [registration-backend] [           main] org.flywaydb.core.FlywayExecutor         : Database: jdbc:postgresql://localhost:40131/reg_359008_2 (PostgreSQL 16.15)
2026-10-06T20:49:51.767+02:00  INFO 359008 --- [registration-backend] [           main] o.f.c.i.s.JdbcTableSchemaHistory         : Schema history table "public"."flyway_schema_history" does not exist yet
2026-10-06T20:49:51.771+02:00  INFO 359008 --- [registration-backend] [           main] o.f.core.internal.command.DbValidate     : Successfully validated 1 migration (execution time 00:00.015s)
2026-10-06T20:49:51.787+02:00  INFO 359008 --- [registration-backend] [           main] o.f.c.i.s.JdbcTableSchemaHistory         : Creating Schema History table "public"."flyway_schema_history" ...
2026-10-06T20:49:51.833+02:00  INFO 359008 --- [registration-backend] [           main] o.f.core.internal.command.DbMigrate      : Current version of schema "public": << Empty Schema >>
2026-10-06T20:49:51.847+02:00  INFO 359008 --- [registration-backend] [           main] o.f.core.internal.command.DbMigrate      : Migrating schema "public" to version "1 - create registration"
2026-10-06T20:49:51.893+02:00  INFO 359008 --- [registration-backend] [           main] o.f.core.internal.command.DbMigrate      : Successfully applied 1 migration to schema "public", now at version v1 (execution time 00:00.028s)
2026-10-06T20:49:51.981+02:00  INFO 359008 --- [registration-backend] [           main] org.hibernate.orm.jpa                    : HHH008540: Processing PersistenceUnitInfo [name: default]
2026-10-06T20:49:52.033+02:00  INFO 359008 --- [registration-backend] [           main] org.hibernate.orm.core                   : HHH000001: Hibernate ORM core version 7.4.5.Final
2026-10-06T20:49:52.365+02:00  INFO 359008 --- [registration-backend] [           main] o.s.o.j.p.SpringPersistenceUnitInfo      : No LoadTimeWeaver setup: ignoring JPA class transformer
2026-10-06T20:49:52.433+02:00  INFO 359008 --- [registration-backend] [           main] org.hibernate.orm.connections.pooling    : HHH10001005: Database info:
	Database JDBC URL [jdbc:postgresql://localhost:40131/reg_359008_2]
	Database driver: PostgreSQL JDBC Driver
	Database dialect: PostgreSQLDialect
	Database version: 16.15
	Default catalog/schema: reg_359008_2/public
	Autocommit mode: undefined/unknown
	Isolation level: READ_COMMITTED [default READ_COMMITTED]
	JDBC fetch size: none
	Pool: DataSourceConnectionProvider
	Minimum pool size: undefined/unknown
	Maximum pool size: undefined/unknown
2026-10-06T20:49:53.112+02:00  INFO 359008 --- [registration-backend] [           main] org.hibernate.orm.core                   : HHH000489: No JTA platform available (set 'hibernate.transaction.jta.platform' to enable JTA platform integration)
2026-10-06T20:49:53.153+02:00  INFO 359008 --- [registration-backend] [           main] j.LocalContainerEntityManagerFactoryBean : Initialized JPA EntityManagerFactory for persistence unit 'default'
2026-10-06T20:49:53.230+02:00  INFO 359008 --- [registration-backend] [           main] o.s.d.j.r.query.QueryEnhancerFactories   : Hibernate is in classpath; If applicable, HQL parser will be used.
2026-10-06T20:49:53.653+02:00  INFO 359008 --- [registration-backend] [           main] r$InitializeUserDetailsManagerConfigurer : Global AuthenticationManager configured with UserDetailsService bean with name organizers
2026-10-06T20:49:54.255+02:00  INFO 359008 --- [registration-backend] [           main] o.s.b.a.e.web.EndpointLinksResolver      : Exposing 1 endpoint beneath base path '/actuator'
2026-10-06T20:49:54.338+02:00  INFO 359008 --- [registration-backend] [           main] o.s.boot.tomcat.TomcatWebServer          : Tomcat started on port 46037 (http) with context path '/'
2026-10-06T20:49:54.353+02:00  INFO 359008 --- [registration-backend] [           main] o.a.maven.surefire.booter.ForkedBooter   : Started ForkedBooter in 4.823 seconds (process running for 11.817)
2026-10-06T20:49:54.555+02:00  INFO 359008 --- [registration-backend] [o-auto-1-exec-1] o.a.c.c.C.[Tomcat].[localhost].[/]       : Initializing Spring DispatcherServlet 'dispatcherServlet'
2026-10-06T20:49:54.555+02:00  INFO 359008 --- [registration-backend] [o-auto-1-exec-1] o.s.web.servlet.DispatcherServlet        : Initializing Servlet 'dispatcherServlet'
2026-10-06T20:49:54.557+02:00  INFO 359008 --- [registration-backend] [o-auto-1-exec-1] o.s.web.servlet.DispatcherServlet        : Completed initialization in 2 ms
2026-10-06T20:49:55.067+02:00  INFO 359008 --- [registration-backend] [o-auto-1-exec-1] s.k.r.application.RegistrationService    : Registration 33c2fe18-d8ed-4ff1-a10c-641fb6ed8122 accepted
2026-10-06T20:49:55.158+02:00  INFO 359008 --- [registration-backend] [           main] o.s.boot.tomcat.GracefulShutdown         : Commencing graceful shutdown. Waiting for active requests to complete
2026-10-06T20:49:55.159+02:00  INFO 359008 --- [registration-backend] [tomcat-shutdown] o.s.boot.tomcat.GracefulShutdown         : Graceful shutdown complete
2026-10-06T20:49:55.167+02:00  INFO 359008 --- [registration-backend] [           main] j.LocalContainerEntityManagerFactoryBean : Closing JPA EntityManagerFactory for persistence unit 'default'
2026-10-06T20:49:55.170+02:00  INFO 359008 --- [registration-backend] [           main] com.zaxxer.hikari.HikariDataSource       : HikariPool-1 - Shutdown initiated...
2026-10-06T20:49:55.172+02:00  INFO 359008 --- [registration-backend] [           main] com.zaxxer.hikari.HikariDataSource       : HikariPool-1 - Shutdown completed.
2026-10-06T20:49:55.265+02:00  INFO 359008 --- [registration-backend] [           main] o.a.maven.surefire.booter.ForkedBooter   : Starting ForkedBooter v3.5.6 using Java 21.0.12.1 with PID 359008 (started by tjan-kazar in /home/tjan-kazar/storage/Work/lab/agentic_lab/agentic_lab/02_output/backend)
2026-10-06T20:49:55.265+02:00  INFO 359008 --- [registration-backend] [           main] o.a.maven.surefire.booter.ForkedBooter   : The following 1 profile is active: "test"
2026-10-06T20:49:55.499+02:00  INFO 359008 --- [registration-backend] [           main] .s.d.r.c.RepositoryConfigurationDelegate : Bootstrapping Spring Data JPA repositories in DEFAULT mode.
2026-10-06T20:49:55.511+02:00  INFO 359008 --- [registration-backend] [           main] .s.d.r.c.RepositoryConfigurationDelegate : Finished Spring Data repository scanning in 9 ms. Found 1 JPA repository interface.
2026-10-06T20:49:55.609+02:00  INFO 359008 --- [registration-backend] [           main] o.s.boot.tomcat.TomcatWebServer          : Tomcat initialized with port 0 (http)
2026-10-06T20:49:55.610+02:00  INFO 359008 --- [registration-backend] [           main] o.apache.catalina.core.StandardService   : Starting service [Tomcat]
2026-10-06T20:49:55.611+02:00  INFO 359008 --- [registration-backend] [           main] o.apache.catalina.core.StandardEngine    : Starting Servlet engine: [Apache Tomcat/11.0.26]
2026-10-06T20:49:55.622+02:00  INFO 359008 --- [registration-backend] [           main] b.w.c.s.WebApplicationContextInitializer : Root WebApplicationContext: initialization completed in 355 ms
2026-10-06T20:49:55.691+02:00  INFO 359008 --- [registration-backend] [           main] com.zaxxer.hikari.HikariDataSource       : HikariPool-2 - Starting...
2026-10-06T20:49:55.717+02:00  INFO 359008 --- [registration-backend] [           main] com.zaxxer.hikari.pool.HikariPool        : HikariPool-2 - Added connection org.postgresql.jdbc.PgConnection@6f06b73a
2026-10-06T20:49:55.717+02:00  INFO 359008 --- [registration-backend] [           main] com.zaxxer.hikari.HikariDataSource       : HikariPool-2 - Start completed.
2026-10-06T20:49:55.719+02:00  INFO 359008 --- [registration-backend] [           main] org.flywaydb.core.FlywayExecutor         : Database: jdbc:postgresql://localhost:40131/reg_359008_4 (PostgreSQL 16.15)
2026-10-06T20:49:55.740+02:00  INFO 359008 --- [registration-backend] [           main] o.f.c.i.s.JdbcTableSchemaHistory         : Schema history table "public"."flyway_schema_history" does not exist yet
2026-10-06T20:49:55.741+02:00  INFO 359008 --- [registration-backend] [           main] o.f.core.internal.command.DbValidate     : Successfully validated 1 migration (execution time 00:00.005s)
2026-10-06T20:49:55.755+02:00  INFO 359008 --- [registration-backend] [           main] o.f.c.i.s.JdbcTableSchemaHistory         : Creating Schema History table "public"."flyway_schema_history" ...
2026-10-06T20:49:55.798+02:00  INFO 359008 --- [registration-backend] [           main] o.f.core.internal.command.DbMigrate      : Current version of schema "public": << Empty Schema >>
2026-10-06T20:49:55.806+02:00  INFO 359008 --- [registration-backend] [           main] o.f.core.internal.command.DbMigrate      : Migrating schema "public" to version "1 - create registration"
2026-10-06T20:49:55.839+02:00  INFO 359008 --- [registration-backend] [           main] o.f.core.internal.command.DbMigrate      : Successfully applied 1 migration to schema "public", now at version v1 (execution time 00:00.024s)
2026-10-06T20:49:55.857+02:00  INFO 359008 --- [registration-backend] [           main] org.hibernate.orm.jpa                    : HHH008540: Processing PersistenceUnitInfo [name: default]
2026-10-06T20:49:55.879+02:00  INFO 359008 --- [registration-backend] [           main] o.s.o.j.p.SpringPersistenceUnitInfo      : No LoadTimeWeaver setup: ignoring JPA class transformer
2026-10-06T20:49:55.889+02:00  INFO 359008 --- [registration-backend] [           main] org.hibernate.orm.connections.pooling    : HHH10001005: Database info:
	Database JDBC URL [jdbc:postgresql://localhost:40131/reg_359008_4]
	Database driver: PostgreSQL JDBC Driver
	Database dialect: PostgreSQLDialect
	Database version: 16.15
	Default catalog/schema: reg_359008_4/public
	Autocommit mode: undefined/unknown
	Isolation level: READ_COMMITTED [default READ_COMMITTED]
	JDBC fetch size: none
	Pool: DataSourceConnectionProvider
	Minimum pool size: undefined/unknown
	Maximum pool size: undefined/unknown
2026-10-06T20:49:55.929+02:00  INFO 359008 --- [registration-backend] [           main] org.hibernate.orm.core                   : HHH000489: No JTA platform available (set 'hibernate.transaction.jta.platform' to enable JTA platform integration)
2026-10-06T20:49:55.950+02:00  INFO 359008 --- [registration-backend] [           main] j.LocalContainerEntityManagerFactoryBean : Initialized JPA EntityManagerFactory for persistence unit 'default'
2026-10-06T20:49:56.096+02:00  INFO 359008 --- [registration-backend] [           main] r$InitializeUserDetailsManagerConfigurer : Global AuthenticationManager configured with UserDetailsService bean with name organizers
2026-10-06T20:49:56.204+02:00  INFO 359008 --- [registration-backend] [           main] o.s.b.a.e.web.EndpointLinksResolver      : Exposing 1 endpoint beneath base path '/actuator'
2026-10-06T20:49:56.219+02:00  INFO 359008 --- [registration-backend] [           main] o.s.boot.tomcat.TomcatWebServer          : Tomcat started on port 33047 (http) with context path '/'
2026-10-06T20:49:56.223+02:00  INFO 359008 --- [registration-backend] [           main] o.a.maven.surefire.booter.ForkedBooter   : Started ForkedBooter in 0.987 seconds (process running for 13.687)
2026-10-06T20:49:56.227+02:00  INFO 359008 --- [registration-backend] [o-auto-2-exec-1] o.a.c.c.C.[Tomcat].[localhost].[/]       : Initializing Spring DispatcherServlet 'dispatcherServlet'
2026-10-06T20:49:56.227+02:00  INFO 359008 --- [registration-backend] [o-auto-2-exec-1] o.s.web.servlet.DispatcherServlet        : Initializing Servlet 'dispatcherServlet'
2026-10-06T20:49:56.228+02:00  INFO 359008 --- [registration-backend] [o-auto-2-exec-1] o.s.web.servlet.DispatcherServlet        : Completed initialization in 1 ms
2026-10-06T20:49:56.261+02:00  INFO 359008 --- [registration-backend] [o-auto-2-exec-1] s.k.r.application.RegistrationService    : Registration 4c108731-a381-4068-b12e-d913304148b6 accepted
2026-10-06T20:49:56.266+02:00  INFO 359008 --- [registration-backend] [           main] o.s.boot.tomcat.GracefulShutdown         : Commencing graceful shutdown. Waiting for active requests to complete
2026-10-06T20:49:56.267+02:00  INFO 359008 --- [registration-backend] [tomcat-shutdown] o.s.boot.tomcat.GracefulShutdown         : Graceful shutdown complete
2026-10-06T20:49:56.312+02:00  INFO 359008 --- [registration-backend] [           main] j.LocalContainerEntityManagerFactoryBean : Closing JPA EntityManagerFactory for persistence unit 'default'
2026-10-06T20:49:56.312+02:00  INFO 359008 --- [registration-backend] [           main] com.zaxxer.hikari.HikariDataSource       : HikariPool-2 - Shutdown initiated...
2026-10-06T20:49:56.314+02:00  INFO 359008 --- [registration-backend] [           main] com.zaxxer.hikari.HikariDataSource       : HikariPool-2 - Shutdown completed.
2026-10-06T20:49:56.341+02:00  INFO 359008 --- [registration-backend] [           main] o.a.maven.surefire.booter.ForkedBooter   : Starting ForkedBooter v3.5.6 using Java 21.0.12.1 with PID 359008 (started by tjan-kazar in /home/tjan-kazar/storage/Work/lab/agentic_lab/agentic_lab/02_output/backend)
2026-10-06T20:49:56.341+02:00  INFO 359008 --- [registration-backend] [           main] o.a.maven.surefire.booter.ForkedBooter   : The following 1 profile is active: "test"
2026-10-06T20:49:56.487+02:00  INFO 359008 --- [registration-backend] [           main] .s.d.r.c.RepositoryConfigurationDelegate : Bootstrapping Spring Data JPA repositories in DEFAULT mode.
2026-10-06T20:49:56.497+02:00  INFO 359008 --- [registration-backend] [           main] .s.d.r.c.RepositoryConfigurationDelegate : Finished Spring Data repository scanning in 8 ms. Found 1 JPA repository interface.
2026-10-06T20:49:56.571+02:00  INFO 359008 --- [registration-backend] [           main] o.s.boot.tomcat.TomcatWebServer          : Tomcat initialized with port 0 (http)
2026-10-06T20:49:56.572+02:00  INFO 359008 --- [registration-backend] [           main] o.apache.catalina.core.StandardService   : Starting service [Tomcat]
2026-10-06T20:49:56.572+02:00  INFO 359008 --- [registration-backend] [           main] o.apache.catalina.core.StandardEngine    : Starting Servlet engine: [Apache Tomcat/11.0.26]
2026-10-06T20:49:56.585+02:00  INFO 359008 --- [registration-backend] [           main] b.w.c.s.WebApplicationContextInitializer : Root WebApplicationContext: initialization completed in 242 ms
2026-10-06T20:49:56.667+02:00  INFO 359008 --- [registration-backend] [           main] com.zaxxer.hikari.HikariDataSource       : HikariPool-3 - Starting...
2026-10-06T20:49:56.694+02:00  INFO 359008 --- [registration-backend] [           main] com.zaxxer.hikari.pool.HikariPool        : HikariPool-3 - Added connection org.postgresql.jdbc.PgConnection@3b0e8bc4
2026-10-06T20:49:56.694+02:00  INFO 359008 --- [registration-backend] [           main] com.zaxxer.hikari.HikariDataSource       : HikariPool-3 - Start completed.
2026-10-06T20:49:56.696+02:00  INFO 359008 --- [registration-backend] [           main] org.flywaydb.core.FlywayExecutor         : Database: jdbc:postgresql://localhost:40131/reg_359008_4 (PostgreSQL 16.15)
2026-10-06T20:49:56.724+02:00  INFO 359008 --- [registration-backend] [           main] o.f.core.internal.command.DbValidate     : Successfully validated 1 migration (execution time 00:00.008s)
2026-10-06T20:49:56.749+02:00  INFO 359008 --- [registration-backend] [           main] o.f.core.internal.command.DbMigrate      : Current version of schema "public": 1
2026-10-06T20:49:56.750+02:00  INFO 359008 --- [registration-backend] [           main] o.f.core.internal.command.DbMigrate      : Schema "public" is up to date. No migration necessary.
2026-10-06T20:49:56.769+02:00  INFO 359008 --- [registration-backend] [           main] org.hibernate.orm.jpa                    : HHH008540: Processing PersistenceUnitInfo [name: default]
2026-10-06T20:49:56.788+02:00  INFO 359008 --- [registration-backend] [           main] o.s.o.j.p.SpringPersistenceUnitInfo      : No LoadTimeWeaver setup: ignoring JPA class transformer
2026-10-06T20:49:56.801+02:00  INFO 359008 --- [registration-backend] [           main] org.hibernate.orm.connections.pooling    : HHH10001005: Database info:
	Database JDBC URL [jdbc:postgresql://localhost:40131/reg_359008_4]
	Database driver: PostgreSQL JDBC Driver
	Database dialect: PostgreSQLDialect
	Database version: 16.15
	Default catalog/schema: reg_359008_4/public
	Autocommit mode: undefined/unknown
	Isolation level: READ_COMMITTED [default READ_COMMITTED]
	JDBC fetch size: none
	Pool: DataSourceConnectionProvider
	Minimum pool size: undefined/unknown
	Maximum pool size: undefined/unknown
2026-10-06T20:49:56.842+02:00  INFO 359008 --- [registration-backend] [           main] org.hibernate.orm.core                   : HHH000489: No JTA platform available (set 'hibernate.transaction.jta.platform' to enable JTA platform integration)
2026-10-06T20:49:56.885+02:00  INFO 359008 --- [registration-backend] [           main] j.LocalContainerEntityManagerFactoryBean : Initialized JPA EntityManagerFactory for persistence unit 'default'
2026-10-06T20:49:57.021+02:00  INFO 359008 --- [registration-backend] [           main] r$InitializeUserDetailsManagerConfigurer : Global AuthenticationManager configured with UserDetailsService bean with name organizers
2026-10-06T20:49:57.117+02:00  INFO 359008 --- [registration-backend] [           main] o.s.b.a.e.web.EndpointLinksResolver      : Exposing 1 endpoint beneath base path '/actuator'
2026-10-06T20:49:57.132+02:00  INFO 359008 --- [registration-backend] [           main] o.s.boot.tomcat.TomcatWebServer          : Tomcat started on port 35579 (http) with context path '/'
2026-10-06T20:49:57.136+02:00  INFO 359008 --- [registration-backend] [           main] o.a.maven.surefire.booter.ForkedBooter   : Started ForkedBooter in 0.817 seconds (process running for 14.6)
2026-10-06T20:49:57.172+02:00  INFO 359008 --- [registration-backend] [o-auto-3-exec-1] o.a.c.c.C.[Tomcat].[localhost].[/]       : Initializing Spring DispatcherServlet 'dispatcherServlet'
2026-10-06T20:49:57.172+02:00  INFO 359008 --- [registration-backend] [o-auto-3-exec-1] o.s.web.servlet.DispatcherServlet        : Initializing Servlet 'dispatcherServlet'
2026-10-06T20:49:57.173+02:00  INFO 359008 --- [registration-backend] [o-auto-3-exec-1] o.s.web.servlet.DispatcherServlet        : Completed initialization in 1 ms
2026-10-06T20:49:57.799+02:00  INFO 359008 --- [registration-backend] [           main] o.s.boot.tomcat.GracefulShutdown         : Commencing graceful shutdown. Waiting for active requests to complete
2026-10-06T20:49:57.800+02:00  INFO 359008 --- [registration-backend] [tomcat-shutdown] o.s.boot.tomcat.GracefulShutdown         : Graceful shutdown complete
2026-10-06T20:49:57.802+02:00  INFO 359008 --- [registration-backend] [           main] j.LocalContainerEntityManagerFactoryBean : Closing JPA EntityManagerFactory for persistence unit 'default'
2026-10-06T20:49:57.802+02:00  INFO 359008 --- [registration-backend] [           main] com.zaxxer.hikari.HikariDataSource       : HikariPool-3 - Shutdown initiated...
2026-10-06T20:49:57.803+02:00  INFO 359008 --- [registration-backend] [           main] com.zaxxer.hikari.HikariDataSource       : HikariPool-3 - Shutdown completed.
2026-10-06T20:49:57.882+02:00  INFO 359008 --- [registration-backend] [           main] o.a.maven.surefire.booter.ForkedBooter   : Starting ForkedBooter v3.5.6 using Java 21.0.12.1 with PID 359008 (started by tjan-kazar in /home/tjan-kazar/storage/Work/lab/agentic_lab/agentic_lab/02_output/backend)
2026-10-06T20:49:57.882+02:00  INFO 359008 --- [registration-backend] [           main] o.a.maven.surefire.booter.ForkedBooter   : The following 1 profile is active: "test"
2026-10-06T20:49:58.008+02:00  INFO 359008 --- [registration-backend] [           main] .s.d.r.c.RepositoryConfigurationDelegate : Bootstrapping Spring Data JPA repositories in DEFAULT mode.
2026-10-06T20:49:58.019+02:00  INFO 359008 --- [registration-backend] [           main] .s.d.r.c.RepositoryConfigurationDelegate : Finished Spring Data repository scanning in 9 ms. Found 1 JPA repository interface.
2026-10-06T20:49:58.095+02:00  INFO 359008 --- [registration-backend] [           main] o.s.boot.tomcat.TomcatWebServer          : Tomcat initialized with port 0 (http)
2026-10-06T20:49:58.096+02:00  INFO 359008 --- [registration-backend] [           main] o.apache.catalina.core.StandardService   : Starting service [Tomcat]
2026-10-06T20:49:58.096+02:00  INFO 359008 --- [registration-backend] [           main] o.apache.catalina.core.StandardEngine    : Starting Servlet engine: [Apache Tomcat/11.0.26]
2026-10-06T20:49:58.107+02:00  INFO 359008 --- [registration-backend] [           main] b.w.c.s.WebApplicationContextInitializer : Root WebApplicationContext: initialization completed in 223 ms
2026-10-06T20:49:58.164+02:00  INFO 359008 --- [registration-backend] [           main] com.zaxxer.hikari.HikariDataSource       : HikariPool-4 - Starting...
2026-10-06T20:49:58.189+02:00  INFO 359008 --- [registration-backend] [           main] com.zaxxer.hikari.pool.HikariPool        : HikariPool-4 - Added connection org.postgresql.jdbc.PgConnection@a56d443
2026-10-06T20:49:58.189+02:00  INFO 359008 --- [registration-backend] [           main] com.zaxxer.hikari.HikariDataSource       : HikariPool-4 - Start completed.
2026-10-06T20:49:58.191+02:00  INFO 359008 --- [registration-backend] [           main] org.flywaydb.core.FlywayExecutor         : Database: jdbc:postgresql://localhost:40131/reg_359008_6 (PostgreSQL 16.15)
2026-10-06T20:49:58.206+02:00  INFO 359008 --- [registration-backend] [           main] o.f.c.i.s.JdbcTableSchemaHistory         : Schema history table "public"."flyway_schema_history" does not exist yet
2026-10-06T20:49:58.207+02:00  INFO 359008 --- [registration-backend] [           main] o.f.core.internal.command.DbValidate     : Successfully validated 1 migration (execution time 00:00.004s)
2026-10-06T20:49:58.218+02:00  INFO 359008 --- [registration-backend] [           main] o.f.c.i.s.JdbcTableSchemaHistory         : Creating Schema History table "public"."flyway_schema_history" ...
2026-10-06T20:49:58.255+02:00  INFO 359008 --- [registration-backend] [           main] o.f.core.internal.command.DbMigrate      : Current version of schema "public": << Empty Schema >>
2026-10-06T20:49:58.261+02:00  INFO 359008 --- [registration-backend] [           main] o.f.core.internal.command.DbMigrate      : Migrating schema "public" to version "1 - create registration"
2026-10-06T20:49:58.287+02:00  INFO 359008 --- [registration-backend] [           main] o.f.core.internal.command.DbMigrate      : Successfully applied 1 migration to schema "public", now at version v1 (execution time 00:00.019s)
2026-10-06T20:49:58.300+02:00  INFO 359008 --- [registration-backend] [           main] org.hibernate.orm.jpa                    : HHH008540: Processing PersistenceUnitInfo [name: default]
2026-10-06T20:49:58.317+02:00  INFO 359008 --- [registration-backend] [           main] o.s.o.j.p.SpringPersistenceUnitInfo      : No LoadTimeWeaver setup: ignoring JPA class transformer
2026-10-06T20:49:58.325+02:00  INFO 359008 --- [registration-backend] [           main] org.hibernate.orm.connections.pooling    : HHH10001005: Database info:
	Database JDBC URL [jdbc:postgresql://localhost:40131/reg_359008_6]
	Database driver: PostgreSQL JDBC Driver
	Database dialect: PostgreSQLDialect
	Database version: 16.15
	Default catalog/schema: reg_359008_6/public
	Autocommit mode: undefined/unknown
	Isolation level: READ_COMMITTED [default READ_COMMITTED]
	JDBC fetch size: none
	Pool: DataSourceConnectionProvider
	Minimum pool size: undefined/unknown
	Maximum pool size: undefined/unknown
2026-10-06T20:49:58.361+02:00  INFO 359008 --- [registration-backend] [           main] org.hibernate.orm.core                   : HHH000489: No JTA platform available (set 'hibernate.transaction.jta.platform' to enable JTA platform integration)
2026-10-06T20:49:58.379+02:00  INFO 359008 --- [registration-backend] [           main] j.LocalContainerEntityManagerFactoryBean : Initialized JPA EntityManagerFactory for persistence unit 'default'
2026-10-06T20:49:58.504+02:00  INFO 359008 --- [registration-backend] [           main] r$InitializeUserDetailsManagerConfigurer : Global AuthenticationManager configured with UserDetailsService bean with name organizers
2026-10-06T20:49:58.592+02:00  INFO 359008 --- [registration-backend] [           main] o.s.b.a.e.web.EndpointLinksResolver      : Exposing 1 endpoint beneath base path '/actuator'
2026-10-06T20:49:58.604+02:00  INFO 359008 --- [registration-backend] [           main] o.s.boot.tomcat.TomcatWebServer          : Tomcat started on port 44849 (http) with context path '/'
2026-10-06T20:49:58.608+02:00  INFO 359008 --- [registration-backend] [           main] o.a.maven.surefire.booter.ForkedBooter   : Started ForkedBooter in 0.748 seconds (process running for 16.072)
2026-10-06T20:49:58.612+02:00  INFO 359008 --- [registration-backend] [o-auto-4-exec-1] o.a.c.c.C.[Tomcat].[localhost].[/]       : Initializing Spring DispatcherServlet 'dispatcherServlet'
2026-10-06T20:49:58.612+02:00  INFO 359008 --- [registration-backend] [o-auto-4-exec-1] o.s.web.servlet.DispatcherServlet        : Initializing Servlet 'dispatcherServlet'
2026-10-06T20:49:58.613+02:00  INFO 359008 --- [registration-backend] [o-auto-4-exec-1] o.s.web.servlet.DispatcherServlet        : Completed initialization in 1 ms
2026-10-06T20:49:58.644+02:00  INFO 359008 --- [registration-backend] [o-auto-4-exec-1] s.k.r.application.RegistrationService    : Registration 67276b09-e6c9-4648-9ff6-6b31393e6e93 accepted
2026-10-06T20:49:58.653+02:00  INFO 359008 --- [registration-backend] [           main] o.s.boot.tomcat.GracefulShutdown         : Commencing graceful shutdown. Waiting for active requests to complete
2026-10-06T20:49:58.654+02:00  INFO 359008 --- [registration-backend] [tomcat-shutdown] o.s.boot.tomcat.GracefulShutdown         : Graceful shutdown complete
2026-10-06T20:49:58.676+02:00  INFO 359008 --- [registration-backend] [           main] j.LocalContainerEntityManagerFactoryBean : Closing JPA EntityManagerFactory for persistence unit 'default'
2026-10-06T20:49:58.677+02:00  INFO 359008 --- [registration-backend] [           main] com.zaxxer.hikari.HikariDataSource       : HikariPool-4 - Shutdown initiated...
2026-10-06T20:49:58.678+02:00  INFO 359008 --- [registration-backend] [           main] com.zaxxer.hikari.HikariDataSource       : HikariPool-4 - Shutdown completed.
2026-10-06T20:49:58.687+02:00  INFO 359008 --- [registration-backend] [           main] tc.postgres:16.15-alpine                 : Creating container for image: postgres:16.15-alpine
2026-10-06T20:49:59.574+02:00  INFO 359008 --- [registration-backend] [           main] tc.postgres:16.15-alpine                 : Container postgres:16.15-alpine is starting: f53db7d9b881f7aaa677e90e81c803313d590ead1665f6628d22fa149ea8660b
2026-10-06T20:50:01.567+02:00  INFO 359008 --- [registration-backend] [           main] tc.postgres:16.15-alpine                 : Container postgres:16.15-alpine started in PT2.879789803S
2026-10-06T20:50:01.567+02:00  INFO 359008 --- [registration-backend] [           main] tc.postgres:16.15-alpine                 : Container is started (JDBC URL: jdbc:postgresql://localhost:46525/test?loggerLevel=OFF)
2026-10-06T20:50:01.618+02:00  INFO 359008 --- [registration-backend] [           main] o.a.maven.surefire.booter.ForkedBooter   : Starting ForkedBooter v3.5.6 using Java 21.0.12.1 with PID 359008 (started by tjan-kazar in /home/tjan-kazar/storage/Work/lab/agentic_lab/agentic_lab/02_output/backend)
2026-10-06T20:50:01.619+02:00  INFO 359008 --- [registration-backend] [           main] o.a.maven.surefire.booter.ForkedBooter   : The following 1 profile is active: "test"
2026-10-06T20:50:01.728+02:00  INFO 359008 --- [registration-backend] [           main] .s.d.r.c.RepositoryConfigurationDelegate : Bootstrapping Spring Data JPA repositories in DEFAULT mode.
2026-10-06T20:50:01.736+02:00  INFO 359008 --- [registration-backend] [           main] .s.d.r.c.RepositoryConfigurationDelegate : Finished Spring Data repository scanning in 6 ms. Found 1 JPA repository interface.
2026-10-06T20:50:01.798+02:00  INFO 359008 --- [registration-backend] [           main] o.s.boot.tomcat.TomcatWebServer          : Tomcat initialized with port 0 (http)
2026-10-06T20:50:01.799+02:00  INFO 359008 --- [registration-backend] [           main] o.apache.catalina.core.StandardService   : Starting service [Tomcat]
2026-10-06T20:50:01.799+02:00  INFO 359008 --- [registration-backend] [           main] o.apache.catalina.core.StandardEngine    : Starting Servlet engine: [Apache Tomcat/11.0.26]
2026-10-06T20:50:01.807+02:00  INFO 359008 --- [registration-backend] [           main] b.w.c.s.WebApplicationContextInitializer : Root WebApplicationContext: initialization completed in 187 ms
2026-10-06T20:50:01.854+02:00  INFO 359008 --- [registration-backend] [           main] com.zaxxer.hikari.HikariDataSource       : HikariPool-5 - Starting...
2026-10-06T20:50:01.877+02:00  INFO 359008 --- [registration-backend] [           main] com.zaxxer.hikari.pool.HikariPool        : HikariPool-5 - Added connection org.postgresql.jdbc.PgConnection@47a96f6a
2026-10-06T20:50:01.878+02:00  INFO 359008 --- [registration-backend] [           main] com.zaxxer.hikari.HikariDataSource       : HikariPool-5 - Start completed.
2026-10-06T20:50:01.879+02:00  INFO 359008 --- [registration-backend] [           main] org.flywaydb.core.FlywayExecutor         : Database: jdbc:postgresql://localhost:46525/test?loggerLevel=OFF (PostgreSQL 16.15)
2026-10-06T20:50:01.895+02:00  INFO 359008 --- [registration-backend] [           main] o.f.c.i.s.JdbcTableSchemaHistory         : Schema history table "public"."flyway_schema_history" does not exist yet
2026-10-06T20:50:01.896+02:00  INFO 359008 --- [registration-backend] [           main] o.f.core.internal.command.DbValidate     : Successfully validated 1 migration (execution time 00:00.004s)
2026-10-06T20:50:01.908+02:00  INFO 359008 --- [registration-backend] [           main] o.f.c.i.s.JdbcTableSchemaHistory         : Creating Schema History table "public"."flyway_schema_history" ...
2026-10-06T20:50:01.939+02:00  INFO 359008 --- [registration-backend] [           main] o.f.core.internal.command.DbMigrate      : Current version of schema "public": << Empty Schema >>
2026-10-06T20:50:01.944+02:00  INFO 359008 --- [registration-backend] [           main] o.f.core.internal.command.DbMigrate      : Migrating schema "public" to version "1 - create registration"
2026-10-06T20:50:01.969+02:00  INFO 359008 --- [registration-backend] [           main] o.f.core.internal.command.DbMigrate      : Successfully applied 1 migration to schema "public", now at version v1 (execution time 00:00.018s)
2026-10-06T20:50:01.981+02:00  INFO 359008 --- [registration-backend] [           main] org.hibernate.orm.jpa                    : HHH008540: Processing PersistenceUnitInfo [name: default]
2026-10-06T20:50:01.997+02:00  INFO 359008 --- [registration-backend] [           main] o.s.o.j.p.SpringPersistenceUnitInfo      : No LoadTimeWeaver setup: ignoring JPA class transformer
2026-10-06T20:50:02.006+02:00  INFO 359008 --- [registration-backend] [           main] org.hibernate.orm.connections.pooling    : HHH10001005: Database info:
	Database JDBC URL [jdbc:postgresql://localhost:46525/test?loggerLevel=OFF]
	Database driver: PostgreSQL JDBC Driver
	Database dialect: PostgreSQLDialect
	Database version: 16.15
	Default catalog/schema: test/public
	Autocommit mode: undefined/unknown
	Isolation level: READ_COMMITTED [default READ_COMMITTED]
	JDBC fetch size: none
	Pool: DataSourceConnectionProvider
	Minimum pool size: undefined/unknown
	Maximum pool size: undefined/unknown
2026-10-06T20:50:02.041+02:00  INFO 359008 --- [registration-backend] [           main] org.hibernate.orm.core                   : HHH000489: No JTA platform available (set 'hibernate.transaction.jta.platform' to enable JTA platform integration)
2026-10-06T20:50:02.059+02:00  INFO 359008 --- [registration-backend] [           main] j.LocalContainerEntityManagerFactoryBean : Initialized JPA EntityManagerFactory for persistence unit 'default'
2026-10-06T20:50:02.179+02:00  INFO 359008 --- [registration-backend] [           main] r$InitializeUserDetailsManagerConfigurer : Global AuthenticationManager configured with UserDetailsService bean with name organizers
2026-10-06T20:50:02.268+02:00  INFO 359008 --- [registration-backend] [           main] o.s.b.a.e.web.EndpointLinksResolver      : Exposing 1 endpoint beneath base path '/actuator'
2026-10-06T20:50:02.278+02:00  INFO 359008 --- [registration-backend] [           main] o.s.boot.tomcat.TomcatWebServer          : Tomcat started on port 44363 (http) with context path '/'
2026-10-06T20:50:02.280+02:00  INFO 359008 --- [registration-backend] [           main] o.a.maven.surefire.booter.ForkedBooter   : Started ForkedBooter in 0.679 seconds (process running for 19.744)
2026-10-06T20:50:02.796+02:00  INFO 359008 --- [registration-backend] [o-auto-5-exec-1] o.a.c.c.C.[Tomcat].[localhost].[/]       : Initializing Spring DispatcherServlet 'dispatcherServlet'
2026-10-06T20:50:02.797+02:00  INFO 359008 --- [registration-backend] [o-auto-5-exec-1] o.s.web.servlet.DispatcherServlet        : Initializing Servlet 'dispatcherServlet'
2026-10-06T20:50:02.798+02:00  INFO 359008 --- [registration-backend] [o-auto-5-exec-1] o.s.web.servlet.DispatcherServlet        : Completed initialization in 1 ms
2026-10-06T20:50:02.818+02:00  WARN 359008 --- [registration-backend] [o-auto-5-exec-1] com.zaxxer.hikari.pool.PoolBase          : HikariPool-5 - Failed to validate connection org.postgresql.jdbc.PgConnection@47a96f6a (This connection has been closed.). Possibly consider using a shorter maxLifetime value.
2026-10-06T20:50:02.819+02:00  WARN 359008 --- [registration-backend] [o-auto-5-exec-1] com.zaxxer.hikari.pool.PoolBase          : HikariPool-5 - Failed to validate connection org.postgresql.jdbc.PgConnection@7fd9725f (This connection has been closed.). Possibly consider using a shorter maxLifetime value.
2026-10-06T20:50:02.820+02:00  WARN 359008 --- [registration-backend] [o-auto-5-exec-1] com.zaxxer.hikari.pool.PoolBase          : HikariPool-5 - Failed to validate connection org.postgresql.jdbc.PgConnection@32397658 (This connection has been closed.). Possibly consider using a shorter maxLifetime value.
2026-10-06T20:50:02.820+02:00  WARN 359008 --- [registration-backend] [o-auto-5-exec-1] com.zaxxer.hikari.pool.PoolBase          : HikariPool-5 - Failed to validate connection org.postgresql.jdbc.PgConnection@3aa5805e (This connection has been closed.). Possibly consider using a shorter maxLifetime value.
2026-10-06T20:50:02.820+02:00  WARN 359008 --- [registration-backend] [o-auto-5-exec-1] com.zaxxer.hikari.pool.PoolBase          : HikariPool-5 - Failed to validate connection org.postgresql.jdbc.PgConnection@69c30e0 (This connection has been closed.). Possibly consider using a shorter maxLifetime value.
2026-10-06T20:50:02.821+02:00  WARN 359008 --- [registration-backend] [o-auto-5-exec-1] com.zaxxer.hikari.pool.PoolBase          : HikariPool-5 - Failed to validate connection org.postgresql.jdbc.PgConnection@32e3e1e6 (This connection has been closed.). Possibly consider using a shorter maxLifetime value.
2026-10-06T20:50:02.821+02:00  WARN 359008 --- [registration-backend] [o-auto-5-exec-1] com.zaxxer.hikari.pool.PoolBase          : HikariPool-5 - Failed to validate connection org.postgresql.jdbc.PgConnection@4b91ca54 (This connection has been closed.). Possibly consider using a shorter maxLifetime value.
2026-10-06T20:50:02.822+02:00  WARN 359008 --- [registration-backend] [o-auto-5-exec-1] com.zaxxer.hikari.pool.PoolBase          : HikariPool-5 - Failed to validate connection org.postgresql.jdbc.PgConnection@5da01408 (This connection has been closed.). Possibly consider using a shorter maxLifetime value.
2026-10-06T20:50:02.822+02:00  WARN 359008 --- [registration-backend] [o-auto-5-exec-1] com.zaxxer.hikari.pool.PoolBase          : HikariPool-5 - Failed to validate connection org.postgresql.jdbc.PgConnection@3adc246c (This connection has been closed.). Possibly consider using a shorter maxLifetime value.
2026-10-06T20:50:02.822+02:00  WARN 359008 --- [registration-backend] [o-auto-5-exec-1] com.zaxxer.hikari.pool.PoolBase          : HikariPool-5 - Failed to validate connection org.postgresql.jdbc.PgConnection@179d0e00 (This connection has been closed.). Possibly consider using a shorter maxLifetime value.
2026-10-06T20:50:05.816+02:00  WARN 359008 --- [registration-backend] [o-auto-5-exec-1] org.hibernate.orm.jdbc.error             : HHH000247: ErrorCode: 0, SQLState: 08001
2026-10-06T20:50:05.816+02:00  WARN 359008 --- [registration-backend] [o-auto-5-exec-1] org.hibernate.orm.jdbc.error             : HikariPool-5 - Connection is not available, request timed out after 3000ms (total=0, active=0, idle=0, waiting=0)
2026-10-06T20:50:05.817+02:00  WARN 359008 --- [registration-backend] [o-auto-5-exec-1] org.hibernate.orm.jdbc.error             : HHH000247: ErrorCode: 0, SQLState: 08001
2026-10-06T20:50:05.817+02:00  WARN 359008 --- [registration-backend] [o-auto-5-exec-1] org.hibernate.orm.jdbc.error             : HikariPool-5 - Connection is not available, request timed out after 3000ms (total=0, active=0, idle=0, waiting=0)
2026-10-06T20:50:05.818+02:00 ERROR 359008 --- [registration-backend] [o-auto-5-exec-1] s.k.r.application.RegistrationService    : Registration b182597d-2615-4c68-818c-d861351ffc45 not stored: CannotCreateTransactionException
2026-10-06T20:50:08.861+02:00  INFO 359008 --- [registration-backend] [           main] o.s.boot.tomcat.GracefulShutdown         : Commencing graceful shutdown. Waiting for active requests to complete
2026-10-06T20:50:08.863+02:00  INFO 359008 --- [registration-backend] [tomcat-shutdown] o.s.boot.tomcat.GracefulShutdown         : Graceful shutdown complete
2026-10-06T20:50:08.868+02:00  INFO 359008 --- [registration-backend] [           main] j.LocalContainerEntityManagerFactoryBean : Closing JPA EntityManagerFactory for persistence unit 'default'
2026-10-06T20:50:08.869+02:00  INFO 359008 --- [registration-backend] [           main] com.zaxxer.hikari.HikariDataSource       : HikariPool-5 - Shutdown initiated...
2026-10-06T20:50:11.869+02:00  WARN 359008 --- [registration-backend] [           main] com.zaxxer.hikari.pool.HikariPool        : Timed-out waiting for add connection executor to shutdown
2026-10-06T20:50:11.870+02:00  INFO 359008 --- [registration-backend] [           main] com.zaxxer.hikari.HikariDataSource       : HikariPool-5 - Shutdown completed.
2026-10-06T20:50:11.949+02:00  INFO 359008 --- [registration-backend] [           main] o.a.maven.surefire.booter.ForkedBooter   : Starting ForkedBooter v3.5.6 using Java 21.0.12.1 with PID 359008 (started by tjan-kazar in /home/tjan-kazar/storage/Work/lab/agentic_lab/agentic_lab/02_output/backend)
2026-10-06T20:50:11.949+02:00  INFO 359008 --- [registration-backend] [           main] o.a.maven.surefire.booter.ForkedBooter   : The following 1 profile is active: "test"
2026-10-06T20:50:12.084+02:00  INFO 359008 --- [registration-backend] [           main] .s.d.r.c.RepositoryConfigurationDelegate : Bootstrapping Spring Data JPA repositories in DEFAULT mode.
2026-10-06T20:50:12.097+02:00  INFO 359008 --- [registration-backend] [           main] .s.d.r.c.RepositoryConfigurationDelegate : Finished Spring Data repository scanning in 10 ms. Found 1 JPA repository interface.
2026-10-06T20:50:12.161+02:00  INFO 359008 --- [registration-backend] [           main] o.s.boot.tomcat.TomcatWebServer          : Tomcat initialized with port 0 (http)
2026-10-06T20:50:12.162+02:00  INFO 359008 --- [registration-backend] [           main] o.apache.catalina.core.StandardService   : Starting service [Tomcat]
2026-10-06T20:50:12.162+02:00  INFO 359008 --- [registration-backend] [           main] o.apache.catalina.core.StandardEngine    : Starting Servlet engine: [Apache Tomcat/11.0.26]
2026-10-06T20:50:12.171+02:00  INFO 359008 --- [registration-backend] [           main] b.w.c.s.WebApplicationContextInitializer : Root WebApplicationContext: initialization completed in 221 ms
2026-10-06T20:50:12.218+02:00  INFO 359008 --- [registration-backend] [           main] com.zaxxer.hikari.HikariDataSource       : HikariPool-6 - Starting...
2026-10-06T20:50:12.242+02:00  INFO 359008 --- [registration-backend] [           main] com.zaxxer.hikari.pool.HikariPool        : HikariPool-6 - Added connection org.postgresql.jdbc.PgConnection@70b62924
2026-10-06T20:50:12.242+02:00  INFO 359008 --- [registration-backend] [           main] com.zaxxer.hikari.HikariDataSource       : HikariPool-6 - Start completed.
2026-10-06T20:50:12.244+02:00  INFO 359008 --- [registration-backend] [           main] org.flywaydb.core.FlywayExecutor         : Database: jdbc:postgresql://localhost:40131/reg_359008_10 (PostgreSQL 16.15)
2026-10-06T20:50:12.262+02:00  INFO 359008 --- [registration-backend] [           main] o.f.c.i.s.JdbcTableSchemaHistory         : Schema history table "public"."flyway_schema_history" does not exist yet
2026-10-06T20:50:12.263+02:00  INFO 359008 --- [registration-backend] [           main] o.f.core.internal.command.DbValidate     : Successfully validated 1 migration (execution time 00:00.004s)
2026-10-06T20:50:12.275+02:00  INFO 359008 --- [registration-backend] [           main] o.f.c.i.s.JdbcTableSchemaHistory         : Creating Schema History table "public"."flyway_schema_history" ...
2026-10-06T20:50:12.307+02:00  INFO 359008 --- [registration-backend] [           main] o.f.core.internal.command.DbMigrate      : Current version of schema "public": << Empty Schema >>
2026-10-06T20:50:12.312+02:00  INFO 359008 --- [registration-backend] [           main] o.f.core.internal.command.DbMigrate      : Migrating schema "public" to version "1 - create registration"
2026-10-06T20:50:12.336+02:00  INFO 359008 --- [registration-backend] [           main] o.f.core.internal.command.DbMigrate      : Successfully applied 1 migration to schema "public", now at version v1 (execution time 00:00.017s)
2026-10-06T20:50:12.351+02:00  INFO 359008 --- [registration-backend] [           main] org.hibernate.orm.jpa                    : HHH008540: Processing PersistenceUnitInfo [name: default]
2026-10-06T20:50:12.369+02:00  INFO 359008 --- [registration-backend] [           main] o.s.o.j.p.SpringPersistenceUnitInfo      : No LoadTimeWeaver setup: ignoring JPA class transformer
2026-10-06T20:50:12.377+02:00  INFO 359008 --- [registration-backend] [           main] org.hibernate.orm.connections.pooling    : HHH10001005: Database info:
	Database JDBC URL [jdbc:postgresql://localhost:40131/reg_359008_10]
	Database driver: PostgreSQL JDBC Driver
	Database dialect: PostgreSQLDialect
	Database version: 16.15
	Default catalog/schema: reg_359008_10/public
	Autocommit mode: undefined/unknown
	Isolation level: READ_COMMITTED [default READ_COMMITTED]
	JDBC fetch size: none
	Pool: DataSourceConnectionProvider
	Minimum pool size: undefined/unknown
	Maximum pool size: undefined/unknown
2026-10-06T20:50:12.411+02:00  INFO 359008 --- [registration-backend] [           main] org.hibernate.orm.core                   : HHH000489: No JTA platform available (set 'hibernate.transaction.jta.platform' to enable JTA platform integration)
2026-10-06T20:50:12.428+02:00  INFO 359008 --- [registration-backend] [           main] j.LocalContainerEntityManagerFactoryBean : Initialized JPA EntityManagerFactory for persistence unit 'default'
2026-10-06T20:50:12.554+02:00  INFO 359008 --- [registration-backend] [           main] r$InitializeUserDetailsManagerConfigurer : Global AuthenticationManager configured with UserDetailsService bean with name organizers
2026-10-06T20:50:12.637+02:00  INFO 359008 --- [registration-backend] [           main] o.s.b.a.e.web.EndpointLinksResolver      : Exposing 1 endpoint beneath base path '/actuator'
2026-10-06T20:50:12.648+02:00  INFO 359008 --- [registration-backend] [           main] o.s.boot.tomcat.TomcatWebServer          : Tomcat started on port 44369 (http) with context path '/'
2026-10-06T20:50:12.650+02:00  INFO 359008 --- [registration-backend] [           main] o.a.maven.surefire.booter.ForkedBooter   : Started ForkedBooter in 0.717 seconds (process running for 30.114)
2026-10-06T20:50:12.653+02:00  INFO 359008 --- [registration-backend] [o-auto-6-exec-1] o.a.c.c.C.[Tomcat].[localhost].[/]       : Initializing Spring DispatcherServlet 'dispatcherServlet'
2026-10-06T20:50:12.654+02:00  INFO 359008 --- [registration-backend] [o-auto-6-exec-1] o.s.web.servlet.DispatcherServlet        : Initializing Servlet 'dispatcherServlet'
2026-10-06T20:50:12.655+02:00  INFO 359008 --- [registration-backend] [o-auto-6-exec-1] o.s.web.servlet.DispatcherServlet        : Completed initialization in 1 ms
2026-10-06T20:50:12.679+02:00 ERROR 359008 --- [registration-backend] [o-auto-6-exec-1] s.k.r.application.RegistrationService    : Registration db2f4357-e4ef-4c4a-976c-b83068a56992 not stored: UncheckedIOException
2026-10-06T20:50:15.717+02:00  INFO 359008 --- [registration-backend] [           main] o.s.boot.tomcat.GracefulShutdown         : Commencing graceful shutdown. Waiting for active requests to complete
2026-10-06T20:50:15.717+02:00  INFO 359008 --- [registration-backend] [tomcat-shutdown] o.s.boot.tomcat.GracefulShutdown         : Graceful shutdown complete
2026-10-06T20:50:15.719+02:00  INFO 359008 --- [registration-backend] [           main] j.LocalContainerEntityManagerFactoryBean : Closing JPA EntityManagerFactory for persistence unit 'default'
2026-10-06T20:50:15.720+02:00  INFO 359008 --- [registration-backend] [           main] com.zaxxer.hikari.HikariDataSource       : HikariPool-6 - Shutdown initiated...
2026-10-06T20:50:15.721+02:00  INFO 359008 --- [registration-backend] [           main] com.zaxxer.hikari.HikariDataSource       : HikariPool-6 - Shutdown completed.
[INFO] Tests run: 5, Failures: 0, Errors: 0, Skipped: 0, Time elapsed: 32.06 s -- in si.konferenca.registration.acceptance.RegistrationStorageAcceptanceTest
[INFO] Running si.konferenca.registration.acceptance.OrganizerNotificationAcceptanceTest
2026-10-06T20:50:15.802+02:00  INFO 359008 --- [registration-backend] [           main] o.a.maven.surefire.booter.ForkedBooter   : Starting ForkedBooter v3.5.6 using Java 21.0.12.1 with PID 359008 (started by tjan-kazar in /home/tjan-kazar/storage/Work/lab/agentic_lab/agentic_lab/02_output/backend)
2026-10-06T20:50:15.803+02:00  INFO 359008 --- [registration-backend] [           main] o.a.maven.surefire.booter.ForkedBooter   : The following 1 profile is active: "test"
2026-10-06T20:50:15.900+02:00  INFO 359008 --- [registration-backend] [           main] .s.d.r.c.RepositoryConfigurationDelegate : Bootstrapping Spring Data JPA repositories in DEFAULT mode.
2026-10-06T20:50:15.907+02:00  INFO 359008 --- [registration-backend] [           main] .s.d.r.c.RepositoryConfigurationDelegate : Finished Spring Data repository scanning in 6 ms. Found 1 JPA repository interface.
2026-10-06T20:50:15.965+02:00  INFO 359008 --- [registration-backend] [           main] o.s.boot.tomcat.TomcatWebServer          : Tomcat initialized with port 0 (http)
2026-10-06T20:50:15.966+02:00  INFO 359008 --- [registration-backend] [           main] o.apache.catalina.core.StandardService   : Starting service [Tomcat]
2026-10-06T20:50:15.966+02:00  INFO 359008 --- [registration-backend] [           main] o.apache.catalina.core.StandardEngine    : Starting Servlet engine: [Apache Tomcat/11.0.26]
2026-10-06T20:50:15.974+02:00  INFO 359008 --- [registration-backend] [           main] b.w.c.s.WebApplicationContextInitializer : Root WebApplicationContext: initialization completed in 170 ms
2026-10-06T20:50:16.020+02:00  INFO 359008 --- [registration-backend] [           main] com.zaxxer.hikari.HikariDataSource       : HikariPool-7 - Starting...
2026-10-06T20:50:16.041+02:00  INFO 359008 --- [registration-backend] [           main] com.zaxxer.hikari.pool.HikariPool        : HikariPool-7 - Added connection org.postgresql.jdbc.PgConnection@73ccccd2
2026-10-06T20:50:16.041+02:00  INFO 359008 --- [registration-backend] [           main] com.zaxxer.hikari.HikariDataSource       : HikariPool-7 - Start completed.
2026-10-06T20:50:16.043+02:00  INFO 359008 --- [registration-backend] [           main] org.flywaydb.core.FlywayExecutor         : Database: jdbc:postgresql://localhost:40131/reg_359008_12 (PostgreSQL 16.15)
2026-10-06T20:50:16.059+02:00  INFO 359008 --- [registration-backend] [           main] o.f.c.i.s.JdbcTableSchemaHistory         : Schema history table "public"."flyway_schema_history" does not exist yet
2026-10-06T20:50:16.059+02:00  INFO 359008 --- [registration-backend] [           main] o.f.core.internal.command.DbValidate     : Successfully validated 1 migration (execution time 00:00.003s)
2026-10-06T20:50:16.069+02:00  INFO 359008 --- [registration-backend] [           main] o.f.c.i.s.JdbcTableSchemaHistory         : Creating Schema History table "public"."flyway_schema_history" ...
2026-10-06T20:50:16.097+02:00  INFO 359008 --- [registration-backend] [           main] o.f.core.internal.command.DbMigrate      : Current version of schema "public": << Empty Schema >>
2026-10-06T20:50:16.102+02:00  INFO 359008 --- [registration-backend] [           main] o.f.core.internal.command.DbMigrate      : Migrating schema "public" to version "1 - create registration"
2026-10-06T20:50:16.127+02:00  INFO 359008 --- [registration-backend] [           main] o.f.core.internal.command.DbMigrate      : Successfully applied 1 migration to schema "public", now at version v1 (execution time 00:00.018s)
2026-10-06T20:50:16.138+02:00  INFO 359008 --- [registration-backend] [           main] org.hibernate.orm.jpa                    : HHH008540: Processing PersistenceUnitInfo [name: default]
2026-10-06T20:50:16.155+02:00  INFO 359008 --- [registration-backend] [           main] o.s.o.j.p.SpringPersistenceUnitInfo      : No LoadTimeWeaver setup: ignoring JPA class transformer
2026-10-06T20:50:16.162+02:00  INFO 359008 --- [registration-backend] [           main] org.hibernate.orm.connections.pooling    : HHH10001005: Database info:
	Database JDBC URL [jdbc:postgresql://localhost:40131/reg_359008_12]
	Database driver: PostgreSQL JDBC Driver
	Database dialect: PostgreSQLDialect
	Database version: 16.15
	Default catalog/schema: reg_359008_12/public
	Autocommit mode: undefined/unknown
	Isolation level: READ_COMMITTED [default READ_COMMITTED]
	JDBC fetch size: none
	Pool: DataSourceConnectionProvider
	Minimum pool size: undefined/unknown
	Maximum pool size: undefined/unknown
2026-10-06T20:50:16.194+02:00  INFO 359008 --- [registration-backend] [           main] org.hibernate.orm.core                   : HHH000489: No JTA platform available (set 'hibernate.transaction.jta.platform' to enable JTA platform integration)
2026-10-06T20:50:16.212+02:00  INFO 359008 --- [registration-backend] [           main] j.LocalContainerEntityManagerFactoryBean : Initialized JPA EntityManagerFactory for persistence unit 'default'
2026-10-06T20:50:16.327+02:00  INFO 359008 --- [registration-backend] [           main] r$InitializeUserDetailsManagerConfigurer : Global AuthenticationManager configured with UserDetailsService bean with name organizers
2026-10-06T20:50:16.429+02:00  INFO 359008 --- [registration-backend] [           main] o.s.b.a.e.web.EndpointLinksResolver      : Exposing 1 endpoint beneath base path '/actuator'
2026-10-06T20:50:16.452+02:00  INFO 359008 --- [registration-backend] [           main] o.s.boot.tomcat.TomcatWebServer          : Tomcat started on port 35451 (http) with context path '/'
2026-10-06T20:50:16.455+02:00  INFO 359008 --- [registration-backend] [           main] o.a.maven.surefire.booter.ForkedBooter   : Started ForkedBooter in 0.668 seconds (process running for 33.919)
2026-10-06T20:50:16.458+02:00  INFO 359008 --- [registration-backend] [o-auto-7-exec-1] o.a.c.c.C.[Tomcat].[localhost].[/]       : Initializing Spring DispatcherServlet 'dispatcherServlet'
2026-10-06T20:50:16.459+02:00  INFO 359008 --- [registration-backend] [o-auto-7-exec-1] o.s.web.servlet.DispatcherServlet        : Initializing Servlet 'dispatcherServlet'
2026-10-06T20:50:16.460+02:00  INFO 359008 --- [registration-backend] [o-auto-7-exec-1] o.s.web.servlet.DispatcherServlet        : Completed initialization in 1 ms
2026-10-06T20:50:19.508+02:00  INFO 359008 --- [registration-backend] [o-auto-7-exec-3] s.k.r.application.RegistrationService    : Registration 765cf5f3-77e4-4818-a09c-4a5409361ca4 accepted
2026-10-06T20:50:20.099+02:00  INFO 359008 --- [registration-backend] [o-auto-7-exec-2] s.k.r.application.RegistrationService    : Registration b434a0a0-acc2-4b56-9a7f-7bb60e7663ab accepted
2026-10-06T20:50:20.364+02:00  INFO 359008 --- [registration-backend] [           main] o.s.boot.tomcat.GracefulShutdown         : Commencing graceful shutdown. Waiting for active requests to complete
2026-10-06T20:50:20.365+02:00  INFO 359008 --- [registration-backend] [tomcat-shutdown] o.s.boot.tomcat.GracefulShutdown         : Graceful shutdown complete
2026-10-06T20:50:20.366+02:00  INFO 359008 --- [registration-backend] [           main] j.LocalContainerEntityManagerFactoryBean : Closing JPA EntityManagerFactory for persistence unit 'default'
2026-10-06T20:50:20.367+02:00  INFO 359008 --- [registration-backend] [           main] com.zaxxer.hikari.HikariDataSource       : HikariPool-7 - Shutdown initiated...
2026-10-06T20:50:20.368+02:00  INFO 359008 --- [registration-backend] [           main] com.zaxxer.hikari.HikariDataSource       : HikariPool-7 - Shutdown completed.
[INFO] Tests run: 3, Failures: 0, Errors: 0, Skipped: 0, Time elapsed: 4.647 s -- in si.konferenca.registration.acceptance.OrganizerNotificationAcceptanceTest
[INFO] Running si.konferenca.registration.infrastructure.jsoncopy.FileJsonCopyStoreTest
[INFO] Tests run: 6, Failures: 0, Errors: 0, Skipped: 0, Time elapsed: 0.036 s -- in si.konferenca.registration.infrastructure.jsoncopy.FileJsonCopyStoreTest
[INFO] 
[INFO] Results:
[INFO] 
[INFO] Tests run: 22, Failures: 0, Errors: 0, Skipped: 0
[INFO] 
[INFO] ------------------------------------------------------------------------
[INFO] BUILD SUCCESS
[INFO] ------------------------------------------------------------------------
[INFO] Total time:  43.059 s
[INFO] Finished at: 2026-10-06T20:50:20+02:00
[INFO] ------------------------------------------------------------------------
