[INFO] Scanning for projects...
[INFO] 
[INFO] ---------------------< si.konferenca:registration >---------------------
[INFO] Building registration-backend 0.1.0
[INFO]   from pom.xml
[INFO] --------------------------------[ jar ]---------------------------------
[INFO] 
[INFO] >>> pmd:3.26.0:cpd-check (default-cli) > :cpd @ registration >>>
[INFO] 
[INFO] --- pmd:3.26.0:cpd (cpd) @ registration ---
[WARNING] Unable to find a URL to the parent project. The parent menu will NOT be added.
[INFO] Rendering content with org.apache.maven.skins:maven-fluido-skin:jar:2.0.0-M9 skin
[INFO] 
[INFO] <<< pmd:3.26.0:cpd-check (default-cli) < :cpd @ registration <<<
[INFO] 
[INFO] 
[INFO] --- pmd:3.26.0:cpd-check (default-cli) @ registration ---
[INFO] ------------------------------------------------------------------------
[INFO] BUILD SUCCESS
[INFO] ------------------------------------------------------------------------
[INFO] Total time:  3.154 s
[INFO] Finished at: 2026-10-02T15:35:20+02:00
[INFO] ------------------------------------------------------------------------
