github.com/AlDanial/cloc v 1.98  T=0.36 s (399.0 files/s, 49418.1 lines/s)
-------------------------------------------------------------------------------
Language                     files          blank        comment           code
-------------------------------------------------------------------------------
JSON                            16              0              0           7639
Java                            76            878            193           5071
TypeScript                      26            180             27           1749
YAML                             4              5              8            568
Markdown                         9            103              2            446
Bourne Shell                     3             40             61            377
Maven                            1              6              5            245
DOS Batch                        1             15              0            134
CSS                              1              0              0             46
XML                              2              0              4             43
SQL                              1              4              5             35
JavaScript                       1              1              0             30
Dockerfile                       2              1              3             22
HTML                             1              0              0             12
Properties                       1              0              0              3
-------------------------------------------------------------------------------
SUM:                           145           1233            308          16420
-------------------------------------------------------------------------------
