[INFO] Scanning for projects...
[INFO] 
[INFO] -----------------< si.konferenca:registration-backend >-----------------
[INFO] Building registration-backend 0.1.0
[INFO]   from pom.xml
[INFO] --------------------------------[ jar ]---------------------------------
[INFO] 
[INFO] --- jacoco:0.8.12:prepare-agent (prepare-agent) @ registration-backend ---
[INFO] argLine set to -javaagent:/home/tjan-kazar/.m2/repository/org/jacoco/org.jacoco.agent/0.8.12/org.jacoco.agent-0.8.12-runtime.jar=destfile=/home/tjan-kazar/storage/Work/lab/agentic_lab/02_output/backend/target/jacoco.exec
[INFO] 
[INFO] --- resources:3.5.0:resources (default-resources) @ registration-backend ---
[INFO] Copying 1 resource from src/main/resources to target/classes
[INFO] Copying 1 resource from src/main/resources to target/classes
[INFO] 
[INFO] --- compiler:3.15.0:compile (default-compile) @ registration-backend ---
[INFO] Nothing to compile - all classes are up to date.
[INFO] 
[INFO] --- resources:3.5.0:testResources (default-testResources) @ registration-backend ---
[INFO] Copying 2 resources from src/test/resources to target/test-classes
[INFO] 
[INFO] --- compiler:3.15.0:testCompile (default-testCompile) @ registration-backend ---
[INFO] Nothing to compile - all classes are up to date.
[INFO] 
[INFO] --- surefire:3.5.6:test (default-test) @ registration-backend ---
[INFO] Using auto detected provider org.apache.maven.surefire.junitplatform.JUnitPlatformProvider
[INFO] 
[INFO] -------------------------------------------------------
[INFO]  T E S T S
[INFO] -------------------------------------------------------
[INFO] Running si.konferenca.registration.acceptance.Us006ParticipantEmailAcceptanceTest
20:22:36.430 [main] INFO org.testcontainers.images.PullPolicy -- Image pull policy will be performed by: DefaultPullPolicy()
20:22:36.438 [main] INFO org.testcontainers.utility.ImageNameSubstitutor -- Image name substitution will be performed by: DefaultImageNameSubstitutor (composite of 'ConfigurationFileImageNameSubstitutor' and 'PrefixingImageNameSubstitutor')
20:22:36.474 [main] INFO org.testcontainers.DockerClientFactory -- Testcontainers version: 2.0.5
20:22:37.774 [main] INFO org.testcontainers.dockerclient.DockerClientProviderStrategy -- Found Docker environment with Docker accessed via Unix socket (/home/tjan-kazar/.docker/desktop/docker.sock)
20:22:37.775 [main] INFO org.testcontainers.DockerClientFactory -- Docker host IP address is localhost
20:22:37.799 [main] INFO org.testcontainers.DockerClientFactory -- Connected to docker: 
  Server Version: 29.3.1
  API Version: 1.54
  Operating System: Docker Desktop
  Total Memory: 31283 MB
  Labels: 
    com.docker.desktop.address=unix:///home/tjan-kazar/.docker/desktop/docker-cli.sock
20:22:38.227 [main] INFO tc.testcontainers/ryuk:0.14.0 -- Creating container for image: testcontainers/ryuk:0.14.0
20:22:38.522 [main] INFO tc.testcontainers/ryuk:0.14.0 -- Container testcontainers/ryuk:0.14.0 is starting: 1fd06fddd715344f131d58b1e91c74607e62e821966f925d0c8651461bef79a5
20:22:39.096 [main] INFO tc.testcontainers/ryuk:0.14.0 -- Container testcontainers/ryuk:0.14.0 started in PT0.86931894S
20:22:39.103 [main] INFO org.testcontainers.utility.RyukResourceReaper -- Ryuk started - will monitor and terminate Testcontainers containers on JVM exit
20:22:39.103 [main] INFO org.testcontainers.DockerClientFactory -- Checking the system...
20:22:39.104 [main] INFO org.testcontainers.DockerClientFactory -- ✔︎ Docker server version should be at least 1.6.0
20:22:39.105 [main] INFO tc.postgres:16.15-alpine -- Creating container for image: postgres:16.15-alpine
20:22:39.246 [main] INFO tc.postgres:16.15-alpine -- Container postgres:16.15-alpine is starting: 96ee6a046c67e7ce2e6ab98400677d1377b1c44bc66af617b1e43982cd1dbe5e
20:22:41.237 [main] INFO tc.postgres:16.15-alpine -- Container postgres:16.15-alpine started in PT2.131926914S
20:22:41.238 [main] INFO tc.postgres:16.15-alpine -- Container is started (JDBC URL: jdbc:postgresql://localhost:43809/test?loggerLevel=OFF)
20:22:41.239 [main] INFO tc.axllent/mailpit:v1.31.1 -- Creating container for image: axllent/mailpit:v1.31.1
20:22:41.411 [main] INFO tc.axllent/mailpit:v1.31.1 -- Container axllent/mailpit:v1.31.1 is starting: bfdbd7226fb999dd139eca3f5413438b604deca51f42b92e787427734f08bd48
20:22:41.900 [main] INFO tc.axllent/mailpit:v1.31.1 -- Container axllent/mailpit:v1.31.1 started in PT0.661339783S
2026-10-09T20:22:43.483+02:00  INFO 1159810 --- [registration-backend] [           main] o.a.maven.surefire.booter.ForkedBooter   : Starting ForkedBooter v3.5.6 using Java 21.0.12.1 with PID 1159810 (started by tjan-kazar in /home/tjan-kazar/storage/Work/lab/agentic_lab/02_output/backend)
2026-10-09T20:22:43.488+02:00  INFO 1159810 --- [registration-backend] [           main] o.a.maven.surefire.booter.ForkedBooter   : No active profile set, falling back to 1 default profile: "default"
2026-10-09T20:22:45.263+02:00  INFO 1159810 --- [registration-backend] [           main] .s.d.r.c.RepositoryConfigurationDelegate : Bootstrapping Spring Data JPA repositories in DEFAULT mode.
2026-10-09T20:22:45.356+02:00  INFO 1159810 --- [registration-backend] [           main] .s.d.r.c.RepositoryConfigurationDelegate : Finished Spring Data repository scanning in 80 ms. Found 1 JPA repository interface.
2026-10-09T20:22:46.401+02:00  INFO 1159810 --- [registration-backend] [           main] o.s.boot.tomcat.TomcatWebServer          : Tomcat initialized with port 0 (http)
2026-10-09T20:22:46.422+02:00  INFO 1159810 --- [registration-backend] [           main] o.apache.catalina.core.StandardService   : Starting service [Tomcat]
2026-10-09T20:22:46.423+02:00  INFO 1159810 --- [registration-backend] [           main] o.apache.catalina.core.StandardEngine    : Starting Servlet engine: [Apache Tomcat/11.0.26]
2026-10-09T20:22:46.473+02:00  INFO 1159810 --- [registration-backend] [           main] b.w.c.s.WebApplicationContextInitializer : Root WebApplicationContext: initialization completed in 2917 ms
2026-10-09T20:22:46.884+02:00  INFO 1159810 --- [registration-backend] [           main] com.zaxxer.hikari.HikariDataSource       : HikariPool-1 - Starting...
2026-10-09T20:22:46.972+02:00  INFO 1159810 --- [registration-backend] [           main] com.zaxxer.hikari.pool.HikariPool        : HikariPool-1 - Added connection org.postgresql.jdbc.PgConnection@39310988
2026-10-09T20:22:46.974+02:00  INFO 1159810 --- [registration-backend] [           main] com.zaxxer.hikari.HikariDataSource       : HikariPool-1 - Start completed.
2026-10-09T20:22:47.009+02:00  INFO 1159810 --- [registration-backend] [           main] org.flywaydb.core.FlywayExecutor         : Database: jdbc:postgresql://localhost:43809/acceptance_1 (PostgreSQL 16.15)
2026-10-09T20:22:47.079+02:00  INFO 1159810 --- [registration-backend] [           main] o.f.c.i.s.JdbcTableSchemaHistory         : Schema history table "public"."flyway_schema_history" does not exist yet
2026-10-09T20:22:47.084+02:00  INFO 1159810 --- [registration-backend] [           main] o.f.core.internal.command.DbValidate     : Successfully validated 1 migration (execution time 00:00.022s)
2026-10-09T20:22:47.104+02:00  INFO 1159810 --- [registration-backend] [           main] o.f.c.i.s.JdbcTableSchemaHistory         : Creating Schema History table "public"."flyway_schema_history" ...
2026-10-09T20:22:47.163+02:00  INFO 1159810 --- [registration-backend] [           main] o.f.core.internal.command.DbMigrate      : Current version of schema "public": << Empty Schema >>
2026-10-09T20:22:47.178+02:00  INFO 1159810 --- [registration-backend] [           main] o.f.core.internal.command.DbMigrate      : Migrating schema "public" to version "1 - registration"
2026-10-09T20:22:47.223+02:00  INFO 1159810 --- [registration-backend] [           main] o.f.core.internal.command.DbMigrate      : Successfully applied 1 migration to schema "public", now at version v1 (execution time 00:00.028s)
2026-10-09T20:22:47.359+02:00  INFO 1159810 --- [registration-backend] [           main] org.hibernate.orm.jpa                    : HHH008540: Processing PersistenceUnitInfo [name: default]
2026-10-09T20:22:47.443+02:00  INFO 1159810 --- [registration-backend] [           main] org.hibernate.orm.core                   : HHH000001: Hibernate ORM core version 7.4.5.Final
2026-10-09T20:22:48.003+02:00  INFO 1159810 --- [registration-backend] [           main] o.s.o.j.p.SpringPersistenceUnitInfo      : No LoadTimeWeaver setup: ignoring JPA class transformer
2026-10-09T20:22:48.135+02:00  INFO 1159810 --- [registration-backend] [           main] org.hibernate.orm.connections.pooling    : HHH10001005: Database info:
	Database JDBC URL [jdbc:postgresql://localhost:43809/acceptance_1]
	Database driver: PostgreSQL JDBC Driver
	Database dialect: PostgreSQLDialect
	Database version: 16.15
	Default catalog/schema: acceptance_1/public
	Autocommit mode: undefined/unknown
	Isolation level: READ_COMMITTED [default READ_COMMITTED]
	JDBC fetch size: none
	Pool: DataSourceConnectionProvider
	Minimum pool size: undefined/unknown
	Maximum pool size: undefined/unknown
2026-10-09T20:22:49.403+02:00  INFO 1159810 --- [registration-backend] [           main] org.hibernate.orm.core                   : HHH000489: No JTA platform available (set 'hibernate.transaction.jta.platform' to enable JTA platform integration)
2026-10-09T20:22:49.462+02:00  INFO 1159810 --- [registration-backend] [           main] j.LocalContainerEntityManagerFactoryBean : Initialized JPA EntityManagerFactory for persistence unit 'default'
2026-10-09T20:22:49.554+02:00  INFO 1159810 --- [registration-backend] [           main] o.s.d.j.r.query.QueryEnhancerFactories   : Hibernate is in classpath; If applicable, HQL parser will be used.
2026-10-09T20:22:50.142+02:00  INFO 1159810 --- [registration-backend] [           main] r$InitializeUserDetailsManagerConfigurer : Global AuthenticationManager configured with UserDetailsService bean with name organizers
2026-10-09T20:22:50.803+02:00  INFO 1159810 --- [registration-backend] [           main] o.s.b.a.e.web.EndpointLinksResolver      : Exposing 1 endpoint beneath base path '/actuator'
2026-10-09T20:22:50.878+02:00  INFO 1159810 --- [registration-backend] [           main] o.s.boot.tomcat.TomcatWebServer          : Tomcat started on port 41035 (http) with context path '/'
2026-10-09T20:22:50.891+02:00  INFO 1159810 --- [registration-backend] [           main] o.a.maven.surefire.booter.ForkedBooter   : Started ForkedBooter in 8.293 seconds (process running for 15.808)
2026-10-09T20:22:51.202+02:00  INFO 1159810 --- [registration-backend] [o-auto-1-exec-1] o.a.c.c.C.[Tomcat].[localhost].[/]       : Initializing Spring DispatcherServlet 'dispatcherServlet'
2026-10-09T20:22:51.202+02:00  INFO 1159810 --- [registration-backend] [o-auto-1-exec-1] o.s.web.servlet.DispatcherServlet        : Initializing Servlet 'dispatcherServlet'
2026-10-09T20:22:51.204+02:00  INFO 1159810 --- [registration-backend] [o-auto-1-exec-1] o.s.web.servlet.DispatcherServlet        : Completed initialization in 2 ms
2026-10-09T20:22:54.138+02:00  INFO 1159810 --- [registration-backend] [o-auto-1-exec-2] s.k.r.api.RegistrationController         : Registration f0922910-8714-41e8-85b8-ded844774441 stored
2026-10-09T20:22:54.489+02:00  INFO 1159810 --- [registration-backend] [           main] o.a.maven.surefire.booter.ForkedBooter   : Starting ForkedBooter v3.5.6 using Java 21.0.12.1 with PID 1159810 (started by tjan-kazar in /home/tjan-kazar/storage/Work/lab/agentic_lab/02_output/backend)
2026-10-09T20:22:54.489+02:00  INFO 1159810 --- [registration-backend] [           main] o.a.maven.surefire.booter.ForkedBooter   : No active profile set, falling back to 1 default profile: "default"
2026-10-09T20:22:54.680+02:00  INFO 1159810 --- [registration-backend] [           main] .s.d.r.c.RepositoryConfigurationDelegate : Bootstrapping Spring Data JPA repositories in DEFAULT mode.
2026-10-09T20:22:54.692+02:00  INFO 1159810 --- [registration-backend] [           main] .s.d.r.c.RepositoryConfigurationDelegate : Finished Spring Data repository scanning in 10 ms. Found 1 JPA repository interface.
2026-10-09T20:22:54.810+02:00  INFO 1159810 --- [registration-backend] [           main] o.s.boot.tomcat.TomcatWebServer          : Tomcat initialized with port 0 (http)
2026-10-09T20:22:54.811+02:00  INFO 1159810 --- [registration-backend] [           main] o.apache.catalina.core.StandardService   : Starting service [Tomcat]
2026-10-09T20:22:54.812+02:00  INFO 1159810 --- [registration-backend] [           main] o.apache.catalina.core.StandardEngine    : Starting Servlet engine: [Apache Tomcat/11.0.26]
2026-10-09T20:22:54.823+02:00  INFO 1159810 --- [registration-backend] [           main] b.w.c.s.WebApplicationContextInitializer : Root WebApplicationContext: initialization completed in 331 ms
2026-10-09T20:22:54.897+02:00  INFO 1159810 --- [registration-backend] [           main] com.zaxxer.hikari.HikariDataSource       : HikariPool-2 - Starting...
2026-10-09T20:22:54.922+02:00  INFO 1159810 --- [registration-backend] [           main] com.zaxxer.hikari.pool.HikariPool        : HikariPool-2 - Added connection org.postgresql.jdbc.PgConnection@406580c7
2026-10-09T20:22:54.923+02:00  INFO 1159810 --- [registration-backend] [           main] com.zaxxer.hikari.HikariDataSource       : HikariPool-2 - Start completed.
2026-10-09T20:22:54.925+02:00  INFO 1159810 --- [registration-backend] [           main] org.flywaydb.core.FlywayExecutor         : Database: jdbc:postgresql://localhost:43809/acceptance_2 (PostgreSQL 16.15)
2026-10-09T20:22:54.945+02:00  INFO 1159810 --- [registration-backend] [           main] o.f.c.i.s.JdbcTableSchemaHistory         : Schema history table "public"."flyway_schema_history" does not exist yet
2026-10-09T20:22:54.947+02:00  INFO 1159810 --- [registration-backend] [           main] o.f.core.internal.command.DbValidate     : Successfully validated 1 migration (execution time 00:00.005s)
2026-10-09T20:22:54.960+02:00  INFO 1159810 --- [registration-backend] [           main] o.f.c.i.s.JdbcTableSchemaHistory         : Creating Schema History table "public"."flyway_schema_history" ...
2026-10-09T20:22:54.999+02:00  INFO 1159810 --- [registration-backend] [           main] o.f.core.internal.command.DbMigrate      : Current version of schema "public": << Empty Schema >>
2026-10-09T20:22:55.008+02:00  INFO 1159810 --- [registration-backend] [           main] o.f.core.internal.command.DbMigrate      : Migrating schema "public" to version "1 - registration"
2026-10-09T20:22:55.045+02:00  INFO 1159810 --- [registration-backend] [           main] o.f.core.internal.command.DbMigrate      : Successfully applied 1 migration to schema "public", now at version v1 (execution time 00:00.029s)
2026-10-09T20:22:55.064+02:00  INFO 1159810 --- [registration-backend] [           main] org.hibernate.orm.jpa                    : HHH008540: Processing PersistenceUnitInfo [name: default]
2026-10-09T20:22:55.088+02:00  INFO 1159810 --- [registration-backend] [           main] o.s.o.j.p.SpringPersistenceUnitInfo      : No LoadTimeWeaver setup: ignoring JPA class transformer
2026-10-09T20:22:55.097+02:00  INFO 1159810 --- [registration-backend] [           main] org.hibernate.orm.connections.pooling    : HHH10001005: Database info:
	Database JDBC URL [jdbc:postgresql://localhost:43809/acceptance_2]
	Database driver: PostgreSQL JDBC Driver
	Database dialect: PostgreSQLDialect
	Database version: 16.15
	Default catalog/schema: acceptance_2/public
	Autocommit mode: undefined/unknown
	Isolation level: READ_COMMITTED [default READ_COMMITTED]
	JDBC fetch size: none
	Pool: DataSourceConnectionProvider
	Minimum pool size: undefined/unknown
	Maximum pool size: undefined/unknown
2026-10-09T20:22:55.147+02:00  INFO 1159810 --- [registration-backend] [           main] org.hibernate.orm.core                   : HHH000489: No JTA platform available (set 'hibernate.transaction.jta.platform' to enable JTA platform integration)
2026-10-09T20:22:55.167+02:00  INFO 1159810 --- [registration-backend] [           main] j.LocalContainerEntityManagerFactoryBean : Initialized JPA EntityManagerFactory for persistence unit 'default'
2026-10-09T20:22:55.321+02:00  INFO 1159810 --- [registration-backend] [           main] r$InitializeUserDetailsManagerConfigurer : Global AuthenticationManager configured with UserDetailsService bean with name organizers
2026-10-09T20:22:55.455+02:00  INFO 1159810 --- [registration-backend] [           main] o.s.b.a.e.web.EndpointLinksResolver      : Exposing 1 endpoint beneath base path '/actuator'
2026-10-09T20:22:55.472+02:00  INFO 1159810 --- [registration-backend] [           main] o.s.boot.tomcat.TomcatWebServer          : Tomcat started on port 40061 (http) with context path '/'
2026-10-09T20:22:55.477+02:00  INFO 1159810 --- [registration-backend] [           main] o.a.maven.surefire.booter.ForkedBooter   : Started ForkedBooter in 1.013 seconds (process running for 20.393)
2026-10-09T20:22:55.481+02:00  INFO 1159810 --- [registration-backend] [o-auto-2-exec-1] o.a.c.c.C.[Tomcat-1].[localhost].[/]     : Initializing Spring DispatcherServlet 'dispatcherServlet'
2026-10-09T20:22:55.482+02:00  INFO 1159810 --- [registration-backend] [o-auto-2-exec-1] o.s.web.servlet.DispatcherServlet        : Initializing Servlet 'dispatcherServlet'
2026-10-09T20:22:55.483+02:00  INFO 1159810 --- [registration-backend] [o-auto-2-exec-1] o.s.web.servlet.DispatcherServlet        : Completed initialization in 1 ms
2026-10-09T20:22:55.525+02:00  INFO 1159810 --- [registration-backend] [o-auto-2-exec-1] s.k.r.api.RegistrationController         : Registration 63bc2db9-36a8-4943-b1ef-b6f4204f074d stored
2026-10-09T20:22:55.529+02:00 ERROR 1159810 --- [registration-backend] [         mail-1] s.k.r.adapter.mail.RegistrationMailer    : Sending the participant confirmation for registration 63bc2db9-36a8-4943-b1ef-b6f4204f074d failed: MailSendException
2026-10-09T20:22:55.531+02:00 ERROR 1159810 --- [registration-backend] [         mail-1] s.k.r.adapter.mail.RegistrationMailer    : Sending the organizer notification for registration 63bc2db9-36a8-4943-b1ef-b6f4204f074d failed: MailSendException
2026-10-09T20:22:56.547+02:00  INFO 1159810 --- [registration-backend] [           main] o.s.boot.tomcat.GracefulShutdown         : Commencing graceful shutdown. Waiting for active requests to complete
2026-10-09T20:22:56.549+02:00  INFO 1159810 --- [registration-backend] [tomcat-shutdown] o.s.boot.tomcat.GracefulShutdown         : Graceful shutdown complete
2026-10-09T20:22:56.557+02:00  INFO 1159810 --- [registration-backend] [           main] j.LocalContainerEntityManagerFactoryBean : Closing JPA EntityManagerFactory for persistence unit 'default'
2026-10-09T20:22:56.560+02:00  INFO 1159810 --- [registration-backend] [           main] com.zaxxer.hikari.HikariDataSource       : HikariPool-2 - Shutdown initiated...
2026-10-09T20:22:56.563+02:00  INFO 1159810 --- [registration-backend] [           main] com.zaxxer.hikari.HikariDataSource       : HikariPool-2 - Shutdown completed.
2026-10-09T20:22:56.565+02:00  INFO 1159810 --- [registration-backend] [           main] o.apache.catalina.core.StandardService   : Stopping service [Tomcat]
2026-10-09T20:22:56.566+02:00  INFO 1159810 --- [registration-backend] [           main] o.a.c.c.C.[Tomcat-1].[localhost].[/]     : Destroying Spring FrameworkServlet 'dispatcherServlet'
2026-10-09T20:22:56.596+02:00  INFO 1159810 --- [registration-backend] [o-auto-1-exec-3] s.k.r.api.RegistrationController         : Registration 680e20a1-de75-4153-bcd2-de45cab9f837 stored
2026-10-09T20:22:56.866+02:00  INFO 1159810 --- [registration-backend] [           main] o.s.boot.tomcat.GracefulShutdown         : Commencing graceful shutdown. Waiting for active requests to complete
2026-10-09T20:22:56.867+02:00  INFO 1159810 --- [registration-backend] [tomcat-shutdown] o.s.boot.tomcat.GracefulShutdown         : Graceful shutdown complete
2026-10-09T20:22:56.872+02:00  INFO 1159810 --- [registration-backend] [           main] j.LocalContainerEntityManagerFactoryBean : Closing JPA EntityManagerFactory for persistence unit 'default'
2026-10-09T20:22:56.873+02:00  INFO 1159810 --- [registration-backend] [           main] com.zaxxer.hikari.HikariDataSource       : HikariPool-1 - Shutdown initiated...
2026-10-09T20:22:56.874+02:00  INFO 1159810 --- [registration-backend] [           main] com.zaxxer.hikari.HikariDataSource       : HikariPool-1 - Shutdown completed.
[INFO] Tests run: 4, Failures: 0, Errors: 0, Skipped: 0, Time elapsed: 20.55 s -- in si.konferenca.registration.acceptance.Us006ParticipantEmailAcceptanceTest
[INFO] Running si.konferenca.registration.acceptance.Us007OrganizerNotificationAcceptanceTest
2026-10-09T20:22:56.964+02:00  INFO 1159810 --- [registration-backend] [           main] o.a.maven.surefire.booter.ForkedBooter   : Starting ForkedBooter v3.5.6 using Java 21.0.12.1 with PID 1159810 (started by tjan-kazar in /home/tjan-kazar/storage/Work/lab/agentic_lab/02_output/backend)
2026-10-09T20:22:56.964+02:00  INFO 1159810 --- [registration-backend] [           main] o.a.maven.surefire.booter.ForkedBooter   : No active profile set, falling back to 1 default profile: "default"
2026-10-09T20:22:57.098+02:00  INFO 1159810 --- [registration-backend] [           main] .s.d.r.c.RepositoryConfigurationDelegate : Bootstrapping Spring Data JPA repositories in DEFAULT mode.
2026-10-09T20:22:57.109+02:00  INFO 1159810 --- [registration-backend] [           main] .s.d.r.c.RepositoryConfigurationDelegate : Finished Spring Data repository scanning in 8 ms. Found 1 JPA repository interface.
2026-10-09T20:22:57.195+02:00  INFO 1159810 --- [registration-backend] [           main] o.s.boot.tomcat.TomcatWebServer          : Tomcat initialized with port 0 (http)
2026-10-09T20:22:57.196+02:00  INFO 1159810 --- [registration-backend] [           main] o.apache.catalina.core.StandardService   : Starting service [Tomcat]
2026-10-09T20:22:57.196+02:00  INFO 1159810 --- [registration-backend] [           main] o.apache.catalina.core.StandardEngine    : Starting Servlet engine: [Apache Tomcat/11.0.26]
2026-10-09T20:22:57.206+02:00  INFO 1159810 --- [registration-backend] [           main] b.w.c.s.WebApplicationContextInitializer : Root WebApplicationContext: initialization completed in 240 ms
2026-10-09T20:22:57.265+02:00  INFO 1159810 --- [registration-backend] [           main] com.zaxxer.hikari.HikariDataSource       : HikariPool-3 - Starting...
2026-10-09T20:22:57.289+02:00  INFO 1159810 --- [registration-backend] [           main] com.zaxxer.hikari.pool.HikariPool        : HikariPool-3 - Added connection org.postgresql.jdbc.PgConnection@6bb53de5
2026-10-09T20:22:57.289+02:00  INFO 1159810 --- [registration-backend] [           main] com.zaxxer.hikari.HikariDataSource       : HikariPool-3 - Start completed.
2026-10-09T20:22:57.291+02:00  INFO 1159810 --- [registration-backend] [           main] org.flywaydb.core.FlywayExecutor         : Database: jdbc:postgresql://localhost:43809/acceptance_3 (PostgreSQL 16.15)
2026-10-09T20:22:57.309+02:00  INFO 1159810 --- [registration-backend] [           main] o.f.c.i.s.JdbcTableSchemaHistory         : Schema history table "public"."flyway_schema_history" does not exist yet
2026-10-09T20:22:57.310+02:00  INFO 1159810 --- [registration-backend] [           main] o.f.core.internal.command.DbValidate     : Successfully validated 1 migration (execution time 00:00.005s)
2026-10-09T20:22:57.322+02:00  INFO 1159810 --- [registration-backend] [           main] o.f.c.i.s.JdbcTableSchemaHistory         : Creating Schema History table "public"."flyway_schema_history" ...
2026-10-09T20:22:57.357+02:00  INFO 1159810 --- [registration-backend] [           main] o.f.core.internal.command.DbMigrate      : Current version of schema "public": << Empty Schema >>
2026-10-09T20:22:57.363+02:00  INFO 1159810 --- [registration-backend] [           main] o.f.core.internal.command.DbMigrate      : Migrating schema "public" to version "1 - registration"
2026-10-09T20:22:57.394+02:00  INFO 1159810 --- [registration-backend] [           main] o.f.core.internal.command.DbMigrate      : Successfully applied 1 migration to schema "public", now at version v1 (execution time 00:00.023s)
2026-10-09T20:22:57.412+02:00  INFO 1159810 --- [registration-backend] [           main] org.hibernate.orm.jpa                    : HHH008540: Processing PersistenceUnitInfo [name: default]
2026-10-09T20:22:57.431+02:00  INFO 1159810 --- [registration-backend] [           main] o.s.o.j.p.SpringPersistenceUnitInfo      : No LoadTimeWeaver setup: ignoring JPA class transformer
2026-10-09T20:22:57.440+02:00  INFO 1159810 --- [registration-backend] [           main] org.hibernate.orm.connections.pooling    : HHH10001005: Database info:
	Database JDBC URL [jdbc:postgresql://localhost:43809/acceptance_3]
	Database driver: PostgreSQL JDBC Driver
	Database dialect: PostgreSQLDialect
	Database version: 16.15
	Default catalog/schema: acceptance_3/public
	Autocommit mode: undefined/unknown
	Isolation level: READ_COMMITTED [default READ_COMMITTED]
	JDBC fetch size: none
	Pool: DataSourceConnectionProvider
	Minimum pool size: undefined/unknown
	Maximum pool size: undefined/unknown
2026-10-09T20:22:57.490+02:00  INFO 1159810 --- [registration-backend] [           main] org.hibernate.orm.core                   : HHH000489: No JTA platform available (set 'hibernate.transaction.jta.platform' to enable JTA platform integration)
2026-10-09T20:22:57.509+02:00  INFO 1159810 --- [registration-backend] [           main] j.LocalContainerEntityManagerFactoryBean : Initialized JPA EntityManagerFactory for persistence unit 'default'
2026-10-09T20:22:57.656+02:00  INFO 1159810 --- [registration-backend] [           main] r$InitializeUserDetailsManagerConfigurer : Global AuthenticationManager configured with UserDetailsService bean with name organizers
2026-10-09T20:22:57.782+02:00  INFO 1159810 --- [registration-backend] [           main] o.s.b.a.e.web.EndpointLinksResolver      : Exposing 1 endpoint beneath base path '/actuator'
2026-10-09T20:22:57.803+02:00  INFO 1159810 --- [registration-backend] [           main] o.s.boot.tomcat.TomcatWebServer          : Tomcat started on port 32991 (http) with context path '/'
2026-10-09T20:22:57.808+02:00  INFO 1159810 --- [registration-backend] [           main] o.a.maven.surefire.booter.ForkedBooter   : Started ForkedBooter in 0.871 seconds (process running for 22.724)
2026-10-09T20:22:57.877+02:00  INFO 1159810 --- [registration-backend] [           main] o.a.maven.surefire.booter.ForkedBooter   : Starting ForkedBooter v3.5.6 using Java 21.0.12.1 with PID 1159810 (started by tjan-kazar in /home/tjan-kazar/storage/Work/lab/agentic_lab/02_output/backend)
2026-10-09T20:22:57.877+02:00  INFO 1159810 --- [registration-backend] [           main] o.a.maven.surefire.booter.ForkedBooter   : No active profile set, falling back to 1 default profile: "default"
2026-10-09T20:22:58.005+02:00  INFO 1159810 --- [registration-backend] [           main] .s.d.r.c.RepositoryConfigurationDelegate : Bootstrapping Spring Data JPA repositories in DEFAULT mode.
2026-10-09T20:22:58.014+02:00  INFO 1159810 --- [registration-backend] [           main] .s.d.r.c.RepositoryConfigurationDelegate : Finished Spring Data repository scanning in 7 ms. Found 1 JPA repository interface.
2026-10-09T20:22:58.095+02:00  INFO 1159810 --- [registration-backend] [           main] o.s.boot.tomcat.TomcatWebServer          : Tomcat initialized with port 0 (http)
2026-10-09T20:22:58.096+02:00  INFO 1159810 --- [registration-backend] [           main] o.apache.catalina.core.StandardService   : Starting service [Tomcat]
2026-10-09T20:22:58.097+02:00  INFO 1159810 --- [registration-backend] [           main] o.apache.catalina.core.StandardEngine    : Starting Servlet engine: [Apache Tomcat/11.0.26]
2026-10-09T20:22:58.106+02:00  INFO 1159810 --- [registration-backend] [           main] b.w.c.s.WebApplicationContextInitializer : Root WebApplicationContext: initialization completed in 228 ms
2026-10-09T20:22:58.163+02:00  INFO 1159810 --- [registration-backend] [           main] com.zaxxer.hikari.HikariDataSource       : HikariPool-4 - Starting...
2026-10-09T20:22:58.185+02:00  INFO 1159810 --- [registration-backend] [           main] com.zaxxer.hikari.pool.HikariPool        : HikariPool-4 - Added connection org.postgresql.jdbc.PgConnection@5b982177
2026-10-09T20:22:58.186+02:00  INFO 1159810 --- [registration-backend] [           main] com.zaxxer.hikari.HikariDataSource       : HikariPool-4 - Start completed.
2026-10-09T20:22:58.187+02:00  INFO 1159810 --- [registration-backend] [           main] org.flywaydb.core.FlywayExecutor         : Database: jdbc:postgresql://localhost:43809/acceptance_4 (PostgreSQL 16.15)
2026-10-09T20:22:58.207+02:00  INFO 1159810 --- [registration-backend] [           main] o.f.c.i.s.JdbcTableSchemaHistory         : Schema history table "public"."flyway_schema_history" does not exist yet
2026-10-09T20:22:58.208+02:00  INFO 1159810 --- [registration-backend] [           main] o.f.core.internal.command.DbValidate     : Successfully validated 1 migration (execution time 00:00.005s)
2026-10-09T20:22:58.222+02:00  INFO 1159810 --- [registration-backend] [           main] o.f.c.i.s.JdbcTableSchemaHistory         : Creating Schema History table "public"."flyway_schema_history" ...
2026-10-09T20:22:58.255+02:00  INFO 1159810 --- [registration-backend] [           main] o.f.core.internal.command.DbMigrate      : Current version of schema "public": << Empty Schema >>
2026-10-09T20:22:58.261+02:00  INFO 1159810 --- [registration-backend] [           main] o.f.core.internal.command.DbMigrate      : Migrating schema "public" to version "1 - registration"
2026-10-09T20:22:58.291+02:00  INFO 1159810 --- [registration-backend] [           main] o.f.core.internal.command.DbMigrate      : Successfully applied 1 migration to schema "public", now at version v1 (execution time 00:00.022s)
2026-10-09T20:22:58.306+02:00  INFO 1159810 --- [registration-backend] [           main] org.hibernate.orm.jpa                    : HHH008540: Processing PersistenceUnitInfo [name: default]
2026-10-09T20:22:58.325+02:00  INFO 1159810 --- [registration-backend] [           main] o.s.o.j.p.SpringPersistenceUnitInfo      : No LoadTimeWeaver setup: ignoring JPA class transformer
2026-10-09T20:22:58.334+02:00  INFO 1159810 --- [registration-backend] [           main] org.hibernate.orm.connections.pooling    : HHH10001005: Database info:
	Database JDBC URL [jdbc:postgresql://localhost:43809/acceptance_4]
	Database driver: PostgreSQL JDBC Driver
	Database dialect: PostgreSQLDialect
	Database version: 16.15
	Default catalog/schema: acceptance_4/public
	Autocommit mode: undefined/unknown
	Isolation level: READ_COMMITTED [default READ_COMMITTED]
	JDBC fetch size: none
	Pool: DataSourceConnectionProvider
	Minimum pool size: undefined/unknown
	Maximum pool size: undefined/unknown
2026-10-09T20:22:58.380+02:00  INFO 1159810 --- [registration-backend] [           main] org.hibernate.orm.core                   : HHH000489: No JTA platform available (set 'hibernate.transaction.jta.platform' to enable JTA platform integration)
2026-10-09T20:22:58.398+02:00  INFO 1159810 --- [registration-backend] [           main] j.LocalContainerEntityManagerFactoryBean : Initialized JPA EntityManagerFactory for persistence unit 'default'
2026-10-09T20:22:58.534+02:00  INFO 1159810 --- [registration-backend] [           main] r$InitializeUserDetailsManagerConfigurer : Global AuthenticationManager configured with UserDetailsService bean with name organizers
2026-10-09T20:22:58.646+02:00  INFO 1159810 --- [registration-backend] [           main] o.s.b.a.e.web.EndpointLinksResolver      : Exposing 1 endpoint beneath base path '/actuator'
2026-10-09T20:22:58.659+02:00  INFO 1159810 --- [registration-backend] [           main] o.s.boot.tomcat.TomcatWebServer          : Tomcat started on port 46109 (http) with context path '/'
2026-10-09T20:22:58.661+02:00  INFO 1159810 --- [registration-backend] [           main] o.a.maven.surefire.booter.ForkedBooter   : Started ForkedBooter in 0.812 seconds (process running for 23.578)
2026-10-09T20:22:58.665+02:00  INFO 1159810 --- [registration-backend] [o-auto-4-exec-1] o.a.c.c.C.[Tomcat-1].[localhost].[/]     : Initializing Spring DispatcherServlet 'dispatcherServlet'
2026-10-09T20:22:58.665+02:00  INFO 1159810 --- [registration-backend] [o-auto-4-exec-1] o.s.web.servlet.DispatcherServlet        : Initializing Servlet 'dispatcherServlet'
2026-10-09T20:22:58.666+02:00  INFO 1159810 --- [registration-backend] [o-auto-4-exec-1] o.s.web.servlet.DispatcherServlet        : Completed initialization in 1 ms
2026-10-09T20:22:58.694+02:00  INFO 1159810 --- [registration-backend] [o-auto-4-exec-1] s.k.r.api.RegistrationController         : Registration 9f841a5a-b4da-42cd-ba7a-a21e74bf7625 stored
2026-10-09T20:22:58.696+02:00 ERROR 1159810 --- [registration-backend] [         mail-1] s.k.r.adapter.mail.RegistrationMailer    : Sending the participant confirmation for registration 9f841a5a-b4da-42cd-ba7a-a21e74bf7625 failed: MailSendException
2026-10-09T20:22:58.698+02:00 ERROR 1159810 --- [registration-backend] [         mail-1] s.k.r.adapter.mail.RegistrationMailer    : Sending the organizer notification for registration 9f841a5a-b4da-42cd-ba7a-a21e74bf7625 failed: MailSendException
2026-10-09T20:22:58.903+02:00  INFO 1159810 --- [registration-backend] [           main] o.s.boot.tomcat.GracefulShutdown         : Commencing graceful shutdown. Waiting for active requests to complete
2026-10-09T20:22:58.904+02:00  INFO 1159810 --- [registration-backend] [tomcat-shutdown] o.s.boot.tomcat.GracefulShutdown         : Graceful shutdown complete
2026-10-09T20:22:58.907+02:00  INFO 1159810 --- [registration-backend] [           main] j.LocalContainerEntityManagerFactoryBean : Closing JPA EntityManagerFactory for persistence unit 'default'
2026-10-09T20:22:58.907+02:00  INFO 1159810 --- [registration-backend] [           main] com.zaxxer.hikari.HikariDataSource       : HikariPool-4 - Shutdown initiated...
2026-10-09T20:22:58.909+02:00  INFO 1159810 --- [registration-backend] [           main] com.zaxxer.hikari.HikariDataSource       : HikariPool-4 - Shutdown completed.
2026-10-09T20:22:58.910+02:00  INFO 1159810 --- [registration-backend] [           main] o.apache.catalina.core.StandardService   : Stopping service [Tomcat]
2026-10-09T20:22:58.910+02:00  INFO 1159810 --- [registration-backend] [           main] o.a.c.c.C.[Tomcat-1].[localhost].[/]     : Destroying Spring FrameworkServlet 'dispatcherServlet'
2026-10-09T20:22:58.921+02:00  INFO 1159810 --- [registration-backend] [o-auto-3-exec-1] o.a.c.c.C.[Tomcat].[localhost].[/]       : Initializing Spring DispatcherServlet 'dispatcherServlet'
2026-10-09T20:22:58.921+02:00  INFO 1159810 --- [registration-backend] [o-auto-3-exec-1] o.s.web.servlet.DispatcherServlet        : Initializing Servlet 'dispatcherServlet'
2026-10-09T20:22:58.922+02:00  INFO 1159810 --- [registration-backend] [o-auto-3-exec-1] o.s.web.servlet.DispatcherServlet        : Completed initialization in 1 ms
2026-10-09T20:22:58.944+02:00  INFO 1159810 --- [registration-backend] [o-auto-3-exec-1] s.k.r.api.RegistrationController         : Registration 4aa76289-a8e7-4cd9-9c57-de4ea0273832 stored
2026-10-09T20:23:01.250+02:00  INFO 1159810 --- [registration-backend] [o-auto-3-exec-3] s.k.r.api.RegistrationController         : Registration 8060085b-5633-426a-8c3a-0db1f26a9907 stored
2026-10-09T20:23:06.568+02:00  INFO 1159810 --- [registration-backend] [           main] o.s.boot.tomcat.GracefulShutdown         : Commencing graceful shutdown. Waiting for active requests to complete
2026-10-09T20:23:06.568+02:00  INFO 1159810 --- [registration-backend] [tomcat-shutdown] o.s.boot.tomcat.GracefulShutdown         : Graceful shutdown complete
2026-10-09T20:23:06.570+02:00  INFO 1159810 --- [registration-backend] [           main] j.LocalContainerEntityManagerFactoryBean : Closing JPA EntityManagerFactory for persistence unit 'default'
2026-10-09T20:23:06.571+02:00  INFO 1159810 --- [registration-backend] [           main] com.zaxxer.hikari.HikariDataSource       : HikariPool-3 - Shutdown initiated...
2026-10-09T20:23:06.573+02:00  INFO 1159810 --- [registration-backend] [           main] com.zaxxer.hikari.HikariDataSource       : HikariPool-3 - Shutdown completed.
[INFO] Tests run: 4, Failures: 0, Errors: 0, Skipped: 0, Time elapsed: 9.693 s -- in si.konferenca.registration.acceptance.Us007OrganizerNotificationAcceptanceTest
[INFO] 
[INFO] Results:
[INFO] 
[INFO] Tests run: 8, Failures: 0, Errors: 0, Skipped: 0
[INFO] 
[INFO] ------------------------------------------------------------------------
[INFO] BUILD SUCCESS
[INFO] ------------------------------------------------------------------------
[INFO] Total time:  33.545 s
[INFO] Finished at: 2026-10-09T20:23:07+02:00
[INFO] ------------------------------------------------------------------------
