npm warn EBADENGINE Unsupported engine {
npm warn EBADENGINE   package: '@babel/code-frame@8.0.6',
npm warn EBADENGINE   required: { node: '^22.18.0 || >=24.11.0' },
npm warn EBADENGINE   current: { node: 'v24.10.0', npm: '10.9.4' }
npm warn EBADENGINE }
npm warn EBADENGINE Unsupported engine {
npm warn EBADENGINE   package: '@babel/compat-data@8.0.5',
npm warn EBADENGINE   required: { node: '^22.18.0 || >=24.11.0' },
npm warn EBADENGINE   current: { node: 'v24.10.0', npm: '10.9.4' }
npm warn EBADENGINE }
npm warn EBADENGINE Unsupported engine {
npm warn EBADENGINE   package: '@babel/core@8.0.6',
npm warn EBADENGINE   required: { node: '^22.18.0 || >=24.11.0' },
npm warn EBADENGINE   current: { node: 'v24.10.0', npm: '10.9.4' }
npm warn EBADENGINE }
npm warn EBADENGINE Unsupported engine {
npm warn EBADENGINE   package: '@babel/generator@8.0.6',
npm warn EBADENGINE   required: { node: '^22.18.0 || >=24.11.0' },
npm warn EBADENGINE   current: { node: 'v24.10.0', npm: '10.9.4' }
npm warn EBADENGINE }
npm warn EBADENGINE Unsupported engine {
npm warn EBADENGINE   package: '@babel/helper-annotate-as-pure@8.0.0',
npm warn EBADENGINE   required: { node: '^22.18.0 || >=24.11.0' },
npm warn EBADENGINE   current: { node: 'v24.10.0', npm: '10.9.4' }
npm warn EBADENGINE }
npm warn EBADENGINE Unsupported engine {
npm warn EBADENGINE   package: '@babel/helper-compilation-targets@8.0.6',
npm warn EBADENGINE   required: { node: '^22.18.0 || >=24.11.0' },
npm warn EBADENGINE   current: { node: 'v24.10.0', npm: '10.9.4' }
npm warn EBADENGINE }
npm warn EBADENGINE Unsupported engine {
npm warn EBADENGINE   package: '@babel/helper-create-class-features-plugin@8.0.6',
npm warn EBADENGINE   required: { node: '^22.18.0 || >=24.11.0' },
npm warn EBADENGINE   current: { node: 'v24.10.0', npm: '10.9.4' }
npm warn EBADENGINE }
npm warn EBADENGINE Unsupported engine {
npm warn EBADENGINE   package: '@babel/helper-globals@8.0.6',
npm warn EBADENGINE   required: { node: '^22.18.0 || >=24.11.0' },
npm warn EBADENGINE   current: { node: 'v24.10.0', npm: '10.9.4' }
npm warn EBADENGINE }
npm warn EBADENGINE Unsupported engine {
npm warn EBADENGINE   package: '@babel/helper-member-expression-to-functions@8.0.5',
npm warn EBADENGINE   required: { node: '^22.18.0 || >=24.11.0' },
npm warn EBADENGINE   current: { node: 'v24.10.0', npm: '10.9.4' }
npm warn EBADENGINE }
npm warn EBADENGINE Unsupported engine {
npm warn EBADENGINE   package: '@babel/helper-module-imports@8.0.0',
npm warn EBADENGINE   required: { node: '^22.18.0 || >=24.11.0' },
npm warn EBADENGINE   current: { node: 'v24.10.0', npm: '10.9.4' }
npm warn EBADENGINE }
npm warn EBADENGINE Unsupported engine {
npm warn EBADENGINE   package: '@babel/helper-module-transforms@8.0.6',
npm warn EBADENGINE   required: { node: '^22.18.0 || >=24.11.0' },
npm warn EBADENGINE   current: { node: 'v24.10.0', npm: '10.9.4' }
npm warn EBADENGINE }
npm warn EBADENGINE Unsupported engine {
npm warn EBADENGINE   package: '@babel/helper-optimise-call-expression@8.0.0',
npm warn EBADENGINE   required: { node: '^22.18.0 || >=24.11.0' },
npm warn EBADENGINE   current: { node: 'v24.10.0', npm: '10.9.4' }
npm warn EBADENGINE }
npm warn EBADENGINE Unsupported engine {
npm warn EBADENGINE   package: '@babel/helper-plugin-utils@8.0.1',
npm warn EBADENGINE   required: { node: '^22.18.0 || >=24.11.0' },
npm warn EBADENGINE   current: { node: 'v24.10.0', npm: '10.9.4' }
npm warn EBADENGINE }
npm warn EBADENGINE Unsupported engine {
npm warn EBADENGINE   package: '@babel/helper-replace-supers@8.0.1',
npm warn EBADENGINE   required: { node: '^22.18.0 || >=24.11.0' },
npm warn EBADENGINE   current: { node: 'v24.10.0', npm: '10.9.4' }
npm warn EBADENGINE }
npm warn EBADENGINE Unsupported engine {
npm warn EBADENGINE   package: '@babel/helper-skip-transparent-expression-wrappers@8.0.0',
npm warn EBADENGINE   required: { node: '^22.18.0 || >=24.11.0' },
npm warn EBADENGINE   current: { node: 'v24.10.0', npm: '10.9.4' }
npm warn EBADENGINE }
npm warn EBADENGINE Unsupported engine {
npm warn EBADENGINE   package: '@babel/helper-string-parser@8.0.6',
npm warn EBADENGINE   required: { node: '^22.18.0 || >=24.11.0' },
npm warn EBADENGINE   current: { node: 'v24.10.0', npm: '10.9.4' }
npm warn EBADENGINE }
npm warn EBADENGINE Unsupported engine {
npm warn EBADENGINE   package: '@babel/helper-validator-identifier@8.0.6',
npm warn EBADENGINE   required: { node: '^22.18.0 || >=24.11.0' },
npm warn EBADENGINE   current: { node: 'v24.10.0', npm: '10.9.4' }
npm warn EBADENGINE }
npm warn EBADENGINE Unsupported engine {
npm warn EBADENGINE   package: '@babel/helper-validator-option@8.0.0',
npm warn EBADENGINE   required: { node: '^22.18.0 || >=24.11.0' },
npm warn EBADENGINE   current: { node: 'v24.10.0', npm: '10.9.4' }
npm warn EBADENGINE }
npm warn EBADENGINE Unsupported engine {
npm warn EBADENGINE   package: '@babel/helpers@8.0.5',
npm warn EBADENGINE   required: { node: '^22.18.0 || >=24.11.0' },
npm warn EBADENGINE   current: { node: 'v24.10.0', npm: '10.9.4' }
npm warn EBADENGINE }
npm warn EBADENGINE Unsupported engine {
npm warn EBADENGINE   package: '@babel/parser@8.0.6',
npm warn EBADENGINE   required: { node: '^22.18.0 || >=24.11.0' },
npm warn EBADENGINE   current: { node: 'v24.10.0', npm: '10.9.4' }
npm warn EBADENGINE }
npm warn EBADENGINE Unsupported engine {
npm warn EBADENGINE   package: '@babel/plugin-proposal-decorators@8.0.2',
npm warn EBADENGINE   required: { node: '^22.18.0 || >=24.11.0' },
npm warn EBADENGINE   current: { node: 'v24.10.0', npm: '10.9.4' }
npm warn EBADENGINE }
npm warn EBADENGINE Unsupported engine {
npm warn EBADENGINE   package: '@babel/plugin-syntax-decorators@8.0.1',
npm warn EBADENGINE   required: { node: '^22.18.0 || >=24.11.0' },
npm warn EBADENGINE   current: { node: 'v24.10.0', npm: '10.9.4' }
npm warn EBADENGINE }
npm warn EBADENGINE Unsupported engine {
npm warn EBADENGINE   package: '@babel/plugin-syntax-jsx@8.0.1',
npm warn EBADENGINE   required: { node: '^22.18.0 || >=24.11.0' },
npm warn EBADENGINE   current: { node: 'v24.10.0', npm: '10.9.4' }
npm warn EBADENGINE }
npm warn EBADENGINE Unsupported engine {
npm warn EBADENGINE   package: '@babel/plugin-syntax-typescript@8.0.3',
npm warn EBADENGINE   required: { node: '^22.18.0 || >=24.11.0' },
npm warn EBADENGINE   current: { node: 'v24.10.0', npm: '10.9.4' }
npm warn EBADENGINE }
npm warn EBADENGINE Unsupported engine {
npm warn EBADENGINE   package: '@babel/plugin-transform-destructuring@8.0.5',
npm warn EBADENGINE   required: { node: '^22.18.0 || >=24.11.0' },
npm warn EBADENGINE   current: { node: 'v24.10.0', npm: '10.9.4' }
npm warn EBADENGINE }
npm warn EBADENGINE Unsupported engine {
npm warn EBADENGINE   package: '@babel/plugin-transform-explicit-resource-management@8.0.5',
npm warn EBADENGINE   required: { node: '^22.18.0 || >=24.11.0' },
npm warn EBADENGINE   current: { node: 'v24.10.0', npm: '10.9.4' }
npm warn EBADENGINE }
npm warn EBADENGINE Unsupported engine {
npm warn EBADENGINE   package: '@babel/plugin-transform-modules-commonjs@8.0.1',
npm warn EBADENGINE   required: { node: '^22.18.0 || >=24.11.0' },
npm warn EBADENGINE   current: { node: 'v24.10.0', npm: '10.9.4' }
npm warn EBADENGINE }
npm warn EBADENGINE Unsupported engine {
npm warn EBADENGINE   package: '@babel/plugin-transform-react-display-name@8.0.1',
npm warn EBADENGINE   required: { node: '^22.18.0 || >=24.11.0' },
npm warn EBADENGINE   current: { node: 'v24.10.0', npm: '10.9.4' }
npm warn EBADENGINE }
npm warn EBADENGINE Unsupported engine {
npm warn EBADENGINE   package: '@babel/plugin-transform-react-jsx@8.0.1',
npm warn EBADENGINE   required: { node: '^22.18.0 || >=24.11.0' },
npm warn EBADENGINE   current: { node: 'v24.10.0', npm: '10.9.4' }
npm warn EBADENGINE }
npm warn EBADENGINE Unsupported engine {
npm warn EBADENGINE   package: '@babel/plugin-transform-react-jsx-development@8.0.1',
npm warn EBADENGINE   required: { node: '^22.18.0 || >=24.11.0' },
npm warn EBADENGINE   current: { node: 'v24.10.0', npm: '10.9.4' }
npm warn EBADENGINE }
npm warn EBADENGINE Unsupported engine {
npm warn EBADENGINE   package: '@babel/plugin-transform-react-pure-annotations@8.0.1',
npm warn EBADENGINE   required: { node: '^22.18.0 || >=24.11.0' },
npm warn EBADENGINE   current: { node: 'v24.10.0', npm: '10.9.4' }
npm warn EBADENGINE }
npm warn EBADENGINE Unsupported engine {
npm warn EBADENGINE   package: '@babel/plugin-transform-typescript@8.0.6',
npm warn EBADENGINE   required: { node: '^22.18.0 || >=24.11.0' },
npm warn EBADENGINE   current: { node: 'v24.10.0', npm: '10.9.4' }
npm warn EBADENGINE }
npm warn EBADENGINE Unsupported engine {
npm warn EBADENGINE   package: '@babel/preset-react@8.0.1',
npm warn EBADENGINE   required: { node: '^22.18.0 || >=24.11.0' },
npm warn EBADENGINE   current: { node: 'v24.10.0', npm: '10.9.4' }
npm warn EBADENGINE }
npm warn EBADENGINE Unsupported engine {
npm warn EBADENGINE   package: '@babel/preset-typescript@8.0.1',
npm warn EBADENGINE   required: { node: '^22.18.0 || >=24.11.0' },
npm warn EBADENGINE   current: { node: 'v24.10.0', npm: '10.9.4' }
npm warn EBADENGINE }
npm warn EBADENGINE Unsupported engine {
npm warn EBADENGINE   package: '@babel/template@8.0.0',
npm warn EBADENGINE   required: { node: '^22.18.0 || >=24.11.0' },
npm warn EBADENGINE   current: { node: 'v24.10.0', npm: '10.9.4' }
npm warn EBADENGINE }
npm warn EBADENGINE Unsupported engine {
npm warn EBADENGINE   package: '@babel/traverse@8.0.6',
npm warn EBADENGINE   required: { node: '^22.18.0 || >=24.11.0' },
npm warn EBADENGINE   current: { node: 'v24.10.0', npm: '10.9.4' }
npm warn EBADENGINE }
npm warn EBADENGINE Unsupported engine {
npm warn EBADENGINE   package: '@babel/types@8.0.6',
npm warn EBADENGINE   required: { node: '^22.18.0 || >=24.11.0' },
npm warn EBADENGINE   current: { node: 'v24.10.0', npm: '10.9.4' }
npm warn EBADENGINE }

up to date, audited 587 packages in 10s

# npm audit report

@vitest/mocker  2.1.0 - 4.1.10
Severity: moderate
Vitest: Path Traversal / Arbitrary File Read via @vitest/mocker Redirect Mock - https://github.com/advisories/GHSA-82fw-gwwq-j7x9
fix available via `npm audit fix --force`
Will install vitest@5.0.3, which is a breaking change
node_modules/@vitest/mocker
  vitest  2.1.0-beta.1 - 4.1.10
  Depends on vulnerable versions of @vitest/mocker
  node_modules/vitest
    @vitest/coverage-v8  2.1.0-beta.1 - 4.1.10
    Depends on vulnerable versions of vitest
    node_modules/@vitest/coverage-v8

qs  2.2.5 - 6.15.3
Severity: moderate
qs has a remotely triggerable DoS: qs.stringify crashes with TypeError on null/undefined entries in comma-format arrays when encodeValuesOnly is set - https://github.com/advisories/GHSA-q8mj-m7cp-5q26
qs array-limit bypass via bracket-key comma parsing - https://github.com/advisories/GHSA-x5fp-wj9c-mxmx
qs: Denial of Service via Attacker Controlled isBuffer - https://github.com/advisories/GHSA-4mjr-xmp4-gh2g
fix available via `npm audit fix`
node_modules/qs
  typed-rest-client  2.3.1 - 3.1.0
  Depends on vulnerable versions of qs
  node_modules/typed-rest-client


5 moderate severity vulnerabilities

To address issues that do not require attention, run:
  npm audit fix

To address all issues (including breaking changes), run:
  npm audit fix --force
