 Container registration-frontend-1 Stopping 
 Container registration-frontend-1 Stopped 
 Container registration-frontend-1 Removing 
 Container registration-frontend-1 Removed 
 Container registration-backend-1 Stopping 
 Container registration-backend-1 Stopped 
 Container registration-backend-1 Removing 
 Container registration-backend-1 Removed 
 Container registration-mailpit-1 Stopping 
 Container registration-postgres-1 Stopping 
 Container registration-postgres-1 Stopped 
 Container registration-postgres-1 Removing 
 Container registration-postgres-1 Removed 
 Container registration-mailpit-1 Stopped 
 Container registration-mailpit-1 Removing 
 Container registration-mailpit-1 Removed 
 Network registration_default Removing 
 Network registration_default Removed 
 Network registration_default Creating 
 Network registration_default Creating 
 Network registration_default Created 
 Network registration_default Created 
 Container registration-postgres-1 Creating 
 Container registration-mailpit-1 Creating 
 Container registration-mailpit-1 Created 
 Container registration-postgres-1 Created 
 Container registration-backend-1 Creating 
 Container registration-backend-1 Created 
 Container registration-frontend-1 Creating 
 Container registration-frontend-1 Created 
 Container registration-mailpit-1 Starting 
 Container registration-postgres-1 Starting 
 Container registration-mailpit-1 Started 
 Container registration-postgres-1 Started 
 Container registration-postgres-1 Waiting 
 Container registration-mailpit-1 Waiting 
 Container registration-mailpit-1 Healthy 
 Container registration-postgres-1 Healthy 
 Container registration-backend-1 Starting 
 Container registration-backend-1 Started 
 Container registration-frontend-1 Starting 
 Container registration-frontend-1 Started 
 Container registration-postgres-1 Waiting 
 Container registration-mailpit-1 Waiting 
 Container registration-backend-1 Waiting 
 Container registration-frontend-1 Waiting 
 Container registration-mailpit-1 Healthy 
 Container registration-postgres-1 Healthy 
 Container registration-frontend-1 Healthy 
 Container registration-backend-1 Healthy 
row a5187d88-d9c8-45fb-8cec-9ea87a91fe0d EXTERNAL
/data/registrations/registration-a5187d88-d9c8-45fb-8cec-9ea87a91fe0d.json
row 31f36a77-5d8f-42a6-bad9-23547b61a865 STUDENT
/data/registrations/registration-31f36a77-5d8f-42a6-bad9-23547b61a865.json
