[INFO] Scanning for projects...
[INFO] 
[INFO] ---------------------< si.konferenca:registration >---------------------
[INFO] Building registration-backend 0.1.0
[INFO]   from pom.xml
[INFO] --------------------------------[ jar ]---------------------------------
[INFO] 
[INFO] --- jacoco:0.8.12:prepare-agent (prepare-agent) @ registration ---
[INFO] argLine set to -javaagent:C:\\Users\\tanej\\.m2\\repository\\org\\jacoco\\org.jacoco.agent\\0.8.12\\org.jacoco.agent-0.8.12-runtime.jar=destfile=C:\\Users\\tanej\\Documents\\LAB\\agentic_lab\\02_output\\backend\\target\\jacoco.exec
[INFO] 
[INFO] --- resources:3.5.0:resources (default-resources) @ registration ---
[INFO] Copying 1 resource from src\main\resources to target\classes
[INFO] Copying 1 resource from src\main\resources to target\classes
[INFO] 
[INFO] --- compiler:3.15.0:compile (default-compile) @ registration ---
[INFO] Nothing to compile - all classes are up to date.
[INFO] 
[INFO] --- resources:3.5.0:testResources (default-testResources) @ registration ---
[INFO] Copying 2 resources from src\test\resources to target\test-classes
[INFO] 
[INFO] --- compiler:3.15.0:testCompile (default-testCompile) @ registration ---
[INFO] Nothing to compile - all classes are up to date.
[INFO] 
[INFO] --- surefire:3.5.6:test (default-test) @ registration ---
[INFO] Tests are skipped.
[INFO] 
[INFO] --- jar:3.5.1:jar (default-jar) @ registration ---
[INFO] 
[INFO] --- spring-boot:4.1.1:repackage (repackage) @ registration ---
[INFO] Replacing main artifact C:\Users\tanej\Documents\LAB\agentic_lab\02_output\backend\target\registration-0.1.0.jar with repackaged archive, adding nested dependencies in BOOT-INF/.
[INFO] The original artifact has been renamed to C:\Users\tanej\Documents\LAB\agentic_lab\02_output\backend\target\registration-0.1.0.jar.original
[INFO] ------------------------------------------------------------------------
[INFO] BUILD SUCCESS
[INFO] ------------------------------------------------------------------------
[INFO] Total time:  3.005 s
[INFO] Finished at: 2026-10-02T15:25:58+02:00
[INFO] ------------------------------------------------------------------------
 Image registration-frontend Building 
 Image registration-backend Building 
#1 [internal] load local bake definitions
#1 reading from stdin 1.11kB done
#1 DONE 0.0s

#2 [backend internal] load build definition from Dockerfile
#2 transferring dockerfile: 750B 0.0s done
#2 DONE 0.0s

#3 [frontend internal] load build definition from Dockerfile
#3 transferring dockerfile: 666B 0.0s done
#3 DONE 0.0s

#4 [frontend internal] load metadata for docker.io/library/nginx:1.30.5-alpine
#4 DONE 0.1s

#5 [frontend internal] load metadata for docker.io/library/node:24.13.0-alpine
#5 ...

#6 [backend internal] load metadata for docker.io/library/eclipse-temurin:21.0.10_7-jre-alpine
#6 DONE 1.0s

#5 [frontend internal] load metadata for docker.io/library/node:24.13.0-alpine
#5 DONE 1.0s

#7 [frontend internal] load .dockerignore
#7 transferring context: 123B done
#7 DONE 0.0s

#8 [backend internal] load .dockerignore
#8 transferring context: 115B done
#8 DONE 0.0s

#9 [frontend internal] load build context
#9 DONE 0.0s

#10 [frontend stage-1 1/3] FROM docker.io/library/nginx:1.30.5-alpine@sha256:0985e772fb9f729e6fa0980da05fca5d9c468e870eed43071545afa9d2e27d94
#10 resolve docker.io/library/nginx:1.30.5-alpine@sha256:0985e772fb9f729e6fa0980da05fca5d9c468e870eed43071545afa9d2e27d94 0.1s done
#10 DONE 0.1s

#11 [backend internal] load build context
#11 ...

#12 [frontend build 1/7] FROM docker.io/library/node:24.13.0-alpine@sha256:cd6fb7efa6490f039f3471a189214d5f548c11df1ff9e5b181aa49e22c14383e
#12 resolve docker.io/library/node:24.13.0-alpine@sha256:cd6fb7efa6490f039f3471a189214d5f548c11df1ff9e5b181aa49e22c14383e 0.1s done
#12 DONE 0.1s

#13 [backend 1/4] FROM docker.io/library/eclipse-temurin:21.0.10_7-jre-alpine@sha256:ad0cdd9782db550ca7dde6939a16fd850d04e683d37d3cff79d84a5848ba6a5a
#13 resolve docker.io/library/eclipse-temurin:21.0.10_7-jre-alpine@sha256:ad0cdd9782db550ca7dde6939a16fd850d04e683d37d3cff79d84a5848ba6a5a 0.1s done
#13 DONE 0.1s

#9 [frontend internal] load build context
#9 transferring context: 21.16kB 0.0s done
#9 DONE 0.0s

#14 [frontend build 3/7] COPY package.json package-lock.json ./
#14 CACHED

#15 [frontend build 4/7] RUN npm ci --no-audit --no-fund
#15 CACHED

#16 [frontend build 2/7] WORKDIR /app
#16 CACHED

#17 [frontend build 5/7] COPY index.html tsconfig.json vite.config.ts ./
#17 CACHED

#11 [backend internal] load build context
#11 ...

#18 [frontend build 6/7] COPY src ./src
#18 DONE 0.1s

#11 [backend internal] load build context
#11 transferring context: 80.24MB 3.1s done
#11 DONE 3.1s

#19 [backend 2/4] RUN addgroup -S app     && adduser -S -G app app     && mkdir -p /data/registrations     && chown app:app /data/registrations
#19 CACHED

#20 [backend 3/4] WORKDIR /app
#20 CACHED

#21 [backend 4/4] COPY target/registration-0.1.0.jar /app/app.jar
#21 DONE 0.6s

#22 [frontend build 7/7] RUN npx vite build
#22 2.879 vite v6.4.3 building for production...
#22 2.994 transforming...
#22 4.487 ✓ 34 modules transformed.
#22 4.691 rendering chunks...
#22 4.705 computing gzip size...
#22 4.729 dist/index.html                   0.41 kB │ gzip:  0.27 kB
#22 4.729 dist/assets/index-D1B-bZ0I.css    1.23 kB │ gzip:  0.58 kB
#22 4.729 dist/assets/index-BeRwceLJ.js   231.99 kB │ gzip: 72.68 kB
#22 4.730 ✓ built in 1.79s
#22 DONE 5.0s

#23 [backend] exporting to image
#23 exporting layers
#23 ...

#24 [frontend stage-1 2/3] COPY nginx.conf /etc/nginx/nginx.conf
#24 CACHED

#25 [frontend stage-1 3/3] COPY --from=build /app/dist /usr/share/nginx/html
#25 CACHED

#26 [frontend] exporting to image
#26 exporting layers done
#26 exporting manifest sha256:8fe19e8f1bfe265d17876dc72dd8c93882cbafc7a4dde9883744271cda328187 done
#26 exporting config sha256:a3e5a76e5fcc789fbdd9789e569789e818938185d1e41c2394fb9c19537ccbf6 done
#26 exporting attestation manifest sha256:09941a5f117fbf5faa8ec454297f900789f75fbf7b2e6cfb2907adada5b9eb61 0.0s done
#26 exporting manifest list sha256:9c1757838d7a083c0e2498d7a7f6ee2c0c6630ffdf906cdd6da0b98fd25302a1
#26 exporting manifest list sha256:9c1757838d7a083c0e2498d7a7f6ee2c0c6630ffdf906cdd6da0b98fd25302a1 0.0s done
#26 naming to docker.io/library/registration-frontend:latest 0.0s done
#26 unpacking to docker.io/library/registration-frontend:latest 0.0s done
#26 DONE 0.2s

#23 [backend] exporting to image
#23 exporting layers 2.7s done
#23 exporting manifest sha256:594c283902bde1bba5aebe46be3e53fa674d91b953305a0f5a8a655bbe349fb0 0.0s done
#23 exporting config sha256:f089035c263e3ec771ddef72784186e069a8d37bc4b4976c61cbc14ffe9b736c 0.0s done
#23 exporting attestation manifest sha256:939afc4965564684975795b89671b8dd3372660f5ffd558352cd65a72bf7e72f 0.0s done
#23 exporting manifest list sha256:2cee4d354cc027304b5e7808c3898927ad9e47714a3389b433410fa48ea41e02 0.0s done
#23 naming to docker.io/library/registration-backend:latest done
#23 unpacking to docker.io/library/registration-backend:latest
#23 ...

#27 [frontend] resolving provenance for metadata file
#27 DONE 0.0s

#23 [backend] exporting to image
#23 unpacking to docker.io/library/registration-backend:latest 0.6s done
#23 DONE 3.5s

#28 [backend] resolving provenance for metadata file
#28 DONE 0.0s
 Image registration-frontend Built 
 Image registration-backend Built 
 Container registration-frontend-1 Running 
 Container registration-postgres-1 Running 
 Container registration-mailpit-1 Running 
 Container registration-backend-1 Recreate 
 Container registration-backend-1 Recreated 
 Container registration-postgres-1 Waiting 
 Container registration-postgres-1 Healthy 
 Container registration-backend-1 Starting 
 Container registration-backend-1 Started 
 Container registration-backend-1 Waiting 
 Container registration-backend-1 Healthy 
 Container registration-backend-1 Waiting 
 Container registration-frontend-1 Waiting 
 Container registration-postgres-1 Waiting 
 Container registration-mailpit-1 Waiting 
 Container registration-backend-1 Healthy 
 Container registration-frontend-1 Healthy 
 Container registration-postgres-1 Healthy 
 Container registration-mailpit-1 Healthy 
backend running healthy
frontend running healthy
mailpit running healthy
postgres running healthy
