20:14:55.344 [main] INFO org.testcontainers.images.PullPolicy -- Image pull policy will be performed by: DefaultPullPolicy()
20:14:55.352 [main] INFO org.testcontainers.utility.ImageNameSubstitutor -- Image name substitution will be performed by: DefaultImageNameSubstitutor (composite of 'ConfigurationFileImageNameSubstitutor' and 'PrefixingImageNameSubstitutor')
20:14:55.385 [main] INFO org.testcontainers.DockerClientFactory -- Testcontainers version: 2.0.5
20:14:56.671 [main] INFO org.testcontainers.dockerclient.DockerClientProviderStrategy -- Found Docker environment with Docker accessed via Unix socket (/home/tjan-kazar/.docker/desktop/docker.sock)
20:14:56.673 [main] INFO org.testcontainers.DockerClientFactory -- Docker host IP address is localhost
20:14:56.696 [main] INFO org.testcontainers.DockerClientFactory -- Connected to docker: 
  Server Version: 29.3.1
  API Version: 1.54
  Operating System: Docker Desktop
  Total Memory: 31283 MB
  Labels: 
    com.docker.desktop.address=unix:///home/tjan-kazar/.docker/desktop/docker-cli.sock
20:14:57.196 [main] INFO tc.testcontainers/ryuk:0.14.0 -- Creating container for image: testcontainers/ryuk:0.14.0
20:14:57.429 [main] INFO tc.testcontainers/ryuk:0.14.0 -- Container testcontainers/ryuk:0.14.0 is starting: 816f26cb60ea1746c990a0248fd0fa8d71d125f5b8e9b763947a054ccf12d33f
20:14:58.074 [main] INFO tc.testcontainers/ryuk:0.14.0 -- Container testcontainers/ryuk:0.14.0 started in PT0.877876667S
20:14:58.080 [main] INFO org.testcontainers.utility.RyukResourceReaper -- Ryuk started - will monitor and terminate Testcontainers containers on JVM exit
20:14:58.080 [main] INFO org.testcontainers.DockerClientFactory -- Checking the system...
20:14:58.081 [main] INFO org.testcontainers.DockerClientFactory -- ✔︎ Docker server version should be at least 1.6.0
20:14:58.082 [main] INFO tc.postgres:16.15-alpine -- Creating container for image: postgres:16.15-alpine
20:14:58.342 [main] INFO tc.postgres:16.15-alpine -- Container postgres:16.15-alpine is starting: 137caa53928ab25a060051d3f3e83ed8704ad53b70752d6e2c19f2a43dd48dd4
20:15:00.272 [main] INFO tc.postgres:16.15-alpine -- Container postgres:16.15-alpine started in PT2.190275674S
20:15:00.273 [main] INFO tc.postgres:16.15-alpine -- Container is started (JDBC URL: jdbc:postgresql://localhost:43461/test?loggerLevel=OFF)
20:15:00.274 [main] INFO tc.axllent/mailpit:v1.31.1 -- Creating container for image: axllent/mailpit:v1.31.1
20:15:00.360 [main] INFO tc.axllent/mailpit:v1.31.1 -- Container axllent/mailpit:v1.31.1 is starting: f774f212bee3cbe3eb9a04443d12cc87e30eae3dff93e6f142d7954030091a18
20:15:00.853 [main] INFO tc.axllent/mailpit:v1.31.1 -- Container axllent/mailpit:v1.31.1 started in PT0.579092665S
2026-10-09T20:15:01.985+02:00  INFO 1156306 --- [registration-backend] [           main] o.a.maven.surefire.booter.ForkedBooter   : Starting ForkedBooter v3.5.6 using Java 21.0.12.1 with PID 1156306 (started by tjan-kazar in /home/tjan-kazar/storage/Work/lab/agentic_lab/02_output/backend)
2026-10-09T20:15:01.987+02:00  INFO 1156306 --- [registration-backend] [           main] o.a.maven.surefire.booter.ForkedBooter   : No active profile set, falling back to 1 default profile: "default"
2026-10-09T20:15:03.149+02:00  INFO 1156306 --- [registration-backend] [           main] .s.d.r.c.RepositoryConfigurationDelegate : Bootstrapping Spring Data JPA repositories in DEFAULT mode.
2026-10-09T20:15:03.224+02:00  INFO 1156306 --- [registration-backend] [           main] .s.d.r.c.RepositoryConfigurationDelegate : Finished Spring Data repository scanning in 63 ms. Found 1 JPA repository interface.
2026-10-09T20:15:04.155+02:00  INFO 1156306 --- [registration-backend] [           main] o.s.boot.tomcat.TomcatWebServer          : Tomcat initialized with port 0 (http)
2026-10-09T20:15:04.177+02:00  INFO 1156306 --- [registration-backend] [           main] o.apache.catalina.core.StandardService   : Starting service [Tomcat]
2026-10-09T20:15:04.177+02:00  INFO 1156306 --- [registration-backend] [           main] o.apache.catalina.core.StandardEngine    : Starting Servlet engine: [Apache Tomcat/11.0.26]
2026-10-09T20:15:04.227+02:00  INFO 1156306 --- [registration-backend] [           main] b.w.c.s.WebApplicationContextInitializer : Root WebApplicationContext: initialization completed in 2186 ms
2026-10-09T20:15:04.651+02:00  INFO 1156306 --- [registration-backend] [           main] com.zaxxer.hikari.HikariDataSource       : HikariPool-1 - Starting...
2026-10-09T20:15:04.710+02:00  INFO 1156306 --- [registration-backend] [           main] com.zaxxer.hikari.pool.HikariPool        : HikariPool-1 - Added connection org.postgresql.jdbc.PgConnection@4f8c8136
2026-10-09T20:15:04.711+02:00  INFO 1156306 --- [registration-backend] [           main] com.zaxxer.hikari.HikariDataSource       : HikariPool-1 - Start completed.
2026-10-09T20:15:04.747+02:00  INFO 1156306 --- [registration-backend] [           main] org.flywaydb.core.FlywayExecutor         : Database: jdbc:postgresql://localhost:43461/acceptance_1 (PostgreSQL 16.15)
2026-10-09T20:15:04.820+02:00  INFO 1156306 --- [registration-backend] [           main] o.f.c.i.s.JdbcTableSchemaHistory         : Schema history table "public"."flyway_schema_history" does not exist yet
2026-10-09T20:15:04.825+02:00  INFO 1156306 --- [registration-backend] [           main] o.f.core.internal.command.DbValidate     : Successfully validated 1 migration (execution time 00:00.020s)
2026-10-09T20:15:04.843+02:00  INFO 1156306 --- [registration-backend] [           main] o.f.c.i.s.JdbcTableSchemaHistory         : Creating Schema History table "public"."flyway_schema_history" ...
2026-10-09T20:15:04.901+02:00  INFO 1156306 --- [registration-backend] [           main] o.f.core.internal.command.DbMigrate      : Current version of schema "public": << Empty Schema >>
2026-10-09T20:15:04.918+02:00  INFO 1156306 --- [registration-backend] [           main] o.f.core.internal.command.DbMigrate      : Migrating schema "public" to version "1 - registration"
2026-10-09T20:15:04.965+02:00  INFO 1156306 --- [registration-backend] [           main] o.f.core.internal.command.DbMigrate      : Successfully applied 1 migration to schema "public", now at version v1 (execution time 00:00.029s)
2026-10-09T20:15:05.101+02:00  INFO 1156306 --- [registration-backend] [           main] org.hibernate.orm.jpa                    : HHH008540: Processing PersistenceUnitInfo [name: default]
2026-10-09T20:15:05.175+02:00  INFO 1156306 --- [registration-backend] [           main] org.hibernate.orm.core                   : HHH000001: Hibernate ORM core version 7.4.5.Final
2026-10-09T20:15:05.723+02:00  INFO 1156306 --- [registration-backend] [           main] o.s.o.j.p.SpringPersistenceUnitInfo      : No LoadTimeWeaver setup: ignoring JPA class transformer
2026-10-09T20:15:05.871+02:00  INFO 1156306 --- [registration-backend] [           main] org.hibernate.orm.connections.pooling    : HHH10001005: Database info:
	Database JDBC URL [jdbc:postgresql://localhost:43461/acceptance_1]
	Database driver: PostgreSQL JDBC Driver
	Database dialect: PostgreSQLDialect
	Database version: 16.15
	Default catalog/schema: acceptance_1/public
	Autocommit mode: undefined/unknown
	Isolation level: READ_COMMITTED [default READ_COMMITTED]
	JDBC fetch size: none
	Pool: DataSourceConnectionProvider
	Minimum pool size: undefined/unknown
	Maximum pool size: undefined/unknown
2026-10-09T20:15:07.150+02:00  INFO 1156306 --- [registration-backend] [           main] org.hibernate.orm.core                   : HHH000489: No JTA platform available (set 'hibernate.transaction.jta.platform' to enable JTA platform integration)
2026-10-09T20:15:07.213+02:00  INFO 1156306 --- [registration-backend] [           main] j.LocalContainerEntityManagerFactoryBean : Initialized JPA EntityManagerFactory for persistence unit 'default'
2026-10-09T20:15:07.304+02:00  INFO 1156306 --- [registration-backend] [           main] o.s.d.j.r.query.QueryEnhancerFactories   : Hibernate is in classpath; If applicable, HQL parser will be used.
2026-10-09T20:15:07.887+02:00  INFO 1156306 --- [registration-backend] [           main] r$InitializeUserDetailsManagerConfigurer : Global AuthenticationManager configured with UserDetailsService bean with name organizers
2026-10-09T20:15:08.686+02:00  INFO 1156306 --- [registration-backend] [           main] o.s.b.a.e.web.EndpointLinksResolver      : Exposing 1 endpoint beneath base path '/actuator'
2026-10-09T20:15:08.774+02:00  INFO 1156306 --- [registration-backend] [           main] o.s.boot.tomcat.TomcatWebServer          : Tomcat started on port 33077 (http) with context path '/'
2026-10-09T20:15:08.785+02:00  INFO 1156306 --- [registration-backend] [           main] o.a.maven.surefire.booter.ForkedBooter   : Started ForkedBooter in 7.462 seconds (process running for 24.79)
2026-10-09T20:15:09.044+02:00  INFO 1156306 --- [registration-backend] [o-auto-1-exec-1] o.a.c.c.C.[Tomcat].[localhost].[/]       : Initializing Spring DispatcherServlet 'dispatcherServlet'
2026-10-09T20:15:09.044+02:00  INFO 1156306 --- [registration-backend] [o-auto-1-exec-1] o.s.web.servlet.DispatcherServlet        : Initializing Servlet 'dispatcherServlet'
2026-10-09T20:15:09.046+02:00  INFO 1156306 --- [registration-backend] [o-auto-1-exec-1] o.s.web.servlet.DispatcherServlet        : Completed initialization in 1 ms
2026-10-09T20:15:11.895+02:00  INFO 1156306 --- [registration-backend] [o-auto-1-exec-2] s.k.r.api.RegistrationController         : Registration 854c5a04-0f35-4651-b2ac-17882eded676 stored
2026-10-09T20:15:32.223+02:00  INFO 1156306 --- [registration-backend] [           main] o.a.maven.surefire.booter.ForkedBooter   : Starting ForkedBooter v3.5.6 using Java 21.0.12.1 with PID 1156306 (started by tjan-kazar in /home/tjan-kazar/storage/Work/lab/agentic_lab/02_output/backend)
2026-10-09T20:15:32.224+02:00  INFO 1156306 --- [registration-backend] [           main] o.a.maven.surefire.booter.ForkedBooter   : No active profile set, falling back to 1 default profile: "default"
2026-10-09T20:15:32.434+02:00  INFO 1156306 --- [registration-backend] [           main] .s.d.r.c.RepositoryConfigurationDelegate : Bootstrapping Spring Data JPA repositories in DEFAULT mode.
2026-10-09T20:15:32.445+02:00  INFO 1156306 --- [registration-backend] [           main] .s.d.r.c.RepositoryConfigurationDelegate : Finished Spring Data repository scanning in 9 ms. Found 1 JPA repository interface.
2026-10-09T20:15:32.559+02:00  INFO 1156306 --- [registration-backend] [           main] o.s.boot.tomcat.TomcatWebServer          : Tomcat initialized with port 0 (http)
2026-10-09T20:15:32.561+02:00  INFO 1156306 --- [registration-backend] [           main] o.apache.catalina.core.StandardService   : Starting service [Tomcat]
2026-10-09T20:15:32.561+02:00  INFO 1156306 --- [registration-backend] [           main] o.apache.catalina.core.StandardEngine    : Starting Servlet engine: [Apache Tomcat/11.0.26]
2026-10-09T20:15:32.572+02:00  INFO 1156306 --- [registration-backend] [           main] b.w.c.s.WebApplicationContextInitializer : Root WebApplicationContext: initialization completed in 346 ms
2026-10-09T20:15:32.643+02:00  INFO 1156306 --- [registration-backend] [           main] com.zaxxer.hikari.HikariDataSource       : HikariPool-2 - Starting...
2026-10-09T20:15:32.667+02:00  INFO 1156306 --- [registration-backend] [           main] com.zaxxer.hikari.pool.HikariPool        : HikariPool-2 - Added connection org.postgresql.jdbc.PgConnection@61ef8e22
2026-10-09T20:15:32.668+02:00  INFO 1156306 --- [registration-backend] [           main] com.zaxxer.hikari.HikariDataSource       : HikariPool-2 - Start completed.
2026-10-09T20:15:32.670+02:00  INFO 1156306 --- [registration-backend] [           main] org.flywaydb.core.FlywayExecutor         : Database: jdbc:postgresql://localhost:43461/acceptance_2 (PostgreSQL 16.15)
2026-10-09T20:15:32.689+02:00  INFO 1156306 --- [registration-backend] [           main] o.f.c.i.s.JdbcTableSchemaHistory         : Schema history table "public"."flyway_schema_history" does not exist yet
2026-10-09T20:15:32.690+02:00  INFO 1156306 --- [registration-backend] [           main] o.f.core.internal.command.DbValidate     : Successfully validated 1 migration (execution time 00:00.005s)
2026-10-09T20:15:32.701+02:00  INFO 1156306 --- [registration-backend] [           main] o.f.c.i.s.JdbcTableSchemaHistory         : Creating Schema History table "public"."flyway_schema_history" ...
2026-10-09T20:15:32.738+02:00  INFO 1156306 --- [registration-backend] [           main] o.f.core.internal.command.DbMigrate      : Current version of schema "public": << Empty Schema >>
2026-10-09T20:15:32.745+02:00  INFO 1156306 --- [registration-backend] [           main] o.f.core.internal.command.DbMigrate      : Migrating schema "public" to version "1 - registration"
2026-10-09T20:15:32.775+02:00  INFO 1156306 --- [registration-backend] [           main] o.f.core.internal.command.DbMigrate      : Successfully applied 1 migration to schema "public", now at version v1 (execution time 00:00.022s)
2026-10-09T20:15:32.792+02:00  INFO 1156306 --- [registration-backend] [           main] org.hibernate.orm.jpa                    : HHH008540: Processing PersistenceUnitInfo [name: default]
2026-10-09T20:15:32.816+02:00  INFO 1156306 --- [registration-backend] [           main] o.s.o.j.p.SpringPersistenceUnitInfo      : No LoadTimeWeaver setup: ignoring JPA class transformer
2026-10-09T20:15:32.825+02:00  INFO 1156306 --- [registration-backend] [           main] org.hibernate.orm.connections.pooling    : HHH10001005: Database info:
	Database JDBC URL [jdbc:postgresql://localhost:43461/acceptance_2]
	Database driver: PostgreSQL JDBC Driver
	Database dialect: PostgreSQLDialect
	Database version: 16.15
	Default catalog/schema: acceptance_2/public
	Autocommit mode: undefined/unknown
	Isolation level: READ_COMMITTED [default READ_COMMITTED]
	JDBC fetch size: none
	Pool: DataSourceConnectionProvider
	Minimum pool size: undefined/unknown
	Maximum pool size: undefined/unknown
2026-10-09T20:15:32.878+02:00  INFO 1156306 --- [registration-backend] [           main] org.hibernate.orm.core                   : HHH000489: No JTA platform available (set 'hibernate.transaction.jta.platform' to enable JTA platform integration)
2026-10-09T20:15:32.897+02:00  INFO 1156306 --- [registration-backend] [           main] j.LocalContainerEntityManagerFactoryBean : Initialized JPA EntityManagerFactory for persistence unit 'default'
2026-10-09T20:15:33.058+02:00  INFO 1156306 --- [registration-backend] [           main] r$InitializeUserDetailsManagerConfigurer : Global AuthenticationManager configured with UserDetailsService bean with name organizers
2026-10-09T20:15:33.198+02:00  INFO 1156306 --- [registration-backend] [           main] o.s.b.a.e.web.EndpointLinksResolver      : Exposing 1 endpoint beneath base path '/actuator'
2026-10-09T20:15:33.217+02:00  INFO 1156306 --- [registration-backend] [           main] o.s.boot.tomcat.TomcatWebServer          : Tomcat started on port 37925 (http) with context path '/'
2026-10-09T20:15:33.221+02:00  INFO 1156306 --- [registration-backend] [           main] o.a.maven.surefire.booter.ForkedBooter   : Started ForkedBooter in 1.025 seconds (process running for 49.226)
2026-10-09T20:15:33.225+02:00  INFO 1156306 --- [registration-backend] [o-auto-2-exec-1] o.a.c.c.C.[Tomcat-1].[localhost].[/]     : Initializing Spring DispatcherServlet 'dispatcherServlet'
2026-10-09T20:15:33.225+02:00  INFO 1156306 --- [registration-backend] [o-auto-2-exec-1] o.s.web.servlet.DispatcherServlet        : Initializing Servlet 'dispatcherServlet'
2026-10-09T20:15:33.227+02:00  INFO 1156306 --- [registration-backend] [o-auto-2-exec-1] o.s.web.servlet.DispatcherServlet        : Completed initialization in 1 ms
2026-10-09T20:15:33.275+02:00  INFO 1156306 --- [registration-backend] [o-auto-2-exec-1] s.k.r.api.RegistrationController         : Registration 3e7fbeff-73c5-4d05-9d03-9599b1d97a19 stored
2026-10-09T20:15:33.281+02:00 ERROR 1156306 --- [registration-backend] [         mail-1] s.k.r.adapter.mail.RegistrationMailer    : Sending the participant confirmation for registration 3e7fbeff-73c5-4d05-9d03-9599b1d97a19 failed: MailSendException
2026-10-09T20:15:33.284+02:00 ERROR 1156306 --- [registration-backend] [         mail-1] s.k.r.adapter.mail.RegistrationMailer    : Sending the organizer notification for registration 3e7fbeff-73c5-4d05-9d03-9599b1d97a19 failed: MailSendException
2026-10-09T20:15:34.373+02:00  INFO 1156306 --- [registration-backend] [           main] o.s.boot.tomcat.GracefulShutdown         : Commencing graceful shutdown. Waiting for active requests to complete
2026-10-09T20:15:34.375+02:00  INFO 1156306 --- [registration-backend] [tomcat-shutdown] o.s.boot.tomcat.GracefulShutdown         : Graceful shutdown complete
2026-10-09T20:15:34.384+02:00  INFO 1156306 --- [registration-backend] [           main] j.LocalContainerEntityManagerFactoryBean : Closing JPA EntityManagerFactory for persistence unit 'default'
2026-10-09T20:15:34.387+02:00  INFO 1156306 --- [registration-backend] [           main] com.zaxxer.hikari.HikariDataSource       : HikariPool-2 - Shutdown initiated...
2026-10-09T20:15:34.389+02:00  INFO 1156306 --- [registration-backend] [           main] com.zaxxer.hikari.HikariDataSource       : HikariPool-2 - Shutdown completed.
2026-10-09T20:15:34.391+02:00  INFO 1156306 --- [registration-backend] [           main] o.apache.catalina.core.StandardService   : Stopping service [Tomcat]
2026-10-09T20:15:34.393+02:00  INFO 1156306 --- [registration-backend] [           main] o.a.c.c.C.[Tomcat-1].[localhost].[/]     : Destroying Spring FrameworkServlet 'dispatcherServlet'
2026-10-09T20:15:34.425+02:00  INFO 1156306 --- [registration-backend] [o-auto-1-exec-3] s.k.r.api.RegistrationController         : Registration 5b63e849-0c6d-4fe6-ab76-038f3be52d57 stored
2026-10-09T20:15:44.432+02:00 ERROR 1156306 --- [registration-backend] [         mail-2] s.k.r.adapter.mail.RegistrationMailer    : Sending the participant confirmation for registration 5b63e849-0c6d-4fe6-ab76-038f3be52d57 failed: MailSendException
2026-10-09T20:15:54.444+02:00 ERROR 1156306 --- [registration-backend] [         mail-2] s.k.r.adapter.mail.RegistrationMailer    : Sending the organizer notification for registration 5b63e849-0c6d-4fe6-ab76-038f3be52d57 failed: MailSendException
2026-10-09T20:16:04.746+02:00  INFO 1156306 --- [registration-backend] [           main] o.s.boot.tomcat.GracefulShutdown         : Commencing graceful shutdown. Waiting for active requests to complete
2026-10-09T20:16:04.747+02:00  INFO 1156306 --- [registration-backend] [tomcat-shutdown] o.s.boot.tomcat.GracefulShutdown         : Graceful shutdown complete
2026-10-09T20:16:04.752+02:00  INFO 1156306 --- [registration-backend] [           main] j.LocalContainerEntityManagerFactoryBean : Closing JPA EntityManagerFactory for persistence unit 'default'
2026-10-09T20:16:04.753+02:00  INFO 1156306 --- [registration-backend] [           main] com.zaxxer.hikari.HikariDataSource       : HikariPool-1 - Shutdown initiated...
2026-10-09T20:16:04.755+02:00  INFO 1156306 --- [registration-backend] [           main] com.zaxxer.hikari.HikariDataSource       : HikariPool-1 - Shutdown completed.
[ERROR] Tests run: 4, Failures: 1, Errors: 0, Skipped: 0, Time elapsed: 69.53 s <<< FAILURE! -- in si.konferenca.registration.acceptance.Us006ParticipantEmailAcceptanceTest
[ERROR] si.konferenca.registration.acceptance.Us006ParticipantEmailAcceptanceTest.AC_006_01_participantReceivesOneConfirmationEmailWithTheSubmittedData -- Time elapsed: 30.34 s <<< FAILURE!
java.lang.AssertionError: 

Expected size: 1 but was: 0 in:
[]
	at si.konferenca.registration.acceptance.Us006ParticipantEmailAcceptanceTest.AC_006_01_participantReceivesOneConfirmationEmailWithTheSubmittedData(Us006ParticipantEmailAcceptanceTest.java:59)

[ERROR] Failures: 
[ERROR]   Us006ParticipantEmailAcceptanceTest.AC_006_01_participantReceivesOneConfirmationEmailWithTheSubmittedData:59 
Expected size: 1 but was: 0 in:
[]
[ERROR] Tests run: 4, Failures: 1, Errors: 0, Skipped: 0
[ERROR] Failed to execute goal org.apache.maven.plugins:maven-surefire-plugin:3.5.6:test (default-test) on project registration-backend: There are test failures.
[ERROR] 
[ERROR] See /home/tjan-kazar/storage/Work/lab/agentic_lab/02_output/backend/target/surefire-reports for the individual test results.
[ERROR] See dump files (if any exist) [date].dump, [date]-jvmRun[N].dump and [date].dumpstream.
[ERROR] -> [Help 1]
[ERROR] 
[ERROR] To see the full stack trace of the errors, re-run Maven with the -e switch.
[ERROR] Re-run Maven using the -X switch to enable full debug logging.
[ERROR] 
[ERROR] For more information about the errors and possible solutions, please read the following articles:
[ERROR] [Help 1] http://cwiki.apache.org/confluence/display/MAVEN/MojoFailureException
