20:13:27.251 [main] INFO org.testcontainers.images.PullPolicy -- Image pull policy will be performed by: DefaultPullPolicy()
20:13:27.259 [main] INFO org.testcontainers.utility.ImageNameSubstitutor -- Image name substitution will be performed by: DefaultImageNameSubstitutor (composite of 'ConfigurationFileImageNameSubstitutor' and 'PrefixingImageNameSubstitutor')
20:13:27.294 [main] INFO org.testcontainers.DockerClientFactory -- Testcontainers version: 2.0.5
20:13:28.622 [main] INFO org.testcontainers.dockerclient.DockerClientProviderStrategy -- Found Docker environment with Docker accessed via Unix socket (/home/tjan-kazar/.docker/desktop/docker.sock)
20:13:28.624 [main] INFO org.testcontainers.DockerClientFactory -- Docker host IP address is localhost
20:13:28.650 [main] INFO org.testcontainers.DockerClientFactory -- Connected to docker: 
  Server Version: 29.3.1
  API Version: 1.54
  Operating System: Docker Desktop
  Total Memory: 31283 MB
  Labels: 
    com.docker.desktop.address=unix:///home/tjan-kazar/.docker/desktop/docker-cli.sock
20:13:29.107 [main] INFO tc.testcontainers/ryuk:0.14.0 -- Creating container for image: testcontainers/ryuk:0.14.0
20:13:29.334 [main] INFO tc.testcontainers/ryuk:0.14.0 -- Container testcontainers/ryuk:0.14.0 is starting: d15b801b97aefd7d869707bdb34c0416e36a40a94ff9a1aea9b9e82c5112d6e6
20:13:29.963 [main] INFO tc.testcontainers/ryuk:0.14.0 -- Container testcontainers/ryuk:0.14.0 started in PT0.855965403S
20:13:29.971 [main] INFO org.testcontainers.utility.RyukResourceReaper -- Ryuk started - will monitor and terminate Testcontainers containers on JVM exit
20:13:29.972 [main] INFO org.testcontainers.DockerClientFactory -- Checking the system...
20:13:29.973 [main] INFO org.testcontainers.DockerClientFactory -- ✔︎ Docker server version should be at least 1.6.0
20:13:29.974 [main] INFO tc.postgres:16.15-alpine -- Creating container for image: postgres:16.15-alpine
20:13:30.074 [main] INFO tc.postgres:16.15-alpine -- Container postgres:16.15-alpine is starting: 8d171de3b6c3301ef8ea34b29e90443634b12b4ac3a7a0410a3a891254e1abb6
20:13:32.021 [main] INFO tc.postgres:16.15-alpine -- Container postgres:16.15-alpine started in PT2.047544002S
20:13:32.022 [main] INFO tc.postgres:16.15-alpine -- Container is started (JDBC URL: jdbc:postgresql://localhost:42117/test?loggerLevel=OFF)
20:13:32.023 [main] INFO tc.axllent/mailpit:v1.31.1 -- Creating container for image: axllent/mailpit:v1.31.1
20:13:32.756 [main] INFO tc.axllent/mailpit:v1.31.1 -- Container axllent/mailpit:v1.31.1 is starting: a67dabc52d6aadebf621a0e163861d570fb60cda4b62d0d11b1bd26fc0fd8309
20:13:33.261 [main] INFO tc.axllent/mailpit:v1.31.1 -- Container axllent/mailpit:v1.31.1 started in PT1.238055808S
2026-10-09T20:13:34.488+02:00  INFO 1155693 --- [registration-backend] [           main] o.a.maven.surefire.booter.ForkedBooter   : Starting ForkedBooter v3.5.6 using Java 21.0.12.1 with PID 1155693 (started by tjan-kazar in /home/tjan-kazar/storage/Work/lab/agentic_lab/02_output/backend)
2026-10-09T20:13:34.490+02:00  INFO 1155693 --- [registration-backend] [           main] o.a.maven.surefire.booter.ForkedBooter   : No active profile set, falling back to 1 default profile: "default"
2026-10-09T20:13:35.670+02:00  INFO 1155693 --- [registration-backend] [           main] .s.d.r.c.RepositoryConfigurationDelegate : Bootstrapping Spring Data JPA repositories in DEFAULT mode.
2026-10-09T20:13:35.746+02:00  INFO 1155693 --- [registration-backend] [           main] .s.d.r.c.RepositoryConfigurationDelegate : Finished Spring Data repository scanning in 65 ms. Found 1 JPA repository interface.
2026-10-09T20:13:36.707+02:00  INFO 1155693 --- [registration-backend] [           main] o.s.boot.tomcat.TomcatWebServer          : Tomcat initialized with port 0 (http)
2026-10-09T20:13:36.730+02:00  INFO 1155693 --- [registration-backend] [           main] o.apache.catalina.core.StandardService   : Starting service [Tomcat]
2026-10-09T20:13:36.730+02:00  INFO 1155693 --- [registration-backend] [           main] o.apache.catalina.core.StandardEngine    : Starting Servlet engine: [Apache Tomcat/11.0.26]
2026-10-09T20:13:36.781+02:00  INFO 1155693 --- [registration-backend] [           main] b.w.c.s.WebApplicationContextInitializer : Root WebApplicationContext: initialization completed in 2238 ms
2026-10-09T20:13:37.209+02:00  INFO 1155693 --- [registration-backend] [           main] com.zaxxer.hikari.HikariDataSource       : HikariPool-1 - Starting...
2026-10-09T20:13:37.289+02:00  INFO 1155693 --- [registration-backend] [           main] com.zaxxer.hikari.pool.HikariPool        : HikariPool-1 - Added connection org.postgresql.jdbc.PgConnection@a1cd5c0
2026-10-09T20:13:37.290+02:00  INFO 1155693 --- [registration-backend] [           main] com.zaxxer.hikari.HikariDataSource       : HikariPool-1 - Start completed.
2026-10-09T20:13:37.326+02:00  INFO 1155693 --- [registration-backend] [           main] org.flywaydb.core.FlywayExecutor         : Database: jdbc:postgresql://localhost:42117/acceptance_1 (PostgreSQL 16.15)
2026-10-09T20:13:37.402+02:00  INFO 1155693 --- [registration-backend] [           main] o.f.c.i.s.JdbcTableSchemaHistory         : Schema history table "public"."flyway_schema_history" does not exist yet
2026-10-09T20:13:37.407+02:00  INFO 1155693 --- [registration-backend] [           main] o.f.core.internal.command.DbValidate     : Successfully validated 1 migration (execution time 00:00.024s)
2026-10-09T20:13:37.427+02:00  INFO 1155693 --- [registration-backend] [           main] o.f.c.i.s.JdbcTableSchemaHistory         : Creating Schema History table "public"."flyway_schema_history" ...
2026-10-09T20:13:37.485+02:00  INFO 1155693 --- [registration-backend] [           main] o.f.core.internal.command.DbMigrate      : Current version of schema "public": << Empty Schema >>
2026-10-09T20:13:37.503+02:00  INFO 1155693 --- [registration-backend] [           main] o.f.core.internal.command.DbMigrate      : Migrating schema "public" to version "1 - registration"
2026-10-09T20:13:37.551+02:00  INFO 1155693 --- [registration-backend] [           main] o.f.core.internal.command.DbMigrate      : Successfully applied 1 migration to schema "public", now at version v1 (execution time 00:00.030s)
2026-10-09T20:13:37.695+02:00  INFO 1155693 --- [registration-backend] [           main] org.hibernate.orm.jpa                    : HHH008540: Processing PersistenceUnitInfo [name: default]
2026-10-09T20:13:37.773+02:00  INFO 1155693 --- [registration-backend] [           main] org.hibernate.orm.core                   : HHH000001: Hibernate ORM core version 7.4.5.Final
2026-10-09T20:13:38.336+02:00  INFO 1155693 --- [registration-backend] [           main] o.s.o.j.p.SpringPersistenceUnitInfo      : No LoadTimeWeaver setup: ignoring JPA class transformer
2026-10-09T20:13:38.485+02:00  INFO 1155693 --- [registration-backend] [           main] org.hibernate.orm.connections.pooling    : HHH10001005: Database info:
	Database JDBC URL [jdbc:postgresql://localhost:42117/acceptance_1]
	Database driver: PostgreSQL JDBC Driver
	Database dialect: PostgreSQLDialect
	Database version: 16.15
	Default catalog/schema: acceptance_1/public
	Autocommit mode: undefined/unknown
	Isolation level: READ_COMMITTED [default READ_COMMITTED]
	JDBC fetch size: none
	Pool: DataSourceConnectionProvider
	Minimum pool size: undefined/unknown
	Maximum pool size: undefined/unknown
2026-10-09T20:13:39.787+02:00  INFO 1155693 --- [registration-backend] [           main] org.hibernate.orm.core                   : HHH000489: No JTA platform available (set 'hibernate.transaction.jta.platform' to enable JTA platform integration)
2026-10-09T20:13:39.849+02:00  INFO 1155693 --- [registration-backend] [           main] j.LocalContainerEntityManagerFactoryBean : Initialized JPA EntityManagerFactory for persistence unit 'default'
2026-10-09T20:13:39.940+02:00  INFO 1155693 --- [registration-backend] [           main] o.s.d.j.r.query.QueryEnhancerFactories   : Hibernate is in classpath; If applicable, HQL parser will be used.
2026-10-09T20:13:40.641+02:00  INFO 1155693 --- [registration-backend] [           main] r$InitializeUserDetailsManagerConfigurer : Global AuthenticationManager configured with UserDetailsService bean with name organizers
2026-10-09T20:13:41.344+02:00  INFO 1155693 --- [registration-backend] [           main] o.s.b.a.e.web.EndpointLinksResolver      : Exposing 1 endpoint beneath base path '/actuator'
2026-10-09T20:13:41.425+02:00  INFO 1155693 --- [registration-backend] [           main] o.s.boot.tomcat.TomcatWebServer          : Tomcat started on port 43987 (http) with context path '/'
2026-10-09T20:13:41.438+02:00  INFO 1155693 --- [registration-backend] [           main] o.a.maven.surefire.booter.ForkedBooter   : Started ForkedBooter in 7.59 seconds (process running for 20.552)
2026-10-09T20:13:41.698+02:00  INFO 1155693 --- [registration-backend] [o-auto-1-exec-1] o.a.c.c.C.[Tomcat].[localhost].[/]       : Initializing Spring DispatcherServlet 'dispatcherServlet'
2026-10-09T20:13:41.698+02:00  INFO 1155693 --- [registration-backend] [o-auto-1-exec-1] o.s.web.servlet.DispatcherServlet        : Initializing Servlet 'dispatcherServlet'
2026-10-09T20:13:41.699+02:00  INFO 1155693 --- [registration-backend] [o-auto-1-exec-1] o.s.web.servlet.DispatcherServlet        : Completed initialization in 1 ms
2026-10-09T20:13:44.555+02:00  INFO 1155693 --- [registration-backend] [o-auto-1-exec-2] s.k.r.api.RegistrationController         : Registration f44dcb47-6d67-4bc3-ab94-220e63e23053 stored
2026-10-09T20:13:59.841+02:00  INFO 1155693 --- [registration-backend] [           main] o.a.maven.surefire.booter.ForkedBooter   : Starting ForkedBooter v3.5.6 using Java 21.0.12.1 with PID 1155693 (started by tjan-kazar in /home/tjan-kazar/storage/Work/lab/agentic_lab/02_output/backend)
2026-10-09T20:13:59.841+02:00  INFO 1155693 --- [registration-backend] [           main] o.a.maven.surefire.booter.ForkedBooter   : No active profile set, falling back to 1 default profile: "default"
2026-10-09T20:14:00.060+02:00  INFO 1155693 --- [registration-backend] [           main] .s.d.r.c.RepositoryConfigurationDelegate : Bootstrapping Spring Data JPA repositories in DEFAULT mode.
2026-10-09T20:14:00.071+02:00  INFO 1155693 --- [registration-backend] [           main] .s.d.r.c.RepositoryConfigurationDelegate : Finished Spring Data repository scanning in 9 ms. Found 1 JPA repository interface.
2026-10-09T20:14:00.184+02:00  INFO 1155693 --- [registration-backend] [           main] o.s.boot.tomcat.TomcatWebServer          : Tomcat initialized with port 0 (http)
2026-10-09T20:14:00.185+02:00  INFO 1155693 --- [registration-backend] [           main] o.apache.catalina.core.StandardService   : Starting service [Tomcat]
2026-10-09T20:14:00.186+02:00  INFO 1155693 --- [registration-backend] [           main] o.apache.catalina.core.StandardEngine    : Starting Servlet engine: [Apache Tomcat/11.0.26]
2026-10-09T20:14:00.198+02:00  INFO 1155693 --- [registration-backend] [           main] b.w.c.s.WebApplicationContextInitializer : Root WebApplicationContext: initialization completed in 354 ms
2026-10-09T20:14:00.284+02:00  INFO 1155693 --- [registration-backend] [           main] com.zaxxer.hikari.HikariDataSource       : HikariPool-2 - Starting...
2026-10-09T20:14:00.318+02:00  INFO 1155693 --- [registration-backend] [           main] com.zaxxer.hikari.pool.HikariPool        : HikariPool-2 - Added connection org.postgresql.jdbc.PgConnection@5b1d4acc
2026-10-09T20:14:00.319+02:00  INFO 1155693 --- [registration-backend] [           main] com.zaxxer.hikari.HikariDataSource       : HikariPool-2 - Start completed.
2026-10-09T20:14:00.321+02:00  INFO 1155693 --- [registration-backend] [           main] org.flywaydb.core.FlywayExecutor         : Database: jdbc:postgresql://localhost:42117/acceptance_2 (PostgreSQL 16.15)
2026-10-09T20:14:00.347+02:00  INFO 1155693 --- [registration-backend] [           main] o.f.c.i.s.JdbcTableSchemaHistory         : Schema history table "public"."flyway_schema_history" does not exist yet
2026-10-09T20:14:00.348+02:00  INFO 1155693 --- [registration-backend] [           main] o.f.core.internal.command.DbValidate     : Successfully validated 1 migration (execution time 00:00.006s)
2026-10-09T20:14:00.365+02:00  INFO 1155693 --- [registration-backend] [           main] o.f.c.i.s.JdbcTableSchemaHistory         : Creating Schema History table "public"."flyway_schema_history" ...
2026-10-09T20:14:00.417+02:00  INFO 1155693 --- [registration-backend] [           main] o.f.core.internal.command.DbMigrate      : Current version of schema "public": << Empty Schema >>
2026-10-09T20:14:00.431+02:00  INFO 1155693 --- [registration-backend] [           main] o.f.core.internal.command.DbMigrate      : Migrating schema "public" to version "1 - registration"
2026-10-09T20:14:00.476+02:00  INFO 1155693 --- [registration-backend] [           main] o.f.core.internal.command.DbMigrate      : Successfully applied 1 migration to schema "public", now at version v1 (execution time 00:00.033s)
2026-10-09T20:14:00.503+02:00  INFO 1155693 --- [registration-backend] [           main] org.hibernate.orm.jpa                    : HHH008540: Processing PersistenceUnitInfo [name: default]
2026-10-09T20:14:00.534+02:00  INFO 1155693 --- [registration-backend] [           main] o.s.o.j.p.SpringPersistenceUnitInfo      : No LoadTimeWeaver setup: ignoring JPA class transformer
2026-10-09T20:14:00.552+02:00  INFO 1155693 --- [registration-backend] [           main] org.hibernate.orm.connections.pooling    : HHH10001005: Database info:
	Database JDBC URL [jdbc:postgresql://localhost:42117/acceptance_2]
	Database driver: PostgreSQL JDBC Driver
	Database dialect: PostgreSQLDialect
	Database version: 16.15
	Default catalog/schema: acceptance_2/public
	Autocommit mode: undefined/unknown
	Isolation level: READ_COMMITTED [default READ_COMMITTED]
	JDBC fetch size: none
	Pool: DataSourceConnectionProvider
	Minimum pool size: undefined/unknown
	Maximum pool size: undefined/unknown
2026-10-09T20:14:00.631+02:00  INFO 1155693 --- [registration-backend] [           main] org.hibernate.orm.core                   : HHH000489: No JTA platform available (set 'hibernate.transaction.jta.platform' to enable JTA platform integration)
2026-10-09T20:14:00.680+02:00  INFO 1155693 --- [registration-backend] [           main] j.LocalContainerEntityManagerFactoryBean : Initialized JPA EntityManagerFactory for persistence unit 'default'
2026-10-09T20:14:00.848+02:00  INFO 1155693 --- [registration-backend] [           main] r$InitializeUserDetailsManagerConfigurer : Global AuthenticationManager configured with UserDetailsService bean with name organizers
2026-10-09T20:14:00.981+02:00  INFO 1155693 --- [registration-backend] [           main] o.s.b.a.e.web.EndpointLinksResolver      : Exposing 1 endpoint beneath base path '/actuator'
2026-10-09T20:14:01.000+02:00  INFO 1155693 --- [registration-backend] [           main] o.s.boot.tomcat.TomcatWebServer          : Tomcat started on port 44117 (http) with context path '/'
2026-10-09T20:14:01.004+02:00  INFO 1155693 --- [registration-backend] [           main] o.a.maven.surefire.booter.ForkedBooter   : Started ForkedBooter in 1.192 seconds (process running for 40.118)
2026-10-09T20:14:01.011+02:00  INFO 1155693 --- [registration-backend] [o-auto-2-exec-1] o.a.c.c.C.[Tomcat-1].[localhost].[/]     : Initializing Spring DispatcherServlet 'dispatcherServlet'
2026-10-09T20:14:01.011+02:00  INFO 1155693 --- [registration-backend] [o-auto-2-exec-1] o.s.web.servlet.DispatcherServlet        : Initializing Servlet 'dispatcherServlet'
2026-10-09T20:14:01.013+02:00  INFO 1155693 --- [registration-backend] [o-auto-2-exec-1] o.s.web.servlet.DispatcherServlet        : Completed initialization in 2 ms
2026-10-09T20:14:01.042+02:00  INFO 1155693 --- [registration-backend] [o-auto-2-exec-1] s.k.r.api.RegistrationController         : Registration 47951c00-45a5-4a82-9627-a46b1f5b66d7 stored
2026-10-09T20:14:01.046+02:00 ERROR 1155693 --- [registration-backend] [         mail-1] s.k.r.adapter.mail.RegistrationMailer    : Sending the participant confirmation for registration 47951c00-45a5-4a82-9627-a46b1f5b66d7 failed: MailSendException
2026-10-09T20:14:01.048+02:00 ERROR 1155693 --- [registration-backend] [         mail-1] s.k.r.adapter.mail.RegistrationMailer    : Sending the organizer notification for registration 47951c00-45a5-4a82-9627-a46b1f5b66d7 failed: MailSendException
2026-10-09T20:14:02.066+02:00  INFO 1155693 --- [registration-backend] [           main] o.s.boot.tomcat.GracefulShutdown         : Commencing graceful shutdown. Waiting for active requests to complete
2026-10-09T20:14:02.068+02:00  INFO 1155693 --- [registration-backend] [tomcat-shutdown] o.s.boot.tomcat.GracefulShutdown         : Graceful shutdown complete
2026-10-09T20:14:02.076+02:00  INFO 1155693 --- [registration-backend] [           main] j.LocalContainerEntityManagerFactoryBean : Closing JPA EntityManagerFactory for persistence unit 'default'
2026-10-09T20:14:02.079+02:00  INFO 1155693 --- [registration-backend] [           main] com.zaxxer.hikari.HikariDataSource       : HikariPool-2 - Shutdown initiated...
2026-10-09T20:14:02.082+02:00  INFO 1155693 --- [registration-backend] [           main] com.zaxxer.hikari.HikariDataSource       : HikariPool-2 - Shutdown completed.
2026-10-09T20:14:02.084+02:00  INFO 1155693 --- [registration-backend] [           main] o.apache.catalina.core.StandardService   : Stopping service [Tomcat]
2026-10-09T20:14:02.086+02:00  INFO 1155693 --- [registration-backend] [           main] o.a.c.c.C.[Tomcat-1].[localhost].[/]     : Destroying Spring FrameworkServlet 'dispatcherServlet'
2026-10-09T20:14:02.120+02:00  INFO 1155693 --- [registration-backend] [o-auto-1-exec-3] s.k.r.api.RegistrationController         : Registration f6a6ce8b-a85c-4b66-ba60-dc8ee90cb053 stored
2026-10-09T20:14:17.288+02:00  INFO 1155693 --- [registration-backend] [           main] o.s.boot.tomcat.GracefulShutdown         : Commencing graceful shutdown. Waiting for active requests to complete
2026-10-09T20:14:17.289+02:00  INFO 1155693 --- [registration-backend] [tomcat-shutdown] o.s.boot.tomcat.GracefulShutdown         : Graceful shutdown complete
2026-10-09T20:14:41.109+02:00  INFO 1155693 --- [registration-backend] [           main] j.LocalContainerEntityManagerFactoryBean : Closing JPA EntityManagerFactory for persistence unit 'default'
2026-10-09T20:14:41.110+02:00  INFO 1155693 --- [registration-backend] [           main] com.zaxxer.hikari.HikariDataSource       : HikariPool-1 - Shutdown initiated...
2026-10-09T20:14:41.111+02:00  INFO 1155693 --- [registration-backend] [           main] com.zaxxer.hikari.HikariDataSource       : HikariPool-1 - Shutdown completed.
