 Image registration-backend Building 
 Image registration-frontend Building 
#1 [internal] load local bake definitions
#1 reading from stdin 1.11kB done
#1 DONE 0.0s

#2 [frontend internal] load build definition from Dockerfile
#2 transferring dockerfile: 472B 0.0s done
#2 DONE 0.0s

#3 [backend internal] load build definition from Dockerfile
#3 transferring dockerfile: 424B 0.0s done
#3 DONE 0.0s

#4 [frontend internal] load metadata for docker.io/library/node:24.13.0-alpine
#4 DONE 0.1s

#5 [backend internal] load metadata for docker.io/library/eclipse-temurin:21.0.10_7-jre-alpine
#5 DONE 0.1s

#6 [frontend internal] load metadata for docker.io/library/nginx:1.30.5-alpine
#6 DONE 0.1s

#7 [frontend internal] load .dockerignore
#7 transferring context: 119B done
#7 DONE 0.0s

#8 [backend internal] load .dockerignore
#8 transferring context: 81B done
#8 DONE 0.0s

#9 [frontend internal] load build context
#9 DONE 0.0s

#10 [backend 1/4] FROM docker.io/library/eclipse-temurin:21.0.10_7-jre-alpine@sha256:ad0cdd9782db550ca7dde6939a16fd850d04e683d37d3cff79d84a5848ba6a5a
#10 resolve docker.io/library/eclipse-temurin:21.0.10_7-jre-alpine@sha256:ad0cdd9782db550ca7dde6939a16fd850d04e683d37d3cff79d84a5848ba6a5a 0.1s done
#10 DONE 0.1s

#11 [frontend stage-1 1/4] FROM docker.io/library/nginx:1.30.5-alpine@sha256:0985e772fb9f729e6fa0980da05fca5d9c468e870eed43071545afa9d2e27d94
#11 resolve docker.io/library/nginx:1.30.5-alpine@sha256:0985e772fb9f729e6fa0980da05fca5d9c468e870eed43071545afa9d2e27d94 0.1s done
#11 DONE 0.1s

#12 [backend internal] load build context
#12 ...

#13 [frontend build 1/6] FROM docker.io/library/node:24.13.0-alpine@sha256:cd6fb7efa6490f039f3471a189214d5f548c11df1ff9e5b181aa49e22c14383e
#13 resolve docker.io/library/node:24.13.0-alpine@sha256:cd6fb7efa6490f039f3471a189214d5f548c11df1ff9e5b181aa49e22c14383e 0.1s done
#13 DONE 0.1s

#9 [frontend internal] load build context
#9 transferring context: 2.12kB done
#9 DONE 0.0s

#14 [frontend build 4/6] RUN npm ci
#14 CACHED

#15 [frontend build 6/6] RUN npm run build
#15 CACHED

#16 [frontend build 5/6] COPY . .
#16 CACHED

#17 [frontend build 2/6] WORKDIR /app
#17 CACHED

#18 [frontend build 3/6] COPY package.json package-lock.json .npmrc ./
#18 CACHED

#19 [frontend stage-1 3/4] COPY --from=build /app/dist /usr/share/nginx/html
#19 CACHED

#20 [frontend stage-1 2/4] COPY nginx.conf /etc/nginx/conf.d/default.conf
#20 CACHED

#21 [frontend stage-1 4/4] RUN chown -R nginx:nginx /var/cache/nginx /var/run /var/log/nginx /etc/nginx/conf.d   && touch /var/run/nginx.pid && chown nginx:nginx /var/run/nginx.pid
#21 CACHED

#12 [backend internal] load build context
#12 ...

#22 [frontend] exporting to image
#22 exporting layers 0.0s done
#22 exporting manifest sha256:c469d549b880546b731367fb9ecc19438a85f3fbe80dd9353b733811c2614382 done
#22 exporting config sha256:d718815446b4caa3fc88516f15ba13e372ce02d323710584b7697c5b2e7fc1c1 done
#22 exporting attestation manifest sha256:87c420cb8eb112f735361b8871c834552d2887554ceb5df005197cc7ebd0e6b4 0.0s done
#22 exporting manifest list sha256:3fd8974b412ad656a24bf1eb486dfd1d4958cf8576ad8ffd5bb9232e99eb090a 0.0s done
#22 naming to docker.io/library/registration-frontend:latest done
#22 unpacking to docker.io/library/registration-frontend:latest 0.0s done
#22 DONE 0.2s

#12 [backend internal] load build context
#12 ...

#23 [frontend] resolving provenance for metadata file
#23 DONE 0.0s

#12 [backend internal] load build context
#12 transferring context: 80.27MB 4.6s done
#12 DONE 4.6s

#24 [backend 2/4] RUN addgroup -S app && adduser -S app -G app   && mkdir -p /data/registrations && chown app:app /data/registrations
#24 CACHED

#25 [backend 3/4] WORKDIR /app
#25 CACHED

#26 [backend 4/4] COPY target/registration-backend-0.1.0.jar app.jar
#26 DONE 0.6s

#27 [backend] exporting to image
#27 exporting layers
#27 exporting layers 3.0s done
#27 exporting manifest sha256:372c8decae0f3c4706f0c74200a69400ea652d2441e2321d469da1190f5b8d10 0.0s done
#27 exporting config sha256:d6d223c6ea33637b16a9a3f518ffdec3bb22da002b04085c71da5d35d9c1805d 0.0s done
#27 exporting attestation manifest sha256:c7c1564521955d36d1ff870083b39e09707fc1a7878a567bf792d1bdf8dba3cc 0.0s done
#27 exporting manifest list sha256:ff6949ba45e4b10fbfeee50742225ed40becdb4c2463448a4b0311b919d2b4b8 0.0s done
#27 naming to docker.io/library/registration-backend:latest
#27 naming to docker.io/library/registration-backend:latest done
#27 unpacking to docker.io/library/registration-backend:latest
#27 unpacking to docker.io/library/registration-backend:latest 0.4s done
#27 DONE 3.6s

#28 [backend] resolving provenance for metadata file
#28 DONE 0.0s
 Image registration-backend Built 
 Image registration-frontend Built 
 Container registration-mailpit-1 Running 
 Container registration-frontend-1 Running 
 Container registration-postgres-1 Recreate 
 Container registration-postgres-1 Recreated 
 Container registration-backend-1 Recreate 
 Container registration-backend-1 Recreated 
 Container registration-postgres-1 Starting 
 Container registration-postgres-1 Started 
 Container registration-mailpit-1 Waiting 
 Container registration-postgres-1 Waiting 
 Container registration-mailpit-1 Healthy 
 Container registration-postgres-1 Healthy 
 Container registration-backend-1 Starting 
 Container registration-backend-1 Started 
 Container registration-backend-1 Waiting 
 Container registration-frontend-1 Waiting 
 Container registration-postgres-1 Waiting 
 Container registration-mailpit-1 Waiting 
 Container registration-postgres-1 Healthy 
 Container registration-mailpit-1 Healthy 
 Container registration-frontend-1 Healthy 
 Container registration-backend-1 Healthy 
