 Image registration-backend Building 
 Image registration-frontend Building 
#1 [internal] load local bake definitions
#1 reading from stdin 1.11kB done
#1 DONE 0.0s

#2 [frontend internal] load build definition from Dockerfile
#2 transferring dockerfile: 472B 0.0s done
#2 DONE 0.1s

#3 [backend internal] load build definition from Dockerfile
#3 transferring dockerfile: 424B 0.0s done
#3 DONE 0.1s

#4 [backend internal] load metadata for docker.io/library/eclipse-temurin:21.0.10_7-jre-alpine
#4 DONE 0.1s

#5 [frontend internal] load metadata for docker.io/library/nginx:1.30.5-alpine
#5 DONE 0.1s

#6 [frontend internal] load metadata for docker.io/library/node:24.13.0-alpine
#6 DONE 0.1s

#7 [backend internal] load .dockerignore
#7 transferring context: 81B done
#7 DONE 0.0s

#8 [frontend internal] load .dockerignore
#8 transferring context: 119B done
#8 DONE 0.0s

#9 [frontend internal] load build context
#9 DONE 0.0s

#10 [backend 1/4] FROM docker.io/library/eclipse-temurin:21.0.10_7-jre-alpine@sha256:ad0cdd9782db550ca7dde6939a16fd850d04e683d37d3cff79d84a5848ba6a5a
#10 resolve docker.io/library/eclipse-temurin:21.0.10_7-jre-alpine@sha256:ad0cdd9782db550ca7dde6939a16fd850d04e683d37d3cff79d84a5848ba6a5a 0.1s done
#10 DONE 0.1s

#11 [backend internal] load build context
#11 ...

#12 [frontend build 1/6] FROM docker.io/library/node:24.13.0-alpine@sha256:cd6fb7efa6490f039f3471a189214d5f548c11df1ff9e5b181aa49e22c14383e
#12 resolve docker.io/library/node:24.13.0-alpine@sha256:cd6fb7efa6490f039f3471a189214d5f548c11df1ff9e5b181aa49e22c14383e 0.1s done
#12 DONE 0.1s

#13 [frontend stage-1 1/4] FROM docker.io/library/nginx:1.30.5-alpine@sha256:0985e772fb9f729e6fa0980da05fca5d9c468e870eed43071545afa9d2e27d94
#13 resolve docker.io/library/nginx:1.30.5-alpine@sha256:0985e772fb9f729e6fa0980da05fca5d9c468e870eed43071545afa9d2e27d94 0.1s done
#13 DONE 0.1s

#9 [frontend internal] load build context
#9 transferring context: 11.59kB 0.0s done
#9 DONE 0.0s

#14 [frontend build 3/6] COPY package.json package-lock.json .npmrc ./
#14 CACHED

#15 [frontend build 2/6] WORKDIR /app
#15 CACHED

#16 [frontend build 4/6] RUN npm ci
#16 CACHED

#11 [backend internal] load build context
#11 ...

#17 [frontend build 5/6] COPY . .
#17 DONE 0.2s

#11 [backend internal] load build context
#11 transferring context: 80.27MB 4.6s done
#11 DONE 4.6s

#18 [backend 2/4] RUN addgroup -S app && adduser -S app -G app   && mkdir -p /data/registrations && chown app:app /data/registrations
#18 CACHED

#19 [backend 3/4] WORKDIR /app
#19 CACHED

#20 [backend 4/4] COPY target/registration-backend-0.1.0.jar app.jar
#20 DONE 0.5s

#21 [frontend build 6/6] RUN npm run build
#21 2.232 
#21 2.232 > registration-frontend@0.1.0 build
#21 2.232 > tsc --noEmit && vite build
#21 2.232 
#21 ...

#22 [backend] exporting to image
#22 exporting layers
#22 exporting layers 2.9s done
#22 exporting manifest sha256:39ce600eace4bdfe3de5b15861675ce768b2cca851e8823bdcc7db7da5b33fb2 0.0s done
#22 exporting config sha256:3895faa47f9b922313f6d92cff18f0d898b68da4d7abbfbe82913309d08b0e2b 0.0s done
#22 exporting attestation manifest sha256:4ecdd9741fdc37067d1cd6029ae91d94ba0bb3b93ee055a9b6acb40074af9a70 0.0s done
#22 exporting manifest list sha256:0715dc689d103e976be4c944035edfcd83f8dd856793bc53de78ce80019764cb 0.0s done
#22 naming to docker.io/library/registration-backend:latest
#22 naming to docker.io/library/registration-backend:latest done
#22 unpacking to docker.io/library/registration-backend:latest
#22 unpacking to docker.io/library/registration-backend:latest 0.5s done
#22 DONE 3.6s

#21 [frontend build 6/6] RUN npm run build
#21 8.053 vite v6.4.3 building for production...
#21 8.207 transforming...
#21 ...

#23 [backend] resolving provenance for metadata file
#23 DONE 0.0s

#21 [frontend build 6/6] RUN npm run build
#21 10.07 ✓ 38 modules transformed.
#21 10.29 rendering chunks...
#21 10.31 computing gzip size...
#21 10.32 dist/index.html                   0.41 kB │ gzip:  0.27 kB
#21 10.32 dist/assets/index-8whfVrkj.css    0.99 kB │ gzip:  0.46 kB
#21 10.32 dist/assets/index-D4f1cgHC.js   233.77 kB │ gzip: 73.15 kB
#21 10.32 ✓ built in 2.20s
#21 DONE 10.7s

#24 [frontend stage-1 2/4] COPY nginx.conf /etc/nginx/conf.d/default.conf
#24 CACHED

#25 [frontend stage-1 3/4] COPY --from=build /app/dist /usr/share/nginx/html
#25 CACHED

#26 [frontend stage-1 4/4] RUN chown -R nginx:nginx /var/cache/nginx /var/run /var/log/nginx /etc/nginx/conf.d   && touch /var/run/nginx.pid && chown nginx:nginx /var/run/nginx.pid
#26 CACHED

#27 [frontend] exporting to image
#27 exporting layers done
#27 exporting manifest sha256:c469d549b880546b731367fb9ecc19438a85f3fbe80dd9353b733811c2614382 done
#27 exporting config sha256:d718815446b4caa3fc88516f15ba13e372ce02d323710584b7697c5b2e7fc1c1 done
#27 exporting attestation manifest sha256:00d1f9c1f6708255e32f54761b50bc25f5fdc2040b29453bf2aca765ac9000c2 0.0s done
#27 exporting manifest list sha256:4e8f602c60998cb3206c0b0210178a773e4c87d54d0312df61e985886d6b3de2 0.0s done
#27 naming to docker.io/library/registration-frontend:latest done
#27 unpacking to docker.io/library/registration-frontend:latest 0.0s done
#27 DONE 0.1s

#28 [frontend] resolving provenance for metadata file
#28 DONE 0.0s
 Image registration-backend Built 
 Image registration-frontend Built 
 Container registration-frontend-1 Running 
 Container registration-postgres-1 Running 
 Container registration-mailpit-1 Running 
 Container registration-backend-1 Recreate 
 Container registration-backend-1 Recreated 
 Container registration-mailpit-1 Waiting 
 Container registration-postgres-1 Waiting 
 Container registration-mailpit-1 Healthy 
 Container registration-postgres-1 Healthy 
 Container registration-backend-1 Starting 
 Container registration-backend-1 Started 
 Container registration-postgres-1 Waiting 
 Container registration-mailpit-1 Waiting 
 Container registration-backend-1 Waiting 
 Container registration-frontend-1 Waiting 
 Container registration-frontend-1 Healthy 
 Container registration-mailpit-1 Healthy 
 Container registration-postgres-1 Healthy 
 Container registration-backend-1 Healthy 
