== 2026-10-05T14:34:55Z stop the running stack
 Network registration_default Removed 
== clone 6cbd466 to /c/Users/tanej/AppData/Local/Temp/rc
6cbd466 docs: add frontend README (ES-05, ES-06)
.env in checkout: 0
== backend: ./mvnw -B -DskipTests package
target/registration-backend-0.1.0.jar
== frontend: npm ci
added 483 packages in 21s
== checkout verify.sh: checks, unit and component tests, builds
be-check     exit=0   spotless ok, pmd 0, cpd 0, spotbugs 0  log=02_output/logs/7_be-check.log
fe-check     exit=1   [[33mwarn[39m] Code style issues found in the above file. Run Prettier with --write to fix.  log=02_output/logs/7_fe-check.log
fe-test      exit=0   Tests  42 passed (42); Branches : 95.58% ( 130/136 ) Lines : 100% ( 464/464 )   log=02_output/logs/7_fe-test.log
fe-build     exit=0   ✓ built in 3.37s  log=02_output/logs/7_fe-build.log
be-test      exit=0   Tests run: 183, Failures: 0, Errors: 0, Skipped: 0; line 97.1% (902/929), branch 91.8% (303/330)  log=02_output/logs/7_be-test.log
== fix: frontend README formatted (cd24830); checkout pulled; fe-check exit=0
== 2026-10-05T14:42:02Z checkout stack: secrets.sh run … -- docker compose -f <checkout>/02_output/docker-compose.yml up -d --build --wait
 Container registration-postgres-1 Healthy 
 Container registration-mailpit-1 Healthy 
 Container registration-backend-1 Healthy 
 Container registration-frontend-1 Healthy 
registration-frontend-1 Up 6 seconds (healthy)
registration-backend-1 Up 26 seconds (healthy)
registration-postgres-1 Up 33 seconds (healthy)
registration-mailpit-1 Up 33 seconds (healthy)
== URLs of the quick start
registration page 200
Mailpit 200
{"groups":["liveness","readiness"],"status":"UP"}
== end-to-end tests against the checkout's stack
e2e          exit=0    15 passed (24.3s)   log=02_output/logs/7_e2e.log
== 2026-10-05T14:43:46Z stop: secrets.sh run … -- docker compose -f <checkout>/02_output/docker-compose.yml down
 Network registration_default Removed 
running containers: 0
