
> registration-frontend@0.1.0 format
> prettier --write .

[90m.prettierrc.json[39m 21ms (unchanged)
[90me2e/registration.e2e.spec.ts[39m 85ms (unchanged)
[90me2e/support.ts[39m 38ms (unchanged)
[90meslint.config.js[39m 7ms (unchanged)
[90mindex.html[39m 22ms (unchanged)
[90mpackage.json[39m 2ms (unchanged)
[90mplaywright.config.ts[39m 3ms (unchanged)
README.md 43ms
[90msrc/acceptance/harness.tsx[39m 30ms (unchanged)
[90msrc/acceptance/us001-external-registration.acceptance.test.tsx[39m 14ms (unchanged)
[90msrc/acceptance/us002-student-registration.acceptance.test.tsx[39m 13ms (unchanged)
[90msrc/acceptance/us003-configurable-options.acceptance.test.tsx[39m 6ms (unchanged)
[90msrc/acceptance/us004-confirmation.acceptance.test.tsx[39m 11ms (unchanged)
[90msrc/api.test.ts[39m 13ms (unchanged)
[90msrc/api.ts[39m 10ms (unchanged)
[90msrc/App.test.tsx[39m 6ms (unchanged)
[90msrc/App.tsx[39m 10ms (unchanged)
[90msrc/Captcha.test.tsx[39m 21ms (unchanged)
[90msrc/Captcha.tsx[39m 9ms (unchanged)
[90msrc/main.tsx[39m 2ms (unchanged)
[90msrc/RegistrationForm.test.tsx[39m 21ms (unchanged)
[90msrc/RegistrationForm.tsx[39m 17ms (unchanged)
[90msrc/styles.css[39m 28ms (unchanged)
[90msrc/texts.ts[39m 5ms (unchanged)
[90msrc/validation.test.ts[39m 9ms (unchanged)
[90msrc/validation.ts[39m 4ms (unchanged)
[90mstryker.config.json[39m 2ms (unchanged)
[90mtsconfig.json[39m 1ms (unchanged)
[90mvite.config.ts[39m 2ms (unchanged)
