== run: docker compose up from the checkout
 Image registration-backend Building 
 Image registration-frontend Building 
#1 [internal] load local bake definitions
#1 reading from stdin 961B done
#1 DONE 0.0s

#2 [backend internal] load build definition from Dockerfile
#2 transferring dockerfile: 424B 0.0s done
#2 DONE 0.1s

#3 [frontend internal] load build definition from Dockerfile
#3 transferring dockerfile: 472B 0.1s done
#3 DONE 0.1s

#4 [frontend internal] load metadata for docker.io/library/node:24.13.0-alpine
#4 DONE 0.1s

#5 [frontend internal] load metadata for docker.io/library/nginx:1.30.5-alpine
#5 DONE 0.2s

#6 [backend internal] load metadata for docker.io/library/eclipse-temurin:21.0.10_7-jre-alpine
#6 DONE 0.1s

#7 [backend internal] load .dockerignore
#7 transferring context: 81B 0.0s done
#7 DONE 0.1s

#8 [frontend internal] load .dockerignore
#8 transferring context: 119B 0.1s done
#8 DONE 0.1s

#9 [frontend internal] load build context
#9 DONE 0.0s

#10 [backend 1/4] FROM docker.io/library/eclipse-temurin:21.0.10_7-jre-alpine@sha256:ad0cdd9782db550ca7dde6939a16fd850d04e683d37d3cff79d84a5848ba6a5a
#10 resolve docker.io/library/eclipse-temurin:21.0.10_7-jre-alpine@sha256:ad0cdd9782db550ca7dde6939a16fd850d04e683d37d3cff79d84a5848ba6a5a 0.1s done
#10 DONE 0.1s

#11 [backend internal] load build context
#11 ...

#12 [frontend stage-1 1/4] FROM docker.io/library/nginx:1.30.5-alpine@sha256:0985e772fb9f729e6fa0980da05fca5d9c468e870eed43071545afa9d2e27d94
#12 resolve docker.io/library/nginx:1.30.5-alpine@sha256:0985e772fb9f729e6fa0980da05fca5d9c468e870eed43071545afa9d2e27d94 0.1s done
#12 DONE 0.1s

#13 [frontend build 1/6] FROM docker.io/library/node:24.13.0-alpine@sha256:cd6fb7efa6490f039f3471a189214d5f548c11df1ff9e5b181aa49e22c14383e
#13 resolve docker.io/library/node:24.13.0-alpine@sha256:cd6fb7efa6490f039f3471a189214d5f548c11df1ff9e5b181aa49e22c14383e 0.1s done
#13 DONE 0.1s

#11 [backend internal] load build context
#11 ...

#9 [frontend internal] load build context
#9 transferring context: 348.62kB 0.4s done
#9 DONE 0.4s

#11 [backend internal] load build context
#11 ...

#14 [frontend build 2/6] WORKDIR /app
#14 CACHED

#15 [frontend build 3/6] COPY package.json package-lock.json .npmrc ./
#15 CACHED

#16 [frontend build 4/6] RUN npm ci
#16 CACHED

#11 [backend internal] load build context
#11 ...

#17 [frontend build 5/6] COPY . .
#17 DONE 0.2s

#11 [backend internal] load build context
#11 transferring context: 62.54MB 5.6s
#11 transferring context: 80.27MB 6.7s done
#11 DONE 6.8s

#18 [backend 2/4] RUN addgroup -S app && adduser -S app -G app   && mkdir -p /data/registrations && chown app:app /data/registrations
#18 CACHED

#19 [backend 3/4] WORKDIR /app
#19 CACHED

#20 [backend 4/4] COPY target/registration-backend-0.1.0.jar app.jar
#20 DONE 0.8s

#21 [frontend build 6/6] RUN npm run build
#21 3.937 
#21 3.937 > registration-frontend@0.1.0 build
#21 3.937 > tsc --noEmit && vite build
#21 3.937 
#21 ...

#22 [backend] exporting to image
#22 exporting layers
#22 exporting layers 6.2s done
#22 exporting manifest sha256:095a230cfa659602a5453890633df4283f0fd4137fab4df3d122605899402c4d 0.0s done
#22 exporting config sha256:e6c9ab8dc2035bd259fc7c5f7c17557fa3a90fd4faf819e36307d9689e268daf 0.0s done
#22 exporting attestation manifest sha256:dece96b24a51db5babb3e9bb3deda94ac236c2867cba2bb24f74b88e81ee7f6c
#22 exporting attestation manifest sha256:dece96b24a51db5babb3e9bb3deda94ac236c2867cba2bb24f74b88e81ee7f6c 0.0s done
#22 exporting manifest list sha256:b60f199483a0c09e845379b24722b4f4f5e83497b1dda35af7eda3970b012035 0.0s done
#22 naming to docker.io/library/registration-backend:latest done
#22 unpacking to docker.io/library/registration-backend:latest
#22 unpacking to docker.io/library/registration-backend:latest 1.1s done
#22 DONE 7.7s

#21 [frontend build 6/6] RUN npm run build
#21 ...

#23 [backend] resolving provenance for metadata file
#23 DONE 0.1s

#21 [frontend build 6/6] RUN npm run build
#21 15.26 vite v6.4.3 building for production...
#21 15.64 transforming...
#21 19.19 ✓ 38 modules transformed.
#21 19.73 rendering chunks...
#21 19.82 computing gzip size...
#21 19.86 dist/index.html                   0.41 kB │ gzip:  0.27 kB
#21 19.86 dist/assets/index-8whfVrkj.css    0.99 kB │ gzip:  0.46 kB
#21 19.86 dist/assets/index-D4f1cgHC.js   233.77 kB │ gzip: 73.15 kB
#21 19.86 ✓ built in 4.44s
#21 DONE 20.4s

#24 [frontend stage-1 2/4] COPY nginx.conf /etc/nginx/conf.d/default.conf
#24 CACHED

#25 [frontend stage-1 3/4] COPY --from=build /app/dist /usr/share/nginx/html
#25 CACHED

#26 [frontend stage-1 4/4] RUN chown -R nginx:nginx /var/cache/nginx /var/run /var/log/nginx /etc/nginx/conf.d   && touch /var/run/nginx.pid && chown nginx:nginx /var/run/nginx.pid
#26 CACHED

#27 [frontend] exporting to image
#27 exporting layers 0.0s done
#27 exporting manifest sha256:c469d549b880546b731367fb9ecc19438a85f3fbe80dd9353b733811c2614382 done
#27 exporting config sha256:d718815446b4caa3fc88516f15ba13e372ce02d323710584b7697c5b2e7fc1c1 done
#27 exporting attestation manifest sha256:1b028b6b0f8f885f3e7fb690cc2d777271650c7eee5a6e026ced58943d5a6ac7
#27 exporting attestation manifest sha256:1b028b6b0f8f885f3e7fb690cc2d777271650c7eee5a6e026ced58943d5a6ac7 0.0s done
#27 exporting manifest list sha256:8b7343665efc027af4cd8043431abb79b44d80008d386c80fe6def0bef763c76 0.0s done
#27 naming to docker.io/library/registration-frontend:latest done
#27 unpacking to docker.io/library/registration-frontend:latest 0.0s done
#27 DONE 0.4s

#28 [frontend] resolving provenance for metadata file
#28 DONE 0.0s
 Image registration-backend Built 
 Image registration-frontend Built 
 Network registration_default Creating 
 Network registration_default Creating 
 Network registration_default Created 
 Network registration_default Created 
 Container registration-mailpit-1 Creating 
 Container registration-postgres-1 Creating 
 Container registration-mailpit-1 Created 
 Container registration-postgres-1 Created 
 Container registration-backend-1 Creating 
 Container registration-backend-1 Created 
 Container registration-frontend-1 Creating 
 Container registration-frontend-1 Created 
 Container registration-mailpit-1 Starting 
 Container registration-postgres-1 Starting 
 Container registration-mailpit-1 Started 
 Container registration-postgres-1 Started 
 Container registration-postgres-1 Waiting 
 Container registration-mailpit-1 Waiting 
 Container registration-mailpit-1 Healthy 
 Container registration-postgres-1 Healthy 
 Container registration-backend-1 Starting 
 Container registration-backend-1 Started 
 Container registration-frontend-1 Starting 
 Container registration-frontend-1 Started 
 Container registration-mailpit-1 Waiting 
 Container registration-backend-1 Waiting 
 Container registration-frontend-1 Waiting 
 Container registration-postgres-1 Waiting 
 Container registration-mailpit-1 Healthy 
 Container registration-postgres-1 Healthy 
 Container registration-frontend-1 Healthy 
 Container registration-backend-1 Healthy 
exit 0
frontend: Up 21 seconds (healthy) C:\rc7\02_output
backend: Up 21 seconds (healthy) C:\rc7\02_output
postgres: Up 27 seconds (healthy) C:\rc7\02_output
mailpit: Up 28 seconds (healthy) C:\rc7\02_output
page: 200
form data: 200
mailpit: 200
