[INFO] Scanning for projects...
[INFO] 
[INFO] -----------------< lab.conference:conference-backend >------------------
[INFO] Building conference-backend 1.0.0
[INFO]   from pom.xml
[INFO] --------------------------------[ jar ]---------------------------------
[INFO] 
[INFO] --- jacoco:0.8.13:prepare-agent (prepare-unit) @ conference-backend ---
[INFO] argLine set to -javaagent:/home/tjan-kazar/.m2/repository/org/jacoco/org.jacoco.agent/0.8.13/org.jacoco.agent-0.8.13-runtime.jar=destfile=/home/tjan-kazar/storage/Work/lab/agentic_lab/02_output/backend/target/jacoco.exec
[INFO] 
[INFO] --- resources:3.3.1:resources (default-resources) @ conference-backend ---
[INFO] Copying 1 resource from src/main/resources to target/classes
[INFO] Copying 1 resource from src/main/resources to target/classes
[INFO] 
[INFO] --- compiler:3.14.1:compile (default-compile) @ conference-backend ---
[INFO] Recompiling the module because of changed source code.
[INFO] Compiling 53 source files with javac [debug parameters release 21] to target/classes
[INFO] 
[INFO] --- resources:3.3.1:testResources (default-testResources) @ conference-backend ---
[INFO] Copying 6 resources from src/test/resources to target/test-classes
[INFO] 
[INFO] --- compiler:3.14.1:testCompile (default-testCompile) @ conference-backend ---
[INFO] Recompiling the module because of changed dependency.
[INFO] Compiling 40 source files with javac [debug parameters release 21] to target/test-classes
[INFO] 
[INFO] --- surefire:3.5.6:test (default-test) @ conference-backend ---
[INFO] Using auto detected provider org.apache.maven.surefire.junitplatform.JUnitPlatformProvider
[INFO] 
[INFO] -------------------------------------------------------
[INFO]  T E S T S
[INFO] -------------------------------------------------------
[INFO] Running lab.conference.notifications.DispatcherEdgeTest
Mockito is currently self-attaching to enable the inline-mock-maker. This will no longer work in future releases of the JDK. Please add Mockito as an agent to your build as described in Mockito's documentation: https://javadoc.io/doc/org.mockito/mockito-core/latest/org.mockito/org/mockito/Mockito.html#0.3
WARNING: A Java agent has been loaded dynamically (/home/tjan-kazar/.m2/repository/net/bytebuddy/byte-buddy-agent/1.17.8/byte-buddy-agent-1.17.8.jar)
WARNING: If a serviceability tool is in use, please run with -XX:+EnableDynamicAgentLoading to hide this warning
WARNING: If a serviceability tool is not in use, please run with -Djdk.instrument.traceUsage for more information
WARNING: Dynamic loading of agents will be disallowed by default in a future release
OpenJDK 64-Bit Server VM warning: Sharing is only supported for boot loader classes because bootstrap classpath has been appended
[INFO] Tests run: 2, Failures: 0, Errors: 0, Skipped: 0, Time elapsed: 2.521 s -- in lab.conference.notifications.DispatcherEdgeTest
[INFO] Running lab.conference.notifications.NotificationDispatcherTest
14:24:39.175 [main] WARN lab.conference.notifications.NotificationDispatcher -- Notification PARTICIPANT for registration 6b917d48-1217-497b-843c-d5012c5d32cb failed (attempt 1, MailSendException)
14:24:39.187 [main] WARN lab.conference.notifications.NotificationDispatcher -- Notification PARTICIPANT for registration 6b917d48-1217-497b-843c-d5012c5d32cb failed (attempt 2, MailSendException)
14:24:39.271 [main] WARN lab.conference.notifications.NotificationDispatcher -- Notification dispatch skipped (QueryTimeoutException)
14:24:39.307 [main] WARN lab.conference.notifications.NotificationDispatcher -- Notification ORGANIZER for registration e4ed3218-4bae-409a-b436-cf2a9e36b8cd failed (attempt 1, IOException)
[INFO] Tests run: 8, Failures: 0, Errors: 0, Skipped: 0, Time elapsed: 0.158 s -- in lab.conference.notifications.NotificationDispatcherTest
[INFO] Running lab.conference.platform.RequestGuardFilterTest
[INFO] Tests run: 5, Failures: 0, Errors: 0, Skipped: 0, Time elapsed: 0.533 s -- in lab.conference.platform.RequestGuardFilterTest
[INFO] Running lab.conference.platform.TokenBucketLimiterTest
[INFO] Tests run: 5, Failures: 0, Errors: 0, Skipped: 0, Time elapsed: 0.199 s -- in lab.conference.platform.TokenBucketLimiterTest
[INFO] Running lab.conference.platform.PlatformEdgeTest
[INFO] Tests run: 8, Failures: 0, Errors: 0, Skipped: 0, Time elapsed: 0.096 s -- in lab.conference.platform.PlatformEdgeTest
[INFO] Running lab.conference.platform.GuardsTest
[INFO] Tests run: 4, Failures: 0, Errors: 0, Skipped: 0, Time elapsed: 0.214 s -- in lab.conference.platform.GuardsTest
[INFO] Running lab.conference.platform.PasswordHashCliTest
[INFO] Tests run: 2, Failures: 0, Errors: 0, Skipped: 0, Time elapsed: 0.682 s -- in lab.conference.platform.PasswordHashCliTest
[INFO] Running lab.conference.options.CatalogLoaderTest
[INFO] Tests run: 18, Failures: 0, Errors: 0, Skipped: 0, Time elapsed: 0.144 s -- in lab.conference.options.CatalogLoaderTest
[INFO] Running lab.conference.options.CatalogEdgeTest
[INFO] Tests run: 4, Failures: 0, Errors: 0, Skipped: 0, Time elapsed: 0.010 s -- in lab.conference.options.CatalogEdgeTest
[INFO] Running lab.conference.registration.EdgeCasesTest
14:24:41.378 [main] WARN lab.conference.registration.Reconciler -- Moved JSON without database registration to orphaned/: f7593e3f-95b3-41cd-ade7-fa47d0f101a9
14:24:41.378 [main] INFO lab.conference.registration.Reconciler -- Reconciliation: 1 orphaned, 0 staging files removed
[INFO] Tests run: 8, Failures: 0, Errors: 0, Skipped: 0, Time elapsed: 0.171 s -- in lab.conference.registration.EdgeCasesTest
[INFO] Running lab.conference.registration.RegistrationServiceTest
14:24:41.532 [main] INFO lab.conference.registration.RegistrationService -- Registration e619a4b8-b15d-423c-b07d-ea4070edcbdc accepted (external)
14:24:41.540 [main] ERROR lab.conference.registration.RegistrationService -- Database commit failed for registration 338e62ed-b5f8-4dea-9352-b72c3ddf1895 (CannotCreateTransactionException)
14:24:41.761 [main] ERROR lab.conference.registration.RegistrationService -- JSON store write failed for registration 75e9d1f9-9f4b-4834-a952-f61b97e8d729 (IOException)
14:24:41.765 [main] ERROR lab.conference.registration.RegistrationService -- Database unavailable during replay check (CannotCreateTransactionException)
[INFO] Tests run: 10, Failures: 0, Errors: 0, Skipped: 0, Time elapsed: 0.377 s -- in lab.conference.registration.RegistrationServiceTest
[INFO] Running lab.conference.registration.JsonStoreTest
[INFO] Tests run: 8, Failures: 0, Errors: 0, Skipped: 0, Time elapsed: 0.092 s -- in lab.conference.registration.JsonStoreTest
[INFO] Running lab.conference.registration.RecordAndMailTest
[INFO] Tests run: 6, Failures: 0, Errors: 0, Skipped: 0, Time elapsed: 0.025 s -- in lab.conference.registration.RecordAndMailTest
[INFO] Running lab.conference.registration.RegistrationValidatorTest
[INFO] Tests run: 17, Failures: 0, Errors: 0, Skipped: 0, Time elapsed: 0.057 s -- in lab.conference.registration.RegistrationValidatorTest
[INFO] Running lab.conference.registration.RecaptchaVerifierTest
14:24:42.158 [main] WARN lab.conference.registration.RecaptchaVerifier -- Captcha verification unavailable (JsonParseException)
14:24:42.168 [main] WARN lab.conference.registration.RecaptchaVerifier -- Captcha verification unavailable (ConnectException)
[INFO] Tests run: 4, Failures: 0, Errors: 0, Skipped: 0, Time elapsed: 0.214 s -- in lab.conference.registration.RecaptchaVerifierTest
[INFO] Running lab.conference.registration.TextRulesTest
[INFO] Tests run: 34, Failures: 0, Errors: 0, Skipped: 0, Time elapsed: 0.070 s -- in lab.conference.registration.TextRulesTest
[INFO] Running lab.conference.registration.ReconcilerTest
14:24:42.277 [main] ERROR lab.conference.registration.Reconciler -- JSON for registration 73e4997a-fb58-4312-b30b-05bf6335a75f does not match its database hash
14:24:42.277 [main] ERROR lab.conference.registration.Reconciler -- JSON for registration 1ef4ed30-a660-4ff4-83c0-a20ca6c679dc is missing
14:24:42.277 [main] ERROR lab.conference.registration.Reconciler -- 2 accepted registration(s) need recovery from backup
14:24:42.308 [main] WARN lab.conference.registration.Reconciler -- Moved JSON without database registration to orphaned/: c509f0c7-61c4-4961-805d-b96d38fa4fb3
14:24:42.308 [main] INFO lab.conference.registration.Reconciler -- Reconciliation: 1 orphaned, 0 staging files removed
14:24:42.321 [main] WARN lab.conference.registration.Reconciler -- Reconciliation skipped (QueryTimeoutException)
14:24:42.322 [main] WARN lab.conference.registration.Reconciler -- JSON verification skipped (QueryTimeoutException)
[INFO] Tests run: 3, Failures: 0, Errors: 0, Skipped: 0, Time elapsed: 0.075 s -- in lab.conference.registration.ReconcilerTest
[INFO] Running lab.conference.ArchitectureTest
14:24:42.354 [main] INFO com.tngtech.archunit.core.PluginLoader -- Detected Java version 21.0.12
[INFO] Tests run: 6, Failures: 0, Errors: 0, Skipped: 0, Time elapsed: 2.853 s -- in lab.conference.ArchitectureTest
[INFO] Running lab.conference.export.WorkbookWriterTest
[INFO] Tests run: 13, Failures: 0, Errors: 0, Skipped: 0, Time elapsed: 1.015 s -- in lab.conference.export.WorkbookWriterTest
[INFO] 
[INFO] Results:
[INFO] 
[INFO] Tests run: 165, Failures: 0, Errors: 0, Skipped: 0
[INFO] 
[INFO] 
[INFO] --- jacoco:0.8.13:report (report-unit) @ conference-backend ---
[INFO] Loading execution data file /home/tjan-kazar/storage/Work/lab/agentic_lab/02_output/backend/target/jacoco.exec
[INFO] Analyzed bundle 'conference-backend' with 61 classes
[INFO] 
[INFO] --- jar:3.4.2:jar (default-jar) @ conference-backend ---
[INFO] Building jar: /home/tjan-kazar/storage/Work/lab/agentic_lab/02_output/backend/target/conference-backend-1.0.0.jar
[INFO] 
[INFO] --- spring-boot:3.5.16:repackage (repackage) @ conference-backend ---
[INFO] Replacing main artifact /home/tjan-kazar/storage/Work/lab/agentic_lab/02_output/backend/target/conference-backend-1.0.0.jar with repackaged archive, adding nested dependencies in BOOT-INF/.
[INFO] The original artifact has been renamed to /home/tjan-kazar/storage/Work/lab/agentic_lab/02_output/backend/target/conference-backend-1.0.0.jar.original
[INFO] 
[INFO] --- jacoco:0.8.13:prepare-agent-integration (prepare-integration) @ conference-backend ---
[INFO] argLine set to -javaagent:/home/tjan-kazar/.m2/repository/org/jacoco/org.jacoco.agent/0.8.13/org.jacoco.agent-0.8.13-runtime.jar=destfile=/home/tjan-kazar/storage/Work/lab/agentic_lab/02_output/backend/target/jacoco-it.exec
[INFO] 
[INFO] --- failsafe:3.5.6:integration-test (default) @ conference-backend ---
[INFO] Tests are skipped.
[INFO] 
[INFO] --- jacoco:0.8.13:report-integration (report-integration) @ conference-backend ---
[INFO] Loading execution data file /home/tjan-kazar/storage/Work/lab/agentic_lab/02_output/backend/target/jacoco-it.exec
[INFO] Analyzed bundle 'conference-backend' with 61 classes
[INFO] 
[INFO] --- failsafe:3.5.6:verify (default) @ conference-backend ---
[INFO] Tests are skipped.
[INFO] 
[INFO] --- spotless:2.44.3:check (spotless-check) @ conference-backend ---
[INFO] Spotless.Java is keeping 93 files clean - 0 needs changes to be clean, 0 were already clean, 93 were skipped because caching determined they were already clean
[INFO] 
[INFO] >>> spotbugs:4.9.3.0:check (spotbugs-check) > :spotbugs @ conference-backend >>>
[INFO] 
[INFO] --- spotbugs:4.9.3.0:spotbugs (spotbugs) @ conference-backend ---
[INFO] Fork Value is true
[INFO] Done SpotBugs Analysis....
[WARNING] Unable to find a URL to the parent project. The parent menu will NOT be added.
[INFO] Rendering content with org.apache.maven.skins:maven-fluido-skin:jar:2.0.0-M9 skin
[INFO] 
[INFO] <<< spotbugs:4.9.3.0:check (spotbugs-check) < :spotbugs @ conference-backend <<<
[INFO] 
[INFO] 
[INFO] --- spotbugs:4.9.3.0:check (spotbugs-check) @ conference-backend ---
[INFO] BugInstance size is 0
[INFO] Error size is 0
[INFO] No errors/warnings found
[INFO] 
[INFO] >>> pmd:3.26.0:check (pmd-check) > :pmd @ conference-backend >>>
[INFO] 
[INFO] --- pmd:3.26.0:pmd (pmd) @ conference-backend ---
[WARNING] Unable to locate Source XRef to link to -- DISABLED
[WARNING] Unable to locate Source XRef to link to -- DISABLED
[INFO] PMD version: 7.7.0
[WARNING] Unable to find a URL to the parent project. The parent menu will NOT be added.
[INFO] Rendering content with org.apache.maven.skins:maven-fluido-skin:jar:2.0.0-M9 skin
[INFO] 
[INFO] <<< pmd:3.26.0:check (pmd-check) < :pmd @ conference-backend <<<
[INFO] 
[INFO] 
[INFO] --- pmd:3.26.0:check (pmd-check) @ conference-backend ---
[INFO] 
[INFO] >>> pmd:3.26.0:cpd-check (pmd-check) > :cpd @ conference-backend >>>
[INFO] 
[INFO] --- pmd:3.26.0:cpd (cpd) @ conference-backend ---
[WARNING] Unable to locate Source XRef to link to -- DISABLED
[WARNING] Unable to locate Source XRef to link to -- DISABLED
[WARNING] Unable to find a URL to the parent project. The parent menu will NOT be added.
[INFO] Rendering content with org.apache.maven.skins:maven-fluido-skin:jar:2.0.0-M9 skin
[INFO] 
[INFO] <<< pmd:3.26.0:cpd-check (pmd-check) < :cpd @ conference-backend <<<
[INFO] 
[INFO] 
[INFO] --- pmd:3.26.0:cpd-check (pmd-check) @ conference-backend ---
[INFO] ------------------------------------------------------------------------
[INFO] BUILD SUCCESS
[INFO] ------------------------------------------------------------------------
[INFO] Total time:  30.259 s
[INFO] Finished at: 2026-09-30T14:25:00+02:00
[INFO] ------------------------------------------------------------------------
