 Image postgres:16.14@sha256:95206741a5b214807675e14165369d05b93a9cf692223b616d07cca227e74b0b Pulling 
 Image axllent/mailpit:v1.24.1@sha256:4873e5a441ed368f1e98a832f61257a033859f5e829542cd03fb772d2282ea4e Pulling 
 3498a353791f Pulling fs layer 0B
 e75219658d54 Pulling fs layer 0B
 5d59b154e183 Pulling fs layer 0B
 26c307b5e35a Pulling fs layer 0B
 bc896de4a313 Pulling fs layer 0B
 21b1510e6796 Pulling fs layer 0B
 1d943b076b0f Pulling fs layer 0B
 c66dedc53722 Pulling fs layer 0B
 6a61619bdfd1 Pulling fs layer 0B
 0a30060dfa56 Pulling fs layer 0B
 10e14a8b4766 Pulling fs layer 0B
 24ae71c6470d Pulling fs layer 0B
 572343b36a41 Pulling fs layer 0B
 bc0701afb397 Pulling fs layer 0B
 d015a9a5b43f Pulling fs layer 0B
 5724f2481726 Pulling fs layer 0B
 5d59b154e183 Downloading 184B
 5d59b154e183 Download complete 0B
 5724f2481726 Download complete 0B
 e75219658d54 Downloading 1.049MB
 3498a353791f Download complete 0B
 e75219658d54 Downloading 1.049MB
 0a30060dfa56 Download complete 0B
 e75219658d54 Downloading 1.049MB
 10e14a8b4766 Download complete 0B
 e75219658d54 Downloading 1.049MB
 bc896de4a313 Download complete 0B
 e75219658d54 Downloading 1.049MB
 572343b36a41 Download complete 0B
 bc0701afb397 Download complete 0B
 e75219658d54 Downloading 1.049MB
 d015a9a5b43f Download complete 0B
 e75219658d54 Downloading 2.097MB
 e75219658d54 Downloading 2.097MB
 e75219658d54 Downloading 2.097MB
 e75219658d54 Downloading 2.097MB
 e75219658d54 Downloading 2.097MB
 e75219658d54 Downloading 2.097MB
 c2e0b41b951d Download complete 0B
 e75219658d54 Downloading 2.097MB
 e75219658d54 Downloading 3.146MB
 e75219658d54 Downloading 3.146MB
 e75219658d54 Downloading 3.146MB
 f4fc570126c2 Download complete 0B
 e75219658d54 Downloading 3.146MB
 e75219658d54 Downloading 3.146MB
 e75219658d54 Downloading 3.146MB
 e75219658d54 Downloading 3.146MB
 e75219658d54 Downloading 3.146MB
 e75219658d54 Downloading 3.146MB
 6a61619bdfd1 Downloading 1.049MB
 e75219658d54 Downloading 4.194MB
 6a61619bdfd1 Downloading 1.049MB
 e75219658d54 Downloading 4.194MB
 6a61619bdfd1 Downloading 1.049MB
 e75219658d54 Downloading 4.194MB
 6a61619bdfd1 Downloading 1.049MB
 e75219658d54 Downloading 4.194MB
 6a61619bdfd1 Downloading 1.049MB
 e75219658d54 Downloading 4.194MB
 6a61619bdfd1 Downloading 1.049MB
 e75219658d54 Downloading 4.194MB
 6a61619bdfd1 Downloading 1.049MB
 e75219658d54 Downloading 4.194MB
 6a61619bdfd1 Downloading 1.049MB
 e75219658d54 Downloading 4.194MB
 26c307b5e35a Downloading 1.049MB
 6a61619bdfd1 Downloading 1.049MB
 e75219658d54 Downloading 4.194MB
 26c307b5e35a Downloading 1.049MB
 6a61619bdfd1 Download complete 0B
 e75219658d54 Downloading 4.194MB
 26c307b5e35a Downloading 1.049MB
 e75219658d54 Downloading 5.243MB
 26c307b5e35a Downloading 1.049MB
 e75219658d54 Downloading 5.243MB
 26c307b5e35a Downloading 1.049MB
 e75219658d54 Downloading 5.243MB
 26c307b5e35a Downloading 1.049MB
 e75219658d54 Downloading 5.243MB
 26c307b5e35a Downloading 1.049MB
 e75219658d54 Downloading 5.243MB
 26c307b5e35a Downloading 1.049MB
 e75219658d54 Downloading 5.243MB
 26c307b5e35a Downloading 1.049MB
 e75219658d54 Downloading 5.243MB
 26c307b5e35a Downloading 1.049MB
 1d943b076b0f Downloading 1.049MB
 e75219658d54 Downloading 5.243MB
 26c307b5e35a Downloading 1.049MB
 1d943b076b0f Downloading 1.049MB
 e75219658d54 Downloading 5.243MB
 1d943b076b0f Downloading 1.049MB
 26c307b5e35a Downloading 1.049MB
 e75219658d54 Downloading 5.243MB
 26c307b5e35a Downloading 1.049MB
 1d943b076b0f Downloading 1.049MB
 e75219658d54 Downloading 6.291MB
 26c307b5e35a Downloading 1.049MB
 1d943b076b0f Downloading 1.049MB
 e75219658d54 Downloading 6.291MB
 26c307b5e35a Downloading 1.049MB
 1d943b076b0f Download complete 0B
 e75219658d54 Downloading 6.291MB
 26c307b5e35a Downloading 1.049MB
 e75219658d54 Downloading 6.291MB
 26c307b5e35a Downloading 1.049MB
 e75219658d54 Downloading 6.291MB
 26c307b5e35a Downloading 1.049MB
 c66dedc53722 Downloading 1.049MB
 e75219658d54 Downloading 6.291MB
 26c307b5e35a Downloading 1.049MB
 c66dedc53722 Downloading 1.049MB
 e75219658d54 Downloading 6.291MB
 c66dedc53722 Downloading 1.049MB
 26c307b5e35a Downloading 1.049MB
 e75219658d54 Downloading 6.291MB
 26c307b5e35a Downloading 1.049MB
 21b1510e6796 Downloading 1.049MB
 c66dedc53722 Downloading 1.049MB
 e75219658d54 Downloading 6.291MB
 21b1510e6796 Downloading 1.049MB
 c66dedc53722 Downloading 1.049MB
 26c307b5e35a Downloading 1.049MB
 e75219658d54 Downloading 6.291MB
 26c307b5e35a Downloading 1.049MB
 21b1510e6796 Downloading 1.049MB
 c66dedc53722 Downloading 1.049MB
 24ae71c6470d Downloading 1.049MB
 e75219658d54 Downloading 7.34MB
 26c307b5e35a Downloading 1.049MB
 21b1510e6796 Downloading 1.049MB
 c66dedc53722 Downloading 1.049MB
 24ae71c6470d Downloading 1.049MB
 e75219658d54 Downloading 7.34MB
 26c307b5e35a Downloading 1.049MB
 21b1510e6796 Downloading 1.049MB
 c66dedc53722 Downloading 1.049MB
 24ae71c6470d Downloading 1.049MB
 e75219658d54 Downloading 7.34MB
 21b1510e6796 Downloading 1.049MB
 c66dedc53722 Downloading 1.049MB
 24ae71c6470d Downloading 1.049MB
 26c307b5e35a Downloading 2.097MB
 e75219658d54 Downloading 7.34MB
 24ae71c6470d Downloading 1.049MB
 26c307b5e35a Downloading 2.097MB
 21b1510e6796 Downloading 1.049MB
 c66dedc53722 Downloading 1.049MB
 e75219658d54 Downloading 7.34MB
 24ae71c6470d Downloading 1.049MB
 26c307b5e35a Downloading 2.097MB
 21b1510e6796 Downloading 1.049MB
 c66dedc53722 Downloading 1.049MB
 e75219658d54 Downloading 7.34MB
 24ae71c6470d Downloading 1.049MB
 26c307b5e35a Downloading 2.097MB
 21b1510e6796 Downloading 1.049MB
 c66dedc53722 Downloading 1.049MB
 e75219658d54 Downloading 7.34MB
 90ca4e33e012 Downloading 1.049MB
 21b1510e6796 Downloading 1.049MB
 c66dedc53722 Downloading 1.049MB
 24ae71c6470d Downloading 1.049MB
 26c307b5e35a Downloading 2.097MB
 e75219658d54 Downloading 7.34MB
 21b1510e6796 Downloading 1.049MB
 c66dedc53722 Downloading 1.049MB
 24ae71c6470d Downloading 1.049MB
 26c307b5e35a Downloading 2.097MB
 90ca4e33e012 Downloading 1.049MB
 e75219658d54 Downloading 7.34MB
 90ca4e33e012 Downloading 1.049MB
 21b1510e6796 Downloading 1.049MB
 c66dedc53722 Downloading 1.049MB
 24ae71c6470d Downloading 1.049MB
 26c307b5e35a Downloading 2.097MB
 e75219658d54 Downloading 8.389MB
 21b1510e6796 Downloading 1.049MB
 c66dedc53722 Downloading 1.049MB
 24ae71c6470d Downloading 1.049MB
 26c307b5e35a Downloading 2.097MB
 90ca4e33e012 Downloading 1.049MB
 e75219658d54 Download complete 0B
 90ca4e33e012 Downloading 1.049MB
 21b1510e6796 Downloading 1.049MB
 c66dedc53722 Downloading 1.049MB
 24ae71c6470d Downloading 1.049MB
 26c307b5e35a Downloading 2.097MB
 e75219658d54 Extracting 1B
 21b1510e6796 Downloading 1.049MB
 c66dedc53722 Downloading 1.049MB
 24ae71c6470d Downloading 1.049MB
 26c307b5e35a Downloading 2.097MB
 90ca4e33e012 Downloading 1.049MB
 e75219658d54 Extracting 1B
 90ca4e33e012 Downloading 1.049MB
 21b1510e6796 Downloading 1.049MB
 c66dedc53722 Downloading 1.049MB
 24ae71c6470d Downloading 1.049MB
 26c307b5e35a Downloading 2.097MB
 e75219658d54 Extracting 1B
 3498a353791f Extracting 1B
 21b1510e6796 Downloading 1.049MB
 c66dedc53722 Downloading 1.049MB
 24ae71c6470d Downloading 1.049MB
 26c307b5e35a Downloading 2.097MB
 90ca4e33e012 Downloading 1.049MB
 e75219658d54 Pull complete 0B
 90ca4e33e012 Downloading 1.049MB
 21b1510e6796 Downloading 1.049MB
 c66dedc53722 Downloading 1.049MB
 24ae71c6470d Downloading 1.049MB
 26c307b5e35a Downloading 2.097MB
 3498a353791f Pull complete 0B
 21b1510e6796 Downloading 1.049MB
 c66dedc53722 Downloading 1.049MB
 24ae71c6470d Downloading 1.049MB
 26c307b5e35a Downloading 2.097MB
 90ca4e33e012 Downloading 1.049MB
 Image axllent/mailpit:v1.24.1@sha256:4873e5a441ed368f1e98a832f61257a033859f5e829542cd03fb772d2282ea4e Pulled 
 c66dedc53722 Downloading 1.049MB
 24ae71c6470d Downloading 1.049MB
 26c307b5e35a Downloading 2.097MB
 90ca4e33e012 Downloading 1.049MB
 21b1510e6796 Downloading 1.049MB
 24ae71c6470d Downloading 1.049MB
 26c307b5e35a Downloading 2.097MB
 90ca4e33e012 Downloading 1.049MB
 21b1510e6796 Downloading 1.049MB
 c66dedc53722 Downloading 1.049MB
 90ca4e33e012 Downloading 1.049MB
 21b1510e6796 Downloading 1.049MB
 c66dedc53722 Downloading 1.049MB
 24ae71c6470d Downloading 1.049MB
 26c307b5e35a Downloading 2.097MB
 24ae71c6470d Downloading 1.049MB
 26c307b5e35a Downloading 2.097MB
 90ca4e33e012 Downloading 1.049MB
 21b1510e6796 Downloading 1.049MB
 c66dedc53722 Downloading 1.049MB
 21b1510e6796 Downloading 1.049MB
 c66dedc53722 Downloading 1.049MB
 24ae71c6470d Downloading 1.049MB
 26c307b5e35a Downloading 2.097MB
 90ca4e33e012 Downloading 1.049MB
 24ae71c6470d Downloading 1.049MB
 26c307b5e35a Downloading 2.097MB
 90ca4e33e012 Downloading 1.049MB
 21b1510e6796 Downloading 1.049MB
 c66dedc53722 Downloading 2.097MB
 24ae71c6470d Downloading 1.049MB
 26c307b5e35a Downloading 2.097MB
 90ca4e33e012 Downloading 1.049MB
 21b1510e6796 Downloading 1.049MB
 c66dedc53722 Downloading 2.097MB
 90ca4e33e012 Downloading 1.049MB
 21b1510e6796 Downloading 1.049MB
 c66dedc53722 Downloading 2.097MB
 24ae71c6470d Downloading 1.049MB
 26c307b5e35a Downloading 2.097MB
 24ae71c6470d Downloading 1.049MB
 26c307b5e35a Downloading 2.097MB
 90ca4e33e012 Downloading 1.049MB
 21b1510e6796 Downloading 1.049MB
 c66dedc53722 Downloading 2.097MB
 c66dedc53722 Downloading 2.097MB
 24ae71c6470d Downloading 1.049MB
 26c307b5e35a Downloading 3.146MB
 90ca4e33e012 Downloading 1.049MB
 21b1510e6796 Downloading 2.097MB
 26c307b5e35a Downloading 3.146MB
 90ca4e33e012 Downloading 1.049MB
 21b1510e6796 Downloading 2.097MB
 c66dedc53722 Downloading 2.097MB
 24ae71c6470d Downloading 1.049MB
 21b1510e6796 Downloading 2.097MB
 c66dedc53722 Downloading 2.097MB
 24ae71c6470d Downloading 2.097MB
 26c307b5e35a Downloading 3.146MB
 90ca4e33e012 Downloading 1.049MB
 c66dedc53722 Downloading 2.097MB
 24ae71c6470d Downloading 2.097MB
 26c307b5e35a Downloading 3.146MB
 90ca4e33e012 Downloading 1.049MB
 21b1510e6796 Downloading 2.097MB
 26c307b5e35a Downloading 3.146MB
 90ca4e33e012 Downloading 1.049MB
 21b1510e6796 Downloading 2.097MB
 c66dedc53722 Downloading 2.097MB
 24ae71c6470d Downloading 2.097MB
 26c307b5e35a Downloading 3.146MB
 90ca4e33e012 Downloading 1.049MB
 21b1510e6796 Downloading 2.097MB
 c66dedc53722 Downloading 2.097MB
 24ae71c6470d Downloading 2.097MB
 21b1510e6796 Downloading 2.097MB
 c66dedc53722 Downloading 2.097MB
 24ae71c6470d Downloading 2.097MB
 26c307b5e35a Downloading 3.146MB
 90ca4e33e012 Downloading 1.049MB
 90ca4e33e012 Downloading 1.049MB
 21b1510e6796 Downloading 2.097MB
 c66dedc53722 Downloading 2.097MB
 24ae71c6470d Downloading 2.097MB
 26c307b5e35a Downloading 3.146MB
 26c307b5e35a Downloading 3.146MB
 90ca4e33e012 Downloading 1.049MB
 21b1510e6796 Downloading 2.097MB
 c66dedc53722 Downloading 2.097MB
 24ae71c6470d Downloading 2.097MB
 90ca4e33e012 Downloading 1.049MB
 21b1510e6796 Downloading 2.097MB
 c66dedc53722 Downloading 2.097MB
 24ae71c6470d Downloading 2.097MB
 26c307b5e35a Downloading 3.146MB
 26c307b5e35a Downloading 3.146MB
 90ca4e33e012 Downloading 1.049MB
 21b1510e6796 Downloading 2.097MB
 c66dedc53722 Downloading 2.097MB
 24ae71c6470d Downloading 2.097MB
 24ae71c6470d Downloading 2.097MB
 26c307b5e35a Downloading 3.146MB
 90ca4e33e012 Downloading 1.049MB
 21b1510e6796 Downloading 2.097MB
 c66dedc53722 Downloading 2.097MB
 21b1510e6796 Downloading 2.097MB
 c66dedc53722 Downloading 2.097MB
 24ae71c6470d Downloading 2.097MB
 26c307b5e35a Downloading 3.146MB
 90ca4e33e012 Downloading 1.049MB
 21b1510e6796 Downloading 2.097MB
 c66dedc53722 Downloading 2.097MB
 24ae71c6470d Downloading 2.097MB
 26c307b5e35a Downloading 3.146MB
 90ca4e33e012 Downloading 2.097MB
 c66dedc53722 Downloading 2.097MB
 24ae71c6470d Downloading 2.097MB
 26c307b5e35a Downloading 3.146MB
 90ca4e33e012 Downloading 2.097MB
 21b1510e6796 Downloading 2.097MB
 90ca4e33e012 Downloading 2.097MB
 21b1510e6796 Downloading 2.097MB
 c66dedc53722 Downloading 2.097MB
 24ae71c6470d Downloading 2.097MB
 26c307b5e35a Downloading 3.146MB
 90ca4e33e012 Downloading 2.097MB
 21b1510e6796 Downloading 2.097MB
 c66dedc53722 Downloading 2.097MB
 24ae71c6470d Downloading 2.097MB
 26c307b5e35a Downloading 3.146MB
 26c307b5e35a Downloading 3.146MB
 90ca4e33e012 Downloading 2.097MB
 21b1510e6796 Downloading 2.097MB
 c66dedc53722 Downloading 3.146MB
 24ae71c6470d Downloading 2.097MB
 26c307b5e35a Downloading 3.146MB
 90ca4e33e012 Downloading 2.097MB
 21b1510e6796 Downloading 2.097MB
 c66dedc53722 Downloading 3.146MB
 24ae71c6470d Downloading 2.097MB
 24ae71c6470d Downloading 2.097MB
 26c307b5e35a Downloading 3.146MB
 90ca4e33e012 Downloading 2.097MB
 21b1510e6796 Downloading 3.146MB
 c66dedc53722 Downloading 3.146MB
 26c307b5e35a Downloading 3.146MB
 90ca4e33e012 Downloading 2.097MB
 21b1510e6796 Downloading 3.146MB
 c66dedc53722 Downloading 3.146MB
 24ae71c6470d Downloading 2.097MB
 26c307b5e35a Downloading 4.194MB
 90ca4e33e012 Downloading 2.097MB
 21b1510e6796 Downloading 3.146MB
 c66dedc53722 Downloading 3.146MB
 24ae71c6470d Downloading 2.097MB
 24ae71c6470d Downloading 2.097MB
 26c307b5e35a Downloading 4.194MB
 90ca4e33e012 Downloading 2.097MB
 21b1510e6796 Downloading 3.146MB
 c66dedc53722 Downloading 3.146MB
 90ca4e33e012 Downloading 2.097MB
 21b1510e6796 Downloading 3.146MB
 c66dedc53722 Downloading 3.146MB
 24ae71c6470d Downloading 2.097MB
 26c307b5e35a Downloading 4.194MB
 26c307b5e35a Downloading 4.194MB
 90ca4e33e012 Downloading 2.097MB
 21b1510e6796 Downloading 3.146MB
 c66dedc53722 Downloading 3.146MB
 24ae71c6470d Downloading 2.097MB
 90ca4e33e012 Downloading 2.097MB
 21b1510e6796 Downloading 3.146MB
 c66dedc53722 Downloading 3.146MB
 24ae71c6470d Downloading 2.097MB
 26c307b5e35a Downloading 4.194MB
 21b1510e6796 Downloading 3.146MB
 c66dedc53722 Downloading 3.146MB
 24ae71c6470d Downloading 2.097MB
 26c307b5e35a Downloading 4.194MB
 90ca4e33e012 Downloading 2.097MB
 26c307b5e35a Downloading 4.194MB
 90ca4e33e012 Downloading 2.097MB
 21b1510e6796 Downloading 3.146MB
 c66dedc53722 Downloading 3.146MB
 24ae71c6470d Downloading 3.146MB
 26c307b5e35a Downloading 4.194MB
 90ca4e33e012 Downloading 2.097MB
 21b1510e6796 Downloading 3.146MB
 c66dedc53722 Downloading 3.146MB
 24ae71c6470d Downloading 3.146MB
 21b1510e6796 Downloading 3.146MB
 c66dedc53722 Downloading 3.146MB
 24ae71c6470d Downloading 3.146MB
 26c307b5e35a Downloading 4.194MB
 90ca4e33e012 Downloading 2.097MB
 24ae71c6470d Downloading 3.146MB
 26c307b5e35a Downloading 4.194MB
 90ca4e33e012 Downloading 2.097MB
 21b1510e6796 Downloading 3.146MB
 c66dedc53722 Downloading 3.146MB
 21b1510e6796 Downloading 3.146MB
 c66dedc53722 Downloading 3.146MB
 24ae71c6470d Downloading 3.146MB
 26c307b5e35a Downloading 4.194MB
 90ca4e33e012 Downloading 2.097MB
 90ca4e33e012 Downloading 2.097MB
 21b1510e6796 Downloading 4.194MB
 c66dedc53722 Downloading 3.146MB
 24ae71c6470d Downloading 3.146MB
 26c307b5e35a Downloading 4.194MB
 26c307b5e35a Downloading 4.194MB
 90ca4e33e012 Downloading 2.097MB
 21b1510e6796 Downloading 4.194MB
 c66dedc53722 Downloading 3.146MB
 24ae71c6470d Downloading 3.146MB
 26c307b5e35a Downloading 4.194MB
 90ca4e33e012 Downloading 3.146MB
 21b1510e6796 Downloading 4.194MB
 c66dedc53722 Downloading 3.146MB
 24ae71c6470d Downloading 3.146MB
 90ca4e33e012 Downloading 3.146MB
 21b1510e6796 Downloading 4.194MB
 c66dedc53722 Downloading 3.146MB
 24ae71c6470d Downloading 3.146MB
 26c307b5e35a Downloading 4.194MB
 90ca4e33e012 Downloading 3.146MB
 21b1510e6796 Downloading 4.194MB
 c66dedc53722 Downloading 3.146MB
 24ae71c6470d Downloading 3.146MB
 26c307b5e35a Downloading 5.243MB
 90ca4e33e012 Downloading 3.146MB
 21b1510e6796 Downloading 4.194MB
 c66dedc53722 Downloading 4.194MB
 24ae71c6470d Downloading 3.146MB
 26c307b5e35a Downloading 5.243MB
 21b1510e6796 Downloading 4.194MB
 c66dedc53722 Downloading 4.194MB
 24ae71c6470d Downloading 3.146MB
 26c307b5e35a Downloading 5.243MB
 90ca4e33e012 Downloading 3.146MB
 26c307b5e35a Downloading 5.243MB
 90ca4e33e012 Downloading 3.146MB
 21b1510e6796 Downloading 4.194MB
 c66dedc53722 Downloading 4.194MB
 24ae71c6470d Downloading 3.146MB
 21b1510e6796 Downloading 4.194MB
 c66dedc53722 Downloading 4.194MB
 24ae71c6470d Downloading 3.146MB
 26c307b5e35a Downloading 5.243MB
 90ca4e33e012 Downloading 3.146MB
 90ca4e33e012 Downloading 3.146MB
 21b1510e6796 Downloading 4.194MB
 c66dedc53722 Downloading 4.194MB
 24ae71c6470d Downloading 3.146MB
 26c307b5e35a Downloading 5.243MB
 21b1510e6796 Downloading 4.194MB
 c66dedc53722 Downloading 4.194MB
 24ae71c6470d Downloading 3.146MB
 26c307b5e35a Downloading 5.243MB
 90ca4e33e012 Downloading 3.146MB
 21b1510e6796 Downloading 4.194MB
 c66dedc53722 Downloading 4.194MB
 24ae71c6470d Downloading 3.146MB
 26c307b5e35a Downloading 5.243MB
 90ca4e33e012 Downloading 3.146MB
 26c307b5e35a Downloading 5.243MB
 90ca4e33e012 Downloading 3.146MB
 21b1510e6796 Downloading 4.194MB
 c66dedc53722 Downloading 4.194MB
 24ae71c6470d Downloading 3.146MB
 21b1510e6796 Downloading 4.194MB
 c66dedc53722 Downloading 4.194MB
 24ae71c6470d Downloading 3.146MB
 26c307b5e35a Downloading 5.243MB
 90ca4e33e012 Downloading 3.146MB
 24ae71c6470d Downloading 4.194MB
 26c307b5e35a Downloading 5.243MB
 90ca4e33e012 Downloading 3.146MB
 21b1510e6796 Downloading 4.194MB
 c66dedc53722 Downloading 4.194MB
 90ca4e33e012 Downloading 3.146MB
 21b1510e6796 Downloading 4.194MB
 c66dedc53722 Downloading 4.194MB
 24ae71c6470d Downloading 4.194MB
 26c307b5e35a Downloading 5.243MB
 24ae71c6470d Downloading 4.194MB
 26c307b5e35a Downloading 5.243MB
 90ca4e33e012 Downloading 3.146MB
 21b1510e6796 Downloading 4.194MB
 c66dedc53722 Downloading 4.194MB
 26c307b5e35a Downloading 5.243MB
 90ca4e33e012 Downloading 3.146MB
 21b1510e6796 Downloading 4.194MB
 c66dedc53722 Downloading 4.194MB
 24ae71c6470d Downloading 4.194MB
 90ca4e33e012 Downloading 3.146MB
 21b1510e6796 Downloading 4.194MB
 c66dedc53722 Downloading 4.194MB
 24ae71c6470d Downloading 4.194MB
 26c307b5e35a Downloading 5.243MB
 26c307b5e35a Downloading 5.243MB
 90ca4e33e012 Downloading 3.146MB
 21b1510e6796 Downloading 5.243MB
 c66dedc53722 Downloading 4.194MB
 24ae71c6470d Downloading 4.194MB
 90ca4e33e012 Downloading 3.146MB
 21b1510e6796 Downloading 5.243MB
 c66dedc53722 Downloading 4.194MB
 24ae71c6470d Downloading 4.194MB
 26c307b5e35a Downloading 5.243MB
 21b1510e6796 Downloading 5.243MB
 c66dedc53722 Downloading 4.194MB
 24ae71c6470d Downloading 4.194MB
 26c307b5e35a Downloading 5.243MB
 90ca4e33e012 Downloading 3.146MB
 26c307b5e35a Downloading 5.243MB
 90ca4e33e012 Downloading 3.146MB
 21b1510e6796 Downloading 5.243MB
 c66dedc53722 Downloading 4.194MB
 24ae71c6470d Downloading 4.194MB
 24ae71c6470d Downloading 4.194MB
 26c307b5e35a Downloading 5.243MB
 90ca4e33e012 Downloading 3.146MB
 21b1510e6796 Downloading 5.243MB
 c66dedc53722 Downloading 4.194MB
 24ae71c6470d Downloading 4.194MB
 26c307b5e35a Downloading 5.243MB
 90ca4e33e012 Downloading 3.146MB
 21b1510e6796 Downloading 5.243MB
 c66dedc53722 Downloading 4.194MB
 90ca4e33e012 Downloading 4.194MB
 21b1510e6796 Downloading 5.243MB
 c66dedc53722 Downloading 4.194MB
 24ae71c6470d Downloading 4.194MB
 26c307b5e35a Downloading 5.243MB
 90ca4e33e012 Downloading 4.194MB
 21b1510e6796 Downloading 5.243MB
 c66dedc53722 Downloading 4.194MB
 24ae71c6470d Downloading 4.194MB
 26c307b5e35a Downloading 5.243MB
 21b1510e6796 Downloading 5.243MB
 c66dedc53722 Downloading 4.194MB
 24ae71c6470d Downloading 4.194MB
 26c307b5e35a Downloading 5.243MB
 90ca4e33e012 Downloading 4.194MB
 c66dedc53722 Downloading 4.194MB
 24ae71c6470d Downloading 4.194MB
 26c307b5e35a Downloading 5.243MB
 90ca4e33e012 Downloading 4.194MB
 21b1510e6796 Downloading 5.243MB
 c66dedc53722 Downloading 5.243MB
 24ae71c6470d Downloading 4.194MB
 26c307b5e35a Downloading 6.291MB
 90ca4e33e012 Downloading 4.194MB
 21b1510e6796 Downloading 5.243MB
 26c307b5e35a Downloading 6.291MB
 90ca4e33e012 Downloading 4.194MB
 21b1510e6796 Downloading 5.243MB
 c66dedc53722 Downloading 5.243MB
 24ae71c6470d Downloading 4.194MB
 21b1510e6796 Downloading 5.243MB
 c66dedc53722 Downloading 5.243MB
 24ae71c6470d Downloading 4.194MB
 26c307b5e35a Downloading 6.291MB
 90ca4e33e012 Downloading 4.194MB
 21b1510e6796 Downloading 5.243MB
 c66dedc53722 Downloading 5.243MB
 24ae71c6470d Downloading 4.194MB
 26c307b5e35a Downloading 6.291MB
 90ca4e33e012 Downloading 4.194MB
 21b1510e6796 Downloading 5.243MB
 c66dedc53722 Downloading 5.243MB
 24ae71c6470d Downloading 4.194MB
 26c307b5e35a Downloading 6.291MB
 90ca4e33e012 Downloading 4.194MB
 c66dedc53722 Downloading 5.243MB
 24ae71c6470d Downloading 4.194MB
 26c307b5e35a Downloading 6.291MB
 90ca4e33e012 Downloading 4.194MB
 21b1510e6796 Downloading 5.243MB
 24ae71c6470d Downloading 4.194MB
 26c307b5e35a Downloading 6.291MB
 90ca4e33e012 Downloading 4.194MB
 21b1510e6796 Downloading 5.243MB
 c66dedc53722 Downloading 5.243MB
 21b1510e6796 Downloading 5.243MB
 c66dedc53722 Downloading 5.243MB
 24ae71c6470d Downloading 4.194MB
 26c307b5e35a Downloading 6.291MB
 90ca4e33e012 Downloading 4.194MB
 24ae71c6470d Downloading 4.194MB
 26c307b5e35a Downloading 6.291MB
 90ca4e33e012 Downloading 4.194MB
 21b1510e6796 Downloading 5.243MB
 c66dedc53722 Downloading 5.243MB
 21b1510e6796 Downloading 5.243MB
 c66dedc53722 Downloading 5.243MB
 24ae71c6470d Downloading 4.194MB
 26c307b5e35a Downloading 6.291MB
 90ca4e33e012 Downloading 4.194MB
 21b1510e6796 Downloading 5.243MB
 c66dedc53722 Downloading 5.243MB
 24ae71c6470d Downloading 4.194MB
 26c307b5e35a Downloading 6.291MB
 90ca4e33e012 Downloading 4.194MB
 21b1510e6796 Downloading 5.243MB
 c66dedc53722 Downloading 5.243MB
 24ae71c6470d Downloading 4.194MB
 26c307b5e35a Downloading 6.291MB
 90ca4e33e012 Downloading 4.194MB
 26c307b5e35a Downloading 6.291MB
 90ca4e33e012 Downloading 4.194MB
 21b1510e6796 Downloading 5.243MB
 c66dedc53722 Downloading 5.243MB
 24ae71c6470d Downloading 4.194MB
 c66dedc53722 Downloading 5.243MB
 24ae71c6470d Downloading 4.194MB
 26c307b5e35a Downloading 6.291MB
 90ca4e33e012 Downloading 4.194MB
 21b1510e6796 Downloading 5.243MB
 21b1510e6796 Downloading 5.243MB
 c66dedc53722 Downloading 5.243MB
 24ae71c6470d Downloading 4.194MB
 26c307b5e35a Downloading 6.291MB
 90ca4e33e012 Downloading 4.194MB
 26c307b5e35a Downloading 6.291MB
 90ca4e33e012 Downloading 4.194MB
 21b1510e6796 Downloading 5.243MB
 c66dedc53722 Downloading 5.243MB
 24ae71c6470d Downloading 5.243MB
 21b1510e6796 Downloading 5.243MB
 c66dedc53722 Downloading 5.243MB
 24ae71c6470d Downloading 5.243MB
 26c307b5e35a Downloading 6.291MB
 90ca4e33e012 Downloading 4.194MB
 26c307b5e35a Downloading 6.291MB
 90ca4e33e012 Downloading 4.194MB
 21b1510e6796 Downloading 5.243MB
 c66dedc53722 Downloading 5.243MB
 24ae71c6470d Downloading 5.243MB
 21b1510e6796 Downloading 5.243MB
 c66dedc53722 Downloading 5.243MB
 24ae71c6470d Downloading 5.243MB
 26c307b5e35a Downloading 6.291MB
 90ca4e33e012 Downloading 4.194MB
 21b1510e6796 Downloading 6.291MB
 c66dedc53722 Downloading 5.243MB
 24ae71c6470d Downloading 5.243MB
 26c307b5e35a Downloading 6.291MB
 90ca4e33e012 Downloading 4.194MB
 21b1510e6796 Download complete 0B
 c66dedc53722 Downloading 5.243MB
 24ae71c6470d Downloading 5.243MB
 26c307b5e35a Downloading 6.291MB
 90ca4e33e012 Downloading 4.194MB
 c66dedc53722 Downloading 5.243MB
 24ae71c6470d Downloading 5.243MB
 26c307b5e35a Downloading 6.291MB
 90ca4e33e012 Downloading 4.194MB
 24ae71c6470d Downloading 5.243MB
 26c307b5e35a Downloading 6.291MB
 90ca4e33e012 Downloading 4.194MB
 c66dedc53722 Downloading 5.243MB
 90ca4e33e012 Downloading 4.194MB
 c66dedc53722 Downloading 5.243MB
 24ae71c6470d Downloading 5.243MB
 26c307b5e35a Downloading 6.291MB
 90ca4e33e012 Downloading 4.194MB
 c66dedc53722 Downloading 5.243MB
 24ae71c6470d Downloading 5.243MB
 26c307b5e35a Downloading 6.291MB
 90ca4e33e012 Downloading 4.194MB
 c66dedc53722 Downloading 5.243MB
 24ae71c6470d Downloading 5.243MB
 26c307b5e35a Downloading 6.291MB
 c66dedc53722 Downloading 5.243MB
 24ae71c6470d Downloading 5.243MB
 26c307b5e35a Downloading 6.291MB
 90ca4e33e012 Downloading 5.243MB
 26c307b5e35a Downloading 6.291MB
 90ca4e33e012 Downloading 5.243MB
 c66dedc53722 Downloading 5.243MB
 24ae71c6470d Downloading 5.243MB
 c66dedc53722 Downloading 6.291MB
 24ae71c6470d Downloading 5.243MB
 26c307b5e35a Downloading 7.34MB
 90ca4e33e012 Downloading 5.243MB
 26c307b5e35a Downloading 7.34MB
 90ca4e33e012 Downloading 5.243MB
 c66dedc53722 Downloading 6.291MB
 24ae71c6470d Downloading 5.243MB
 c66dedc53722 Downloading 6.291MB
 24ae71c6470d Downloading 5.243MB
 26c307b5e35a Downloading 7.34MB
 90ca4e33e012 Downloading 5.243MB
 26c307b5e35a Downloading 7.34MB
 90ca4e33e012 Downloading 5.243MB
 c66dedc53722 Downloading 6.291MB
 24ae71c6470d Downloading 5.243MB
 26c307b5e35a Downloading 7.34MB
 90ca4e33e012 Download complete 0B
 c66dedc53722 Downloading 6.291MB
 24ae71c6470d Downloading 6.291MB
 c66dedc53722 Downloading 6.291MB
 24ae71c6470d Downloading 6.291MB
 26c307b5e35a Downloading 7.34MB
 24ae71c6470d Downloading 6.291MB
 26c307b5e35a Downloading 7.34MB
 c66dedc53722 Downloading 6.291MB
 c66dedc53722 Downloading 6.291MB
 24ae71c6470d Downloading 6.291MB
 26c307b5e35a Downloading 7.34MB
 c66dedc53722 Downloading 6.291MB
 24ae71c6470d Downloading 6.291MB
 26c307b5e35a Downloading 8.389MB
 26c307b5e35a Downloading 8.389MB
 c66dedc53722 Downloading 6.291MB
 24ae71c6470d Downloading 6.291MB
 c66dedc53722 Downloading 7.34MB
 24ae71c6470d Downloading 6.291MB
 26c307b5e35a Downloading 8.389MB
 26c307b5e35a Downloading 8.389MB
 c66dedc53722 Downloading 7.34MB
 24ae71c6470d Downloading 6.291MB
 c66dedc53722 Downloading 7.34MB
 24ae71c6470d Downloading 7.34MB
 26c307b5e35a Downloading 8.389MB
 c66dedc53722 Downloading 7.34MB
 24ae71c6470d Downloading 7.34MB
 26c307b5e35a Downloading 8.389MB
 26c307b5e35a Downloading 8.389MB
 c66dedc53722 Downloading 7.34MB
 24ae71c6470d Downloading 7.34MB
 c66dedc53722 Downloading 8.204MB
 24ae71c6470d Downloading 7.34MB
 26c307b5e35a Downloading 9.437MB
 c66dedc53722 Download complete 0B
 24ae71c6470d Downloading 7.34MB
 26c307b5e35a Downloading 9.437MB
 24ae71c6470d Downloading 7.34MB
 26c307b5e35a Downloading 9.437MB
 26c307b5e35a Downloading 9.437MB
 24ae71c6470d Downloading 7.34MB
 24ae71c6470d Downloading 7.34MB
 26c307b5e35a Downloading 9.437MB
 24ae71c6470d Downloading 7.34MB
 26c307b5e35a Downloading 9.437MB
 24ae71c6470d Downloading 8.389MB
 26c307b5e35a Downloading 9.437MB
 26c307b5e35a Downloading 9.437MB
 24ae71c6470d Downloading 8.389MB
 26c307b5e35a Downloading 9.437MB
 24ae71c6470d Downloading 8.389MB
 26c307b5e35a Downloading 10.49MB
 24ae71c6470d Downloading 8.389MB
 26c307b5e35a Downloading 10.49MB
 24ae71c6470d Downloading 8.389MB
 24ae71c6470d Downloading 8.389MB
 26c307b5e35a Downloading 10.49MB
 24ae71c6470d Downloading 8.389MB
 26c307b5e35a Downloading 10.49MB
 24ae71c6470d Downloading 8.389MB
 26c307b5e35a Downloading 10.49MB
 24ae71c6470d Downloading 9.437MB
 26c307b5e35a Downloading 10.49MB
 24ae71c6470d Downloading 9.437MB
 26c307b5e35a Downloading 10.49MB
 26c307b5e35a Downloading 11.53MB
 24ae71c6470d Downloading 9.437MB
 24ae71c6470d Downloading 9.437MB
 26c307b5e35a Downloading 11.53MB
 24ae71c6470d Downloading 9.437MB
 26c307b5e35a Downloading 11.53MB
 26c307b5e35a Downloading 11.53MB
 24ae71c6470d Downloading 9.437MB
 24ae71c6470d Downloading 9.437MB
 26c307b5e35a Downloading 11.53MB
 24ae71c6470d Downloading 9.437MB
 26c307b5e35a Downloading 11.53MB
 24ae71c6470d Downloading 10.49MB
 26c307b5e35a Downloading 11.53MB
 24ae71c6470d Downloading 10.49MB
 26c307b5e35a Downloading 12.58MB
 24ae71c6470d Downloading 10.49MB
 26c307b5e35a Downloading 12.58MB
 24ae71c6470d Downloading 10.49MB
 26c307b5e35a Downloading 12.58MB
 24ae71c6470d Downloading 10.49MB
 26c307b5e35a Downloading 12.58MB
 26c307b5e35a Downloading 13.63MB
 24ae71c6470d Downloading 11.53MB
 26c307b5e35a Downloading 13.63MB
 24ae71c6470d Downloading 11.53MB
 24ae71c6470d Downloading 11.53MB
 26c307b5e35a Downloading 13.63MB
 24ae71c6470d Downloading 11.53MB
 26c307b5e35a Downloading 13.63MB
 24ae71c6470d Downloading 11.53MB
 26c307b5e35a Downloading 13.63MB
 26c307b5e35a Downloading 13.63MB
 24ae71c6470d Downloading 11.53MB
 24ae71c6470d Downloading 11.53MB
 26c307b5e35a Downloading 13.63MB
 24ae71c6470d Downloading 11.53MB
 26c307b5e35a Downloading 13.63MB
 24ae71c6470d Downloading 11.53MB
 26c307b5e35a Downloading 13.63MB
 24ae71c6470d Downloading 11.53MB
 26c307b5e35a Downloading 14.68MB
 24ae71c6470d Downloading 12.58MB
 26c307b5e35a Downloading 14.68MB
 24ae71c6470d Downloading 12.58MB
 26c307b5e35a Downloading 14.68MB
 24ae71c6470d Downloading 12.58MB
 26c307b5e35a Downloading 14.68MB
 24ae71c6470d Downloading 12.58MB
 26c307b5e35a Downloading 14.68MB
 26c307b5e35a Downloading 14.68MB
 24ae71c6470d Downloading 12.58MB
 24ae71c6470d Downloading 12.58MB
 26c307b5e35a Downloading 14.68MB
 26c307b5e35a Downloading 15.73MB
 24ae71c6470d Downloading 12.58MB
 24ae71c6470d Downloading 12.58MB
 26c307b5e35a Downloading 15.73MB
 24ae71c6470d Downloading 12.58MB
 26c307b5e35a Downloading 15.73MB
 24ae71c6470d Downloading 13.63MB
 26c307b5e35a Downloading 15.73MB
 24ae71c6470d Downloading 13.63MB
 26c307b5e35a Downloading 15.73MB
 24ae71c6470d Downloading 13.63MB
 26c307b5e35a Downloading 15.73MB
 26c307b5e35a Downloading 16.78MB
 24ae71c6470d Downloading 13.63MB
 24ae71c6470d Downloading 13.63MB
 26c307b5e35a Downloading 16.78MB
 26c307b5e35a Downloading 16.78MB
 24ae71c6470d Downloading 13.63MB
 24ae71c6470d Downloading 14.68MB
 26c307b5e35a Downloading 16.78MB
 24ae71c6470d Downloading 14.68MB
 26c307b5e35a Downloading 17.83MB
 24ae71c6470d Downloading 14.68MB
 26c307b5e35a Downloading 17.83MB
 24ae71c6470d Downloading 14.68MB
 26c307b5e35a Downloading 18.87MB
 24ae71c6470d Downloading 14.68MB
 26c307b5e35a Downloading 18.87MB
 26c307b5e35a Downloading 19.92MB
 24ae71c6470d Downloading 15.73MB
 24ae71c6470d Downloading 15.73MB
 26c307b5e35a Downloading 19.92MB
 26c307b5e35a Downloading 19.92MB
 24ae71c6470d Downloading 15.73MB
 26c307b5e35a Downloading 19.92MB
 24ae71c6470d Downloading 15.73MB
 24ae71c6470d Downloading 15.73MB
 26c307b5e35a Downloading 19.92MB
 24ae71c6470d Downloading 15.73MB
 26c307b5e35a Downloading 20.97MB
 24ae71c6470d Downloading 16.78MB
 26c307b5e35a Downloading 20.97MB
 24ae71c6470d Downloading 16.78MB
 26c307b5e35a Downloading 20.97MB
 26c307b5e35a Downloading 20.97MB
 24ae71c6470d Downloading 16.78MB
 26c307b5e35a Downloading 20.97MB
 24ae71c6470d Downloading 16.78MB
 26c307b5e35a Downloading 22.02MB
 24ae71c6470d Downloading 16.78MB
 24ae71c6470d Downloading 16.78MB
 26c307b5e35a Downloading 22.02MB
 24ae71c6470d Downloading 16.78MB
 26c307b5e35a Downloading 22.02MB
 24ae71c6470d Downloading 17.83MB
 26c307b5e35a Downloading 22.02MB
 24ae71c6470d Downloading 17.83MB
 26c307b5e35a Downloading 23.07MB
 24ae71c6470d Downloading 17.83MB
 26c307b5e35a Downloading 23.07MB
 24ae71c6470d Downloading 17.83MB
 26c307b5e35a Downloading 23.07MB
 24ae71c6470d Downloading 18.87MB
 26c307b5e35a Downloading 24.12MB
 26c307b5e35a Downloading 24.12MB
 24ae71c6470d Downloading 18.87MB
 24ae71c6470d Downloading 18.87MB
 26c307b5e35a Downloading 24.12MB
 24ae71c6470d Downloading 18.87MB
 26c307b5e35a Downloading 24.12MB
 26c307b5e35a Downloading 25.17MB
 24ae71c6470d Downloading 18.87MB
 24ae71c6470d Downloading 19.92MB
 26c307b5e35a Downloading 25.17MB
 24ae71c6470d Downloading 19.92MB
 26c307b5e35a Downloading 25.17MB
 26c307b5e35a Downloading 25.17MB
 24ae71c6470d Downloading 19.92MB
 24ae71c6470d Downloading 19.92MB
 26c307b5e35a Downloading 26.21MB
 26c307b5e35a Downloading 26.21MB
 24ae71c6470d Downloading 20.97MB
 24ae71c6470d Downloading 20.97MB
 26c307b5e35a Downloading 26.21MB
 24ae71c6470d Downloading 20.97MB
 26c307b5e35a Downloading 26.21MB
 24ae71c6470d Downloading 20.97MB
 26c307b5e35a Downloading 26.21MB
 24ae71c6470d Downloading 20.97MB
 26c307b5e35a Downloading 26.21MB
 24ae71c6470d Downloading 20.97MB
 26c307b5e35a Downloading 27.26MB
 24ae71c6470d Downloading 20.97MB
 26c307b5e35a Downloading 27.26MB
 24ae71c6470d Downloading 22.02MB
 26c307b5e35a Downloading 27.26MB
 24ae71c6470d Downloading 22.02MB
 26c307b5e35a Downloading 27.26MB
 26c307b5e35a Downloading 27.26MB
 24ae71c6470d Downloading 22.02MB
 24ae71c6470d Downloading 22.02MB
 26c307b5e35a Downloading 27.26MB
 24ae71c6470d Downloading 22.02MB
 26c307b5e35a Downloading 27.26MB
 26c307b5e35a Downloading 28.31MB
 24ae71c6470d Downloading 22.02MB
 24ae71c6470d Downloading 22.02MB
 26c307b5e35a Downloading 28.31MB
 24ae71c6470d Downloading 22.02MB
 26c307b5e35a Downloading 28.31MB
 26c307b5e35a Downloading 28.31MB
 24ae71c6470d Downloading 23.07MB
 24ae71c6470d Downloading 23.07MB
 26c307b5e35a Downloading 28.31MB
 26c307b5e35a Downloading 28.31MB
 24ae71c6470d Downloading 23.07MB
 26c307b5e35a Downloading 28.31MB
 24ae71c6470d Downloading 23.07MB
 26c307b5e35a Downloading 28.31MB
 24ae71c6470d Downloading 23.07MB
 24ae71c6470d Downloading 23.07MB
 26c307b5e35a Downloading 28.31MB
 24ae71c6470d Downloading 23.07MB
 26c307b5e35a Downloading 28.31MB
 24ae71c6470d Downloading 23.07MB
 26c307b5e35a Downloading 29.36MB
 26c307b5e35a Downloading 29.36MB
 24ae71c6470d Downloading 23.07MB
 24ae71c6470d Downloading 23.07MB
 26c307b5e35a Downloading 29.36MB
 24ae71c6470d Downloading 23.07MB
 26c307b5e35a Downloading 29.36MB
 24ae71c6470d Downloading 23.07MB
 26c307b5e35a Downloading 29.36MB
 24ae71c6470d Downloading 24.12MB
 26c307b5e35a Downloading 29.78MB
 24ae71c6470d Downloading 24.12MB
 26c307b5e35a Download complete 0B
 26c307b5e35a Extracting 1B
 24ae71c6470d Downloading 24.12MB
 26c307b5e35a Extracting 1B
 24ae71c6470d Downloading 24.12MB
 26c307b5e35a Extracting 1B
 24ae71c6470d Downloading 24.12MB
 26c307b5e35a Extracting 1B
 24ae71c6470d Downloading 24.12MB
 26c307b5e35a Extracting 1B
 24ae71c6470d Downloading 24.12MB
 26c307b5e35a Extracting 1B
 24ae71c6470d Downloading 24.12MB
 26c307b5e35a Extracting 1B
 24ae71c6470d Downloading 25.17MB
 26c307b5e35a Extracting 1B
 24ae71c6470d Downloading 25.17MB
 26c307b5e35a Extracting 1B
 24ae71c6470d Downloading 25.17MB
 26c307b5e35a Extracting 1B
 24ae71c6470d Downloading 25.17MB
 26c307b5e35a Extracting 1B
 24ae71c6470d Downloading 25.17MB
 26c307b5e35a Extracting 2B
 24ae71c6470d Downloading 25.17MB
 26c307b5e35a Extracting 2B
 24ae71c6470d Downloading 25.17MB
 26c307b5e35a Extracting 2B
 24ae71c6470d Downloading 26.21MB
 26c307b5e35a Extracting 2B
 24ae71c6470d Downloading 26.21MB
 26c307b5e35a Extracting 2B
 24ae71c6470d Downloading 26.21MB
 26c307b5e35a Extracting 2B
 24ae71c6470d Downloading 26.21MB
 26c307b5e35a Pull complete 0B
 24ae71c6470d Downloading 26.21MB
 bc896de4a313 Pull complete 0B
 21b1510e6796 Extracting 1B
 24ae71c6470d Downloading 27.26MB
 21b1510e6796 Extracting 1B
 24ae71c6470d Downloading 27.26MB
 21b1510e6796 Extracting 1B
 24ae71c6470d Downloading 27.26MB
 1d943b076b0f Extracting 1B
 21b1510e6796 Pull complete 0B
 24ae71c6470d Downloading 27.26MB
 1d943b076b0f Pull complete 0B
 c66dedc53722 Extracting 1B
 24ae71c6470d Downloading 28.31MB
 c66dedc53722 Extracting 1B
 24ae71c6470d Downloading 28.31MB
 c66dedc53722 Extracting 1B
 24ae71c6470d Downloading 28.31MB
 c66dedc53722 Extracting 1B
 24ae71c6470d Downloading 28.31MB
 c66dedc53722 Extracting 1B
 24ae71c6470d Downloading 28.31MB
 6a61619bdfd1 Extracting 1B
 c66dedc53722 Pull complete 0B
 24ae71c6470d Downloading 29.36MB
 0a30060dfa56 Pull complete 0B
 6a61619bdfd1 Pull complete 0B
 24ae71c6470d Downloading 29.36MB
 10e14a8b4766 Pull complete 0B
 24ae71c6470d Downloading 29.36MB
 24ae71c6470d Downloading 30.41MB
 24ae71c6470d Downloading 30.41MB
 24ae71c6470d Downloading 30.41MB
 24ae71c6470d Downloading 31.46MB
 24ae71c6470d Downloading 31.46MB
 24ae71c6470d Downloading 31.46MB
 24ae71c6470d Downloading 32.51MB
 24ae71c6470d Downloading 32.51MB
 24ae71c6470d Downloading 32.51MB
 24ae71c6470d Downloading 33.55MB
 24ae71c6470d Downloading 33.55MB
 24ae71c6470d Downloading 33.55MB
 24ae71c6470d Downloading 34.6MB
 24ae71c6470d Downloading 34.6MB
 24ae71c6470d Downloading 34.6MB
 24ae71c6470d Downloading 35.65MB
 24ae71c6470d Downloading 35.65MB
 24ae71c6470d Downloading 35.65MB
 24ae71c6470d Downloading 35.65MB
 24ae71c6470d Downloading 36.7MB
 24ae71c6470d Downloading 36.7MB
 24ae71c6470d Downloading 36.7MB
 24ae71c6470d Downloading 36.7MB
 24ae71c6470d Downloading 37.75MB
 24ae71c6470d Downloading 37.75MB
 24ae71c6470d Downloading 37.75MB
 24ae71c6470d Downloading 38.8MB
 24ae71c6470d Downloading 38.8MB
 24ae71c6470d Downloading 38.8MB
 24ae71c6470d Downloading 38.8MB
 24ae71c6470d Downloading 38.8MB
 24ae71c6470d Downloading 38.8MB
 24ae71c6470d Downloading 39.85MB
 24ae71c6470d Downloading 39.85MB
 24ae71c6470d Downloading 39.85MB
 24ae71c6470d Downloading 39.85MB
 24ae71c6470d Downloading 40.12MB
 24ae71c6470d Downloading 40.89MB
 24ae71c6470d Downloading 40.89MB
 24ae71c6470d Downloading 41.94MB
 24ae71c6470d Downloading 41.94MB
 24ae71c6470d Downloading 41.94MB
 24ae71c6470d Downloading 41.94MB
 24ae71c6470d Downloading 42.99MB
 24ae71c6470d Downloading 42.99MB
 24ae71c6470d Downloading 42.99MB
 24ae71c6470d Downloading 42.99MB
 24ae71c6470d Downloading 44.04MB
 24ae71c6470d Downloading 44.04MB
 24ae71c6470d Downloading 44.04MB
 24ae71c6470d Downloading 44.04MB
 24ae71c6470d Downloading 45.09MB
 24ae71c6470d Downloading 45.09MB
 24ae71c6470d Downloading 45.09MB
 24ae71c6470d Downloading 45.09MB
 24ae71c6470d Downloading 45.09MB
 24ae71c6470d Downloading 45.09MB
 24ae71c6470d Downloading 46.14MB
 24ae71c6470d Downloading 46.14MB
 24ae71c6470d Downloading 46.14MB
 24ae71c6470d Downloading 46.14MB
 24ae71c6470d Downloading 47.19MB
 24ae71c6470d Downloading 47.19MB
 24ae71c6470d Downloading 47.19MB
 24ae71c6470d Downloading 47.19MB
 24ae71c6470d Downloading 48.23MB
 24ae71c6470d Downloading 48.23MB
 24ae71c6470d Downloading 48.23MB
 24ae71c6470d Downloading 48.23MB
 24ae71c6470d Downloading 49.28MB
 24ae71c6470d Downloading 49.28MB
 24ae71c6470d Downloading 49.28MB
 24ae71c6470d Downloading 49.28MB
 24ae71c6470d Downloading 49.28MB
 24ae71c6470d Downloading 49.28MB
 24ae71c6470d Downloading 49.28MB
 24ae71c6470d Downloading 49.28MB
 24ae71c6470d Downloading 49.28MB
 24ae71c6470d Downloading 49.28MB
 24ae71c6470d Downloading 49.28MB
 24ae71c6470d Downloading 50.33MB
 24ae71c6470d Downloading 50.33MB
 24ae71c6470d Downloading 50.33MB
 24ae71c6470d Downloading 50.33MB
 24ae71c6470d Downloading 51.38MB
 24ae71c6470d Downloading 51.38MB
 24ae71c6470d Downloading 51.38MB
 24ae71c6470d Downloading 51.38MB
 24ae71c6470d Downloading 52.43MB
 24ae71c6470d Downloading 52.43MB
 24ae71c6470d Downloading 52.43MB
 24ae71c6470d Downloading 52.43MB
 24ae71c6470d Downloading 53.48MB
 24ae71c6470d Downloading 53.48MB
 24ae71c6470d Downloading 53.48MB
 24ae71c6470d Downloading 53.48MB
 24ae71c6470d Downloading 53.48MB
 24ae71c6470d Downloading 54.53MB
 24ae71c6470d Downloading 54.53MB
 24ae71c6470d Downloading 54.53MB
 24ae71c6470d Downloading 54.53MB
 24ae71c6470d Downloading 55.57MB
 24ae71c6470d Downloading 55.57MB
 24ae71c6470d Downloading 55.57MB
 24ae71c6470d Downloading 55.57MB
 24ae71c6470d Downloading 56.62MB
 24ae71c6470d Downloading 56.62MB
 24ae71c6470d Downloading 56.62MB
 24ae71c6470d Downloading 56.62MB
 24ae71c6470d Downloading 57.67MB
 24ae71c6470d Downloading 57.67MB
 24ae71c6470d Downloading 57.67MB
 24ae71c6470d Downloading 57.67MB
 24ae71c6470d Downloading 57.67MB
 24ae71c6470d Downloading 58.72MB
 24ae71c6470d Downloading 58.72MB
 24ae71c6470d Downloading 58.72MB
 24ae71c6470d Downloading 58.72MB
 24ae71c6470d Downloading 58.72MB
 24ae71c6470d Downloading 58.72MB
 24ae71c6470d Downloading 58.72MB
 24ae71c6470d Downloading 59.77MB
 24ae71c6470d Downloading 59.77MB
 24ae71c6470d Downloading 59.77MB
 24ae71c6470d Downloading 59.77MB
 24ae71c6470d Downloading 60.82MB
 24ae71c6470d Downloading 60.82MB
 24ae71c6470d Downloading 60.82MB
 24ae71c6470d Downloading 60.82MB
 24ae71c6470d Downloading 60.82MB
 24ae71c6470d Downloading 60.82MB
 24ae71c6470d Downloading 60.82MB
 24ae71c6470d Downloading 60.82MB
 24ae71c6470d Downloading 60.82MB
 24ae71c6470d Downloading 60.82MB
 24ae71c6470d Downloading 60.82MB
 24ae71c6470d Downloading 60.82MB
 24ae71c6470d Downloading 60.82MB
 24ae71c6470d Downloading 60.82MB
 24ae71c6470d Downloading 60.82MB
 24ae71c6470d Downloading 60.82MB
 24ae71c6470d Downloading 61.87MB
 24ae71c6470d Downloading 61.87MB
 24ae71c6470d Downloading 61.87MB
 24ae71c6470d Downloading 61.87MB
 24ae71c6470d Downloading 61.87MB
 24ae71c6470d Downloading 61.87MB
 24ae71c6470d Downloading 61.87MB
 24ae71c6470d Downloading 61.87MB
 24ae71c6470d Downloading 61.87MB
 24ae71c6470d Downloading 61.87MB
 24ae71c6470d Downloading 61.87MB
 24ae71c6470d Downloading 61.87MB
 24ae71c6470d Downloading 62.91MB
 24ae71c6470d Downloading 62.91MB
 24ae71c6470d Downloading 62.91MB
 24ae71c6470d Downloading 62.91MB
 24ae71c6470d Downloading 62.91MB
 24ae71c6470d Downloading 62.91MB
 24ae71c6470d Downloading 62.91MB
 24ae71c6470d Downloading 62.91MB
 24ae71c6470d Downloading 62.91MB
 24ae71c6470d Downloading 62.91MB
 24ae71c6470d Downloading 63.96MB
 24ae71c6470d Downloading 63.96MB
 24ae71c6470d Downloading 63.96MB
 24ae71c6470d Downloading 63.96MB
 24ae71c6470d Downloading 63.96MB
 24ae71c6470d Downloading 63.96MB
 24ae71c6470d Downloading 63.96MB
 24ae71c6470d Downloading 65.01MB
 24ae71c6470d Downloading 65.01MB
 24ae71c6470d Downloading 65.01MB
 24ae71c6470d Downloading 65.01MB
 24ae71c6470d Downloading 65.01MB
 24ae71c6470d Downloading 65.01MB
 24ae71c6470d Downloading 65.01MB
 24ae71c6470d Downloading 65.01MB
 24ae71c6470d Downloading 65.01MB
 24ae71c6470d Downloading 66.06MB
 24ae71c6470d Downloading 66.06MB
 24ae71c6470d Downloading 66.06MB
 24ae71c6470d Downloading 66.06MB
 24ae71c6470d Downloading 66.06MB
 24ae71c6470d Downloading 66.06MB
 24ae71c6470d Downloading 66.06MB
 24ae71c6470d Downloading 67.11MB
 24ae71c6470d Downloading 67.11MB
 24ae71c6470d Downloading 67.11MB
 24ae71c6470d Downloading 67.11MB
 24ae71c6470d Downloading 68.16MB
 24ae71c6470d Downloading 68.16MB
 24ae71c6470d Downloading 68.16MB
 24ae71c6470d Downloading 68.16MB
 24ae71c6470d Downloading 69.21MB
 24ae71c6470d Downloading 69.21MB
 24ae71c6470d Downloading 69.21MB
 24ae71c6470d Downloading 69.21MB
 24ae71c6470d Downloading 69.21MB
 24ae71c6470d Downloading 70.25MB
 24ae71c6470d Downloading 70.25MB
 24ae71c6470d Downloading 70.25MB
 24ae71c6470d Downloading 70.25MB
 24ae71c6470d Downloading 71.3MB
 24ae71c6470d Downloading 71.3MB
 24ae71c6470d Downloading 71.3MB
 24ae71c6470d Downloading 71.3MB
 24ae71c6470d Downloading 72.35MB
 24ae71c6470d Downloading 72.35MB
 24ae71c6470d Downloading 72.35MB
 24ae71c6470d Downloading 73.31MB
 24ae71c6470d Downloading 73.4MB
 24ae71c6470d Downloading 73.4MB
 24ae71c6470d Downloading 73.4MB
 24ae71c6470d Downloading 73.4MB
 24ae71c6470d Downloading 74.45MB
 24ae71c6470d Downloading 74.45MB
 24ae71c6470d Downloading 74.45MB
 24ae71c6470d Downloading 74.45MB
 24ae71c6470d Downloading 74.45MB
 24ae71c6470d Downloading 75.5MB
 24ae71c6470d Downloading 75.5MB
 24ae71c6470d Downloading 75.5MB
 24ae71c6470d Downloading 75.67MB
 24ae71c6470d Downloading 76.55MB
 24ae71c6470d Downloading 76.55MB
 24ae71c6470d Downloading 76.55MB
 24ae71c6470d Downloading 76.55MB
 24ae71c6470d Downloading 76.55MB
 24ae71c6470d Downloading 76.55MB
 24ae71c6470d Downloading 76.55MB
 24ae71c6470d Downloading 76.55MB
 24ae71c6470d Downloading 76.55MB
 24ae71c6470d Downloading 76.55MB
 24ae71c6470d Downloading 77.59MB
 24ae71c6470d Downloading 77.59MB
 24ae71c6470d Downloading 77.59MB
 24ae71c6470d Downloading 77.59MB
 24ae71c6470d Downloading 77.59MB
 24ae71c6470d Downloading 77.59MB
 24ae71c6470d Downloading 78.64MB
 24ae71c6470d Downloading 78.64MB
 24ae71c6470d Downloading 78.64MB
 24ae71c6470d Downloading 78.64MB
 24ae71c6470d Downloading 78.64MB
 24ae71c6470d Downloading 79.69MB
 24ae71c6470d Downloading 79.69MB
 24ae71c6470d Downloading 79.69MB
 24ae71c6470d Downloading 79.69MB
 24ae71c6470d Downloading 80.74MB
 24ae71c6470d Downloading 80.74MB
 24ae71c6470d Downloading 80.74MB
 24ae71c6470d Downloading 80.74MB
 24ae71c6470d Downloading 81.79MB
 24ae71c6470d Downloading 81.79MB
 24ae71c6470d Downloading 81.79MB
 24ae71c6470d Downloading 81.79MB
 24ae71c6470d Downloading 82.84MB
 24ae71c6470d Downloading 82.84MB
 24ae71c6470d Downloading 82.84MB
 24ae71c6470d Downloading 83.89MB
 24ae71c6470d Downloading 83.89MB
 24ae71c6470d Downloading 83.89MB
 24ae71c6470d Downloading 84.93MB
 24ae71c6470d Downloading 84.93MB
 24ae71c6470d Downloading 84.93MB
 24ae71c6470d Downloading 84.93MB
 24ae71c6470d Downloading 85.98MB
 24ae71c6470d Downloading 85.98MB
 24ae71c6470d Downloading 85.98MB
 24ae71c6470d Downloading 87.03MB
 24ae71c6470d Downloading 87.03MB
 24ae71c6470d Downloading 87.03MB
 24ae71c6470d Downloading 88.08MB
 24ae71c6470d Downloading 88.08MB
 24ae71c6470d Downloading 88.08MB
 24ae71c6470d Downloading 88.08MB
 24ae71c6470d Downloading 89.13MB
 24ae71c6470d Downloading 89.13MB
 24ae71c6470d Downloading 89.13MB
 24ae71c6470d Downloading 90.18MB
 24ae71c6470d Downloading 90.18MB
 24ae71c6470d Downloading 90.18MB
 24ae71c6470d Downloading 90.18MB
 24ae71c6470d Downloading 90.18MB
 24ae71c6470d Downloading 90.18MB
 24ae71c6470d Downloading 91.23MB
 24ae71c6470d Downloading 91.23MB
 24ae71c6470d Downloading 91.23MB
 24ae71c6470d Downloading 91.23MB
 24ae71c6470d Downloading 91.23MB
 24ae71c6470d Downloading 92.27MB
 24ae71c6470d Downloading 92.27MB
 24ae71c6470d Downloading 92.27MB
 24ae71c6470d Downloading 92.27MB
 24ae71c6470d Downloading 93.32MB
 24ae71c6470d Downloading 93.32MB
 24ae71c6470d Downloading 93.32MB
 24ae71c6470d Downloading 93.32MB
 24ae71c6470d Downloading 93.32MB
 24ae71c6470d Downloading 94.37MB
 24ae71c6470d Downloading 94.37MB
 24ae71c6470d Downloading 94.37MB
 24ae71c6470d Downloading 94.37MB
 24ae71c6470d Downloading 95.42MB
 24ae71c6470d Downloading 95.42MB
 24ae71c6470d Downloading 95.42MB
 24ae71c6470d Downloading 96.47MB
 24ae71c6470d Downloading 96.47MB
 24ae71c6470d Downloading 96.47MB
 24ae71c6470d Downloading 96.47MB
 24ae71c6470d Downloading 97.52MB
 24ae71c6470d Downloading 97.52MB
 24ae71c6470d Downloading 97.52MB
 24ae71c6470d Downloading 97.52MB
 24ae71c6470d Downloading 98.57MB
 24ae71c6470d Downloading 98.57MB
 24ae71c6470d Downloading 98.57MB
 24ae71c6470d Downloading 98.57MB
 24ae71c6470d Downloading 99.61MB
 24ae71c6470d Downloading 99.61MB
 24ae71c6470d Downloading 99.61MB
 24ae71c6470d Downloading 100.7MB
 24ae71c6470d Downloading 100.7MB
 24ae71c6470d Downloading 100.7MB
 24ae71c6470d Downloading 100.7MB
 24ae71c6470d Downloading 100.7MB
 24ae71c6470d Downloading 101.7MB
 24ae71c6470d Downloading 101.7MB
 24ae71c6470d Downloading 101.7MB
 24ae71c6470d Downloading 101.7MB
 24ae71c6470d Downloading 102.8MB
 24ae71c6470d Downloading 102.8MB
 24ae71c6470d Downloading 102.8MB
 24ae71c6470d Downloading 102.8MB
 24ae71c6470d Downloading 103.8MB
 24ae71c6470d Downloading 103.8MB
 24ae71c6470d Downloading 103.8MB
 24ae71c6470d Downloading 104.9MB
 24ae71c6470d Downloading 104.9MB
 24ae71c6470d Downloading 104.9MB
 24ae71c6470d Downloading 105.9MB
 24ae71c6470d Downloading 105.9MB
 24ae71c6470d Downloading 105.9MB
 24ae71c6470d Downloading 105.9MB
 24ae71c6470d Downloading 105.9MB
 24ae71c6470d Downloading 105.9MB
 24ae71c6470d Downloading 107MB
 24ae71c6470d Downloading 107MB
 24ae71c6470d Downloading 107MB
 24ae71c6470d Downloading 108MB
 24ae71c6470d Downloading 108MB
 24ae71c6470d Downloading 108MB
 24ae71c6470d Downloading 108MB
 24ae71c6470d Downloading 108MB
 24ae71c6470d Downloading 109.1MB
 24ae71c6470d Downloading 109.1MB
 24ae71c6470d Downloading 109.1MB
 24ae71c6470d Downloading 109.1MB
 24ae71c6470d Downloading 109.1MB
 24ae71c6470d Downloading 109.1MB
 24ae71c6470d Downloading 110.1MB
 24ae71c6470d Downloading 110.1MB
 24ae71c6470d Downloading 110.1MB
 24ae71c6470d Downloading 110.1MB
 24ae71c6470d Downloading 110.1MB
 24ae71c6470d Downloading 110.1MB
 24ae71c6470d Downloading 110.1MB
 24ae71c6470d Downloading 111.1MB
 24ae71c6470d Downloading 111.1MB
 24ae71c6470d Downloading 111.1MB
 24ae71c6470d Downloading 111.1MB
 24ae71c6470d Downloading 111.1MB
 24ae71c6470d Downloading 111.1MB
 24ae71c6470d Downloading 111.1MB
 24ae71c6470d Downloading 112.2MB
 24ae71c6470d Downloading 112.2MB
 24ae71c6470d Downloading 112.2MB
 24ae71c6470d Downloading 112.2MB
 24ae71c6470d Downloading 112.2MB
 24ae71c6470d Downloading 112.2MB
 24ae71c6470d Downloading 112.2MB
 24ae71c6470d Downloading 112.2MB
 24ae71c6470d Downloading 112.2MB
 24ae71c6470d Downloading 112.2MB
 24ae71c6470d Downloading 113.2MB
 24ae71c6470d Downloading 113.2MB
 24ae71c6470d Download complete 0B
 24ae71c6470d Extracting 1B
 24ae71c6470d Extracting 1B
 24ae71c6470d Extracting 1B
 24ae71c6470d Extracting 1B
 24ae71c6470d Extracting 1B
 24ae71c6470d Extracting 1B
 24ae71c6470d Extracting 1B
 24ae71c6470d Extracting 1B
 24ae71c6470d Extracting 1B
 24ae71c6470d Extracting 1B
 24ae71c6470d Extracting 1B
 24ae71c6470d Extracting 2B
 24ae71c6470d Extracting 2B
 24ae71c6470d Extracting 2B
 24ae71c6470d Extracting 2B
 24ae71c6470d Extracting 2B
 24ae71c6470d Extracting 2B
 24ae71c6470d Extracting 2B
 24ae71c6470d Extracting 2B
 24ae71c6470d Extracting 2B
 24ae71c6470d Extracting 2B
 24ae71c6470d Extracting 2B
 24ae71c6470d Extracting 3B
 24ae71c6470d Extracting 3B
 24ae71c6470d Extracting 3B
 24ae71c6470d Extracting 3B
 24ae71c6470d Extracting 3B
 24ae71c6470d Extracting 3B
 24ae71c6470d Extracting 3B
 24ae71c6470d Extracting 3B
 24ae71c6470d Extracting 3B
 24ae71c6470d Extracting 3B
 24ae71c6470d Extracting 4B
 24ae71c6470d Extracting 4B
 24ae71c6470d Extracting 4B
 24ae71c6470d Extracting 4B
 24ae71c6470d Extracting 4B
 24ae71c6470d Extracting 4B
 24ae71c6470d Extracting 4B
 24ae71c6470d Extracting 4B
 24ae71c6470d Extracting 4B
 24ae71c6470d Extracting 5B
 24ae71c6470d Extracting 5B
 24ae71c6470d Extracting 5B
 24ae71c6470d Extracting 5B
 24ae71c6470d Extracting 5B
 24ae71c6470d Extracting 5B
 24ae71c6470d Extracting 5B
 24ae71c6470d Extracting 5B
 24ae71c6470d Extracting 5B
 24ae71c6470d Extracting 5B
 24ae71c6470d Extracting 5B
 24ae71c6470d Extracting 6B
 24ae71c6470d Extracting 6B
 24ae71c6470d Extracting 6B
 24ae71c6470d Extracting 6B
 24ae71c6470d Extracting 6B
 24ae71c6470d Extracting 6B
 24ae71c6470d Extracting 6B
 24ae71c6470d Extracting 6B
 24ae71c6470d Extracting 6B
 24ae71c6470d Extracting 6B
 24ae71c6470d Extracting 7B
 24ae71c6470d Extracting 7B
 24ae71c6470d Extracting 7B
 24ae71c6470d Extracting 7B
 24ae71c6470d Extracting 7B
 24ae71c6470d Extracting 7B
 24ae71c6470d Extracting 7B
 24ae71c6470d Extracting 7B
 24ae71c6470d Extracting 7B
 24ae71c6470d Extracting 8B
 24ae71c6470d Extracting 8B
 24ae71c6470d Extracting 8B
 24ae71c6470d Extracting 8B
 24ae71c6470d Extracting 8B
 24ae71c6470d Extracting 8B
 24ae71c6470d Extracting 8B
 24ae71c6470d Pull complete 0B
 572343b36a41 Pull complete 0B
 bc0701afb397 Pull complete 0B
 5d59b154e183 Pull complete 0B
 5724f2481726 Pull complete 0B
 d015a9a5b43f Pull complete 0B
 Image postgres:16.14@sha256:95206741a5b214807675e14165369d05b93a9cf692223b616d07cca227e74b0b Pulled 
 Image agenticlab-backend:local Building 
 Image agenticlab-frontend:local Building 
#1 [internal] load local bake definitions
#1 reading from stdin 1.11kB done
#1 DONE 0.0s

#2 [frontend internal] load build definition from Dockerfile
#2 transferring dockerfile: 819B 0.0s done
#2 DONE 0.0s

#3 [backend internal] load build definition from Dockerfile
#3 transferring dockerfile: 1.49kB 0.0s done
#3 DONE 0.1s

#4 [frontend] resolve image config for docker-image://docker.io/docker/dockerfile:1
#4 ...

#5 [auth] docker/dockerfile:pull token for registry-1.docker.io
#5 DONE 0.0s

#4 [frontend] resolve image config for docker-image://docker.io/docker/dockerfile:1
#4 DONE 1.0s

#6 [backend] docker-image://docker.io/docker/dockerfile:1@sha256:ecfaec9ed6d810b56388c508f4121597bfbba70d41a6dfeee4d8cad5f295fc32
#6 resolve docker.io/docker/dockerfile:1@sha256:ecfaec9ed6d810b56388c508f4121597bfbba70d41a6dfeee4d8cad5f295fc32 0.0s done
#6 CACHED

#7 [frontend internal] load metadata for docker.io/library/nginx:1.28.0@sha256:552e7481ca93ffccd046aa658dbbed22caefbc09c66fa7cd247cbb90b8a5c609
#7 ...

#8 [auth] library/eclipse-temurin:pull token for registry-1.docker.io
#8 DONE 0.0s

#9 [auth] library/nginx:pull token for registry-1.docker.io
#9 DONE 0.0s

#10 [auth] library/node:pull token for registry-1.docker.io
#10 DONE 0.0s

#11 [backend internal] load metadata for docker.io/library/eclipse-temurin:21.0.12_8-jre@sha256:49e21e16e3c86eb7816a44a67549910ed090fbeb40c29c525d58bf5e02e91b0f
#11 DONE 1.1s

#12 [backend internal] load metadata for docker.io/library/eclipse-temurin:21.0.12_8-jdk@sha256:92a2a4d7a928d057e7bd999c418d66c26a34eb9a0442f3ab67721c3f88110b2d
#12 DONE 1.1s

#13 [backend internal] load .dockerignore
#13 transferring context: 61B done
#13 DONE 0.0s

#14 [backend internal] load build context
#14 DONE 0.0s

#15 [backend build 1/8] FROM docker.io/library/eclipse-temurin:21.0.12_8-jdk@sha256:92a2a4d7a928d057e7bd999c418d66c26a34eb9a0442f3ab67721c3f88110b2d
#15 resolve docker.io/library/eclipse-temurin:21.0.12_8-jdk@sha256:92a2a4d7a928d057e7bd999c418d66c26a34eb9a0442f3ab67721c3f88110b2d 0.1s done
#15 DONE 0.1s

#16 [backend stage-1 1/4] FROM docker.io/library/eclipse-temurin:21.0.12_8-jre@sha256:49e21e16e3c86eb7816a44a67549910ed090fbeb40c29c525d58bf5e02e91b0f
#16 resolve docker.io/library/eclipse-temurin:21.0.12_8-jre@sha256:49e21e16e3c86eb7816a44a67549910ed090fbeb40c29c525d58bf5e02e91b0f
#16 resolve docker.io/library/eclipse-temurin:21.0.12_8-jre@sha256:49e21e16e3c86eb7816a44a67549910ed090fbeb40c29c525d58bf5e02e91b0f 0.1s done
#16 DONE 0.2s

#17 [frontend internal] load metadata for docker.io/library/node:22.23.3@sha256:363e1587494626837fa7f9a23bdb453d13b0ff3c67c705c2805cfc69c2d2fad7
#17 DONE 1.3s

#7 [frontend internal] load metadata for docker.io/library/nginx:1.28.0@sha256:552e7481ca93ffccd046aa658dbbed22caefbc09c66fa7cd247cbb90b8a5c609
#7 DONE 1.3s

#14 [backend internal] load build context
#14 transferring context: 93.31kB 0.0s done
#14 DONE 0.1s

#18 [backend build 3/8] WORKDIR /workspace
#18 CACHED

#19 [backend build 2/8] RUN apt-get update && apt-get install -y --no-install-recommends unzip && rm -rf /var/lib/apt/lists/*
#19 CACHED

#20 [backend build 4/8] COPY .mvn/ .mvn/
#20 CACHED

#21 [backend build 5/8] COPY mvnw pom.xml ./
#21 CACHED

#22 [backend build 6/8] RUN --mount=type=cache,target=/root/.m2 ./mvnw -B -q dependency:go-offline
#22 CACHED

#23 [frontend internal] load .dockerignore
#23 transferring context: 126B done
#23 DONE 0.0s

#24 [backend build 7/8] COPY src/ src/
#24 DONE 0.1s

#25 [frontend build 1/6] FROM docker.io/library/node:22.23.3@sha256:363e1587494626837fa7f9a23bdb453d13b0ff3c67c705c2805cfc69c2d2fad7
#25 resolve docker.io/library/node:22.23.3@sha256:363e1587494626837fa7f9a23bdb453d13b0ff3c67c705c2805cfc69c2d2fad7 0.1s done
#25 DONE 0.1s

#26 [frontend stage-1 1/4] FROM docker.io/library/nginx:1.28.0@sha256:552e7481ca93ffccd046aa658dbbed22caefbc09c66fa7cd247cbb90b8a5c609
#26 resolve docker.io/library/nginx:1.28.0@sha256:552e7481ca93ffccd046aa658dbbed22caefbc09c66fa7cd247cbb90b8a5c609 0.1s done
#26 DONE 0.1s

#27 [frontend internal] load build context
#27 transferring context: 319.52kB 0.0s done
#27 DONE 0.0s

#28 [frontend build 2/6] WORKDIR /app
#28 CACHED

#29 [frontend build 3/6] COPY package.json package-lock.json .npmrc ./
#29 DONE 0.1s

#30 [backend build 8/8] RUN --mount=type=cache,target=/root/.m2 ./mvnw -B -q -DskipTests package     && cp target/conference-backend-1.0.0.jar /workspace/app.jar
#30 ...

#31 [frontend build 4/6] RUN npm ci --no-audit --no-fund
#31 4.225 npm warn deprecated whatwg-encoding@3.1.1: Use @exodus/bytes instead for a more spec-conformant and faster implementation
#31 18.47 npm warn deprecated @babel/plugin-proposal-explicit-resource-management@7.27.4: This proposal has been merged to the ECMAScript standard and thus this plugin is no longer maintained. Please use @babel/plugin-transform-explicit-resource-management instead.
#31 ...

#30 [backend build 8/8] RUN --mount=type=cache,target=/root/.m2 ./mvnw -B -q -DskipTests package     && cp target/conference-backend-1.0.0.jar /workspace/app.jar
#30 DONE 23.2s

#31 [frontend build 4/6] RUN npm ci --no-audit --no-fund
#31 ...

#32 [backend stage-1 2/4] RUN groupadd --system --gid 10001 app && useradd --system --uid 10001 --gid app --no-create-home app     && mkdir -p /data/registrations && chown app:app /data/registrations
#32 CACHED

#33 [backend stage-1 3/4] WORKDIR /app
#33 CACHED

#34 [backend stage-1 4/4] COPY --from=build /workspace/app.jar /app/app.jar
#34 DONE 2.8s

#31 [frontend build 4/6] RUN npm ci --no-audit --no-fund
#31 ...

#35 [backend] exporting to image
#35 exporting layers
#35 exporting layers 7.3s done
#35 exporting manifest sha256:3b30b7d3da8de62cbdffac86657b27457eb4032523661689c1faf2c8d0f98220
#35 exporting manifest sha256:3b30b7d3da8de62cbdffac86657b27457eb4032523661689c1faf2c8d0f98220 0.2s done
#35 exporting config sha256:ad25dd9091e3da802ba1742d8901973730325b9308307cd4aedd6bcbdc23d98a
#35 exporting config sha256:ad25dd9091e3da802ba1742d8901973730325b9308307cd4aedd6bcbdc23d98a 0.1s done
#35 exporting attestation manifest sha256:4882487dda206d405324a0e94244e583924cf07f309dafdee0612d873dd1b610
#35 exporting attestation manifest sha256:4882487dda206d405324a0e94244e583924cf07f309dafdee0612d873dd1b610 0.1s done
#35 exporting manifest list sha256:a33057980960c37c96a9fb388ccebd544322922ca95480385a20e043df86d89f 0.0s done
#35 naming to docker.io/library/agenticlab-backend:local
#35 naming to docker.io/library/agenticlab-backend:local done
#35 unpacking to docker.io/library/agenticlab-backend:local
#35 unpacking to docker.io/library/agenticlab-backend:local 0.9s done
#35 DONE 8.8s

#31 [frontend build 4/6] RUN npm ci --no-audit --no-fund
#31 27.46 npm warn deprecated glob@10.5.0: Old versions of glob are not supported, and contain widely publicized security vulnerabilities, which have been fixed in the current version. Please update. Support for old versions may be purchased (at exorbitant rates) by contacting i@izs.me
#31 31.69 npm warn deprecated eslint@9.25.1: This version is no longer supported. Please see https://eslint.org/version-support for other options.
#31 35.72 
#31 35.72 added 529 packages in 35s
#31 35.72 npm notice
#31 35.72 npm notice New major version of npm available! 10.9.9 -> 12.1.0
#31 35.72 npm notice Changelog: https://github.com/npm/cli/releases/tag/v12.1.0
#31 35.72 npm notice To update run: npm install -g npm@12.1.0
#31 35.72 npm notice
#31 ...

#36 [backend] resolving provenance for metadata file
#36 DONE 0.1s

#31 [frontend build 4/6] RUN npm ci --no-audit --no-fund
#31 DONE 38.9s

#37 [frontend build 5/6] COPY . .
#37 DONE 0.6s

#38 [frontend build 6/6] RUN npm run build
#38 1.120 
#38 1.120 > conference-frontend@1.0.0 build
#38 1.120 > tsc -b && vite build
#38 1.120 
#38 5.441 vite v6.4.3 building for production...
#38 5.560 transforming...
#38 6.946 ✓ 28 modules transformed.
#38 7.295 rendering chunks...
#38 7.336 computing gzip size...
#38 7.377 dist/index.html                  0.34 kB │ gzip:  0.24 kB
#38 7.378 dist/assets/index-VyJR5OHq.js  194.55 kB │ gzip: 60.83 kB
#38 7.380 ✓ built in 1.89s
#38 DONE 7.7s

#39 [frontend stage-1 2/4] COPY nginx/nginx.conf /etc/nginx/nginx.conf
#39 CACHED

#40 [frontend stage-1 3/4] COPY --from=build /app/dist /usr/share/nginx/html
#40 CACHED

#41 [frontend stage-1 4/4] RUN mkdir -p /tmp/nginx && chown -R nginx:nginx /tmp/nginx /var/cache/nginx
#41 CACHED

#42 [frontend] exporting to image
#42 exporting layers done
#42 exporting manifest sha256:649d2b0e35a526f3cd45b2f63255c138dfd0075b2c85e15698fbe85e710e0660 done
#42 exporting config sha256:9e4b2218114c1f58033cd99c57676af8e5db38e27ea512e3eb9bae43400c8732 done
#42 exporting attestation manifest sha256:ac2c46b2054e0b94c64e73945916a4ce66e098b113c60871e79dcd7bfe0a9e73 0.1s done
#42 exporting manifest list sha256:763281f6d85e064a768e3e08a0ce20534e9175a8fd91fbbc9cb3e12631745eb4
#42 exporting manifest list sha256:763281f6d85e064a768e3e08a0ce20534e9175a8fd91fbbc9cb3e12631745eb4 0.0s done
#42 naming to docker.io/library/agenticlab-frontend:local done
#42 unpacking to docker.io/library/agenticlab-frontend:local 0.0s done
#42 DONE 0.2s

#43 [frontend] resolving provenance for metadata file
#43 DONE 0.0s
 Image agenticlab-backend:local Built 
 Image agenticlab-frontend:local Built 
 Network agenticlab_default Creating 
 Network agenticlab_default Created 
 Volume agenticlab_jsondata Creating 
 Volume agenticlab_jsondata Created 
 Volume agenticlab_pgdata Creating 
 Volume agenticlab_pgdata Created 
 Container agenticlab-mailpit-1 Creating 
 Container agenticlab-postgres-1 Creating 
 Container agenticlab-mailpit-1 Created 
 Container agenticlab-postgres-1 Created 
 Container agenticlab-backend-1 Creating 
 Container agenticlab-backend-1 Created 
 Container agenticlab-frontend-1 Creating 
 Container agenticlab-frontend-1 Created 
 Container agenticlab-mailpit-1 Starting 
 Container agenticlab-postgres-1 Starting 
 Container agenticlab-mailpit-1 Started 
 Container agenticlab-postgres-1 Started 
 Container agenticlab-postgres-1 Waiting 
 Container agenticlab-postgres-1 Healthy 
 Container agenticlab-backend-1 Starting 
 Container agenticlab-backend-1 Started 
 Container agenticlab-frontend-1 Starting 
 Container agenticlab-frontend-1 Started 
