npm react@19.2.8 -> version = '19.2.8' license = 'MIT' 
npm react-dom@19.2.8 -> version = '19.2.8' license = 'MIT' 
npm @types/react@19.0.12 -> version = '19.0.12' license = 'MIT' 
npm @types/react-dom@19.0.4 -> version = '19.0.4' license = 'MIT' 
npm typescript@5.8.3 -> version = '5.8.3' license = 'Apache-2.0' 
npm vite@6.4.3 -> version = '6.4.3' license = 'MIT' 
npm @vitejs/plugin-react@4.4.1 -> version = '4.4.1' license = 'MIT' 
npm eslint@9.25.1 -> version = '9.25.1' license = 'MIT' 
npm @eslint/js@9.25.1 -> version = '9.25.1' license = 'MIT' 
npm typescript-eslint@8.31.1 -> version = '8.31.1' license = 'MIT' 
npm prettier@3.5.3 -> version = '3.5.3' license = 'MIT' 
npm vitest@3.2.4 -> version = '3.2.4' license = 'MIT' 
npm @vitest/coverage-v8@3.2.4 -> version = '3.2.4' license = 'MIT' 
npm @testing-library/react@16.3.0 -> version = '16.3.0' license = 'MIT' 
npm @testing-library/jest-dom@6.6.3 -> version = '6.6.3' license = 'MIT' 
npm @testing-library/user-event@14.6.1 -> version = '14.6.1' license = 'MIT' 
npm jsdom@26.1.0 -> version = '26.1.0' license = 'MIT' 
npm @playwright/test@1.55.1 -> version = '1.55.1' license = 'Apache-2.0' 
npm @stryker-mutator/core@9.0.1 -> version = '9.0.1' license = 'Apache-2.0' 
npm @stryker-mutator/vitest-runner@9.0.1 -> version = '9.0.1' license = 'Apache-2.0' 
npm jscpd@4.0.5 -> version = '4.0.5' license = 'MIT' 
npm npm@10.9.9 -> version = '10.9.9' license = 'Artistic-2.0' 
maven org.springframework.boot:spring-boot-starter-parent:3.5.16 -> HTTP 200
maven org.springframework.boot:spring-boot-starter-web:3.5.16 -> HTTP 200
maven org.springframework.boot:spring-boot-starter-data-jpa:3.5.16 -> HTTP 200
maven org.springframework.boot:spring-boot-starter-validation:3.5.16 -> HTTP 200
maven org.springframework.boot:spring-boot-starter-mail:3.5.16 -> HTTP 200
maven org.springframework.boot:spring-boot-starter-actuator:3.5.16 -> HTTP 200
maven org.springframework.boot:spring-boot-starter-security:3.5.16 -> HTTP 200
maven org.springframework.boot:spring-boot-starter-test:3.5.16 -> HTTP 200
maven org.flywaydb:flyway-core:11.7.2 -> HTTP 200
maven org.flywaydb:flyway-database-postgresql:11.7.2 -> HTTP 200
maven org.postgresql:postgresql:42.7.11 -> HTTP 200
maven org.apache.poi:poi-ooxml:5.4.1 -> HTTP 200
maven org.testcontainers:postgresql:1.21.4 -> HTTP 200
maven org.testcontainers:junit-jupiter:1.21.4 -> HTTP 200
maven com.tngtech.archunit:archunit-junit5:1.4.1 -> HTTP 200
maven org.springframework.boot:spring-boot-maven-plugin:3.5.16 -> HTTP 200
maven com.diffplug.spotless:spotless-maven-plugin:2.44.3 -> HTTP 200
maven com.github.spotbugs:spotbugs-maven-plugin:4.9.3.0 -> HTTP 200
maven org.apache.maven.plugins:maven-pmd-plugin:3.26.0 -> HTTP 200
maven org.jacoco:jacoco-maven-plugin:0.8.13 -> HTTP 200
maven org.pitest:pitest-maven:1.19.1 -> HTTP 200
maven org.pitest:pitest-junit5-plugin:1.2.2 -> HTTP 200
maven org.owasp:dependency-check-maven:12.1.3 -> HTTP 200
maven org.apache.maven:apache-maven:3.9.11 -> HTTP 200
maven org.apache.maven.wrapper:maven-wrapper:3.3.2 -> HTTP 200
maven org.apache.maven.plugins:maven-wrapper-plugin:3.3.2 -> HTTP 200
axllent/mailpit:v1.24.1 -> sha256:4873e5a441ed368f1e98a832f61257a033859f5e829542cd03fb772d2282ea4e
library/nginx:1.28.0 -> sha256:552e7481ca93ffccd046aa658dbbed22caefbc09c66fa7cd247cbb90b8a5c609
library/postgres:16.14 -> sha256:95206741a5b214807675e14165369d05b93a9cf692223b616d07cca227e74b0b
library/eclipse-temurin:21.0.12_8-jdk -> sha256:92a2a4d7a928d057e7bd999c418d66c26a34eb9a0442f3ab67721c3f88110b2d
library/eclipse-temurin:21.0.12_8-jre -> sha256:49e21e16e3c86eb7816a44a67549910ed090fbeb40c29c525d58bf5e02e91b0f
library/node:22.23.3 -> sha256:363e1587494626837fa7f9a23bdb453d13b0ff3c67c705c2805cfc69c2d2fad7
library/maven:3.9.11-eclipse-temurin-21 -> sha256:6fdc855a6ed81d288ca7ca37ac6ff5e9308b612485c0801d70b25a858c83d237
nginxinc/nginx-unprivileged:1.28.0 -> sha256:cd33960e98e93d4d63385790ff7f8f5bf2ca95184c581b7f42ae8aea1139fbfc
semgrep/semgrep:1.120.0 -> sha256:8a93e2e3652eb807cc884e8e7bb4ee81bde27fbe8f6e01ac344b918b0f5eed2b
zricethezav/gitleaks:v8.24.3 -> sha256:e1b35e12a8c6fa8901f060459cfb6b2fc4c484d3afbe3b029733a3bbfab07055
aldanial/cloc:2.04 -> sha256:9d757d2d88c4c25d837d2b5dea03dafcb8faab057a93b639897ee0f27da82087
aldanial/cloc:latest -> sha256:54d1304dc3b80eec8efb2d9bb96d41e508987405f2eff8c1818ddf461e943597
