 Image agenticlab-backend:local Building 
 Image agenticlab-frontend:local Building 
#1 [internal] load local bake definitions
#1 reading from stdin 1.11kB done
#1 DONE 0.0s

#2 [frontend internal] load build definition from Dockerfile
#2 transferring dockerfile: 819B done
#2 DONE 0.0s

#3 [backend internal] load build definition from Dockerfile
#3 transferring dockerfile: 1.49kB done
#3 DONE 0.0s

#4 [backend] resolve image config for docker-image://docker.io/docker/dockerfile:1
#4 ...

#5 [auth] docker/dockerfile:pull token for registry-1.docker.io
#5 DONE 0.0s

#4 [backend] resolve image config for docker-image://docker.io/docker/dockerfile:1
#4 DONE 1.2s

#6 [frontend] docker-image://docker.io/docker/dockerfile:1@sha256:ecfaec9ed6d810b56388c508f4121597bfbba70d41a6dfeee4d8cad5f295fc32
#6 resolve docker.io/docker/dockerfile:1@sha256:ecfaec9ed6d810b56388c508f4121597bfbba70d41a6dfeee4d8cad5f295fc32 0.1s done
#6 CACHED

#7 [frontend internal] load metadata for docker.io/library/nginx:1.28.0@sha256:552e7481ca93ffccd046aa658dbbed22caefbc09c66fa7cd247cbb90b8a5c609
#7 ...

#8 [auth] library/node:pull token for registry-1.docker.io
#8 DONE 0.0s

#9 [auth] library/nginx:pull token for registry-1.docker.io
#9 DONE 0.0s

#10 [auth] library/eclipse-temurin:pull token for registry-1.docker.io
#10 DONE 0.0s

#11 [backend internal] load metadata for docker.io/library/eclipse-temurin:21.0.12_8-jdk@sha256:92a2a4d7a928d057e7bd999c418d66c26a34eb9a0442f3ab67721c3f88110b2d
#11 ...

#12 [backend internal] load metadata for docker.io/library/eclipse-temurin:21.0.12_8-jre@sha256:49e21e16e3c86eb7816a44a67549910ed090fbeb40c29c525d58bf5e02e91b0f
#12 DONE 1.0s

#13 [frontend internal] load metadata for docker.io/library/node:22.23.3@sha256:363e1587494626837fa7f9a23bdb453d13b0ff3c67c705c2805cfc69c2d2fad7
#13 DONE 1.1s

#7 [frontend internal] load metadata for docker.io/library/nginx:1.28.0@sha256:552e7481ca93ffccd046aa658dbbed22caefbc09c66fa7cd247cbb90b8a5c609
#7 DONE 1.1s

#11 [backend internal] load metadata for docker.io/library/eclipse-temurin:21.0.12_8-jdk@sha256:92a2a4d7a928d057e7bd999c418d66c26a34eb9a0442f3ab67721c3f88110b2d
#11 DONE 1.1s

#14 [frontend internal] load .dockerignore
#14 transferring context: 126B done
#14 DONE 0.0s

#15 [backend internal] load .dockerignore
#15 transferring context: 61B done
#15 DONE 0.0s

#16 [backend internal] load build context
#16 DONE 0.0s

#17 [frontend internal] load build context
#17 DONE 0.0s

#18 [frontend build 1/6] FROM docker.io/library/node:22.23.3@sha256:363e1587494626837fa7f9a23bdb453d13b0ff3c67c705c2805cfc69c2d2fad7
#18 resolve docker.io/library/node:22.23.3@sha256:363e1587494626837fa7f9a23bdb453d13b0ff3c67c705c2805cfc69c2d2fad7 0.1s done
#18 DONE 0.1s

#19 [backend stage-1 1/4] FROM docker.io/library/eclipse-temurin:21.0.12_8-jre@sha256:49e21e16e3c86eb7816a44a67549910ed090fbeb40c29c525d58bf5e02e91b0f
#19 resolve docker.io/library/eclipse-temurin:21.0.12_8-jre@sha256:49e21e16e3c86eb7816a44a67549910ed090fbeb40c29c525d58bf5e02e91b0f
#19 resolve docker.io/library/eclipse-temurin:21.0.12_8-jre@sha256:49e21e16e3c86eb7816a44a67549910ed090fbeb40c29c525d58bf5e02e91b0f 0.1s done
#19 DONE 0.1s

#20 [frontend stage-1 1/4] FROM docker.io/library/nginx:1.28.0@sha256:552e7481ca93ffccd046aa658dbbed22caefbc09c66fa7cd247cbb90b8a5c609
#20 resolve docker.io/library/nginx:1.28.0@sha256:552e7481ca93ffccd046aa658dbbed22caefbc09c66fa7cd247cbb90b8a5c609 0.1s done
#20 DONE 0.1s

#21 [backend build 1/8] FROM docker.io/library/eclipse-temurin:21.0.12_8-jdk@sha256:92a2a4d7a928d057e7bd999c418d66c26a34eb9a0442f3ab67721c3f88110b2d
#21 resolve docker.io/library/eclipse-temurin:21.0.12_8-jdk@sha256:92a2a4d7a928d057e7bd999c418d66c26a34eb9a0442f3ab67721c3f88110b2d 0.1s done
#21 DONE 0.2s

#17 [frontend internal] load build context
#17 transferring context: 21.25kB 0.0s done
#17 DONE 0.1s

#16 [backend internal] load build context
#16 transferring context: 109.88kB 0.0s done
#16 DONE 0.0s

#22 [frontend build 3/6] COPY package.json package-lock.json .npmrc ./
#22 CACHED

#23 [frontend build 2/6] WORKDIR /app
#23 CACHED

#24 [frontend build 4/6] RUN npm ci --no-audit --no-fund
#24 CACHED

#25 [backend build 2/8] RUN apt-get update && apt-get install -y --no-install-recommends unzip && rm -rf /var/lib/apt/lists/*
#25 CACHED

#26 [backend build 5/8] COPY mvnw pom.xml ./
#26 CACHED

#27 [backend build 3/8] WORKDIR /workspace
#27 CACHED

#28 [backend build 4/8] COPY .mvn/ .mvn/
#28 CACHED

#29 [backend build 6/8] RUN --mount=type=cache,target=/root/.m2 ./mvnw -B -q dependency:go-offline
#29 CACHED

#30 [frontend build 5/6] COPY . .
#30 DONE 0.1s

#31 [backend build 7/8] COPY src/ src/
#31 DONE 0.1s

#32 [backend build 8/8] RUN --mount=type=cache,target=/root/.m2 ./mvnw -B -q -DskipTests package     && cp target/conference-backend-1.0.0.jar /workspace/app.jar
#32 ...

#33 [frontend build 6/6] RUN npm run build
#33 0.554 
#33 0.554 > conference-frontend@1.0.0 build
#33 0.554 > tsc -b && vite build
#33 0.554 
#33 5.798 vite v6.4.3 building for production...
#33 5.926 transforming...
#33 7.559 ✓ 35 modules transformed.
#33 7.814 rendering chunks...
#33 7.826 computing gzip size...
#33 7.837 dist/index.html                   0.41 kB │ gzip:  0.28 kB
#33 7.837 dist/assets/index-4IxLQT_O.css    1.44 kB │ gzip:  0.66 kB
#33 7.838 dist/assets/index-DKQ2NDLk.js   204.38 kB │ gzip: 64.32 kB
#33 7.838 ✓ built in 1.99s
#33 DONE 8.0s

#32 [backend build 8/8] RUN --mount=type=cache,target=/root/.m2 ./mvnw -B -q -DskipTests package     && cp target/conference-backend-1.0.0.jar /workspace/app.jar
#32 ...

#34 [frontend stage-1 3/4] COPY --from=build /app/dist /usr/share/nginx/html
#34 CACHED

#35 [frontend stage-1 2/4] COPY nginx/nginx.conf /etc/nginx/nginx.conf
#35 CACHED

#36 [frontend stage-1 4/4] RUN mkdir -p /tmp/nginx && chown -R nginx:nginx /tmp/nginx /var/cache/nginx
#36 CACHED

#37 [frontend] exporting to image
#37 exporting layers done
#37 exporting manifest sha256:3cf69d93836bcf1ea67cd305bf4a8986b03a50db5f2dd8846647b85880dbdc0b done
#37 exporting config sha256:4f2ff65fd6080c436dba4bcf5852fdce147bdc01c6b2a49e3eee9b7b940064f8 done
#37 exporting attestation manifest sha256:667bb591c2906e73f455169f3b2d7d4e38f9e9adaf786124d6318e3bd13a2a2f 0.1s done
#37 exporting manifest list sha256:48c9cf7b10c09a1e53df8977a20a1b5d72a81d2a97ba2b33d18986e81859e0db
#37 exporting manifest list sha256:48c9cf7b10c09a1e53df8977a20a1b5d72a81d2a97ba2b33d18986e81859e0db 0.0s done
#37 naming to docker.io/library/agenticlab-frontend:local done
#37 unpacking to docker.io/library/agenticlab-frontend:local 0.0s done
#37 DONE 0.3s

#32 [backend build 8/8] RUN --mount=type=cache,target=/root/.m2 ./mvnw -B -q -DskipTests package     && cp target/conference-backend-1.0.0.jar /workspace/app.jar
#32 ...

#38 [frontend] resolving provenance for metadata file
#38 DONE 0.0s

#32 [backend build 8/8] RUN --mount=type=cache,target=/root/.m2 ./mvnw -B -q -DskipTests package     && cp target/conference-backend-1.0.0.jar /workspace/app.jar
#32 DONE 12.1s

#39 [backend stage-1 2/4] RUN groupadd --system --gid 10001 app && useradd --system --uid 10001 --gid app --no-create-home app     && mkdir -p /data/registrations && chown app:app /data/registrations
#39 CACHED

#40 [backend stage-1 3/4] WORKDIR /app
#40 CACHED

#41 [backend stage-1 4/4] COPY --from=build /workspace/app.jar /app/app.jar
#41 DONE 0.3s

#42 [backend] exporting to image
#42 exporting layers 3.5s done
#42 exporting manifest sha256:62df8a248c449376f300ebbd8cc183a3836044fc7f029b6221c6ac277ae51339 0.0s done
#42 exporting config sha256:aca9778f823b53379332dba0f7a34161b596f5afd63e8222fce827c2a652a929 0.0s done
#42 exporting attestation manifest sha256:f7fc7581da87bad9095793d34f60fa5460be05c124cc4dc218c17b40026cfaf8
#42 exporting attestation manifest sha256:f7fc7581da87bad9095793d34f60fa5460be05c124cc4dc218c17b40026cfaf8 0.1s done
#42 exporting manifest list sha256:1dce12d1439332fd7ded7f526b964cae0bbaf61fc8e0eacf4dac369a4904f77e 0.0s done
#42 naming to docker.io/library/agenticlab-backend:local
#42 naming to docker.io/library/agenticlab-backend:local 0.0s done
#42 unpacking to docker.io/library/agenticlab-backend:local
#42 unpacking to docker.io/library/agenticlab-backend:local 0.5s done
#42 DONE 4.4s

#43 [backend] resolving provenance for metadata file
#43 DONE 0.0s
 Image agenticlab-backend:local Built 
 Image agenticlab-frontend:local Built 
 Container agenticlab-mailpit-1 Running 
 Container agenticlab-postgres-1 Running 
 Container agenticlab-backend-1 Recreate 
 Container agenticlab-backend-1 Recreated 
 Container agenticlab-frontend-1 Recreate 
 Container agenticlab-frontend-1 Recreated 
 Container agenticlab-postgres-1 Waiting 
 Container agenticlab-postgres-1 Healthy 
 Container agenticlab-backend-1 Starting 
 Container agenticlab-backend-1 Started 
 Container agenticlab-frontend-1 Starting 
 Container agenticlab-frontend-1 Started 
