## backend build
exit=0 jar=target/conference-backend-1.0.0.jar
## backend check
exit=0
## backend test
exit=0
[INFO] Tests run: 165, Failures: 0, Errors: 0, Skipped: 0
[INFO] Tests run: 114, Failures: 0, Errors: 0, Skipped: 0
## frontend npm ci
exit=0
## frontend npm run build
exit=0
✓ built in 1.13s
## frontend npm run check
exit=0
## frontend npm run test
exit=0
 Test Files  5 passed (5)
      Tests  41 passed (41)
## frontend npm run contracts
exit=0
All contract checks passed
## frontend npm run test:e2e
exit=0
  19 passed (18.5s)
