 Image agenticlab-backend:local Building 
 Image agenticlab-frontend:local Building 
#1 [internal] load local bake definitions
#1 reading from stdin 1.11kB done
#1 DONE 0.0s

#2 [frontend internal] load build definition from Dockerfile
#2 transferring dockerfile: 819B done
#2 DONE 0.0s

#3 [backend internal] load build definition from Dockerfile
#3 transferring dockerfile: 1.49kB 0.0s done
#3 DONE 0.0s

#4 [backend] resolve image config for docker-image://docker.io/docker/dockerfile:1
#4 ...

#5 [auth] docker/dockerfile:pull token for registry-1.docker.io
#5 DONE 0.0s

#4 [backend] resolve image config for docker-image://docker.io/docker/dockerfile:1
#4 DONE 2.3s

#6 [frontend] docker-image://docker.io/docker/dockerfile:1@sha256:4edf897a3ffa55b89f906fc8cc78afdb3f1834cc9c7083565e611a8a7d5fe99e
#6 resolve docker.io/docker/dockerfile:1@sha256:4edf897a3ffa55b89f906fc8cc78afdb3f1834cc9c7083565e611a8a7d5fe99e 0.1s done
#6 sha256:9d2b4f57f9e20f33279375ce25c6ff14f30f64270ed5c7b613b2b30256754f62 0B / 14.28MB 0.2s
#6 sha256:9d2b4f57f9e20f33279375ce25c6ff14f30f64270ed5c7b613b2b30256754f62 1.05MB / 14.28MB 0.6s
#6 sha256:9d2b4f57f9e20f33279375ce25c6ff14f30f64270ed5c7b613b2b30256754f62 2.10MB / 14.28MB 1.1s
#6 sha256:9d2b4f57f9e20f33279375ce25c6ff14f30f64270ed5c7b613b2b30256754f62 3.15MB / 14.28MB 1.2s
#6 sha256:9d2b4f57f9e20f33279375ce25c6ff14f30f64270ed5c7b613b2b30256754f62 4.19MB / 14.28MB 1.7s
#6 sha256:9d2b4f57f9e20f33279375ce25c6ff14f30f64270ed5c7b613b2b30256754f62 5.24MB / 14.28MB 2.0s
#6 sha256:9d2b4f57f9e20f33279375ce25c6ff14f30f64270ed5c7b613b2b30256754f62 6.29MB / 14.28MB 2.3s
#6 sha256:9d2b4f57f9e20f33279375ce25c6ff14f30f64270ed5c7b613b2b30256754f62 7.34MB / 14.28MB 2.6s
#6 sha256:9d2b4f57f9e20f33279375ce25c6ff14f30f64270ed5c7b613b2b30256754f62 8.39MB / 14.28MB 2.9s
#6 sha256:9d2b4f57f9e20f33279375ce25c6ff14f30f64270ed5c7b613b2b30256754f62 9.44MB / 14.28MB 3.2s
#6 sha256:9d2b4f57f9e20f33279375ce25c6ff14f30f64270ed5c7b613b2b30256754f62 10.49MB / 14.28MB 3.6s
#6 sha256:9d2b4f57f9e20f33279375ce25c6ff14f30f64270ed5c7b613b2b30256754f62 11.53MB / 14.28MB 4.1s
#6 sha256:9d2b4f57f9e20f33279375ce25c6ff14f30f64270ed5c7b613b2b30256754f62 12.58MB / 14.28MB 4.2s
#6 sha256:9d2b4f57f9e20f33279375ce25c6ff14f30f64270ed5c7b613b2b30256754f62 13.63MB / 14.28MB 4.5s
#6 sha256:9d2b4f57f9e20f33279375ce25c6ff14f30f64270ed5c7b613b2b30256754f62 14.28MB / 14.28MB 4.6s done
#6 sha256:9d2b4f57f9e20f33279375ce25c6ff14f30f64270ed5c7b613b2b30256754f62 14.28MB / 14.28MB 4.6s done
#6 extracting sha256:9d2b4f57f9e20f33279375ce25c6ff14f30f64270ed5c7b613b2b30256754f62
#6 extracting sha256:9d2b4f57f9e20f33279375ce25c6ff14f30f64270ed5c7b613b2b30256754f62 0.3s done
#6 extracting sha256:9d2b4f57f9e20f33279375ce25c6ff14f30f64270ed5c7b613b2b30256754f62 0.3s done
#6 DONE 5.1s

#7 [frontend internal] load metadata for docker.io/library/node:22.23.3@sha256:363e1587494626837fa7f9a23bdb453d13b0ff3c67c705c2805cfc69c2d2fad7
#7 ...

#8 [auth] library/eclipse-temurin:pull token for registry-1.docker.io
#8 DONE 0.0s

#9 [auth] library/node:pull token for registry-1.docker.io
#9 DONE 0.0s

#10 [auth] library/nginx:pull token for registry-1.docker.io
#10 DONE 0.0s

#11 [backend internal] load metadata for docker.io/library/eclipse-temurin:21.0.12_8-jdk@sha256:92a2a4d7a928d057e7bd999c418d66c26a34eb9a0442f3ab67721c3f88110b2d
#11 ...

#7 [frontend internal] load metadata for docker.io/library/node:22.23.3@sha256:363e1587494626837fa7f9a23bdb453d13b0ff3c67c705c2805cfc69c2d2fad7
#7 DONE 1.1s

#11 [backend internal] load metadata for docker.io/library/eclipse-temurin:21.0.12_8-jdk@sha256:92a2a4d7a928d057e7bd999c418d66c26a34eb9a0442f3ab67721c3f88110b2d
#11 DONE 1.1s

#12 [backend internal] load metadata for docker.io/library/eclipse-temurin:21.0.12_8-jre@sha256:49e21e16e3c86eb7816a44a67549910ed090fbeb40c29c525d58bf5e02e91b0f
#12 DONE 1.1s

#13 [backend internal] load .dockerignore
#13 transferring context: 61B done
#13 DONE 0.0s

#14 [frontend internal] load metadata for docker.io/library/nginx:1.28.0@sha256:552e7481ca93ffccd046aa658dbbed22caefbc09c66fa7cd247cbb90b8a5c609
#14 DONE 1.3s

#15 [frontend internal] load .dockerignore
#15 transferring context: 126B 0.0s done
#15 DONE 0.0s

#16 [backend build 1/8] FROM docker.io/library/eclipse-temurin:21.0.12_8-jdk@sha256:92a2a4d7a928d057e7bd999c418d66c26a34eb9a0442f3ab67721c3f88110b2d
#16 resolve docker.io/library/eclipse-temurin:21.0.12_8-jdk@sha256:92a2a4d7a928d057e7bd999c418d66c26a34eb9a0442f3ab67721c3f88110b2d 0.1s done
#16 DONE 0.1s

#17 [backend internal] load build context
#17 transferring context: 9.59kB 0.0s done
#17 DONE 0.1s

#18 [backend stage-1 1/4] FROM docker.io/library/eclipse-temurin:21.0.12_8-jre@sha256:49e21e16e3c86eb7816a44a67549910ed090fbeb40c29c525d58bf5e02e91b0f
#18 resolve docker.io/library/eclipse-temurin:21.0.12_8-jre@sha256:49e21e16e3c86eb7816a44a67549910ed090fbeb40c29c525d58bf5e02e91b0f 0.1s done
#18 DONE 0.1s

#19 [frontend internal] load build context
#19 DONE 0.0s

#20 [backend build 6/8] RUN --mount=type=cache,target=/root/.m2 ./mvnw -B -q dependency:go-offline
#20 CACHED

#21 [backend build 7/8] COPY src/ src/
#21 CACHED

#22 [backend stage-1 2/4] RUN groupadd --system --gid 10001 app && useradd --system --uid 10001 --gid app --no-create-home app     && mkdir -p /data/registrations && chown app:app /data/registrations
#22 CACHED

#23 [backend build 5/8] COPY mvnw pom.xml ./
#23 CACHED

#24 [backend build 4/8] COPY .mvn/ .mvn/
#24 CACHED

#25 [backend build 8/8] RUN --mount=type=cache,target=/root/.m2 ./mvnw -B -q -DskipTests package     && cp target/conference-backend-1.0.0.jar /workspace/app.jar
#25 CACHED

#26 [backend build 2/8] RUN apt-get update && apt-get install -y --no-install-recommends unzip && rm -rf /var/lib/apt/lists/*
#26 CACHED

#27 [backend stage-1 3/4] WORKDIR /app
#27 CACHED

#28 [backend build 3/8] WORKDIR /workspace
#28 CACHED

#29 [backend stage-1 4/4] COPY --from=build /workspace/app.jar /app/app.jar
#29 CACHED

#30 [frontend build 1/6] FROM docker.io/library/node:22.23.3@sha256:363e1587494626837fa7f9a23bdb453d13b0ff3c67c705c2805cfc69c2d2fad7
#30 resolve docker.io/library/node:22.23.3@sha256:363e1587494626837fa7f9a23bdb453d13b0ff3c67c705c2805cfc69c2d2fad7 0.1s done
#30 DONE 0.1s

#31 [backend] exporting to image
#31 exporting layers done
#31 exporting manifest sha256:1059067e659238961fd6a6a9f2d279d2a2444e35ccad6dac6416e1d4ffd831a9
#31 ...

#32 [frontend stage-1 1/4] FROM docker.io/library/nginx:1.28.0@sha256:552e7481ca93ffccd046aa658dbbed22caefbc09c66fa7cd247cbb90b8a5c609
#32 resolve docker.io/library/nginx:1.28.0@sha256:552e7481ca93ffccd046aa658dbbed22caefbc09c66fa7cd247cbb90b8a5c609 0.1s done
#32 DONE 0.1s

#19 [frontend internal] load build context
#19 transferring context: 4.81kB done
#19 DONE 0.0s

#33 [frontend build 2/6] WORKDIR /app
#33 CACHED

#34 [frontend build 3/6] COPY package.json package-lock.json .npmrc ./
#34 CACHED

#35 [frontend build 4/6] RUN npm ci --no-audit --no-fund
#35 CACHED

#36 [frontend build 5/6] COPY . .
#36 DONE 0.1s

#31 [backend] exporting to image
#31 exporting manifest sha256:1059067e659238961fd6a6a9f2d279d2a2444e35ccad6dac6416e1d4ffd831a9 0.0s done
#31 exporting config sha256:cebdf6a1cc176e23aec063eba5a3e6e2243bb85bafe7ab0d1a2cd12fe842520d 0.0s done
#31 exporting attestation manifest sha256:a9dcb264a0c8d135b5c2dda23b6e3050819c79bc17971481a4d99c908ce0a644
#31 exporting attestation manifest sha256:a9dcb264a0c8d135b5c2dda23b6e3050819c79bc17971481a4d99c908ce0a644 0.1s done
#31 exporting manifest list sha256:5ab0d84f1fdbc09a611bb93a1f8456cb22fe8e3ae6b8a025200699cd548b0a7c 0.0s done
#31 naming to docker.io/library/agenticlab-backend:local 0.0s done
#31 unpacking to docker.io/library/agenticlab-backend:local 0.0s done
#31 DONE 0.3s

#37 [frontend build 6/6] RUN npm run build
#37 ...

#38 [backend] resolving provenance for metadata file
#38 DONE 0.0s

#37 [frontend build 6/6] RUN npm run build
#37 0.512 
#37 0.512 > conference-frontend@1.0.0 build
#37 0.512 > tsc -b && vite build
#37 0.512 
#37 4.005 vite v6.4.3 building for production...
#37 4.086 transforming...
#37 5.051 ✓ 35 modules transformed.
#37 5.291 rendering chunks...
#37 5.299 computing gzip size...
#37 5.307 dist/index.html                   0.41 kB │ gzip:  0.28 kB
#37 5.307 dist/assets/index-4IxLQT_O.css    1.44 kB │ gzip:  0.66 kB
#37 5.307 dist/assets/index-DKQ2NDLk.js   204.38 kB │ gzip: 64.32 kB
#37 5.308 ✓ built in 1.27s
#37 DONE 5.4s

#39 [frontend stage-1 2/4] COPY nginx/nginx.conf /etc/nginx/nginx.conf
#39 CACHED

#40 [frontend stage-1 3/4] COPY --from=build /app/dist /usr/share/nginx/html
#40 CACHED

#41 [frontend stage-1 4/4] RUN mkdir -p /tmp/nginx && chown -R nginx:nginx /tmp/nginx /var/cache/nginx
#41 CACHED

#42 [frontend] exporting to image
#42 exporting layers done
#42 exporting manifest sha256:70b09e37203354d2acc5052808bb9d29cf57cdee68f04e30ff56fa86cfebdee5 done
#42 exporting config sha256:c273d5d825cf7fbab6d4fc6e30856e8c910dbfb45c522942d6522c721899b5e8 done
#42 exporting attestation manifest sha256:3e0050e6e6627f8ad1100c7e2282d8835188cd9faadf74fef091a65e3a2ca23a 0.1s done
#42 exporting manifest list sha256:1a115418a29788d7b5badc02e97a2a68bf14a510b6676129305395c6a1a98a6a 0.0s done
#42 naming to docker.io/library/agenticlab-frontend:local
#42 naming to docker.io/library/agenticlab-frontend:local done
#42 unpacking to docker.io/library/agenticlab-frontend:local 0.0s done
#42 DONE 0.2s

#43 [frontend] resolving provenance for metadata file
#43 DONE 0.0s
 Image agenticlab-backend:local Built 
 Image agenticlab-frontend:local Built 
 Container agenticlab-postgres-1 Running 
 Container agenticlab-mailpit-1 Running 
 Container agenticlab-backend-1 Recreate 
 Container agenticlab-backend-1 Recreated 
 Container agenticlab-frontend-1 Recreate 
 Container agenticlab-frontend-1 Recreated 
 Container agenticlab-postgres-1 Waiting 
 Container agenticlab-postgres-1 Healthy 
 Container agenticlab-backend-1 Starting 
 Container agenticlab-backend-1 Started 
 Container agenticlab-frontend-1 Starting 
 Container agenticlab-frontend-1 Started 
