[INFO] Scanning for projects...
[INFO] 
[INFO] -----------------< lab.conference:conference-backend >------------------
[INFO] Building conference-backend 1.0.0
[INFO]   from pom.xml
[INFO] --------------------------------[ jar ]---------------------------------
[INFO] 
[INFO] --- jacoco:0.8.13:prepare-agent (prepare-unit) @ conference-backend ---
[INFO] argLine set to -javaagent:/home/tjan-kazar/.m2/repository/org/jacoco/org.jacoco.agent/0.8.13/org.jacoco.agent-0.8.13-runtime.jar=destfile=/home/tjan-kazar/storage/Work/lab/agentic_lab/02_output/backend/target/jacoco.exec
[INFO] 
[INFO] --- resources:3.3.1:resources (default-resources) @ conference-backend ---
[INFO] Copying 1 resource from src/main/resources to target/classes
[INFO] Copying 1 resource from src/main/resources to target/classes
[INFO] 
[INFO] --- compiler:3.14.1:compile (default-compile) @ conference-backend ---
[INFO] Nothing to compile - all classes are up to date.
[INFO] 
[INFO] --- resources:3.3.1:testResources (default-testResources) @ conference-backend ---
[INFO] Copying 6 resources from src/test/resources to target/test-classes
[INFO] 
[INFO] --- compiler:3.14.1:testCompile (default-testCompile) @ conference-backend ---
[INFO] Recompiling the module because of changed source code.
[INFO] Compiling 19 source files with javac [debug parameters release 21] to target/test-classes
[INFO] 
[INFO] --- surefire:3.5.6:test (default-test) @ conference-backend ---
[INFO] 
[INFO] --- jacoco:0.8.13:report (report-unit) @ conference-backend ---
[INFO] Loading execution data file /home/tjan-kazar/storage/Work/lab/agentic_lab/02_output/backend/target/jacoco.exec
[INFO] Analyzed bundle 'conference-backend' with 60 classes
[INFO] 
[INFO] --- jar:3.4.2:jar (default-jar) @ conference-backend ---
[INFO] 
[INFO] --- spring-boot:3.5.16:repackage (repackage) @ conference-backend ---
[INFO] Replacing main artifact /home/tjan-kazar/storage/Work/lab/agentic_lab/02_output/backend/target/conference-backend-1.0.0.jar with repackaged archive, adding nested dependencies in BOOT-INF/.
[INFO] The original artifact has been renamed to /home/tjan-kazar/storage/Work/lab/agentic_lab/02_output/backend/target/conference-backend-1.0.0.jar.original
[INFO] 
[INFO] --- jacoco:0.8.13:prepare-agent-integration (prepare-integration) @ conference-backend ---
[INFO] argLine set to -javaagent:/home/tjan-kazar/.m2/repository/org/jacoco/org.jacoco.agent/0.8.13/org.jacoco.agent-0.8.13-runtime.jar=destfile=/home/tjan-kazar/storage/Work/lab/agentic_lab/02_output/backend/target/jacoco-it.exec
[INFO] 
[INFO] --- failsafe:3.5.6:integration-test (default) @ conference-backend ---
[INFO] Using auto detected provider org.apache.maven.surefire.junitplatform.JUnitPlatformProvider
[INFO] 
[INFO] -------------------------------------------------------
[INFO]  T E S T S
[INFO] -------------------------------------------------------
[INFO] Running lab.conference.acceptance.SmtpOutageAcceptanceTest
13:31:46.434 [main] INFO org.testcontainers.images.PullPolicy -- Image pull policy will be performed by: DefaultPullPolicy()
13:31:46.449 [main] INFO org.testcontainers.utility.ImageNameSubstitutor -- Image name substitution will be performed by: DefaultImageNameSubstitutor (composite of 'ConfigurationFileImageNameSubstitutor' and 'PrefixingImageNameSubstitutor')
13:31:46.474 [main] INFO org.testcontainers.DockerClientFactory -- Testcontainers version: 1.21.4
13:31:48.216 [main] INFO org.testcontainers.dockerclient.DockerClientProviderStrategy -- Found Docker environment with Docker accessed via Unix socket (/home/tjan-kazar/.docker/desktop/docker.sock)
13:31:48.225 [main] INFO org.testcontainers.DockerClientFactory -- Docker host IP address is localhost
13:31:48.281 [main] INFO org.testcontainers.DockerClientFactory -- Connected to docker: 
  Server Version: 29.3.1
  API Version: 1.54
  Operating System: Docker Desktop
  Total Memory: 31283 MB
  Labels: 
    com.docker.desktop.address=unix:///home/tjan-kazar/.docker/desktop/docker-cli.sock
13:31:48.745 [main] INFO tc.testcontainers/ryuk:0.12.0 -- Creating container for image: testcontainers/ryuk:0.12.0
13:31:49.121 [main] INFO tc.testcontainers/ryuk:0.12.0 -- Container testcontainers/ryuk:0.12.0 is starting: f31f90a768caa18082fbcc57db2c1a00e165cd5bce67440aea62c5c582760b26
13:31:49.913 [main] INFO tc.testcontainers/ryuk:0.12.0 -- Container testcontainers/ryuk:0.12.0 started in PT1.168341092S
13:31:49.923 [main] INFO org.testcontainers.utility.RyukResourceReaper -- Ryuk started - will monitor and terminate Testcontainers containers on JVM exit
13:31:49.924 [main] INFO org.testcontainers.DockerClientFactory -- Checking the system...
13:31:49.925 [main] INFO org.testcontainers.DockerClientFactory -- ✔︎ Docker server version should be at least 1.6.0
13:31:49.928 [main] INFO tc.postgres@sha256:952067... -- Creating container for image: postgres@sha256:95206741a5b214807675e14165369d05b93a9cf692223b616d07cca227e74b0b
13:31:50.113 [main] INFO tc.postgres@sha256:952067... -- Container postgres@sha256:95206741a5b214807675e14165369d05b93a9cf692223b616d07cca227e74b0b is starting: a5dfc3ca1867928e393d4eeb7d009aa268e07952e2c4b6c6edd86b663112de13
13:31:52.217 [main] INFO tc.postgres@sha256:952067... -- Container postgres@sha256:95206741a5b214807675e14165369d05b93a9cf692223b616d07cca227e74b0b started in PT2.288607904S
13:31:52.218 [main] INFO tc.postgres@sha256:952067... -- Container is started (JDBC URL: jdbc:postgresql://localhost:35779/postgres?loggerLevel=OFF)
2026-09-30T13:31:54.178+02:00  INFO 1830355 --- [conference-backend] [           main] o.a.maven.surefire.booter.ForkedBooter   : Starting ForkedBooter v3.5.6 using Java 21.0.12 with PID 1830355 (started by tjan-kazar in /home/tjan-kazar/storage/Work/lab/agentic_lab/02_output/backend)
2026-09-30T13:31:54.190+02:00  INFO 1830355 --- [conference-backend] [           main] o.a.maven.surefire.booter.ForkedBooter   : No active profile set, falling back to 1 default profile: "default"
2026-09-30T13:31:56.396+02:00  INFO 1830355 --- [conference-backend] [           main] .s.d.r.c.RepositoryConfigurationDelegate : Bootstrapping Spring Data JPA repositories in DEFAULT mode.
2026-09-30T13:31:56.554+02:00  INFO 1830355 --- [conference-backend] [           main] .s.d.r.c.RepositoryConfigurationDelegate : Finished Spring Data repository scanning in 135 ms. Found 2 JPA repository interfaces.
2026-09-30T13:31:57.847+02:00  INFO 1830355 --- [conference-backend] [           main] o.s.b.w.embedded.tomcat.TomcatWebServer  : Tomcat initialized with port 0 (http)
2026-09-30T13:31:57.881+02:00  INFO 1830355 --- [conference-backend] [           main] o.apache.catalina.core.StandardService   : Starting service [Tomcat]
2026-09-30T13:31:57.882+02:00  INFO 1830355 --- [conference-backend] [           main] o.apache.catalina.core.StandardEngine    : Starting Servlet engine: [Apache Tomcat/10.1.60]
2026-09-30T13:31:57.972+02:00  INFO 1830355 --- [conference-backend] [           main] o.a.c.c.C.[Tomcat].[localhost].[/]       : Initializing Spring embedded WebApplicationContext
2026-09-30T13:31:57.974+02:00  INFO 1830355 --- [conference-backend] [           main] w.s.c.ServletWebServerApplicationContext : Root WebApplicationContext: initialization completed in 3704 ms
2026-09-30T13:31:58.787+02:00  INFO 1830355 --- [conference-backend] [           main] com.zaxxer.hikari.HikariDataSource       : HikariPool-1 - Starting...
2026-09-30T13:31:58.904+02:00  INFO 1830355 --- [conference-backend] [           main] com.zaxxer.hikari.pool.HikariPool        : HikariPool-1 - Added connection org.postgresql.jdbc.PgConnection@48844660
2026-09-30T13:31:58.907+02:00  INFO 1830355 --- [conference-backend] [           main] com.zaxxer.hikari.HikariDataSource       : HikariPool-1 - Start completed.
2026-09-30T13:31:58.980+02:00  INFO 1830355 --- [conference-backend] [           main] org.flywaydb.core.FlywayExecutor         : Database: jdbc:postgresql://localhost:35779/conf_54f0f4525a4d (PostgreSQL 16.14)
2026-09-30T13:31:59.058+02:00  INFO 1830355 --- [conference-backend] [           main] o.f.c.i.s.JdbcTableSchemaHistory         : Schema history table "public"."flyway_schema_history" does not exist yet
2026-09-30T13:31:59.065+02:00  INFO 1830355 --- [conference-backend] [           main] o.f.core.internal.command.DbValidate     : Successfully validated 1 migration (execution time 00:00.036s)
2026-09-30T13:31:59.097+02:00  INFO 1830355 --- [conference-backend] [           main] o.f.c.i.s.JdbcTableSchemaHistory         : Creating Schema History table "public"."flyway_schema_history" ...
2026-09-30T13:31:59.183+02:00  INFO 1830355 --- [conference-backend] [           main] o.f.core.internal.command.DbMigrate      : Current version of schema "public": << Empty Schema >>
2026-09-30T13:31:59.212+02:00  INFO 1830355 --- [conference-backend] [           main] o.f.core.internal.command.DbMigrate      : Migrating schema "public" to version "1 - registration schema"
2026-09-30T13:31:59.280+02:00  INFO 1830355 --- [conference-backend] [           main] o.f.core.internal.command.DbMigrate      : Successfully applied 1 migration to schema "public", now at version v1 (execution time 00:00.035s)
2026-09-30T13:31:59.453+02:00  INFO 1830355 --- [conference-backend] [           main] o.hibernate.jpa.internal.util.LogHelper  : HHH000204: Processing PersistenceUnitInfo [name: default]
2026-09-30T13:31:59.574+02:00  INFO 1830355 --- [conference-backend] [           main] org.hibernate.Version                    : HHH000412: Hibernate ORM core version 6.6.53.Final
2026-09-30T13:31:59.633+02:00  INFO 1830355 --- [conference-backend] [           main] o.h.c.internal.RegionFactoryInitiator    : HHH000026: Second-level cache disabled
2026-09-30T13:32:00.203+02:00  INFO 1830355 --- [conference-backend] [           main] o.s.o.j.p.SpringPersistenceUnitInfo      : No LoadTimeWeaver setup: ignoring JPA class transformer
2026-09-30T13:32:00.407+02:00  INFO 1830355 --- [conference-backend] [           main] org.hibernate.orm.connections.pooling    : HHH10001005: Database info:
	Database JDBC URL [Connecting through datasource 'HikariDataSource (HikariPool-1)']
	Database driver: undefined/unknown
	Database version: 16.14
	Autocommit mode: undefined/unknown
	Isolation level: undefined/unknown
	Minimum pool size: undefined/unknown
	Maximum pool size: undefined/unknown
2026-09-30T13:32:02.363+02:00  INFO 1830355 --- [conference-backend] [           main] o.h.e.t.j.p.i.JtaPlatformInitiator       : HHH000489: No JTA platform available (set 'hibernate.transaction.jta.platform' to enable JTA platform integration)
2026-09-30T13:32:02.432+02:00  INFO 1830355 --- [conference-backend] [           main] j.LocalContainerEntityManagerFactoryBean : Initialized JPA EntityManagerFactory for persistence unit 'default'
2026-09-30T13:32:02.969+02:00  INFO 1830355 --- [conference-backend] [           main] o.s.d.j.r.query.QueryEnhancerFactory     : Hibernate is in classpath; If applicable, HQL parser will be used.
2026-09-30T13:32:04.570+02:00  INFO 1830355 --- [conference-backend] [           main] r$InitializeUserDetailsManagerConfigurer : Global AuthenticationManager configured with UserDetailsService bean with name organizer
2026-09-30T13:32:05.194+02:00  INFO 1830355 --- [conference-backend] [           main] o.s.b.a.e.web.EndpointLinksResolver      : Exposing 1 endpoint beneath base path '/actuator'
2026-09-30T13:32:05.856+02:00  INFO 1830355 --- [conference-backend] [           main] o.s.b.w.embedded.tomcat.TomcatWebServer  : Tomcat started on port 44643 (http) with context path '/'
2026-09-30T13:32:05.894+02:00  INFO 1830355 --- [conference-backend] [           main] o.a.maven.surefire.booter.ForkedBooter   : Started ForkedBooter in 12.713 seconds (process running for 21.453)
2026-09-30T13:32:06.800+02:00  INFO 1830355 --- [conference-backend] [o-auto-1-exec-1] o.a.c.c.C.[Tomcat].[localhost].[/]       : Initializing Spring DispatcherServlet 'dispatcherServlet'
2026-09-30T13:32:06.801+02:00  INFO 1830355 --- [conference-backend] [o-auto-1-exec-1] o.s.web.servlet.DispatcherServlet        : Initializing Servlet 'dispatcherServlet'
2026-09-30T13:32:06.802+02:00  INFO 1830355 --- [conference-backend] [o-auto-1-exec-1] o.s.web.servlet.DispatcherServlet        : Completed initialization in 1 ms
2026-09-30T13:32:08.838+02:00  INFO 1830355 --- [conference-backend] [o-auto-1-exec-1] l.c.registration.RegistrationService     : Registration 69fabe34-239e-4a70-b978-2bbcde6fcd14 accepted (external)
2026-09-30T13:32:09.401+02:00  WARN 1830355 --- [conference-backend] [   scheduling-1] l.c.n.NotificationDispatcher             : Notification PARTICIPANT for registration 69fabe34-239e-4a70-b978-2bbcde6fcd14 failed (attempt 1, MailSendException)
2026-09-30T13:32:09.425+02:00  WARN 1830355 --- [conference-backend] [   scheduling-1] l.c.n.NotificationDispatcher             : Notification ORGANIZER for registration 69fabe34-239e-4a70-b978-2bbcde6fcd14 failed (attempt 1, MailSendException)
2026-09-30T13:32:12.201+02:00  INFO 1830355 --- [conference-backend] [           main] tc.axllent/mailpit@sha256:4873e5...      : Creating container for image: axllent/mailpit@sha256:4873e5a441ed368f1e98a832f61257a033859f5e829542cd03fb772d2282ea4e
2026-09-30T13:32:12.696+02:00  INFO 1830355 --- [conference-backend] [           main] tc.axllent/mailpit@sha256:4873e5...      : Container axllent/mailpit@sha256:4873e5a441ed368f1e98a832f61257a033859f5e829542cd03fb772d2282ea4e is starting: e462ab5077e7d7259986154b582185c71b78573df410b4bd59e48df03939f51c
2026-09-30T13:32:13.490+02:00  INFO 1830355 --- [conference-backend] [           main] o.t.c.wait.strategy.HttpWaitStrategy     : /exciting_bose: Waiting for 60 seconds for URL: http://localhost:45277/livez (where port 45277 maps to container port 8025)
2026-09-30T13:32:13.519+02:00  INFO 1830355 --- [conference-backend] [           main] tc.axllent/mailpit@sha256:4873e5...      : Container axllent/mailpit@sha256:4873e5a441ed368f1e98a832f61257a033859f5e829542cd03fb772d2282ea4e started in PT1.317284109S
2026-09-30T13:32:20.829+02:00  INFO 1830355 --- [conference-backend] [           main] o.s.b.w.e.tomcat.GracefulShutdown        : Commencing graceful shutdown. Waiting for active requests to complete
2026-09-30T13:32:20.833+02:00  INFO 1830355 --- [conference-backend] [tomcat-shutdown] o.s.b.w.e.tomcat.GracefulShutdown        : Graceful shutdown complete
2026-09-30T13:32:20.851+02:00  INFO 1830355 --- [conference-backend] [           main] j.LocalContainerEntityManagerFactoryBean : Closing JPA EntityManagerFactory for persistence unit 'default'
2026-09-30T13:32:20.856+02:00  INFO 1830355 --- [conference-backend] [           main] com.zaxxer.hikari.HikariDataSource       : HikariPool-1 - Shutdown initiated...
2026-09-30T13:32:20.862+02:00  INFO 1830355 --- [conference-backend] [           main] com.zaxxer.hikari.HikariDataSource       : HikariPool-1 - Shutdown completed.
[INFO] Tests run: 1, Failures: 0, Errors: 0, Skipped: 0, Time elapsed: 34.73 s -- in lab.conference.acceptance.SmtpOutageAcceptanceTest
[INFO] 
[INFO] Results:
[INFO] 
[INFO] Tests run: 1, Failures: 0, Errors: 0, Skipped: 0
[INFO] 
[INFO] 
[INFO] --- jacoco:0.8.13:report-integration (report-integration) @ conference-backend ---
[INFO] Loading execution data file /home/tjan-kazar/storage/Work/lab/agentic_lab/02_output/backend/target/jacoco-it.exec
[INFO] Analyzed bundle 'conference-backend' with 60 classes
[INFO] 
[INFO] --- failsafe:3.5.6:verify (default) @ conference-backend ---
[INFO] ------------------------------------------------------------------------
[INFO] BUILD SUCCESS
[INFO] ------------------------------------------------------------------------
[INFO] Total time:  44.768 s
[INFO] Finished at: 2026-09-30T13:32:22+02:00
[INFO] ------------------------------------------------------------------------
