
 RUN  v3.2.7 /home/tjan-kazar/storage/Work/lab/agentic_lab/02_output/frontend
      Coverage enabled with v8

 ✓ src/validation.test.ts (15 tests) 42ms
 ✓ src/api.test.ts (9 tests) 67ms
 ✓ src/components/Captcha.test.tsx (3 tests) 461ms
   ✓ Captcha > stub checkbox toggles the deterministic token  409ms
 ✓ src/App.test.tsx (5 tests) 1501ms
   ✓ App routing > home lists both forms and the organizer page  337ms
   ✓ App routing > shows the confirmation only after acceptance  1036ms
 ✓ src/components/RegistrationForm.test.tsx (9 tests) 5710ms
   ✓ RegistrationForm > renders groups, unchecked consent and no student fields for the external form  425ms
   ✓ RegistrationForm > submits trimmed values with selections and reports acceptance  1191ms
   ✓ RegistrationForm > maps server field errors and general errors  728ms
   ✓ RegistrationForm > shows a save error for status 503 and keeps the data  702ms
   ✓ RegistrationForm > shows a save error for status 409 and keeps the data  750ms
   ✓ RegistrationForm > shows a save error for status 429 and keeps the data  808ms
   ✓ RegistrationForm > reuses the client request ID when retrying after a failure  754ms

 Test Files  5 passed (5)
      Tests  41 passed (41)
   Start at  13:51:19
   Duration  10.01s (transform 1.18s, setup 1.60s, collect 3.56s, tests 7.78s, environment 7.93s, prepare 1.51s)

 % Coverage report from v8

=============================== Coverage summary ===============================
Statements   : 100% ( 465/465 )
Branches     : 98.03% ( 150/153 )
Functions    : 100% ( 25/25 )
Lines        : 100% ( 465/465 )
================================================================================
