               
               
┌─────────────┐
│ Scan Status │
└─────────────┘
  Scanning 89 files tracked by git with 1145 Code rules:
                                                                                                                        
  Language      Rules   Files          Origin      Rules                                                                
 ─────────────────────────────        ───────────────────                                                               
  <multilang>      78      59          Community    1145                                                                
  java            118      51                                                                                           
  ts              164      12                                                                                           
  json              4       7                                                                                           
  yaml             39       2                                                                                           
  dockerfile        7       2                                                                                           
  js              154       1                                                                                           
  bash              4       1                                                                                           
  html              1       1                                                                                           
                                                                                                                        
                
                
┌──────────────┐
│ Scan Summary │
└──────────────┘
✅ Scan completed successfully.
 • Findings: 2 (2 blocking)
 • Rules run: 410
 • Targets scanned: 89
 • Parsed lines: ~99.9%
 • Scan skipped: 
   ◦ Matching --exclude patterns: 5
   ◦ Files matching .semgrepignore patterns: 3
 • For a detailed list of skipped files and lines, run semgrep with the --verbose flag
Ran 410 rules on 89 files: 2 findings.
