
Running 3 tests using 1 worker

  x  1 [chromium] › tests\e2e\registration.e2e.spec.ts:38:1 › NFR-01 AC-001-01 AC-006-01 AC-007-01 AC-008-03 Slovenian characters survive form, emails and export (30.1s)
  x  2 [chromium] › tests\e2e\registration.e2e.spec.ts:79:1 › AC-002-01 AC-004-01 a student registers through the form (30.1s)
  x  3 [chromium] › tests\e2e\registration.e2e.spec.ts:96:1 › AC-008-01 AC-008-02 DoD-P04 the organizer gets a workbook; without credentials the same request is refused (210ms)


  1) [chromium] › tests\e2e\registration.e2e.spec.ts:38:1 › NFR-01 AC-001-01 AC-006-01 AC-007-01 AC-008-03 Slovenian characters survive form, emails and export 

    Test timeout of 30000ms exceeded.

    Error: locator.check: Test timeout of 30000ms exceeded.
    Call log:
      - waiting for getByRole('radio', { name: 'External participant' })


      19 |
      20 | async function chooseType(page: Page, type: 'External participant' | 'Student') {
    > 21 |   await page.getByRole('radio', { name: type }).check();
         |                                                 ^
      22 | }
      23 |
      24 | async function acceptAndSubmit(page: Page): Promise<string> {
        at chooseType (E:\13 - Lab Projects\04_Input_Files_Template\agentic_lab\02_output\frontend\tests\e2e\registration.e2e.spec.ts:21:49)
        at E:\13 - Lab Projects\04_Input_Files_Template\agentic_lab\02_output\frontend\tests\e2e\registration.e2e.spec.ts:44:9

    Error Context: test-results\registration.e2e-NFR-01-AC-653cf-vive-form-emails-and-export-chromium\error-context.md

    attachment #2: trace (application/zip) ─────────────────────────────────────────────────────────
    test-results\registration.e2e-NFR-01-AC-653cf-vive-form-emails-and-export-chromium\trace.zip
    Usage:

        npx playwright show-trace test-results\registration.e2e-NFR-01-AC-653cf-vive-form-emails-and-export-chromium\trace.zip

    ────────────────────────────────────────────────────────────────────────────────────────────────

  2) [chromium] › tests\e2e\registration.e2e.spec.ts:79:1 › AC-002-01 AC-004-01 a student registers through the form 

    Test timeout of 30000ms exceeded.

    Error: locator.check: Test timeout of 30000ms exceeded.
    Call log:
      - waiting for getByRole('radio', { name: 'Student' })


      19 |
      20 | async function chooseType(page: Page, type: 'External participant' | 'Student') {
    > 21 |   await page.getByRole('radio', { name: type }).check();
         |                                                 ^
      22 | }
      23 |
      24 | async function acceptAndSubmit(page: Page): Promise<string> {
        at chooseType (E:\13 - Lab Projects\04_Input_Files_Template\agentic_lab\02_output\frontend\tests\e2e\registration.e2e.spec.ts:21:49)
        at E:\13 - Lab Projects\04_Input_Files_Template\agentic_lab\02_output\frontend\tests\e2e\registration.e2e.spec.ts:82:9

    Error Context: test-results\registration.e2e-AC-002-01-d2d32--registers-through-the-form-chromium\error-context.md

    attachment #2: trace (application/zip) ─────────────────────────────────────────────────────────
    test-results\registration.e2e-AC-002-01-d2d32--registers-through-the-form-chromium\trace.zip
    Usage:

        npx playwright show-trace test-results\registration.e2e-AC-002-01-d2d32--registers-through-the-form-chromium\trace.zip

    ────────────────────────────────────────────────────────────────────────────────────────────────

  3) [chromium] › tests\e2e\registration.e2e.spec.ts:96:1 › AC-008-01 AC-008-02 DoD-P04 the organizer gets a workbook; without credentials the same request is refused 

    Error: expect(received).toBe(expected) // Object.is equality

    Expected: 200
    Received: 401

       98 | }) => {
       99 |   const allowed = await request.get(EXPORT, { headers: { Authorization: organizerAuth() } });
    > 100 |   expect(allowed.status()).toBe(200);
          |                            ^
      101 |   expect(allowed.headers()['content-type']).toContain(
      102 |     'application/vnd.openxmlformats-officedocument.spreadsheetml.sheet',
      103 |   );
        at E:\13 - Lab Projects\04_Input_Files_Template\agentic_lab\02_output\frontend\tests\e2e\registration.e2e.spec.ts:100:28

    Error Context: test-results\registration.e2e-AC-008-01-e9019-the-same-request-is-refused-chromium\error-context.md

    attachment #2: trace (application/zip) ─────────────────────────────────────────────────────────
    test-results\registration.e2e-AC-008-01-e9019-the-same-request-is-refused-chromium\trace.zip
    Usage:

        npx playwright show-trace test-results\registration.e2e-AC-008-01-e9019-the-same-request-is-refused-chromium\trace.zip

    ────────────────────────────────────────────────────────────────────────────────────────────────

  3 failed
    [chromium] › tests\e2e\registration.e2e.spec.ts:38:1 › NFR-01 AC-001-01 AC-006-01 AC-007-01 AC-008-03 Slovenian characters survive form, emails and export 
    [chromium] › tests\e2e\registration.e2e.spec.ts:79:1 › AC-002-01 AC-004-01 a student registers through the form 
    [chromium] › tests\e2e\registration.e2e.spec.ts:96:1 › AC-008-01 AC-008-02 DoD-P04 the organizer gets a workbook; without credentials the same request is refused 
