 Image agenticlab-backend:local Building 
 Image agenticlab-frontend:local Building 
#1 [internal] load local bake definitions
#1 reading from stdin 1.11kB done
#1 DONE 0.0s

#2 [backend internal] load build definition from Dockerfile
#2 transferring dockerfile: 1.49kB 0.0s done
#2 DONE 0.0s

#3 [frontend internal] load build definition from Dockerfile
#3 transferring dockerfile: 819B 0.0s done
#3 DONE 0.0s

#4 [auth] docker/dockerfile:pull token for registry-1.docker.io
#4 DONE 0.0s

#5 [frontend] resolve image config for docker-image://docker.io/docker/dockerfile:1
#5 DONE 1.0s

#6 [frontend] docker-image://docker.io/docker/dockerfile:1@sha256:4edf897a3ffa55b89f906fc8cc78afdb3f1834cc9c7083565e611a8a7d5fe99e
#6 resolve docker.io/docker/dockerfile:1@sha256:4edf897a3ffa55b89f906fc8cc78afdb3f1834cc9c7083565e611a8a7d5fe99e 0.0s done
#6 CACHED

#7 [backend internal] load metadata for docker.io/library/eclipse-temurin:21.0.12_8-jdk@sha256:92a2a4d7a928d057e7bd999c418d66c26a34eb9a0442f3ab67721c3f88110b2d
#7 ...

#8 [auth] library/node:pull token for registry-1.docker.io
#8 DONE 0.0s

#9 [auth] library/eclipse-temurin:pull token for registry-1.docker.io
#9 DONE 0.0s

#10 [auth] library/nginx:pull token for registry-1.docker.io
#10 DONE 0.0s

#11 [frontend internal] load metadata for docker.io/library/node:22.23.3@sha256:363e1587494626837fa7f9a23bdb453d13b0ff3c67c705c2805cfc69c2d2fad7
#11 ...

#12 [frontend internal] load metadata for docker.io/library/nginx:1.28.0@sha256:552e7481ca93ffccd046aa658dbbed22caefbc09c66fa7cd247cbb90b8a5c609
#12 DONE 1.1s

#7 [backend internal] load metadata for docker.io/library/eclipse-temurin:21.0.12_8-jdk@sha256:92a2a4d7a928d057e7bd999c418d66c26a34eb9a0442f3ab67721c3f88110b2d
#7 DONE 1.1s

#11 [frontend internal] load metadata for docker.io/library/node:22.23.3@sha256:363e1587494626837fa7f9a23bdb453d13b0ff3c67c705c2805cfc69c2d2fad7
#11 DONE 1.1s

#13 [backend internal] load metadata for docker.io/library/eclipse-temurin:21.0.12_8-jre@sha256:49e21e16e3c86eb7816a44a67549910ed090fbeb40c29c525d58bf5e02e91b0f
#13 DONE 1.1s

#14 [frontend internal] load .dockerignore
#14 transferring context: 126B done
#14 DONE 0.0s

#15 [backend internal] load .dockerignore
#15 transferring context: 61B done
#15 DONE 0.0s

#16 [frontend internal] load build context
#16 DONE 0.0s

#17 [frontend stage-1 1/4] FROM docker.io/library/nginx:1.28.0@sha256:552e7481ca93ffccd046aa658dbbed22caefbc09c66fa7cd247cbb90b8a5c609
#17 resolve docker.io/library/nginx:1.28.0@sha256:552e7481ca93ffccd046aa658dbbed22caefbc09c66fa7cd247cbb90b8a5c609
#17 ...

#18 [backend internal] load build context
#18 DONE 0.0s

#19 [frontend build 1/6] FROM docker.io/library/node:22.23.3@sha256:363e1587494626837fa7f9a23bdb453d13b0ff3c67c705c2805cfc69c2d2fad7
#19 resolve docker.io/library/node:22.23.3@sha256:363e1587494626837fa7f9a23bdb453d13b0ff3c67c705c2805cfc69c2d2fad7 0.1s done
#19 DONE 0.1s

#17 [frontend stage-1 1/4] FROM docker.io/library/nginx:1.28.0@sha256:552e7481ca93ffccd046aa658dbbed22caefbc09c66fa7cd247cbb90b8a5c609
#17 resolve docker.io/library/nginx:1.28.0@sha256:552e7481ca93ffccd046aa658dbbed22caefbc09c66fa7cd247cbb90b8a5c609 0.1s done
#17 DONE 0.1s

#20 [backend build 1/8] FROM docker.io/library/eclipse-temurin:21.0.12_8-jdk@sha256:92a2a4d7a928d057e7bd999c418d66c26a34eb9a0442f3ab67721c3f88110b2d
#20 resolve docker.io/library/eclipse-temurin:21.0.12_8-jdk@sha256:92a2a4d7a928d057e7bd999c418d66c26a34eb9a0442f3ab67721c3f88110b2d 0.1s done
#20 DONE 0.1s

#21 [backend stage-1 1/4] FROM docker.io/library/eclipse-temurin:21.0.12_8-jre@sha256:49e21e16e3c86eb7816a44a67549910ed090fbeb40c29c525d58bf5e02e91b0f
#21 resolve docker.io/library/eclipse-temurin:21.0.12_8-jre@sha256:49e21e16e3c86eb7816a44a67549910ed090fbeb40c29c525d58bf5e02e91b0f 0.1s done
#21 DONE 0.1s

#16 [frontend internal] load build context
#16 transferring context: 372.75kB 0.0s done
#16 DONE 0.1s

#22 [frontend build 3/6] COPY package.json package-lock.json .npmrc ./
#22 CACHED

#23 [frontend build 2/6] WORKDIR /app
#23 CACHED

#24 [frontend build 4/6] RUN npm ci --no-audit --no-fund
#24 CACHED

#18 [backend internal] load build context
#18 transferring context: 328.77kB 0.0s done
#18 DONE 0.0s

#25 [backend stage-1 2/4] RUN groupadd --system --gid 10001 app && useradd --system --uid 10001 --gid app --no-create-home app     && mkdir -p /data/registrations && chown app:app /data/registrations
#25 CACHED

#26 [backend build 4/8] COPY .mvn/ .mvn/
#26 CACHED

#27 [backend build 2/8] RUN apt-get update && apt-get install -y --no-install-recommends unzip && rm -rf /var/lib/apt/lists/*
#27 CACHED

#28 [backend build 5/8] COPY mvnw pom.xml ./
#28 CACHED

#29 [backend build 8/8] RUN --mount=type=cache,target=/root/.m2 ./mvnw -B -q -DskipTests package     && cp target/conference-backend-1.0.0.jar /workspace/app.jar
#29 CACHED

#30 [backend build 3/8] WORKDIR /workspace
#30 CACHED

#31 [backend build 6/8] RUN --mount=type=cache,target=/root/.m2 ./mvnw -B -q dependency:go-offline
#31 CACHED

#32 [backend build 7/8] COPY src/ src/
#32 CACHED

#33 [backend stage-1 3/4] WORKDIR /app
#33 CACHED

#34 [backend stage-1 4/4] COPY --from=build /workspace/app.jar /app/app.jar
#34 CACHED

#35 [frontend build 5/6] COPY . .
#35 DONE 0.1s

#36 [backend] exporting to image
#36 exporting layers done
#36 exporting manifest sha256:1059067e659238961fd6a6a9f2d279d2a2444e35ccad6dac6416e1d4ffd831a9 0.0s done
#36 exporting config sha256:cebdf6a1cc176e23aec063eba5a3e6e2243bb85bafe7ab0d1a2cd12fe842520d done
#36 exporting attestation manifest sha256:00a7a03f16ff87d50ce5a4ba9ce3af27fd51924ee38f4e10cd366e015de5a699 0.1s done
#36 exporting manifest list sha256:7379a0751c5808a308bf837ecb55e8ca76e962a888274ab5cbfdb8ecd83a4a83
#36 exporting manifest list sha256:7379a0751c5808a308bf837ecb55e8ca76e962a888274ab5cbfdb8ecd83a4a83 0.0s done
#36 naming to docker.io/library/agenticlab-backend:local done
#36 unpacking to docker.io/library/agenticlab-backend:local
#36 unpacking to docker.io/library/agenticlab-backend:local 0.5s done
#36 DONE 0.7s

#37 [frontend build 6/6] RUN npm run build
#37 0.549 
#37 0.549 > conference-frontend@1.0.0 build
#37 0.549 > tsc -b && vite build
#37 0.549 
#37 ...

#38 [backend] resolving provenance for metadata file
#38 DONE 0.0s

#37 [frontend build 6/6] RUN npm run build
#37 4.487 vite v6.4.3 building for production...
#37 4.569 transforming...
#37 5.551 ✓ 35 modules transformed.
#37 5.708 rendering chunks...
#37 5.717 computing gzip size...
#37 5.726 dist/index.html                   0.41 kB │ gzip:  0.28 kB
#37 5.726 dist/assets/index-4IxLQT_O.css    1.44 kB │ gzip:  0.66 kB
#37 5.726 dist/assets/index-DKQ2NDLk.js   204.38 kB │ gzip: 64.32 kB
#37 5.726 ✓ built in 1.20s
#37 DONE 5.9s

#39 [frontend stage-1 2/4] COPY nginx/nginx.conf /etc/nginx/nginx.conf
#39 CACHED

#40 [frontend stage-1 3/4] COPY --from=build /app/dist /usr/share/nginx/html
#40 CACHED

#41 [frontend stage-1 4/4] RUN mkdir -p /tmp/nginx && chown -R nginx:nginx /tmp/nginx /var/cache/nginx
#41 CACHED

#42 [frontend] exporting to image
#42 exporting layers done
#42 exporting manifest sha256:70b09e37203354d2acc5052808bb9d29cf57cdee68f04e30ff56fa86cfebdee5 done
#42 exporting config sha256:c273d5d825cf7fbab6d4fc6e30856e8c910dbfb45c522942d6522c721899b5e8 done
#42 exporting attestation manifest sha256:0c86b03972e3350ee284dfa79073a243d5ebd6a186edc769018dfc64a782b28a 0.1s done
#42 exporting manifest list sha256:0e8517dc6e57b2d652ef81d2412a9b3484ffcf2ede27405120c202aabb496c5b
#42 exporting manifest list sha256:0e8517dc6e57b2d652ef81d2412a9b3484ffcf2ede27405120c202aabb496c5b 0.0s done
#42 naming to docker.io/library/agenticlab-frontend:local done
#42 unpacking to docker.io/library/agenticlab-frontend:local 0.0s done
#42 DONE 0.2s

#43 [frontend] resolving provenance for metadata file
#43 DONE 0.0s
 Image agenticlab-backend:local Built 
 Image agenticlab-frontend:local Built 
 Network agenticlab_default Creating 
 Network agenticlab_default Created 
 Volume agenticlab_jsondata Creating 
 Volume agenticlab_jsondata Created 
 Volume agenticlab_pgdata Creating 
 Volume agenticlab_pgdata Created 
 Container agenticlab-mailpit-1 Creating 
 Container agenticlab-postgres-1 Creating 
 Container agenticlab-mailpit-1 Created 
 Container agenticlab-postgres-1 Created 
 Container agenticlab-backend-1 Creating 
 Container agenticlab-backend-1 Created 
 Container agenticlab-frontend-1 Creating 
 Container agenticlab-frontend-1 Created 
 Container agenticlab-mailpit-1 Starting 
 Container agenticlab-postgres-1 Starting 
 Container agenticlab-mailpit-1 Started 
 Container agenticlab-postgres-1 Started 
 Container agenticlab-postgres-1 Waiting 
 Container agenticlab-postgres-1 Healthy 
 Container agenticlab-backend-1 Starting 
 Container agenticlab-backend-1 Started 
 Container agenticlab-frontend-1 Starting 
 Container agenticlab-frontend-1 Started 
