[INFO] Scanning for projects...
[INFO] 
[INFO] -----------------< si.konferenca:registration-backend >-----------------
[INFO] Building registration-backend 1.0.0
[INFO]   from pom.xml
[INFO] --------------------------------[ jar ]---------------------------------
[INFO] 
[INFO] --- dependency:3.10.0:tree (default-cli) @ registration-backend ---
[INFO] si.konferenca:registration-backend:jar:1.0.0
[INFO] +- org.springframework.boot:spring-boot-starter-webmvc:jar:4.1.1:compile
[INFO] |  +- org.springframework.boot:spring-boot-starter:jar:4.1.1:compile
[INFO] |  |  +- org.springframework.boot:spring-boot-starter-logging:jar:4.1.1:compile
[INFO] |  |  |  +- ch.qos.logback:logback-classic:jar:1.5.38:compile
[INFO] |  |  |  |  \- ch.qos.logback:logback-core:jar:1.5.38:compile
[INFO] |  |  |  +- org.apache.logging.log4j:log4j-to-slf4j:jar:2.26.1:compile
[INFO] |  |  |  \- org.slf4j:jul-to-slf4j:jar:2.0.18:compile
[INFO] |  |  +- org.springframework.boot:spring-boot-autoconfigure:jar:4.1.1:compile
[INFO] |  |  +- jakarta.annotation:jakarta.annotation-api:jar:3.0.0:compile
[INFO] |  |  \- org.yaml:snakeyaml:jar:2.6:compile
[INFO] |  +- org.springframework.boot:spring-boot-starter-jackson:jar:4.1.1:compile
[INFO] |  |  \- org.springframework.boot:spring-boot-jackson:jar:4.1.1:compile
[INFO] |  +- org.springframework.boot:spring-boot-starter-tomcat:jar:4.1.1:compile
[INFO] |  |  +- org.springframework.boot:spring-boot-starter-tomcat-runtime:jar:4.1.1:compile
[INFO] |  |  |  \- org.apache.tomcat.embed:tomcat-embed-websocket:jar:11.0.26:compile
[INFO] |  |  \- org.springframework.boot:spring-boot-tomcat:jar:4.1.1:compile
[INFO] |  +- org.springframework.boot:spring-boot-http-converter:jar:4.1.1:compile
[INFO] |  |  +- org.springframework.boot:spring-boot:jar:4.1.1:compile
[INFO] |  |  |  \- org.springframework:spring-context:jar:7.0.9:compile
[INFO] |  |  \- org.springframework:spring-web:jar:7.0.9:compile
[INFO] |  \- org.springframework.boot:spring-boot-webmvc:jar:4.1.1:compile
[INFO] |     +- org.springframework.boot:spring-boot-servlet:jar:4.1.1:compile
[INFO] |     \- org.springframework:spring-webmvc:jar:7.0.9:compile
[INFO] |        \- org.springframework:spring-expression:jar:7.0.9:compile
[INFO] +- org.springframework.boot:spring-boot-starter-data-jpa:jar:4.1.1:compile
[INFO] |  +- org.springframework.boot:spring-boot-starter-jdbc:jar:4.1.1:compile
[INFO] |  |  \- com.zaxxer:HikariCP:jar:7.0.2:compile
[INFO] |  +- org.springframework.boot:spring-boot-data-jpa:jar:4.1.1:compile
[INFO] |  |  +- org.springframework.boot:spring-boot-data-commons:jar:4.1.1:compile
[INFO] |  |  |  +- org.springframework.boot:spring-boot-persistence:jar:4.1.1:compile
[INFO] |  |  |  \- org.springframework.data:spring-data-commons:jar:4.1.1:compile
[INFO] |  |  +- org.springframework.boot:spring-boot-hibernate:jar:4.1.1:compile
[INFO] |  |  |  +- org.springframework.boot:spring-boot-jpa:jar:4.1.1:compile
[INFO] |  |  |  |  \- jakarta.persistence:jakarta.persistence-api:jar:3.2.0:compile
[INFO] |  |  |  +- org.hibernate.orm:hibernate-core:jar:7.4.5.Final:compile
[INFO] |  |  |  |  +- jakarta.transaction:jakarta.transaction-api:jar:2.0.1:compile
[INFO] |  |  |  |  +- org.hibernate.models:hibernate-models:jar:1.1.1:runtime
[INFO] |  |  |  |  +- org.glassfish.jaxb:jaxb-runtime:jar:4.0.9:runtime
[INFO] |  |  |  |  |  \- org.glassfish.jaxb:jaxb-core:jar:4.0.9:runtime
[INFO] |  |  |  |  |     +- org.glassfish.jaxb:txw2:jar:4.0.9:runtime
[INFO] |  |  |  |  |     \- com.sun.istack:istack-commons-runtime:jar:4.1.2:runtime
[INFO] |  |  |  |  \- jakarta.inject:jakarta.inject-api:jar:2.0.1:runtime
[INFO] |  |  |  \- org.springframework:spring-orm:jar:7.0.9:compile
[INFO] |  |  +- org.springframework.data:spring-data-jpa:jar:4.1.1:compile
[INFO] |  |  |  +- org.springframework:spring-tx:jar:7.0.9:compile
[INFO] |  |  |  \- org.antlr:antlr4-runtime:jar:4.13.2:compile
[INFO] |  |  \- org.springframework:spring-aspects:jar:7.0.9:compile
[INFO] |  |     \- org.aspectj:aspectjweaver:jar:1.9.25.1:compile
[INFO] |  \- org.springframework.boot:spring-boot-jdbc:jar:4.1.1:compile
[INFO] |     +- org.springframework.boot:spring-boot-sql:jar:4.1.1:compile
[INFO] |     +- org.springframework.boot:spring-boot-transaction:jar:4.1.1:compile
[INFO] |     \- org.springframework:spring-jdbc:jar:7.0.9:compile
[INFO] +- org.springframework.boot:spring-boot-starter-validation:jar:4.1.1:compile
[INFO] |  \- org.springframework.boot:spring-boot-validation:jar:4.1.1:compile
[INFO] |     +- org.apache.tomcat.embed:tomcat-embed-el:jar:11.0.26:compile
[INFO] |     \- org.hibernate.validator:hibernate-validator:jar:9.1.3.Final:compile
[INFO] |        +- jakarta.validation:jakarta.validation-api:jar:3.1.1:compile
[INFO] |        +- org.jboss.logging:jboss-logging:jar:3.6.3.Final:compile
[INFO] |        \- com.fasterxml:classmate:jar:1.7.3:compile
[INFO] +- org.springframework.boot:spring-boot-starter-mail:jar:4.1.1:compile
[INFO] |  \- org.springframework.boot:spring-boot-mail:jar:4.1.1:compile
[INFO] |     +- org.springframework:spring-context-support:jar:7.0.9:compile
[INFO] |     +- jakarta.mail:jakarta.mail-api:jar:2.1.5:compile
[INFO] |     \- org.eclipse.angus:angus-mail:jar:2.0.5:runtime
[INFO] |        \- org.eclipse.angus:angus-activation:jar:2.0.3:runtime
[INFO] +- org.springframework.boot:spring-boot-starter-actuator:jar:4.1.1:compile
[INFO] |  +- org.springframework.boot:spring-boot-starter-micrometer-metrics:jar:4.1.1:compile
[INFO] |  |  \- org.springframework.boot:spring-boot-micrometer-metrics:jar:4.1.1:compile
[INFO] |  |     \- org.springframework.boot:spring-boot-micrometer-observation:jar:4.1.1:compile
[INFO] |  +- org.springframework.boot:spring-boot-actuator-autoconfigure:jar:4.1.1:compile
[INFO] |  |  \- org.springframework.boot:spring-boot-actuator:jar:4.1.1:compile
[INFO] |  +- org.springframework.boot:spring-boot-health:jar:4.1.1:compile
[INFO] |  +- io.micrometer:micrometer-observation:jar:1.17.1:compile
[INFO] |  |  +- org.jspecify:jspecify:jar:1.0.1:compile
[INFO] |  |  \- io.micrometer:micrometer-commons:jar:1.17.1:compile
[INFO] |  \- io.micrometer:micrometer-jakarta9:jar:1.17.1:compile
[INFO] |     \- io.micrometer:micrometer-core:jar:1.17.1:compile
[INFO] |        \- org.hdrhistogram:HdrHistogram:jar:2.2.2:runtime
[INFO] +- org.springframework.boot:spring-boot-starter-security:jar:4.1.1:compile
[INFO] |  +- org.springframework.boot:spring-boot-security:jar:4.1.1:compile
[INFO] |  |  +- org.springframework.security:spring-security-config:jar:7.1.1:compile
[INFO] |  |  |  \- org.springframework.security:spring-security-core:jar:7.1.1:compile
[INFO] |  |  |     \- org.springframework.security:spring-security-crypto:jar:7.1.1:compile
[INFO] |  |  \- org.springframework.security:spring-security-web:jar:7.1.1:compile
[INFO] |  \- org.springframework:spring-aop:jar:7.0.9:compile
[INFO] |     \- org.springframework:spring-beans:jar:7.0.9:compile
[INFO] +- org.springframework.boot:spring-boot-starter-flyway:jar:4.1.1:compile
[INFO] |  \- org.springframework.boot:spring-boot-flyway:jar:4.1.1:compile
[INFO] +- org.flywaydb:flyway-core:jar:12.4.0:compile
[INFO] |  \- tools.jackson.core:jackson-databind:jar:3.1.5:compile
[INFO] |     +- com.fasterxml.jackson.core:jackson-annotations:jar:2.21:compile
[INFO] |     \- tools.jackson.core:jackson-core:jar:3.1.5:compile
[INFO] +- org.flywaydb:flyway-database-postgresql:jar:12.4.0:compile
[INFO] +- org.postgresql:postgresql:jar:42.7.13:runtime
[INFO] |  \- org.checkerframework:checker-qual:jar:3.55.1:runtime
[INFO] +- org.apache.poi:poi-ooxml:jar:5.5.1:compile
[INFO] |  +- org.apache.poi:poi:jar:5.5.1:compile
[INFO] |  |  +- commons-codec:commons-codec:jar:1.21.0:compile
[INFO] |  |  +- org.apache.commons:commons-math3:jar:3.6.1:compile
[INFO] |  |  \- com.zaxxer:SparseBitSet:jar:1.3:compile
[INFO] |  +- org.apache.poi:poi-ooxml-lite:jar:5.5.1:compile
[INFO] |  +- org.apache.xmlbeans:xmlbeans:jar:5.3.0:compile
[INFO] |  +- org.apache.commons:commons-compress:jar:1.28.0:compile
[INFO] |  +- commons-io:commons-io:jar:2.21.0:compile
[INFO] |  +- com.github.virtuald:curvesapi:jar:1.08:compile
[INFO] |  \- org.apache.commons:commons-collections4:jar:4.5.0:compile
[INFO] +- org.apache.tomcat.embed:tomcat-embed-core:jar:11.0.26:compile
[INFO] |  \- org.apache.tomcat:tomcat-annotations-api:jar:11.0.26:compile
[INFO] +- org.apache.logging.log4j:log4j-api:jar:2.26.1:compile
[INFO] \- org.apache.commons:commons-lang3:jar:3.20.0:compile
[INFO] ------------------------------------------------------------------------
[INFO] BUILD SUCCESS
[INFO] ------------------------------------------------------------------------
[INFO] Total time:  4.259 s
[INFO] Finished at: 2026-09-30T01:30:10+02:00
[INFO] ------------------------------------------------------------------------
