
 RUN  v3.2.7 /home/tjan-kazar/storage/Work/lab/agentic_lab/02_output/frontend
      Coverage enabled with v8

 ✓ src/validation.test.ts (15 tests) 12ms
 ✓ src/api.test.ts (9 tests) 29ms
 ✓ src/components/Captcha.test.tsx (3 tests) 232ms
 ✓ src/App.test.tsx (5 tests) 826ms
   ✓ App routing > shows the confirmation only after acceptance  545ms
 ✓ src/components/RegistrationForm.test.tsx (9 tests) 3293ms
   ✓ RegistrationForm > submits trimmed values with selections and reports acceptance  652ms
   ✓ RegistrationForm > maps server field errors and general errors  513ms
   ✓ RegistrationForm > shows a save error for status 503 and keeps the data  478ms
   ✓ RegistrationForm > shows a save error for status 409 and keeps the data  493ms
   ✓ RegistrationForm > shows a save error for status 429 and keeps the data  376ms
   ✓ RegistrationForm > reuses the client request ID when retrying after a failure  376ms

 Test Files  5 passed (5)
      Tests  41 passed (41)
   Start at  14:20:00
   Duration  4.95s (transform 338ms, setup 626ms, collect 1.01s, tests 4.39s, environment 2.98s, prepare 758ms)

 % Coverage report from v8

=============================== Coverage summary ===============================
Statements   : 100% ( 465/465 )
Branches     : 98.03% ( 150/153 )
Functions    : 100% ( 25/25 )
Lines        : 100% ( 465/465 )
================================================================================
