[INFO] Scanning for projects...
[INFO] Downloading from central: https://repo.maven.apache.org/maven2/com/github/spotbugs/spotbugs-maven-plugin/4.10.4.1/spotbugs-maven-plugin-4.10.4.1.pom
[INFO] Downloaded from central: https://repo.maven.apache.org/maven2/com/github/spotbugs/spotbugs-maven-plugin/4.10.4.1/spotbugs-maven-plugin-4.10.4.1.pom (57 kB at 146 kB/s)
[INFO] Downloading from central: https://repo.maven.apache.org/maven2/com/github/hazendaz/base-parent/61/base-parent-61.pom
[INFO] Downloaded from central: https://repo.maven.apache.org/maven2/com/github/hazendaz/base-parent/61/base-parent-61.pom (101 kB at 1.9 MB/s)
[INFO] Downloading from central: https://repo.maven.apache.org/maven2/org/apache/groovy/groovy-bom/5.1.1/groovy-bom-5.1.1.pom
[INFO] Downloaded from central: https://repo.maven.apache.org/maven2/org/apache/groovy/groovy-bom/5.1.1/groovy-bom-5.1.1.pom (27 kB at 568 kB/s)
[INFO] Downloading from central: https://repo.maven.apache.org/maven2/org/slf4j/slf4j-bom/2.0.19/slf4j-bom-2.0.19.pom
[INFO] Downloaded from central: https://repo.maven.apache.org/maven2/org/slf4j/slf4j-bom/2.0.19/slf4j-bom-2.0.19.pom (7.9 kB at 154 kB/s)
[INFO] Downloading from central: https://repo.maven.apache.org/maven2/org/junit/junit-bom/6.1.3/junit-bom-6.1.3.pom
[INFO] Downloaded from central: https://repo.maven.apache.org/maven2/org/junit/junit-bom/6.1.3/junit-bom-6.1.3.pom (5.4 kB at 143 kB/s)
[INFO] Downloading from central: https://repo.maven.apache.org/maven2/com/github/spotbugs/spotbugs-maven-plugin/4.10.4.1/spotbugs-maven-plugin-4.10.4.1.jar
[INFO] Downloaded from central: https://repo.maven.apache.org/maven2/com/github/spotbugs/spotbugs-maven-plugin/4.10.4.1/spotbugs-maven-plugin-4.10.4.1.jar (241 kB at 2.6 MB/s)
[INFO] Downloading from central: https://repo.maven.apache.org/maven2/org/apache/maven/plugins/maven-pmd-plugin/3.28.0/maven-pmd-plugin-3.28.0.pom
[INFO] Downloaded from central: https://repo.maven.apache.org/maven2/org/apache/maven/plugins/maven-pmd-plugin/3.28.0/maven-pmd-plugin-3.28.0.pom (14 kB at 353 kB/s)
[INFO] Downloading from central: https://repo.maven.apache.org/maven2/org/apache/maven/plugins/maven-pmd-plugin/3.28.0/maven-pmd-plugin-3.28.0.jar
[INFO] Downloaded from central: https://repo.maven.apache.org/maven2/org/apache/maven/plugins/maven-pmd-plugin/3.28.0/maven-pmd-plugin-3.28.0.jar (159 kB at 2.6 MB/s)
[INFO] 
[INFO] --------------------< org.conference:registration >---------------------
[INFO] Building registration 1.0.0
[INFO]   from pom.xml
[INFO] --------------------------------[ jar ]---------------------------------
[INFO] 
[INFO] --- spotless:3.10.2:check (default-cli) @ registration ---
[INFO] Spotless.Java is keeping 54 files clean - 0 needs changes to be clean, 1 were already clean, 53 were skipped because caching determined they were already clean
[INFO] 
[INFO] --- jacoco:0.8.15:prepare-agent (prepare-unit) @ registration ---
[INFO] Skipping JaCoCo execution because property jacoco.skip is set.
[INFO] surefireArgLine set to empty
[INFO] 
[INFO] --- resources:3.3.1:resources (default-resources) @ registration ---
[INFO] Copying 1 resource from src\main\resources to target\classes
[INFO] Copying 2 resources from src\main\resources to target\classes
[INFO] 
[INFO] --- compiler:3.14.1:compile (default-compile) @ registration ---
[INFO] Nothing to compile - all classes are up to date.
[INFO] 
[INFO] >>> spotbugs:4.10.4.1:check (default-cli) > :spotbugs @ registration >>>
[INFO] 
[INFO] --- spotbugs:4.10.4.1:spotbugs (spotbugs) @ registration ---
[INFO] Downloading from central: https://repo.maven.apache.org/maven2/com/github/spotbugs/spotbugs/4.10.4/spotbugs-4.10.4.pom
[INFO] Downloaded from central: https://repo.maven.apache.org/maven2/com/github/spotbugs/spotbugs/4.10.4/spotbugs-4.10.4.pom (5.5 kB at 116 kB/s)
[INFO] Downloading from central: https://repo.maven.apache.org/maven2/org/ow2/asm/asm-analysis/9.10.1/asm-analysis-9.10.1.pom
[INFO] Downloaded from central: https://repo.maven.apache.org/maven2/org/ow2/asm/asm-analysis/9.10.1/asm-analysis-9.10.1.pom (2.6 kB at 42 kB/s)
[INFO] Downloading from central: https://repo.maven.apache.org/maven2/org/ow2/asm/asm-util/9.10.1/asm-util-9.10.1.pom
[INFO] Downloaded from central: https://repo.maven.apache.org/maven2/org/ow2/asm/asm-util/9.10.1/asm-util-9.10.1.pom (3.0 kB at 70 kB/s)
[INFO] Downloading from central: https://repo.maven.apache.org/maven2/org/apache/bcel/bcel/6.12.0/bcel-6.12.0.pom
[INFO] Downloaded from central: https://repo.maven.apache.org/maven2/org/apache/bcel/bcel/6.12.0/bcel-6.12.0.pom (23 kB at 370 kB/s)
[INFO] Downloading from central: https://repo.maven.apache.org/maven2/org/apache/commons/commons-parent/95/commons-parent-95.pom
[INFO] Downloaded from central: https://repo.maven.apache.org/maven2/org/apache/commons/commons-parent/95/commons-parent-95.pom (80 kB at 1.3 MB/s)
[INFO] Downloading from central: https://repo.maven.apache.org/maven2/org/apache/apache/36/apache-36.pom
[INFO] Downloaded from central: https://repo.maven.apache.org/maven2/org/apache/apache/36/apache-36.pom (25 kB at 566 kB/s)
[INFO] Downloading from central: https://repo.maven.apache.org/maven2/com/github/stephenc/jcip/jcip-annotations/1.0-1/jcip-annotations-1.0-1.pom
[INFO] Downloaded from central: https://repo.maven.apache.org/maven2/com/github/stephenc/jcip/jcip-annotations/1.0-1/jcip-annotations-1.0-1.pom (5.4 kB at 129 kB/s)
[INFO] Downloading from central: https://repo.maven.apache.org/maven2/org/dom4j/dom4j/2.2.0/dom4j-2.2.0.pom
[INFO] Downloaded from central: https://repo.maven.apache.org/maven2/org/dom4j/dom4j/2.2.0/dom4j-2.2.0.pom (2.6 kB at 30 kB/s)
[INFO] Downloading from central: https://repo.maven.apache.org/maven2/org/slf4j/slf4j-api/2.0.19/slf4j-api-2.0.19.pom
[INFO] Downloaded from central: https://repo.maven.apache.org/maven2/org/slf4j/slf4j-api/2.0.19/slf4j-api-2.0.19.pom (2.8 kB at 25 kB/s)
[INFO] Downloading from central: https://repo.maven.apache.org/maven2/org/slf4j/slf4j-parent/2.0.19/slf4j-parent-2.0.19.pom
[INFO] Downloaded from central: https://repo.maven.apache.org/maven2/org/slf4j/slf4j-parent/2.0.19/slf4j-parent-2.0.19.pom (14 kB at 238 kB/s)
[INFO] Downloading from central: https://repo.maven.apache.org/maven2/com/google/code/gson/gson/2.14.0/gson-2.14.0.pom
[INFO] Downloaded from central: https://repo.maven.apache.org/maven2/com/google/code/gson/gson/2.14.0/gson-2.14.0.pom (23 kB at 230 kB/s)
[INFO] Downloading from central: https://repo.maven.apache.org/maven2/com/google/code/gson/gson-parent/2.14.0/gson-parent-2.14.0.pom
[INFO] Downloaded from central: https://repo.maven.apache.org/maven2/com/google/code/gson/gson-parent/2.14.0/gson-parent-2.14.0.pom (27 kB at 507 kB/s)
[INFO] Downloading from central: https://repo.maven.apache.org/maven2/com/google/errorprone/error_prone_annotations/2.48.0/error_prone_annotations-2.48.0.pom
[INFO] Downloaded from central: https://repo.maven.apache.org/maven2/com/google/errorprone/error_prone_annotations/2.48.0/error_prone_annotations-2.48.0.pom (4.3 kB at 57 kB/s)
[INFO] Downloading from central: https://repo.maven.apache.org/maven2/com/google/errorprone/error_prone_parent/2.48.0/error_prone_parent-2.48.0.pom
[INFO] Downloaded from central: https://repo.maven.apache.org/maven2/com/google/errorprone/error_prone_parent/2.48.0/error_prone_parent-2.48.0.pom (16 kB at 369 kB/s)
[INFO] Downloading from central: https://repo.maven.apache.org/maven2/jaxen/jaxen/2.0.6/jaxen-2.0.6.pom
[INFO] Downloaded from central: https://repo.maven.apache.org/maven2/jaxen/jaxen/2.0.6/jaxen-2.0.6.pom (6.7 kB at 186 kB/s)
[INFO] Downloading from central: https://repo.maven.apache.org/maven2/jaxen/jaxen-parent/2.0.6/jaxen-parent-2.0.6.pom
[INFO] Downloaded from central: https://repo.maven.apache.org/maven2/jaxen/jaxen-parent/2.0.6/jaxen-parent-2.0.6.pom (16 kB at 383 kB/s)
[INFO] Downloading from central: https://repo.maven.apache.org/maven2/net/sf/saxon/Saxon-HE/12.10/Saxon-HE-12.10.pom
[INFO] Downloaded from central: https://repo.maven.apache.org/maven2/net/sf/saxon/Saxon-HE/12.10/Saxon-HE-12.10.pom (3.2 kB at 54 kB/s)
[INFO] Downloading from central: https://repo.maven.apache.org/maven2/org/xmlresolver/xmlresolver/5.3.3/xmlresolver-5.3.3.pom
[INFO] Downloaded from central: https://repo.maven.apache.org/maven2/org/xmlresolver/xmlresolver/5.3.3/xmlresolver-5.3.3.pom (1.5 kB at 30 kB/s)
[INFO] Downloading from central: https://repo.maven.apache.org/maven2/org/apache/logging/log4j/log4j-to-slf4j/2.26.1/log4j-to-slf4j-2.26.1.pom
[INFO] Downloaded from central: https://repo.maven.apache.org/maven2/org/apache/logging/log4j/log4j-to-slf4j/2.26.1/log4j-to-slf4j-2.26.1.pom (5.5 kB at 112 kB/s)
[INFO] Downloading from central: https://repo.maven.apache.org/maven2/org/apache/logging/log4j/log4j/2.26.1/log4j-2.26.1.pom
[INFO] Downloaded from central: https://repo.maven.apache.org/maven2/org/apache/logging/log4j/log4j/2.26.1/log4j-2.26.1.pom (41 kB at 798 kB/s)
[INFO] Downloading from central: https://repo.maven.apache.org/maven2/org/apache/logging/log4j/log4j-bom/2.26.1/log4j-bom-2.26.1.pom
[INFO] Downloaded from central: https://repo.maven.apache.org/maven2/org/apache/logging/log4j/log4j-bom/2.26.1/log4j-bom-2.26.1.pom (12 kB at 341 kB/s)
[INFO] Downloading from central: https://repo.maven.apache.org/maven2/org/apache/groovy/groovy-bom/4.0.27/groovy-bom-4.0.27.pom
[INFO] Downloaded from central: https://repo.maven.apache.org/maven2/org/apache/groovy/groovy-bom/4.0.27/groovy-bom-4.0.27.pom (27 kB at 718 kB/s)
[INFO] Downloading from central: https://repo.maven.apache.org/maven2/com/fasterxml/jackson/jackson-bom/2.19.2/jackson-bom-2.19.2.pom
[INFO] Downloaded from central: https://repo.maven.apache.org/maven2/com/fasterxml/jackson/jackson-bom/2.19.2/jackson-bom-2.19.2.pom (20 kB at 547 kB/s)
[INFO] Downloading from central: https://repo.maven.apache.org/maven2/org/apache/logging/log4j/log4j-api/2.26.1/log4j-api-2.26.1.pom
[INFO] Downloaded from central: https://repo.maven.apache.org/maven2/org/apache/logging/log4j/log4j-api/2.26.1/log4j-api-2.26.1.pom (4.5 kB at 113 kB/s)
[INFO] Downloading from central: https://repo.maven.apache.org/maven2/org/slf4j/slf4j-simple/2.0.19/slf4j-simple-2.0.19.pom
[INFO] Downloaded from central: https://repo.maven.apache.org/maven2/org/slf4j/slf4j-simple/2.0.19/slf4j-simple-2.0.19.pom (1.3 kB at 31 kB/s)
[INFO] Downloading from central: https://repo.maven.apache.org/maven2/org/apache/groovy/groovy/5.1.1/groovy-5.1.1.pom
[INFO] Downloaded from central: https://repo.maven.apache.org/maven2/org/apache/groovy/groovy/5.1.1/groovy-5.1.1.pom (24 kB at 574 kB/s)
[INFO] Downloading from central: https://repo.maven.apache.org/maven2/org/apache/groovy/groovy-docgenerator/5.1.1/groovy-docgenerator-5.1.1.pom
[INFO] Downloaded from central: https://repo.maven.apache.org/maven2/org/apache/groovy/groovy-docgenerator/5.1.1/groovy-docgenerator-5.1.1.pom (23 kB at 478 kB/s)
[INFO] Downloading from central: https://repo.maven.apache.org/maven2/org/apache/groovy/groovy-templates/5.1.1/groovy-templates-5.1.1.pom
[INFO] Downloaded from central: https://repo.maven.apache.org/maven2/org/apache/groovy/groovy-templates/5.1.1/groovy-templates-5.1.1.pom (23 kB at 615 kB/s)
[INFO] Downloading from central: https://repo.maven.apache.org/maven2/org/apache/groovy/groovy-xml/5.1.1/groovy-xml-5.1.1.pom
[INFO] Downloaded from central: https://repo.maven.apache.org/maven2/org/apache/groovy/groovy-xml/5.1.1/groovy-xml-5.1.1.pom (23 kB at 537 kB/s)
[INFO] Downloading from central: https://repo.maven.apache.org/maven2/org/apache/groovy/groovy-groovydoc/5.1.1/groovy-groovydoc-5.1.1.pom
[INFO] Downloaded from central: https://repo.maven.apache.org/maven2/org/apache/groovy/groovy-groovydoc/5.1.1/groovy-groovydoc-5.1.1.pom (23 kB at 565 kB/s)
[INFO] Downloading from central: https://repo.maven.apache.org/maven2/com/github/javaparser/javaparser-core/3.28.2/javaparser-core-3.28.2.pom
[INFO] Downloaded from central: https://repo.maven.apache.org/maven2/com/github/javaparser/javaparser-core/3.28.2/javaparser-core-3.28.2.pom (5.0 kB at 100 kB/s)
[INFO] Downloading from central: https://repo.maven.apache.org/maven2/com/github/javaparser/javaparser-parent/3.28.2/javaparser-parent-3.28.2.pom
[INFO] Downloaded from central: https://repo.maven.apache.org/maven2/com/github/javaparser/javaparser-parent/3.28.2/javaparser-parent-3.28.2.pom (26 kB at 571 kB/s)
[INFO] Downloading from central: https://repo.maven.apache.org/maven2/org/apache/groovy/groovy-json/5.1.1/groovy-json-5.1.1.pom
[INFO] Downloaded from central: https://repo.maven.apache.org/maven2/org/apache/groovy/groovy-json/5.1.1/groovy-json-5.1.1.pom (23 kB at 550 kB/s)
[INFO] Downloading from central: https://repo.maven.apache.org/maven2/org/apache/maven/reporting/maven-reporting-impl/4.0.0/maven-reporting-impl-4.0.0.pom
[INFO] Downloaded from central: https://repo.maven.apache.org/maven2/org/apache/maven/reporting/maven-reporting-impl/4.0.0/maven-reporting-impl-4.0.0.pom (8.8 kB at 209 kB/s)
[INFO] Downloading from central: https://repo.maven.apache.org/maven2/org/junit/junit-bom/5.11.2/junit-bom-5.11.2.pom
[INFO] Downloaded from central: https://repo.maven.apache.org/maven2/org/junit/junit-bom/5.11.2/junit-bom-5.11.2.pom (5.6 kB at 128 kB/s)
[INFO] Downloading from central: https://repo.maven.apache.org/maven2/org/apache/maven/doxia/doxia-site-model/2.1.0/doxia-site-model-2.1.0.pom
[INFO] Downloaded from central: https://repo.maven.apache.org/maven2/org/apache/maven/doxia/doxia-site-model/2.1.0/doxia-site-model-2.1.0.pom (5.7 kB at 129 kB/s)
[INFO] Downloading from central: https://repo.maven.apache.org/maven2/org/apache/maven/doxia/doxia-sitetools/2.1.0/doxia-sitetools-2.1.0.pom
[INFO] Downloaded from central: https://repo.maven.apache.org/maven2/org/apache/maven/doxia/doxia-sitetools/2.1.0/doxia-sitetools-2.1.0.pom (12 kB at 278 kB/s)
[INFO] Downloading from central: https://repo.maven.apache.org/maven2/org/eclipse/sisu/org.eclipse.sisu.plexus/1.1.0/org.eclipse.sisu.plexus-1.1.0.pom
[INFO] Downloaded from central: https://repo.maven.apache.org/maven2/org/eclipse/sisu/org.eclipse.sisu.plexus/1.1.0/org.eclipse.sisu.plexus-1.1.0.pom (18 kB at 338 kB/s)
[INFO] Downloading from central: https://repo.maven.apache.org/maven2/org/eclipse/sisu/sisu-inject/1.1.0/sisu-inject-1.1.0.pom
[INFO] Downloaded from central: https://repo.maven.apache.org/maven2/org/eclipse/sisu/sisu-inject/1.1.0/sisu-inject-1.1.0.pom (28 kB at 744 kB/s)
[INFO] Downloading from central: https://repo.maven.apache.org/maven2/org/eclipse/sisu/org.eclipse.sisu.inject/1.1.0/org.eclipse.sisu.inject-1.1.0.pom
[INFO] Downloaded from central: https://repo.maven.apache.org/maven2/org/eclipse/sisu/org.eclipse.sisu.inject/1.1.0/org.eclipse.sisu.inject-1.1.0.pom (18 kB at 390 kB/s)
[INFO] Downloading from central: https://repo.maven.apache.org/maven2/org/codehaus/plexus/plexus-component-annotations/2.2.0/plexus-component-annotations-2.2.0.pom
[INFO] Downloaded from central: https://repo.maven.apache.org/maven2/org/codehaus/plexus/plexus-component-annotations/2.2.0/plexus-component-annotations-2.2.0.pom (736 B at 18 kB/s)
[INFO] Downloading from central: https://repo.maven.apache.org/maven2/org/codehaus/plexus/plexus-containers/2.2.0/plexus-containers-2.2.0.pom
[INFO] Downloaded from central: https://repo.maven.apache.org/maven2/org/codehaus/plexus/plexus-containers/2.2.0/plexus-containers-2.2.0.pom (2.3 kB at 50 kB/s)
[INFO] Downloading from central: https://repo.maven.apache.org/maven2/org/codehaus/plexus/plexus-classworlds/2.12.0/plexus-classworlds-2.12.0.pom
[INFO] Downloaded from central: https://repo.maven.apache.org/maven2/org/codehaus/plexus/plexus-classworlds/2.12.0/plexus-classworlds-2.12.0.pom (7.4 kB at 211 kB/s)
[INFO] Downloading from central: https://repo.maven.apache.org/maven2/org/apache/maven/doxia/doxia-core/2.1.0/doxia-core-2.1.0.pom
[INFO] Downloaded from central: https://repo.maven.apache.org/maven2/org/apache/maven/doxia/doxia-core/2.1.0/doxia-core-2.1.0.pom (2.9 kB at 68 kB/s)
[INFO] Downloading from central: https://repo.maven.apache.org/maven2/org/apache/maven/doxia/doxia-integration-tools/2.1.0/doxia-integration-tools-2.1.0.pom
[INFO] Downloaded from central: https://repo.maven.apache.org/maven2/org/apache/maven/doxia/doxia-integration-tools/2.1.0/doxia-integration-tools-2.1.0.pom (7.5 kB at 193 kB/s)
[INFO] Downloading from central: https://repo.maven.apache.org/maven2/org/codehaus/plexus/plexus-i18n/1.1.0/plexus-i18n-1.1.0.pom
[INFO] Downloaded from central: https://repo.maven.apache.org/maven2/org/codehaus/plexus/plexus-i18n/1.1.0/plexus-i18n-1.1.0.pom (2.8 kB at 69 kB/s)
[INFO] Downloading from central: https://repo.maven.apache.org/maven2/org/codehaus/plexus/plexus-interpolation/1.30.0/plexus-interpolation-1.30.0.pom
[INFO] Downloaded from central: https://repo.maven.apache.org/maven2/org/codehaus/plexus/plexus-interpolation/1.30.0/plexus-interpolation-1.30.0.pom (4.5 kB at 103 kB/s)
[INFO] Downloading from central: https://repo.maven.apache.org/maven2/org/apache/maven/doxia/doxia-site-renderer/2.1.0/doxia-site-renderer-2.1.0.pom
[INFO] Downloaded from central: https://repo.maven.apache.org/maven2/org/apache/maven/doxia/doxia-site-renderer/2.1.0/doxia-site-renderer-2.1.0.pom (8.1 kB at 154 kB/s)
[INFO] Downloading from central: https://repo.maven.apache.org/maven2/org/apache/maven/doxia/doxia-skin-model/2.1.0/doxia-skin-model-2.1.0.pom
[INFO] Downloaded from central: https://repo.maven.apache.org/maven2/org/apache/maven/doxia/doxia-skin-model/2.1.0/doxia-skin-model-2.1.0.pom (2.9 kB at 52 kB/s)
[INFO] Downloading from central: https://repo.maven.apache.org/maven2/org/apache/maven/doxia/doxia-module-xhtml5/2.1.0/doxia-module-xhtml5-2.1.0.pom
[INFO] Downloaded from central: https://repo.maven.apache.org/maven2/org/apache/maven/doxia/doxia-module-xhtml5/2.1.0/doxia-module-xhtml5-2.1.0.pom (2.2 kB at 49 kB/s)
[INFO] Downloading from central: https://repo.maven.apache.org/maven2/org/apache/maven/doxia/doxia-modules/2.1.0/doxia-modules-2.1.0.pom
[INFO] Downloaded from central: https://repo.maven.apache.org/maven2/org/apache/maven/doxia/doxia-modules/2.1.0/doxia-modules-2.1.0.pom (2.4 kB at 33 kB/s)
[INFO] Downloading from central: https://repo.maven.apache.org/maven2/org/codehaus/plexus/plexus-velocity/2.4.0/plexus-velocity-2.4.0.pom
[INFO] Downloaded from central: https://repo.maven.apache.org/maven2/org/codehaus/plexus/plexus-velocity/2.4.0/plexus-velocity-2.4.0.pom (4.7 kB at 131 kB/s)
[INFO] Downloading from central: https://repo.maven.apache.org/maven2/org/apache/velocity/tools/velocity-tools-generic/3.1/velocity-tools-generic-3.1.pom
[INFO] Downloaded from central: https://repo.maven.apache.org/maven2/org/apache/velocity/tools/velocity-tools-generic/3.1/velocity-tools-generic-3.1.pom (2.6 kB at 25 kB/s)
[INFO] Downloading from central: https://repo.maven.apache.org/maven2/org/apache/velocity/tools/velocity-tools-parent/3.1/velocity-tools-parent-3.1.pom
[INFO] Downloaded from central: https://repo.maven.apache.org/maven2/org/apache/velocity/tools/velocity-tools-parent/3.1/velocity-tools-parent-3.1.pom (8.0 kB at 121 kB/s)
[INFO] Downloading from central: https://repo.maven.apache.org/maven2/org/apache/velocity/velocity-master/4/velocity-master-4.pom
[INFO] Downloaded from central: https://repo.maven.apache.org/maven2/org/apache/velocity/velocity-master/4/velocity-master-4.pom (7.8 kB at 173 kB/s)
[INFO] Downloading from central: https://repo.maven.apache.org/maven2/commons-beanutils/commons-beanutils/1.11.0/commons-beanutils-1.11.0.pom
[INFO] Downloaded from central: https://repo.maven.apache.org/maven2/commons-beanutils/commons-beanutils/1.11.0/commons-beanutils-1.11.0.pom (19 kB at 457 kB/s)
[INFO] Downloading from central: https://repo.maven.apache.org/maven2/org/apache/commons/commons-parent/84/commons-parent-84.pom
[INFO] Downloaded from central: https://repo.maven.apache.org/maven2/org/apache/commons/commons-parent/84/commons-parent-84.pom (78 kB at 1.6 MB/s)
[INFO] Downloading from central: https://repo.maven.apache.org/maven2/commons-logging/commons-logging/1.4.0/commons-logging-1.4.0.pom
[INFO] Downloaded from central: https://repo.maven.apache.org/maven2/commons-logging/commons-logging/1.4.0/commons-logging-1.4.0.pom (33 kB at 681 kB/s)
[INFO] Downloading from central: https://repo.maven.apache.org/maven2/org/apache/commons/commons-parent/102/commons-parent-102.pom
[INFO] Downloaded from central: https://repo.maven.apache.org/maven2/org/apache/commons/commons-parent/102/commons-parent-102.pom (80 kB at 1.4 MB/s)
[INFO] Downloading from central: https://repo.maven.apache.org/maven2/org/apache/apache/38/apache-38.pom
[INFO] Downloaded from central: https://repo.maven.apache.org/maven2/org/apache/apache/38/apache-38.pom (26 kB at 674 kB/s)
[INFO] Downloading from central: https://repo.maven.apache.org/maven2/commons-collections/commons-collections/3.2.2/commons-collections-3.2.2.pom
[INFO] Downloaded from central: https://repo.maven.apache.org/maven2/commons-collections/commons-collections/3.2.2/commons-collections-3.2.2.pom (12 kB at 258 kB/s)
[INFO] Downloading from central: https://repo.maven.apache.org/maven2/org/apache/commons/commons-digester3/3.2/commons-digester3-3.2.pom
[INFO] Downloaded from central: https://repo.maven.apache.org/maven2/org/apache/commons/commons-digester3/3.2/commons-digester3-3.2.pom (18 kB at 400 kB/s)
[INFO] Downloading from central: https://repo.maven.apache.org/maven2/org/apache/commons/commons-parent/22/commons-parent-22.pom
[INFO] Downloaded from central: https://repo.maven.apache.org/maven2/org/apache/commons/commons-parent/22/commons-parent-22.pom (42 kB at 953 kB/s)
[INFO] Downloading from central: https://repo.maven.apache.org/maven2/org/apache/apache/9/apache-9.pom
[INFO] Downloaded from central: https://repo.maven.apache.org/maven2/org/apache/apache/9/apache-9.pom (15 kB at 399 kB/s)
[INFO] Downloading from central: https://repo.maven.apache.org/maven2/com/github/cliftonlabs/json-simple/3.0.2/json-simple-3.0.2.pom
[INFO] Downloaded from central: https://repo.maven.apache.org/maven2/com/github/cliftonlabs/json-simple/3.0.2/json-simple-3.0.2.pom (7.5 kB at 202 kB/s)
[INFO] Downloading from central: https://repo.maven.apache.org/maven2/org/apache/maven/doxia/doxia-module-apt/2.0.0/doxia-module-apt-2.0.0.pom
[INFO] Downloaded from central: https://repo.maven.apache.org/maven2/org/apache/maven/doxia/doxia-module-apt/2.0.0/doxia-module-apt-2.0.0.pom (2.9 kB at 87 kB/s)
[INFO] Downloading from central: https://repo.maven.apache.org/maven2/org/apache/maven/doxia/doxia-modules/2.0.0/doxia-modules-2.0.0.pom
[INFO] Downloaded from central: https://repo.maven.apache.org/maven2/org/apache/maven/doxia/doxia-modules/2.0.0/doxia-modules-2.0.0.pom (2.5 kB at 68 kB/s)
[INFO] Downloading from central: https://repo.maven.apache.org/maven2/org/apache/maven/doxia/doxia/2.0.0/doxia-2.0.0.pom
[INFO] Downloaded from central: https://repo.maven.apache.org/maven2/org/apache/maven/doxia/doxia/2.0.0/doxia-2.0.0.pom (17 kB at 492 kB/s)
[INFO] Downloading from central: https://repo.maven.apache.org/maven2/org/junit/junit-bom/5.11.1/junit-bom-5.11.1.pom
[INFO] Downloaded from central: https://repo.maven.apache.org/maven2/org/junit/junit-bom/5.11.1/junit-bom-5.11.1.pom (5.6 kB at 171 kB/s)
[INFO] Downloading from central: https://repo.maven.apache.org/maven2/org/apache/maven/doxia/doxia-module-xdoc/2.0.0/doxia-module-xdoc-2.0.0.pom
[INFO] Downloaded from central: https://repo.maven.apache.org/maven2/org/apache/maven/doxia/doxia-module-xdoc/2.0.0/doxia-module-xdoc-2.0.0.pom (5.4 kB at 135 kB/s)
[INFO] Downloading from central: https://repo.maven.apache.org/maven2/org/checkerframework/checker-qual/4.2.2/checker-qual-4.2.2.pom
[INFO] Downloaded from central: https://repo.maven.apache.org/maven2/org/checkerframework/checker-qual/4.2.2/checker-qual-4.2.2.pom (2.1 kB at 51 kB/s)
[INFO] Downloading from central: https://repo.maven.apache.org/maven2/com/github/spotbugs/spotbugs/4.10.4/spotbugs-4.10.4.jar
[INFO] Downloaded from central: https://repo.maven.apache.org/maven2/com/github/spotbugs/spotbugs/4.10.4/spotbugs-4.10.4.jar (4.0 MB at 22 MB/s)
[INFO] Downloading from central: https://repo.maven.apache.org/maven2/org/ow2/asm/asm-analysis/9.10.1/asm-analysis-9.10.1.jar
[INFO] Downloading from central: https://repo.maven.apache.org/maven2/org/ow2/asm/asm-util/9.10.1/asm-util-9.10.1.jar
[INFO] Downloading from central: https://repo.maven.apache.org/maven2/org/apache/bcel/bcel/6.12.0/bcel-6.12.0.jar
[INFO] Downloading from central: https://repo.maven.apache.org/maven2/com/github/stephenc/jcip/jcip-annotations/1.0-1/jcip-annotations-1.0-1.jar
[INFO] Downloading from central: https://repo.maven.apache.org/maven2/org/dom4j/dom4j/2.2.0/dom4j-2.2.0.jar
[INFO] Downloaded from central: https://repo.maven.apache.org/maven2/com/github/stephenc/jcip/jcip-annotations/1.0-1/jcip-annotations-1.0-1.jar (4.7 kB at 63 kB/s)
[INFO] Downloading from central: https://repo.maven.apache.org/maven2/com/google/code/gson/gson/2.14.0/gson-2.14.0.jar
[INFO] Downloaded from central: https://repo.maven.apache.org/maven2/org/dom4j/dom4j/2.2.0/dom4j-2.2.0.jar (332 kB at 3.9 MB/s)
[INFO] Downloading from central: https://repo.maven.apache.org/maven2/com/google/errorprone/error_prone_annotations/2.48.0/error_prone_annotations-2.48.0.jar
[INFO] Downloaded from central: https://repo.maven.apache.org/maven2/org/ow2/asm/asm-util/9.10.1/asm-util-9.10.1.jar (96 kB at 947 kB/s)
[INFO] Downloading from central: https://repo.maven.apache.org/maven2/jaxen/jaxen/2.0.6/jaxen-2.0.6.jar
[INFO] Downloaded from central: https://repo.maven.apache.org/maven2/org/ow2/asm/asm-analysis/9.10.1/asm-analysis-9.10.1.jar (35 kB at 338 kB/s)
[INFO] Downloading from central: https://repo.maven.apache.org/maven2/net/sf/saxon/Saxon-HE/12.10/Saxon-HE-12.10.jar
[INFO] Downloaded from central: https://repo.maven.apache.org/maven2/com/google/errorprone/error_prone_annotations/2.48.0/error_prone_annotations-2.48.0.jar (20 kB at 152 kB/s)
[INFO] Downloading from central: https://repo.maven.apache.org/maven2/org/xmlresolver/xmlresolver/5.3.3/xmlresolver-5.3.3.jar
[INFO] Downloaded from central: https://repo.maven.apache.org/maven2/org/apache/bcel/bcel/6.12.0/bcel-6.12.0.jar (741 kB at 3.9 MB/s)
[INFO] Downloading from central: https://repo.maven.apache.org/maven2/org/xmlresolver/xmlresolver/5.3.3/xmlresolver-5.3.3-data.jar
[INFO] Downloaded from central: https://repo.maven.apache.org/maven2/com/google/code/gson/gson/2.14.0/gson-2.14.0.jar (314 kB at 1.5 MB/s)
[INFO] Downloading from central: https://repo.maven.apache.org/maven2/org/apache/logging/log4j/log4j-to-slf4j/2.26.1/log4j-to-slf4j-2.26.1.jar
[INFO] Downloaded from central: https://repo.maven.apache.org/maven2/org/xmlresolver/xmlresolver/5.3.3/xmlresolver-5.3.3.jar (168 kB at 677 kB/s)
[INFO] Downloading from central: https://repo.maven.apache.org/maven2/org/apache/logging/log4j/log4j-api/2.26.1/log4j-api-2.26.1.jar
[INFO] Downloaded from central: https://repo.maven.apache.org/maven2/org/xmlresolver/xmlresolver/5.3.3/xmlresolver-5.3.3-data.jar (1.0 MB at 3.8 MB/s)
[INFO] Downloading from central: https://repo.maven.apache.org/maven2/org/slf4j/slf4j-api/2.0.19/slf4j-api-2.0.19.jar
[INFO] Downloaded from central: https://repo.maven.apache.org/maven2/jaxen/jaxen/2.0.6/jaxen-2.0.6.jar (225 kB at 832 kB/s)
[INFO] Downloading from central: https://repo.maven.apache.org/maven2/org/slf4j/slf4j-simple/2.0.19/slf4j-simple-2.0.19.jar
[INFO] Downloaded from central: https://repo.maven.apache.org/maven2/net/sf/saxon/Saxon-HE/12.10/Saxon-HE-12.10.jar (5.8 MB at 21 MB/s)
[INFO] Downloading from central: https://repo.maven.apache.org/maven2/org/apache/groovy/groovy/5.1.1/groovy-5.1.1.jar
[INFO] Downloaded from central: https://repo.maven.apache.org/maven2/org/apache/logging/log4j/log4j-to-slf4j/2.26.1/log4j-to-slf4j-2.26.1.jar (24 kB at 89 kB/s)
[INFO] Downloading from central: https://repo.maven.apache.org/maven2/org/apache/groovy/groovy-docgenerator/5.1.1/groovy-docgenerator-5.1.1.jar
[INFO] Downloaded from central: https://repo.maven.apache.org/maven2/org/slf4j/slf4j-simple/2.0.19/slf4j-simple-2.0.19.jar (16 kB at 51 kB/s)
[INFO] Downloading from central: https://repo.maven.apache.org/maven2/org/apache/groovy/groovy-groovydoc/5.1.1/groovy-groovydoc-5.1.1.jar
[INFO] Downloaded from central: https://repo.maven.apache.org/maven2/org/slf4j/slf4j-api/2.0.19/slf4j-api-2.0.19.jar (70 kB at 209 kB/s)
[INFO] Downloading from central: https://repo.maven.apache.org/maven2/org/apache/groovy/groovy-json/5.1.1/groovy-json-5.1.1.jar
[INFO] Downloaded from central: https://repo.maven.apache.org/maven2/org/apache/groovy/groovy-docgenerator/5.1.1/groovy-docgenerator-5.1.1.jar (122 kB at 361 kB/s)
[INFO] Downloading from central: https://repo.maven.apache.org/maven2/org/apache/groovy/groovy-templates/5.1.1/groovy-templates-5.1.1.jar
[INFO] Downloaded from central: https://repo.maven.apache.org/maven2/org/apache/logging/log4j/log4j-api/2.26.1/log4j-api-2.26.1.jar (351 kB at 1.0 MB/s)
[INFO] Downloading from central: https://repo.maven.apache.org/maven2/org/apache/groovy/groovy-xml/5.1.1/groovy-xml-5.1.1.jar
[INFO] Downloaded from central: https://repo.maven.apache.org/maven2/org/apache/groovy/groovy-groovydoc/5.1.1/groovy-groovydoc-5.1.1.jar (154 kB at 417 kB/s)
[INFO] Downloading from central: https://repo.maven.apache.org/maven2/com/github/javaparser/javaparser-core/3.28.2/javaparser-core-3.28.2.jar
[INFO] Downloaded from central: https://repo.maven.apache.org/maven2/org/apache/groovy/groovy-templates/5.1.1/groovy-templates-5.1.1.jar (98 kB at 244 kB/s)
[INFO] Downloading from central: https://repo.maven.apache.org/maven2/org/apache/maven/reporting/maven-reporting-impl/4.0.0/maven-reporting-impl-4.0.0.jar
[INFO] Downloaded from central: https://repo.maven.apache.org/maven2/org/apache/groovy/groovy-xml/5.1.1/groovy-xml-5.1.1.jar (224 kB at 535 kB/s)
[INFO] Downloading from central: https://repo.maven.apache.org/maven2/org/apache/maven/doxia/doxia-site-model/2.1.0/doxia-site-model-2.1.0.jar
[INFO] Downloaded from central: https://repo.maven.apache.org/maven2/org/apache/groovy/groovy-json/5.1.1/groovy-json-5.1.1.jar (139 kB at 327 kB/s)
[INFO] Downloading from central: https://repo.maven.apache.org/maven2/org/apache/maven/doxia/doxia-integration-tools/2.1.0/doxia-integration-tools-2.1.0.jar
[INFO] Downloaded from central: https://repo.maven.apache.org/maven2/org/apache/maven/reporting/maven-reporting-impl/4.0.0/maven-reporting-impl-4.0.0.jar (21 kB at 45 kB/s)
[INFO] Downloading from central: https://repo.maven.apache.org/maven2/org/codehaus/plexus/plexus-i18n/1.1.0/plexus-i18n-1.1.0.jar
[INFO] Downloaded from central: https://repo.maven.apache.org/maven2/com/github/javaparser/javaparser-core/3.28.2/javaparser-core-3.28.2.jar (1.5 MB at 3.1 MB/s)
[INFO] Downloading from central: https://repo.maven.apache.org/maven2/org/codehaus/plexus/plexus-interpolation/1.30.0/plexus-interpolation-1.30.0.jar
[INFO] Downloaded from central: https://repo.maven.apache.org/maven2/org/apache/maven/doxia/doxia-site-model/2.1.0/doxia-site-model-2.1.0.jar (92 kB at 186 kB/s)
[INFO] Downloading from central: https://repo.maven.apache.org/maven2/org/apache/maven/doxia/doxia-site-renderer/2.1.0/doxia-site-renderer-2.1.0.jar
[INFO] Downloaded from central: https://repo.maven.apache.org/maven2/org/apache/maven/doxia/doxia-integration-tools/2.1.0/doxia-integration-tools-2.1.0.jar (51 kB at 102 kB/s)
[INFO] Downloading from central: https://repo.maven.apache.org/maven2/org/apache/maven/doxia/doxia-skin-model/2.1.0/doxia-skin-model-2.1.0.jar
[INFO] Downloaded from central: https://repo.maven.apache.org/maven2/org/apache/groovy/groovy/5.1.1/groovy-5.1.1.jar (8.2 MB at 16 MB/s)
[INFO] Downloading from central: https://repo.maven.apache.org/maven2/org/apache/maven/doxia/doxia-module-xhtml5/2.1.0/doxia-module-xhtml5-2.1.0.jar
[INFO] Downloaded from central: https://repo.maven.apache.org/maven2/org/codehaus/plexus/plexus-i18n/1.1.0/plexus-i18n-1.1.0.jar (10 kB at 20 kB/s)
[INFO] Downloading from central: https://repo.maven.apache.org/maven2/org/codehaus/plexus/plexus-velocity/2.4.0/plexus-velocity-2.4.0.jar
[INFO] Downloaded from central: https://repo.maven.apache.org/maven2/org/apache/maven/doxia/doxia-skin-model/2.1.0/doxia-skin-model-2.1.0.jar (19 kB at 34 kB/s)
[INFO] Downloading from central: https://repo.maven.apache.org/maven2/org/apache/velocity/tools/velocity-tools-generic/3.1/velocity-tools-generic-3.1.jar
[INFO] Downloaded from central: https://repo.maven.apache.org/maven2/org/apache/maven/doxia/doxia-module-xhtml5/2.1.0/doxia-module-xhtml5-2.1.0.jar (17 kB at 30 kB/s)
[INFO] Downloading from central: https://repo.maven.apache.org/maven2/commons-beanutils/commons-beanutils/1.11.0/commons-beanutils-1.11.0.jar
[INFO] Downloaded from central: https://repo.maven.apache.org/maven2/org/codehaus/plexus/plexus-velocity/2.4.0/plexus-velocity-2.4.0.jar (6.4 kB at 11 kB/s)
[INFO] Downloading from central: https://repo.maven.apache.org/maven2/commons-logging/commons-logging/1.4.0/commons-logging-1.4.0.jar
[INFO] Downloaded from central: https://repo.maven.apache.org/maven2/org/apache/maven/doxia/doxia-site-renderer/2.1.0/doxia-site-renderer-2.1.0.jar (1.4 MB at 2.5 MB/s)
[INFO] Downloading from central: https://repo.maven.apache.org/maven2/commons-collections/commons-collections/3.2.2/commons-collections-3.2.2.jar
[INFO] Downloaded from central: https://repo.maven.apache.org/maven2/org/codehaus/plexus/plexus-interpolation/1.30.0/plexus-interpolation-1.30.0.jar (88 kB at 154 kB/s)
[INFO] Downloading from central: https://repo.maven.apache.org/maven2/org/apache/commons/commons-digester3/3.2/commons-digester3-3.2.jar
[INFO] Downloaded from central: https://repo.maven.apache.org/maven2/commons-logging/commons-logging/1.4.0/commons-logging-1.4.0.jar (76 kB at 126 kB/s)
[INFO] Downloading from central: https://repo.maven.apache.org/maven2/com/github/cliftonlabs/json-simple/3.0.2/json-simple-3.0.2.jar
[INFO] Downloaded from central: https://repo.maven.apache.org/maven2/com/github/cliftonlabs/json-simple/3.0.2/json-simple-3.0.2.jar (35 kB at 54 kB/s)
[INFO] Downloading from central: https://repo.maven.apache.org/maven2/org/apache/maven/doxia/doxia-module-apt/2.0.0/doxia-module-apt-2.0.0.jar
[INFO] Downloaded from central: https://repo.maven.apache.org/maven2/commons-collections/commons-collections/3.2.2/commons-collections-3.2.2.jar (588 kB at 894 kB/s)
[INFO] Downloading from central: https://repo.maven.apache.org/maven2/org/apache/maven/doxia/doxia-module-xdoc/2.0.0/doxia-module-xdoc-2.0.0.jar
[INFO] Downloaded from central: https://repo.maven.apache.org/maven2/org/apache/velocity/tools/velocity-tools-generic/3.1/velocity-tools-generic-3.1.jar (217 kB at 327 kB/s)
[INFO] Downloading from central: https://repo.maven.apache.org/maven2/org/eclipse/sisu/org.eclipse.sisu.plexus/1.1.0/org.eclipse.sisu.plexus-1.1.0.jar
[INFO] Downloaded from central: https://repo.maven.apache.org/maven2/org/apache/commons/commons-digester3/3.2/commons-digester3-3.2.jar (242 kB at 360 kB/s)
[INFO] Downloading from central: https://repo.maven.apache.org/maven2/org/eclipse/sisu/org.eclipse.sisu.inject/1.1.0/org.eclipse.sisu.inject-1.1.0.jar
[INFO] Downloaded from central: https://repo.maven.apache.org/maven2/commons-beanutils/commons-beanutils/1.11.0/commons-beanutils-1.11.0.jar (247 kB at 359 kB/s)
[INFO] Downloading from central: https://repo.maven.apache.org/maven2/org/codehaus/plexus/plexus-component-annotations/2.2.0/plexus-component-annotations-2.2.0.jar
[INFO] Downloaded from central: https://repo.maven.apache.org/maven2/org/apache/maven/doxia/doxia-module-xdoc/2.0.0/doxia-module-xdoc-2.0.0.jar (35 kB at 51 kB/s)
[INFO] Downloading from central: https://repo.maven.apache.org/maven2/org/codehaus/plexus/plexus-classworlds/2.12.0/plexus-classworlds-2.12.0.jar
[INFO] Downloaded from central: https://repo.maven.apache.org/maven2/org/apache/maven/doxia/doxia-module-apt/2.0.0/doxia-module-apt-2.0.0.jar (54 kB at 75 kB/s)
[INFO] Downloading from central: https://repo.maven.apache.org/maven2/org/apache/maven/doxia/doxia-core/2.1.0/doxia-core-2.1.0.jar
[INFO] Downloaded from central: https://repo.maven.apache.org/maven2/org/codehaus/plexus/plexus-component-annotations/2.2.0/plexus-component-annotations-2.2.0.jar (4.2 kB at 5.7 kB/s)
[INFO] Downloading from central: https://repo.maven.apache.org/maven2/org/checkerframework/checker-qual/4.2.2/checker-qual-4.2.2.jar
[INFO] Downloaded from central: https://repo.maven.apache.org/maven2/org/codehaus/plexus/plexus-classworlds/2.12.0/plexus-classworlds-2.12.0.jar (54 kB at 74 kB/s)
[INFO] Downloaded from central: https://repo.maven.apache.org/maven2/org/eclipse/sisu/org.eclipse.sisu.plexus/1.1.0/org.eclipse.sisu.plexus-1.1.0.jar (215 kB at 281 kB/s)
[INFO] Downloaded from central: https://repo.maven.apache.org/maven2/org/eclipse/sisu/org.eclipse.sisu.inject/1.1.0/org.eclipse.sisu.inject-1.1.0.jar (307 kB at 398 kB/s)
[INFO] Downloaded from central: https://repo.maven.apache.org/maven2/org/apache/maven/doxia/doxia-core/2.1.0/doxia-core-2.1.0.jar (183 kB at 230 kB/s)
[INFO] Downloaded from central: https://repo.maven.apache.org/maven2/org/checkerframework/checker-qual/4.2.2/checker-qual-4.2.2.jar (243 kB at 289 kB/s)
[INFO] Downloading from central: https://repo.maven.apache.org/maven2/com/h3xstream/findsecbugs/findsecbugs-plugin/1.14.0/findsecbugs-plugin-1.14.0.jar
[INFO] Downloaded from central: https://repo.maven.apache.org/maven2/com/h3xstream/findsecbugs/findsecbugs-plugin/1.14.0/findsecbugs-plugin-1.14.0.jar (486 kB at 4.2 MB/s)
[INFO] Done SpotBugs Analysis....
[INFO] Skipping com.github.spotbugs:spotbugs-maven-plugin:4.10.4.1:spotbugs report goal
[INFO] 
[INFO] <<< spotbugs:4.10.4.1:check (default-cli) < :spotbugs @ registration <<<
[INFO] 
[INFO] 
[INFO] --- spotbugs:4.10.4.1:check (default-cli) @ registration ---
[INFO] BugInstance size is 16
[INFO] Error size is 0
[INFO] Total bugs: 16
[ERROR] Low: This use of org/slf4j/Logger.info(Ljava/lang/String;Ljava/lang/Object;)V might be used to include CRLF characters into log messages [org.conference.registration.api.ExportController] At ExportController.java:[line 38] CRLF_INJECTION_LOGS
[ERROR] Low: This use of org/slf4j/Logger.warn(Ljava/lang/String;Ljava/lang/Object;)V might be used to include CRLF characters into log messages [org.conference.registration.api.GlobalExceptionHandler] At GlobalExceptionHandler.java:[line 56] CRLF_INJECTION_LOGS
[ERROR] Medium: HTTP parameter directly written to HTTP header output in org.conference.registration.api.RequestIdFilter.doFilterInternal(HttpServletRequest, HttpServletResponse, FilterChain) [org.conference.registration.api.RequestIdFilter] At RequestIdFilter.java:[line 34] HRS_REQUEST_PARAMETER_TO_HTTP_HEADER
[ERROR] Low: Request header can easily be altered by the client [org.conference.registration.api.RequestIdFilter] At RequestIdFilter.java:[line 28] SERVLET_HEADER
[ERROR] Low: Improper handling of Unicode transformations such as case mapping and normalization. [org.conference.registration.config.CoreConfig$TrimmingStringDeserializer] At CoreConfig.java:[line 48] IMPROPER_UNICODE
[ERROR] Low: This use of org/slf4j/Logger.error(Ljava/lang/String;Ljava/lang/Object;Ljava/lang/Object;)V might be used to include CRLF characters into log messages [org.conference.registration.service.BackupWriter] At BackupWriter.java:[line 108] CRLF_INJECTION_LOGS
[ERROR] Medium: Exception thrown in class org.conference.registration.service.BackupWriter at new org.conference.registration.service.BackupWriter(Path) will leave the constructor. The object under construction remains partially initialized and may be vulnerable to Finalizer attacks. [org.conference.registration.service.BackupWriter, org.conference.registration.service.BackupWriter, org.conference.registration.service.BackupWriter] At BackupWriter.java:[line 47]At BackupWriter.java:[line 47]Another occurrence at BackupWriter.java:[line 50] CT_CONSTRUCTOR_THROW
[ERROR] Medium: Exception thrown in class org.conference.registration.service.BackupWriter at new org.conference.registration.service.BackupWriter(AppProperties) will leave the constructor. The object under construction remains partially initialized and may be vulnerable to Finalizer attacks. [org.conference.registration.service.BackupWriter, org.conference.registration.service.BackupWriter] At BackupWriter.java:[line 39]At BackupWriter.java:[line 39] CT_CONSTRUCTOR_THROW
[ERROR] Medium: Exception thrown in class org.conference.registration.service.FormTokenService at new org.conference.registration.service.FormTokenService(AppProperties, Clock) will leave the constructor. The object under construction remains partially initialized and may be vulnerable to Finalizer attacks. [org.conference.registration.service.FormTokenService, org.conference.registration.service.FormTokenService] At FormTokenService.java:[line 52]At FormTokenService.java:[line 52] CT_CONSTRUCTOR_THROW
[ERROR] Low: This use of org/slf4j/Logger.info(Ljava/lang/String;Ljava/lang/Object;)V might be used to include CRLF characters into log messages [org.conference.registration.service.NotificationService, org.conference.registration.service.BackupDocument, org.conference.registration.service.NotificationService] At NotificationService.java:[line 79]At BackupDocument.java:[line 16]At NotificationService.java:[line 79] CRLF_INJECTION_LOGS
[ERROR] Low: This use of org/slf4j/Logger.error(Ljava/lang/String;Ljava/lang/Object;Ljava/lang/Object;)V might be used to include CRLF characters into log messages [org.conference.registration.service.NotificationService] At NotificationService.java:[line 81] CRLF_INJECTION_LOGS
[ERROR] Low: This use of org/slf4j/Logger.info(Ljava/lang/String;Ljava/lang/Object;)V might be used to include CRLF characters into log messages [org.conference.registration.service.NotificationService, org.conference.registration.service.BackupDocument, org.conference.registration.service.NotificationService] At NotificationService.java:[line 56]At BackupDocument.java:[line 16]At NotificationService.java:[line 56] CRLF_INJECTION_LOGS
[ERROR] Low: This use of org/slf4j/Logger.error(Ljava/lang/String;Ljava/lang/Object;Ljava/lang/Object;)V might be used to include CRLF characters into log messages [org.conference.registration.service.NotificationService] At NotificationService.java:[line 58] CRLF_INJECTION_LOGS
[ERROR] Medium: Exception thrown in class org.conference.registration.service.OptionCatalog at new org.conference.registration.service.OptionCatalog(List) will leave the constructor. The object under construction remains partially initialized and may be vulnerable to Finalizer attacks. [org.conference.registration.service.OptionCatalog, org.conference.registration.service.OptionCatalog] At OptionCatalog.java:[line 42]At OptionCatalog.java:[line 42] CT_CONSTRUCTOR_THROW
[ERROR] Medium: Exception thrown in class org.conference.registration.service.OptionCatalog at new org.conference.registration.service.OptionCatalog(AppProperties, ResourceLoader, ObjectMapper) will leave the constructor. The object under construction remains partially initialized and may be vulnerable to Finalizer attacks. [org.conference.registration.service.OptionCatalog, org.conference.registration.service.OptionCatalog] At OptionCatalog.java:[line 38]At OptionCatalog.java:[line 38] CT_CONSTRUCTOR_THROW
[ERROR] Low: This use of org/slf4j/Logger.info(Ljava/lang/String;Ljava/lang/Object;Ljava/lang/Object;)V might be used to include CRLF characters into log messages [org.conference.registration.service.RegistrationService, org.conference.registration.service.RegistrationCommand, org.conference.registration.service.RegistrationService] At RegistrationService.java:[line 98]At RegistrationCommand.java:[line 8]At RegistrationService.java:[line 98] CRLF_INJECTION_LOGS
[INFO] 


To see bug detail using the Spotbugs GUI, use the following command "mvn spotbugs:gui"



[INFO] ------------------------------------------------------------------------
[INFO] BUILD FAILURE
[INFO] ------------------------------------------------------------------------
[INFO] Total time:  17.898 s
[INFO] Finished at: 2026-09-24T21:31:53+02:00
[INFO] ------------------------------------------------------------------------
[ERROR] Failed to execute goal com.github.spotbugs:spotbugs-maven-plugin:4.10.4.1:check (default-cli) on project registration: failed with 16 bugs and 0 errors -> [Help 1]
[ERROR] 
[ERROR] To see the full stack trace of the errors, re-run Maven with the -e switch.
[ERROR] Re-run Maven using the -X switch to enable full debug logging.
[ERROR] 
[ERROR] For more information about the errors and possible solutions, please read the following articles:
[ERROR] [Help 1] http://cwiki.apache.org/confluence/display/MAVEN/MojoExecutionException
