START 2026-09-24T21:29:07.8930164+02:00
[INFO] Scanning for projects...
[INFO] 
[INFO] --------------------< org.conference:registration >---------------------
[INFO] Building registration 1.0.0
[INFO]   from pom.xml
[INFO] --------------------------------[ jar ]---------------------------------
[INFO] 
[INFO] --- dependency-check:13.0.0:check (default-cli) @ registration ---
[INFO] Checking for updates
[ERROR] Error updating the NVD Data
org.owasp.dependencycheck.data.update.exception.UpdateException: Error updating the NVD Data
    at org.owasp.dependencycheck.data.update.NvdApiDataSource.processApi (NvdApiDataSource.java:387)
    at org.owasp.dependencycheck.data.update.NvdApiDataSource.update (NvdApiDataSource.java:128)
    at org.owasp.dependencycheck.Engine.doUpdates (Engine.java:873)
    at org.owasp.dependencycheck.Engine.initializeAndUpdateDatabase (Engine.java:678)
    at org.owasp.dependencycheck.Engine.analyzeDependencies (Engine.java:605)
    at org.owasp.dependencycheck.maven.BaseDependencyCheckMojo.runCheck (BaseDependencyCheckMojo.java:2072)
    at org.owasp.dependencycheck.maven.BaseDependencyCheckMojo.execute (BaseDependencyCheckMojo.java:1272)
    at org.apache.maven.plugin.DefaultBuildPluginManager.executeMojo (DefaultBuildPluginManager.java:126)
    at org.apache.maven.lifecycle.internal.MojoExecutor.doExecute2 (MojoExecutor.java:328)
    at org.apache.maven.lifecycle.internal.MojoExecutor.doExecute (MojoExecutor.java:316)
    at org.apache.maven.lifecycle.internal.MojoExecutor.execute (MojoExecutor.java:212)
    at org.apache.maven.lifecycle.internal.MojoExecutor.execute (MojoExecutor.java:174)
    at org.apache.maven.lifecycle.internal.MojoExecutor.access$000 (MojoExecutor.java:75)
    at org.apache.maven.lifecycle.internal.MojoExecutor$1.run (MojoExecutor.java:162)
    at org.apache.maven.plugin.DefaultMojosExecutionStrategy.execute (DefaultMojosExecutionStrategy.java:39)
    at org.apache.maven.lifecycle.internal.MojoExecutor.execute (MojoExecutor.java:159)
    at org.apache.maven.lifecycle.internal.LifecycleModuleBuilder.buildProject (LifecycleModuleBuilder.java:105)
    at org.apache.maven.lifecycle.internal.LifecycleModuleBuilder.buildProject (LifecycleModuleBuilder.java:73)
    at org.apache.maven.lifecycle.internal.builder.singlethreaded.SingleThreadedBuilder.build (SingleThreadedBuilder.java:53)
    at org.apache.maven.lifecycle.internal.LifecycleStarter.execute (LifecycleStarter.java:118)
    at org.apache.maven.DefaultMaven.doExecute (DefaultMaven.java:261)
    at org.apache.maven.DefaultMaven.doExecute (DefaultMaven.java:173)
    at org.apache.maven.DefaultMaven.execute (DefaultMaven.java:101)
    at org.apache.maven.cli.MavenCli.execute (MavenCli.java:919)
    at org.apache.maven.cli.MavenCli.doMain (MavenCli.java:285)
    at org.apache.maven.cli.MavenCli.main (MavenCli.java:207)
    at jdk.internal.reflect.DirectMethodHandleAccessor.invoke (DirectMethodHandleAccessor.java:103)
    at java.lang.reflect.Method.invoke (Method.java:580)
    at org.codehaus.plexus.classworlds.launcher.Launcher.launchEnhanced (Launcher.java:255)
    at org.codehaus.plexus.classworlds.launcher.Launcher.launch (Launcher.java:201)
    at org.codehaus.plexus.classworlds.launcher.Launcher.mainWithExitCode (Launcher.java:362)
    at org.codehaus.plexus.classworlds.launcher.Launcher.main (Launcher.java:314)
Caused by: io.github.jeremylong.openvulnerability.client.nvd.NvdApiException: Invalid API Key, length of 0 too short to provided a masked partial key
    at io.github.jeremylong.openvulnerability.client.nvd.NvdCveClient._next (NvdCveClient.java:436)
    at io.github.jeremylong.openvulnerability.client.nvd.NvdCveClient.next (NvdCveClient.java:356)
    at org.owasp.dependencycheck.data.update.NvdApiDataSource.processApi (NvdApiDataSource.java:343)
    at org.owasp.dependencycheck.data.update.NvdApiDataSource.update (NvdApiDataSource.java:128)
    at org.owasp.dependencycheck.Engine.doUpdates (Engine.java:873)
    at org.owasp.dependencycheck.Engine.initializeAndUpdateDatabase (Engine.java:678)
    at org.owasp.dependencycheck.Engine.analyzeDependencies (Engine.java:605)
    at org.owasp.dependencycheck.maven.BaseDependencyCheckMojo.runCheck (BaseDependencyCheckMojo.java:2072)
    at org.owasp.dependencycheck.maven.BaseDependencyCheckMojo.execute (BaseDependencyCheckMojo.java:1272)
    at org.apache.maven.plugin.DefaultBuildPluginManager.executeMojo (DefaultBuildPluginManager.java:126)
    at org.apache.maven.lifecycle.internal.MojoExecutor.doExecute2 (MojoExecutor.java:328)
    at org.apache.maven.lifecycle.internal.MojoExecutor.doExecute (MojoExecutor.java:316)
    at org.apache.maven.lifecycle.internal.MojoExecutor.execute (MojoExecutor.java:212)
    at org.apache.maven.lifecycle.internal.MojoExecutor.execute (MojoExecutor.java:174)
    at org.apache.maven.lifecycle.internal.MojoExecutor.access$000 (MojoExecutor.java:75)
    at org.apache.maven.lifecycle.internal.MojoExecutor$1.run (MojoExecutor.java:162)
    at org.apache.maven.plugin.DefaultMojosExecutionStrategy.execute (DefaultMojosExecutionStrategy.java:39)
    at org.apache.maven.lifecycle.internal.MojoExecutor.execute (MojoExecutor.java:159)
    at org.apache.maven.lifecycle.internal.LifecycleModuleBuilder.buildProject (LifecycleModuleBuilder.java:105)
    at org.apache.maven.lifecycle.internal.LifecycleModuleBuilder.buildProject (LifecycleModuleBuilder.java:73)
    at org.apache.maven.lifecycle.internal.builder.singlethreaded.SingleThreadedBuilder.build (SingleThreadedBuilder.java:53)
    at org.apache.maven.lifecycle.internal.LifecycleStarter.execute (LifecycleStarter.java:118)
    at org.apache.maven.DefaultMaven.doExecute (DefaultMaven.java:261)
    at org.apache.maven.DefaultMaven.doExecute (DefaultMaven.java:173)
    at org.apache.maven.DefaultMaven.execute (DefaultMaven.java:101)
    at org.apache.maven.cli.MavenCli.execute (MavenCli.java:919)
    at org.apache.maven.cli.MavenCli.doMain (MavenCli.java:285)
    at org.apache.maven.cli.MavenCli.main (MavenCli.java:207)
    at jdk.internal.reflect.DirectMethodHandleAccessor.invoke (DirectMethodHandleAccessor.java:103)
    at java.lang.reflect.Method.invoke (Method.java:580)
    at org.codehaus.plexus.classworlds.launcher.Launcher.launchEnhanced (Launcher.java:255)
    at org.codehaus.plexus.classworlds.launcher.Launcher.launch (Launcher.java:201)
    at org.codehaus.plexus.classworlds.launcher.Launcher.mainWithExitCode (Launcher.java:362)
    at org.codehaus.plexus.classworlds.launcher.Launcher.main (Launcher.java:314)
[INFO] Should skip RetireJSDataSource update since last update was within period PT24H.
[INFO] Should skip HostedSuppressionsDataSource update since last update was within period PT2H.
[INFO] Updating CISA Known Exploited Vulnerability list: https://www.cisa.gov/sites/default/files/feeds/known_exploited_vulnerabilities.json
[INFO] Begin database defrag
[INFO] End database defrag (176 ms)
[INFO] Check for updates complete (2111 ms)
[WARNING] Unable to update 1 or more Cached Web DataSource, using local data instead. Results may not include recent vulnerabilities.
[ERROR] Unable to continue dependency-check analysis.
[INFO] ------------------------------------------------------------------------
[INFO] BUILD FAILURE
[INFO] ------------------------------------------------------------------------
[INFO] Total time:  5.795 s
[INFO] Finished at: 2026-09-24T21:29:15+02:00
[INFO] ------------------------------------------------------------------------
[ERROR] Failed to execute goal org.owasp:dependency-check-maven:13.0.0:check (default-cli) on project registration: Fatal exception(s) analyzing registration: One or more exceptions occurred during analysis:
[ERROR] 	UpdateException: Error updating the NVD Data
[ERROR] 		caused by NvdApiException: Invalid API Key, length of 0 too short to provided a masked partial key
[ERROR] 	NoDataException: No documents exist
[ERROR] -> [Help 1]
[ERROR] 
[ERROR] To see the full stack trace of the errors, re-run Maven with the -e switch.
[ERROR] Re-run Maven using the -X switch to enable full debug logging.
[ERROR] 
[ERROR] For more information about the errors and possible solutions, please read the following articles:
[ERROR] [Help 1] http://cwiki.apache.org/confluence/display/MAVEN/MojoExecutionException
END 2026-09-24T21:29:15.8409777+02:00 EXIT 1
