PASS  GET / serves the SPA
PASS  GET /: security headers
PASS  GET /: single CSP header
PASS  server version hidden  — nginx
PASS  GET /register/external (SPA fallback)
PASS  GET /register/external: security headers
PASS  GET /register/external: single CSP header
PASS  GET /register/student (SPA fallback)
PASS  GET /register/student: security headers
PASS  GET /register/student: single CSP header
PASS  GET JS asset  — /assets/index-DdVvXJY5.js
PASS  GET asset: security headers
PASS  GET asset: single CSP header
PASS  GET /actuator/health  — {"status":"UP","groups":["liveness","readiness"]}
PASS  GET /actuator/health/liveness  — {"status":"UP"}
PASS  GET /actuator/health/readiness  — {"status":"UP"}
PASS  actuator/env not exposed  — 401
PASS  GET /api/options EXTERNAL  — 10 options
PASS  GET /api/options: security headers
PASS  GET /api/options: single CSP header
PASS  inactive option not offered
PASS  student-only option only for students
PASS  too-fast submission rejected
PASS  external registration → 201  — 0c8c32a3-4818-4a84-bdc2-64aa086fe945
PASS  POST external: security headers
PASS  POST external: single CSP header
PASS  student registration → 201  — 7a2cb9bf-babc-4cd4-bd37-3cfffefdc6aa
PASS  form token replay rejected
PASS  invalid registration → 400 with field errors  — {"email":"Please enter a valid email address.","privacyConsent":"You must accept the privacy statement."}
PASS  malformed JSON → 400 without internals
PASS  oversized body → 413  — 413
PASS  backup file for 0c8c32a3-4818-4a84-bdc2-64aa086fe945
PASS  backup file for 7a2cb9bf-babc-4cd4-bd37-3cfffefdc6aa
PASS  backup files are 0600
PASS  backup JSON content
PASS  external: participant confirmation email  — Registration confirmed – Informatics Conference 2026
PASS  external: confirmation is UTF-8 plain text
PASS  external: organizer notification to all organizers
PASS  external: organizer JSON attachment
PASS  student: participant confirmation email  — Registration confirmed – Informatics Conference 2026
PASS  student: confirmation is UTF-8 plain text
PASS  student: organizer notification to all organizers
PASS  student: organizer JSON attachment
PASS  export without credentials → 401
PASS  export with wrong password → 401
PASS  export with credentials → xlsx  — 4834 bytes, attachment; filename="registrations-20260924-195741.xlsx"
PASS  rate limit enforced through proxy despite spoofed X-Forwarded-For
PASS  429 has Retry-After
PASS  429 response: security headers
PASS  429 response: single CSP header

2026-09-24T19:57:34.498Z → 2026-09-24T19:57:41.038Z: 50/50 checks passed
registrations: external=0c8c32a3-4818-4a84-bdc2-64aa086fe945 student=7a2cb9bf-babc-4cd4-bd37-3cfffefdc6aa
