
Report Summary

┌────────────────────────────────────────────────────────┬────────┬─────────────────┐
│                         Target                         │  Type  │ Vulnerabilities │
├────────────────────────────────────────────────────────┼────────┼─────────────────┤
│ conference-registration-backend:latest (alpine 3.24.2) │ alpine │        0        │
├────────────────────────────────────────────────────────┼────────┼─────────────────┤
│ app/app.jar                                            │  jar   │        0        │
└────────────────────────────────────────────────────────┴────────┴─────────────────┘
Legend:
- '-': Not scanned
- '0': Clean (no security findings detected)


Report Summary

┌─────────────────────────────────────────────────────────┬────────┬─────────────────┐
│                         Target                          │  Type  │ Vulnerabilities │
├─────────────────────────────────────────────────────────┼────────┼─────────────────┤
│ conference-registration-frontend:latest (alpine 3.23.4) │ alpine │        0        │
└─────────────────────────────────────────────────────────┴────────┴─────────────────┘
Legend:
- '-': Not scanned
- '0': Clean (no security findings detected)

